D02_ENV_TEST event=approach phase=1 time=0.252862
D02_ENV_TEST event=safe_capture phase=26 time=2.058224
D02_ENV_TEST event=power_input phase=2 time=2.844232
D02_ENV_TEST event=range_fixture phase=3 time=3.245982
D02_ENV_TEST event=aim_fixture phase=4 time=4.245478
D02_ENV_TEST event=first_shot phase=5 time=5.245557
D02_ENV_TEST event=damaged_capture phase=6 time=5.345591
D02_ENV_TEST event=second_shot phase=7 time=5.850248
D02_ENV_TEST event=debris_settle phase=8 time=5.950844
D02_ENV_TEST event=destroyed_capture phase=27 time=7.950841
D02_ENV_TEST event=walk_fixture phase=9 time=8.457659
D02_ENV_TEST event=walk_through phase=10 time=9.464254
D02_ENV_TEST event=hazard_fixture phase=11 time=10.364653
D02_ENV_TEST event=shared_hazard phase=12 time=11.064123
D02_ENV_TEST event=hazard_capture phase=28 time=12.564089
D02_ENV_TEST event=cut_power_fixture phase=13 time=13.068278
D02_ENV_TEST event=cut_power phase=14 time=13.568561
D02_ENV_TEST event=safe_floor_fixture phase=15 time=13.668403
D02_ENV_TEST event=safe_floor phase=16 time=14.667326
D02_ENV_TEST event=power_restore_fixture phase=22 time=16.169192
D02_ENV_TEST event=restore_power phase=23 time=16.669058
D02_ENV_TEST event=stream_away phase=17 time=17.069598
D02_ENV_TEST event=terrain_unloaded phase=17 time=20.068808
D02_ENV_TEST event=dormant_stable phase=18 time=20.068871
D02_ENV_TEST event=stream_return phase=19 time=22.068816
D02_ENV_TEST event=return_capture phase=21 time=24.068653
D02_ENV_TEST event=resumed_hazard_fixture phase=24 time=24.572728
D02_ENV_TEST event=resumed_hazard phase=25 time=25.072536
D02_ENV_TEST event=restart_input phase=20 time=25.839555
D02_ENV_TEST event=restart_clean phase=20 time=26.146653
