D02_ENV_TEST event=approach phase=1 time=0.481922
D02_ENV_TEST event=safe_capture phase=26 time=2.087239
D02_ENV_TEST event=power_input phase=2 time=2.909665
D02_ENV_TEST event=range_fixture phase=3 time=3.313538
D02_ENV_TEST event=aim_fixture phase=4 time=4.310612
D02_ENV_TEST event=first_shot phase=5 time=5.314738
D02_ENV_TEST event=damaged_capture phase=6 time=5.410405
D02_ENV_TEST event=second_shot phase=7 time=5.925030
D02_ENV_TEST event=debris_settle phase=8 time=6.026209
D02_ENV_TEST event=destroyed_capture phase=27 time=8.026634
D02_ENV_TEST event=walk_fixture phase=9 time=8.542933
D02_ENV_TEST event=walk_through phase=10 time=9.542774
D02_ENV_TEST event=hazard_fixture phase=11 time=10.447529
D02_ENV_TEST event=shared_hazard phase=12 time=11.147707
D02_ENV_TEST event=hazard_capture phase=28 time=12.643994
D02_ENV_TEST event=cut_power_fixture phase=13 time=13.158485
D02_ENV_TEST event=cut_power phase=14 time=13.658562
D02_ENV_TEST event=safe_floor_fixture phase=15 time=13.758765
D02_ENV_TEST event=safe_floor phase=16 time=14.758335
D02_ENV_TEST event=power_restore_fixture phase=22 time=16.259186
D02_ENV_TEST event=restore_power phase=23 time=16.758670
D02_ENV_TEST event=stream_away phase=17 time=17.161656
D02_ENV_TEST event=terrain_unloaded phase=17 time=20.161951
D02_ENV_TEST event=dormant_stable phase=18 time=20.162023
D02_ENV_TEST event=stream_return phase=19 time=22.158883
D02_ENV_TEST event=return_capture phase=21 time=24.167747
D02_ENV_TEST event=resumed_hazard_fixture phase=24 time=24.676250
D02_ENV_TEST event=resumed_hazard phase=25 time=25.178559
D02_ENV_TEST event=restart_input phase=20 time=25.930075
D02_ENV_TEST event=restart_clean phase=20 time=26.347122
