D02_ENV_TEST event=approach phase=1 time=0.234250
D02_ENV_TEST event=safe_capture phase=26 time=2.051069
D02_ENV_TEST event=power_input phase=2 time=2.900033
D02_ENV_TEST event=range_fixture phase=3 time=3.299992
D02_ENV_TEST event=aim_fixture phase=4 time=4.300758
D02_ENV_TEST event=first_shot phase=5 time=5.302735
D02_ENV_TEST event=damaged_capture phase=6 time=5.402292
D02_ENV_TEST event=second_shot phase=7 time=5.906323
D02_ENV_TEST event=debris_settle phase=8 time=6.005563
D02_ENV_TEST event=destroyed_capture phase=27 time=8.007607
D02_ENV_TEST event=walk_fixture phase=9 time=8.515956
D02_ENV_TEST event=walk_through phase=10 time=9.509891
D02_ENV_TEST event=hazard_fixture phase=11 time=10.412932
D02_ENV_TEST event=shared_hazard phase=12 time=11.119349
D02_ENV_TEST event=hazard_capture phase=28 time=12.613183
D02_ENV_TEST event=cut_power_fixture phase=13 time=13.117299
D02_ENV_TEST event=cut_power phase=14 time=13.614100
D02_ENV_TEST event=safe_floor_fixture phase=15 time=13.714742
D02_ENV_TEST event=safe_floor phase=16 time=14.714661
D02_ENV_TEST event=power_restore_fixture phase=22 time=16.212570
D02_ENV_TEST event=restore_power phase=23 time=16.718214
D02_ENV_TEST event=stream_away phase=17 time=17.111780
D02_ENV_TEST event=terrain_unloaded phase=17 time=20.114793
D02_ENV_TEST event=dormant_stable phase=18 time=20.114853
D02_ENV_TEST event=stream_return phase=19 time=22.114857
D02_ENV_TEST event=return_capture phase=21 time=24.121095
D02_ENV_TEST event=resumed_hazard_fixture phase=24 time=24.621630
D02_ENV_TEST event=resumed_hazard phase=25 time=25.122598
D02_ENV_TEST event=restart_input phase=20 time=25.874330
D02_ENV_TEST event=restart_clean phase=20 time=26.121997
