D02_ENV_TEST event=approach phase=1 time=0.264175
D02_ENV_TEST event=safe_capture phase=26 time=2.036247
D02_ENV_TEST event=power_input phase=2 time=2.812367
D02_ENV_TEST event=range_fixture phase=3 time=3.217444
D02_ENV_TEST event=aim_fixture phase=4 time=4.213552
D02_ENV_TEST event=first_shot phase=5 time=5.213699
D02_ENV_TEST event=damaged_capture phase=6 time=5.318354
D02_ENV_TEST event=second_shot phase=7 time=5.817221
D02_ENV_TEST event=debris_settle phase=8 time=5.921011
D02_ENV_TEST event=destroyed_capture phase=27 time=7.917006
D02_ENV_TEST event=walk_fixture phase=9 time=8.424928
D02_ENV_TEST event=walk_through phase=10 time=9.419967
D02_ENV_TEST event=hazard_fixture phase=11 time=10.320175
D02_ENV_TEST event=shared_hazard phase=12 time=11.026866
D02_ENV_TEST event=hazard_capture phase=28 time=12.524085
D02_ENV_TEST event=cut_power_fixture phase=13 time=13.041911
D02_ENV_TEST event=cut_power phase=14 time=13.537170
D02_ENV_TEST event=safe_floor_fixture phase=15 time=13.635967
D02_ENV_TEST event=safe_floor phase=16 time=14.636317
D02_ENV_TEST event=power_restore_fixture phase=22 time=16.136438
D02_ENV_TEST event=restore_power phase=23 time=16.640632
D02_ENV_TEST event=stream_away phase=17 time=17.040800
D02_ENV_TEST event=terrain_unloaded phase=17 time=20.037224
D02_ENV_TEST event=dormant_stable phase=18 time=20.037284
D02_ENV_TEST event=stream_return phase=19 time=22.037841
D02_ENV_TEST event=return_capture phase=21 time=24.044850
D02_ENV_TEST event=resumed_hazard_fixture phase=24 time=24.551013
D02_ENV_TEST event=resumed_hazard phase=25 time=25.051510
D02_ENV_TEST event=restart_input phase=20 time=25.802023
D02_ENV_TEST event=restart_clean phase=20 time=26.042316
