Setting up bundled DotNet SDK
Running command : dotnet Engine/Binaries/DotNET/UnrealBuildTool/UnrealBuildTool.dll BiellaGamesEditor Linux Development -Project=/root/biella/repos/biella-engine/projects/biella-games/BiellaGames.uproject -WaitMutex
Log file: /root/.config/Epic/UnrealBuildTool/Log.txt
Determining max actions to execute in parallel (15 physical cores, 15 logical cores)
  Executing up to 15 processes, one per physical core
UbaStorageServer - FileMapping backing: memfd
UbaServer - Listening on 0.0.0.0:1345
Invalidating makefile for BiellaGamesEditor (UElibSampleRate.Build.cs modified)
FileHashCache - There is no partition covering path to /root/biella/repos/biella-engine/projects/biella-games/Intermediate/Build/Linux/x64/BiellaGamesEditor/Development/Core/SharedDefinitions.Core.Cpp20.h!
FileHashCache - There is no partition covering path to /root/biella/repos/biella-engine/projects/biella-games/Intermediate/Build/Linux/x64/BiellaGamesEditor/Development/Core/SharedPCH.Core.Cpp20.h!
FileHashCache - There is no partition covering path to /root/biella/repos/biella-engine/projects/biella-games/Intermediate/Build/Linux/x64/BiellaGamesEditor/Development/Core/SharedPCH.Core.Cpp20.h.gch.rsp!
FileHashCache - There is no partition covering path to /root/biella/repos/biella-engine/projects/biella-games/Intermediate/Build/Linux/x64/BiellaGamesEditor/Development/CoreUObject/SharedDefinitions.CoreUObject.Cpp20.h!
FileHashCache - There is no partition covering path to /root/biella/repos/biella-engine/projects/biella-games/Intermediate/Build/Linux/x64/BiellaGamesEditor/Development/CoreUObject/SharedPCH.CoreUObject.Cpp20.h!
FileHashCache - There is no partition covering path to /root/biella/repos/biella-engine/projects/biella-games/Intermediate/Build/Linux/x64/BiellaGamesEditor/Development/CoreUObject/SharedPCH.CoreUObject.Cpp20.h.gch.rsp!
FileHashCache - There is no partition covering path to /root/biella/repos/biella-engine/projects/biella-games/Intermediate/Build/Linux/x64/BiellaGamesEditor/Development/CoreUObject/SharedDefinitions.CoreUObject.RTTI.Cpp20.h!
FileHashCache - There is no partition covering path to /root/biella/repos/biella-engine/projects/biella-games/Intermediate/Build/Linux/x64/BiellaGamesEditor/Development/CoreUObject/SharedPCH.CoreUObject.RTTI.Cpp20.h!
FileHashCache - There is no partition covering path to /root/biella/repos/biella-engine/projects/biella-games/Intermediate/Build/Linux/x64/BiellaGamesEditor/Development/CoreUObject/SharedPCH.CoreUObject.RTTI.Cpp20.h.gch.rsp!
FileHashCache - There is no partition covering path to /root/biella/repos/biella-engine/projects/biella-games/Intermediate/Build/Linux/x64/BiellaGamesEditor/Development/Slate/SharedDefinitions.Slate.Cpp20.h!
FileHashCache - There is no partition covering path to /root/biella/repos/biella-engine/projects/biella-games/Intermediate/Build/Linux/x64/BiellaGamesEditor/Development/Slate/SharedPCH.Slate.Cpp20.h!
FileHashCache - There is no partition covering path to /root/biella/repos/biella-engine/projects/biella-games/Intermediate/Build/Linux/x64/BiellaGamesEditor/Development/Slate/SharedPCH.Slate.Cpp20.h.gch.rsp!
FileHashCache - There is no partition covering path to /root/biella/repos/biella-engine/projects/biella-games/Intermediate/Build/Linux/x64/BiellaGamesEditor/Development/Engine/SharedDefinitions.Engine.Cpp20.h!
FileHashCache - There is no partition covering path to /root/biella/repos/biella-engine/projects/biella-games/Intermediate/Build/Linux/x64/BiellaGamesEditor/Development/Engine/SharedPCH.Engine.Cpp20.h!
FileHashCache - There is no partition covering path to /root/biella/repos/biella-engine/projects/biella-games/Intermediate/Build/Linux/x64/BiellaGamesEditor/Development/Engine/SharedPCH.Engine.Cpp20.h.gch.rsp!
FileHashCache - There is no partition covering path to /root/biella/repos/biella-engine/projects/biella-games/Intermediate/Build/Linux/x64/BiellaGamesEditor/Development/Engine/SharedDefinitions.Engine.Project.ValApi.ValExpApi.Cpp20.h!
FileHashCache - There is no partition covering path to /root/biella/repos/biella-engine/projects/biella-games/Intermediate/Build/Linux/x64/BiellaGamesEditor/Development/Engine/SharedPCH.Engine.Project.ValApi.ValExpApi.Cpp20.h!
FileHashCache - There is no partition covering path to /root/biella/repos/biella-engine/projects/biella-games/Intermediate/Build/Linux/x64/BiellaGamesEditor/Development/Engine/SharedPCH.Engine.Project.ValApi.ValExpApi.Cpp20.h.gch.rsp!
FileHashCache - There is no partition covering path to /root/biella/repos/biella-engine/projects/biella-games/Intermediate/Build/Linux/x64/BiellaGamesEditor/Development/UnrealEd/SharedDefinitions.UnrealEd.Cpp20.h!
FileHashCache - There is no partition covering path to /root/biella/repos/biella-engine/projects/biella-games/Intermediate/Build/Linux/x64/BiellaGamesEditor/Development/UnrealEd/SharedPCH.UnrealEd.Cpp20.h!
FileHashCache - There is no partition covering path to /root/biella/repos/biella-engine/projects/biella-games/Intermediate/Build/Linux/x64/BiellaGamesEditor/Development/UnrealEd/SharedPCH.UnrealEd.Cpp20.h.gch.rsp!
FileHashCache - There is no partition covering path to /root/biella/repos/biella-engine/projects/biella-games/Intermediate/Build/Linux/x64/BiellaGamesEditor/Development/UnrealEd/SharedDefinitions.UnrealEd.Project.ValApi.ValExpApi.Cpp20.h!
FileHashCache - There is no partition covering path to /root/biella/repos/biella-engine/projects/biella-games/Intermediate/Build/Linux/x64/BiellaGamesEditor/Development/UnrealEd/SharedPCH.UnrealEd.Project.ValApi.ValExpApi.Cpp20.h!
FileHashCache - There is no partition covering path to /root/biella/repos/biella-engine/projects/biella-games/Intermediate/Build/Linux/x64/BiellaGamesEditor/Development/UnrealEd/SharedPCH.UnrealEd.Project.ValApi.ValExpApi.Cpp20.h.gch.rsp!
Building BiellaGamesEditor...
===== Toolchain Information =====
Using ISPC compiler (/opt/unreal/UE_5.8.2/Engine/Source/ThirdParty/Intel/ISPC/bin/Linux/ispc)
  Intel(r) Implicit SPMD Program Compiler (Intel(r) ISPC), 1.24.0 (build commit  @ 20240919, LLVM 18.1.6)
Using Clang compiler 20.1.8 (/opt/unreal/UE_5.8.2/Engine/Extras/ThirdPartyNotUE/SDKs/HostLinux/Linux_x64/v26_clang-20.1.8-rockylinux8/x86_64-unknown-linux-gnu/bin/clang++)
  clang version 20.1.8 (github.com/llvm/llvm-project 87f0227cb60147a26a1eeb4fb06e3b505e9c7261) Target: x86_64-unknown-linux-gnu Thread model: posix InstalledDir: /opt/unreal/UE_5.8.2/Engine/Extras/ThirdPartyNotUE/SDKs/HostLinux/Linux_x64/v26_clang-20.1.8-rockylinux8/x86_64-unknown-linux-gnu/bin
Using Clang archiver (/opt/unreal/UE_5.8.2/Engine/Extras/ThirdPartyNotUE/SDKs/HostLinux/Linux_x64/v26_clang-20.1.8-rockylinux8/x86_64-unknown-linux-gnu/bin/llvm-ar)
  LLVM (http://llvm.org/):   LLVM version 20.1.8   Optimized build.
Using toolchain located at '/opt/unreal/UE_5.8.2/Engine/Extras/ThirdPartyNotUE/SDKs/HostLinux/Linux_x64/v26_clang-20.1.8-rockylinux8/x86_64-unknown-linux-gnu'
Using bundled libc++ standard C++ library.
Compressing debug files
[Adaptive Build] Excluded from BiellaGames unity file: BiellaGames.cpp, BiellaGamesGameState.cpp, BiellaEnvironmentSite.cpp, BiellaDriverPose.cpp, BiellaPlaytestTelemetry.cpp, BiellaWorldAuthoring.cpp, BiellaGamesGameInstance.cpp, BasicWorldGeometry.cpp, ThirdPartyNanosvg.cpp, BiellaUpperBodyActions.cpp, BiellaCharacterAnimInstance.cpp, BiellaGameplayHUD.cpp, BiellaWorldContinuity.cpp, ThirdPartyAHEasing.cpp, BiellaRenderProfile.cpp, BiellaInfected.cpp, BiellaDemoObjectiveManager.cpp, BiellaVehiclePresentation.cpp, BiellaGamesGameModeBase.cpp, BiellaVehicle.cpp, BiellaGameplayFeedback.cpp, BiellaDefeatAnimInstance.cpp, BiellaRival.cpp, BiellaGamesPlayerController.cpp, BiellaPopulation.cpp, BiellaFootPlacement.cpp, BiellaGamesCharacter.cpp, BiellaUpperBodyAim.cpp, BiellaDemoPawn.cpp, BiellaAnimationTest.cpp, BiellaPopulationTest.cpp, BiellaDefeatTest.cpp, BiellaRestartResetTest.cpp, BiellaFootContactTest.cpp, BiellaPresentationTest.cpp, BiellaEnvironmentTest.cpp, BiellaNativePerformanceTest.cpp, BiellaDeterministicPlaytest.cpp, BiellaActionTest.cpp, BiellaRivalNavigationTest.cpp, BiellaAimTest.cpp, BiellaFailureStateTest.cpp, BiellaRivalCombatTest.cpp, BiellaSharedInteractionTest.cpp, BiellaLifecycleCleanupTest.cpp, BiellaWorldStreamingTest.cpp, BiellaDemoObjectiveTest.cpp, BiellaFeedbackTest.cpp, BiellaArenaPressureTest.cpp, BiellaTerminalOverlayTest.cpp, BiellaVehicleTest.cpp, BiellaPressureResponsesTest.cpp, BiellaAudioMixTest.cpp, BiellaVisualReadabilityTest.cpp, BiellaGameplayHUDTest.cpp
=================================
Using Unreal Build Accelerator local executor to run 58 action(s)
  CPU 15 physical cores, 15 logical cores
  Memory 86.31 GB physical, 13.43 GB/75.15 GB committed
  UBA Storage capacity 40 GB
[1/58] Compile SharedPCH.UnrealEd.Project.ValApi.ValExpApi.Cpp20.h
[2/58] Compile BiellaArenaPressureTest.cpp
[3/58] Compile BiellaDefeatAnimInstance.cpp
[4/58] Compile BiellaDemoObjectiveTest.cpp
[5/58] Compile BiellaDriverPose.cpp
[6/58] Compile BiellaCharacterAnimInstance.cpp
[7/58] Compile BiellaDemoObjectiveManager.cpp
[8/58] Compile BiellaDemoPawn.cpp
[9/58] Compile BiellaActionTest.cpp
[10/58] Compile BasicWorldGeometry.cpp
[11/58] Compile BiellaEnvironmentSite.cpp
[12/58] Compile BiellaDefeatTest.cpp
[13/58] Compile BiellaAimTest.cpp
[14/58] Compile BiellaAudioMixTest.cpp
[15/58] Compile BiellaAnimationTest.cpp
[16/58] Compile BiellaFailureStateTest.cpp
[17/58] Compile BiellaFootPlacement.cpp
[18/58] Compile BiellaGames.cpp
[19/58] Compile BiellaGamesGameInstance.cpp
[20/58] Compile BiellaEnvironmentTest.cpp
[21/58] Compile BiellaFootContactTest.cpp
[22/58] Compile BiellaGamesGameState.cpp
[23/58] Compile BiellaDeterministicPlaytest.cpp
[24/58] Compile BiellaGameplayHUDTest.cpp
[25/58] Compile BiellaInfected.cpp
[26/58] Compile BiellaGameplayHUD.cpp
[27/58] Compile BiellaGamesGameModeBase.cpp
[28/58] Compile BiellaLifecycleCleanupTest.cpp
[29/58] Compile BiellaGameplayFeedback.cpp
[30/58] Compile BiellaRenderProfile.cpp
[31/58] Compile BiellaGamesPlayerController.cpp
[32/58] Compile BiellaPlaytestTelemetry.cpp
[33/58] Compile BiellaGamesCharacter.cpp
[34/58] Compile BiellaPopulation.cpp
[35/58] Compile BiellaPopulationTest.cpp
[36/58] Compile BiellaRestartResetTest.cpp
[37/58] Compile BiellaPresentationTest.cpp
[38/58] Compile BiellaFeedbackTest.cpp
[39/58] Compile BiellaUpperBodyActions.cpp
[40/58] Compile BiellaPressureResponsesTest.cpp
[41/58] Compile BiellaNativePerformanceTest.cpp
[42/58] Compile BiellaRivalNavigationTest.cpp
[43/58] Compile BiellaVehiclePresentation.cpp
[44/58] Compile BiellaRivalCombatTest.cpp
[45/58] Compile BiellaTerminalOverlayTest.cpp
[46/58] Compile BiellaRival.cpp
[47/58] Compile BiellaUpperBodyAim.cpp
[48/58] Compile BiellaSharedInteractionTest.cpp
[49/58] Compile ThirdPartyAHEasing.cpp
[50/58] Compile BiellaWorldAuthoring.cpp
[51/58] Compile ThirdPartyNanosvg.cpp
[52/58] Compile BiellaVehicle.cpp
[53/58] Compile BiellaWorldContinuity.cpp
[54/58] Compile BiellaVisualReadabilityTest.cpp
[55/58] Compile Module.BiellaGames.cpp
[56/58] Compile BiellaVehicleTest.cpp
[57/58] Compile BiellaWorldStreamingTest.cpp
[58/58] Link libUnrealEditor-BiellaGames.so

Total time in Unreal Build Accelerator local executor: 50.32 seconds
Output binary: /opt/unreal/UE_5.8.2/Engine/Binaries/Linux/UnrealEditor

Result: Succeeded
Total execution time: 54.34 seconds
Trace written to file /root/.config/Epic/UnrealBuildTool/Trace.uba with size 17.5kb
