Setting up bundled DotNet SDK
Running command : dotnet Engine/Binaries/DotNET/UnrealBuildTool/UnrealBuildTool.dll BiellaGames Linux Development -Project=/root/biella/repos/biella-engine/projects/biella-games/BiellaGames.uproject -WaitMutex -NoUBA -NoHotReloadFromIDE -NoUBTMakefiles
Log file: /opt/unreal/UE_5.8.2/Engine/Programs/UnrealBuildTool/Log.txt
Determining max actions to execute in parallel (15 physical cores, 15 logical cores)
  Executing up to 15 processes, one per physical core
UbaStorageServer - FileMapping backing: memfd
UbaSessionServer - Disable remote execution (remote sessions will finish current processes)
Invalidating makefile for BiellaGames (source file added)
UHT compiled-in object format Default
Building BiellaGames...
===== Toolchain Information =====
Using ISPC compiler (/opt/unreal/UE_5.8.2/Engine/Source/ThirdParty/Intel/ISPC/bin/Linux/ispc)
  Intel(r) Implicit SPMD Program Compiler (Intel(r) ISPC), 1.24.0 (build commit  @ 20240919, LLVM 18.1.6)
Using Clang compiler 20.1.8 (/opt/unreal/UE_5.8.2/Engine/Extras/ThirdPartyNotUE/SDKs/HostLinux/Linux_x64/v26_clang-20.1.8-rockylinux8/x86_64-unknown-linux-gnu/bin/clang++)
  clang version 20.1.8 (github.com/llvm/llvm-project 87f0227cb60147a26a1eeb4fb06e3b505e9c7261) Target: x86_64-unknown-linux-gnu Thread model: posix InstalledDir: /opt/unreal/UE_5.8.2/Engine/Extras/ThirdPartyNotUE/SDKs/HostLinux/Linux_x64/v26_clang-20.1.8-rockylinux8/x86_64-unknown-linux-gnu/bin
Using Clang archiver (/opt/unreal/UE_5.8.2/Engine/Extras/ThirdPartyNotUE/SDKs/HostLinux/Linux_x64/v26_clang-20.1.8-rockylinux8/x86_64-unknown-linux-gnu/bin/llvm-ar)
  LLVM (http://llvm.org/):   LLVM version 20.1.8   Optimized build.
Using toolchain located at '/opt/unreal/UE_5.8.2/Engine/Extras/ThirdPartyNotUE/SDKs/HostLinux/Linux_x64/v26_clang-20.1.8-rockylinux8/x86_64-unknown-linux-gnu'
Using bundled libc++ standard C++ library.
Compressing debug files
=================================
Using Unreal Build Accelerator local executor to run 5 action(s)
  CPU 15 physical cores, 15 logical cores
  Memory 86.31 GB physical, 6.58 GB/75.15 GB committed
  UBA Storage capacity 40 GB
[1/5] Compile Module.BiellaGames.2.cpp [NoUba]
In file included from /root/biella/repos/biella-engine/projects/biella-games/Intermediate/Build/Linux/x64/BiellaGames/Development/BiellaGames/Module.BiellaGames.2.cpp:2:
/root/biella/repos/biella-engine/projects/biella-games/Source/BiellaGames/Private/BiellaTraversalTelemetry.cpp:33:38: error: no member named 'OverlapBlockingTestByObjectType' in 'UWorld'
   33 |     const bool bPawnOverlap = World->OverlapBlockingTestByObjectType(P, FQuat::Identity,
      |                               ~~~~~  ^
1 error generated.
[2/5] Compile Module.BiellaGames.3.cpp [NoUba]
[3/5] Compile Module.BiellaGames.1.cpp [NoUba]
Total time in Unreal Build Accelerator local executor: 21.36 seconds

Result: Failed (OtherCompilationError)
Total execution time: 29.79 seconds
Trace written to file /opt/unreal/UE_5.8.2/Engine/Programs/UnrealBuildTool/Trace.uba with size 5.3kb
