D02_VEHICLE_TEST event=approach phase=1 time=0.256468
D02_VEHICLE_TEST event=approach_capture phase=22 time=3.040677
D02_VEHICLE_TEST event=enter_key phase=2 time=3.728374
D02_VEHICLE_TEST event=accelerate phase=3 time=5.944919
D02_VEHICLE_TEST event=steer_right phase=4 time=7.443657
D02_VEHICLE_TEST event=steer_left phase=5 time=7.746897
D02_VEHICLE_TEST event=streamed_traversal phase=6 time=8.046936
D02_VEHICLE_TEST event=support_removed phase=6 time=9.993693
D02_VEHICLE_TEST event=support_hold phase=6 time=10.497349
D02_VEHICLE_TEST event=support_restored phase=6 time=10.497647
D02_VEHICLE_TEST event=brake phase=7 time=15.293793
D02_VEHICLE_TEST event=reverse phase=8 time=16.797660
D02_VEHICLE_TEST event=reverse_brake phase=9 time=18.297128
D02_VEHICLE_TEST event=collision_approach phase=10 time=19.799870
D02_VEHICLE_TEST event=collision_response phase=11 time=22.449464
D02_VEHICLE_TEST event=exit_key phase=12 time=23.962764
D02_VEHICLE_TEST event=walking_resumed phase=13 time=24.364669
D02_VEHICLE_TEST event=depart phase=14 time=25.116231
D02_VEHICLE_TEST event=parked phase=15 time=28.077251
D02_VEHICLE_TEST event=return phase=16 time=30.073658
D02_VEHICLE_TEST event=reenter phase=17 time=33.076468
D02_VEHICLE_TEST event=npc_contact_approach phase=21 time=33.482539
D02_VEHICLE_TEST event=npc_contact_confirmed phase=21 time=37.462683
D02_VEHICLE_TEST event=disabled phase=18 time=37.462761
D02_VEHICLE_TEST event=driver_defeated phase=19 time=38.960232
D02_VEHICLE_TEST event=restart_wait phase=20 time=39.961632
D02_VEHICLE_TEST event=restart_key phase=30 time=40.970687
D02_VEHICLE_TEST event=restart_clean phase=30 time=41.232644
