D02_ENV_TEST event=approach phase=1 time=0.453891
D02_ENV_TEST event=safe_capture phase=26 time=2.069289
D02_ENV_TEST event=power_input phase=2 time=2.848725
D02_ENV_TEST event=range_fixture phase=3 time=3.253426
D02_ENV_TEST event=aim_fixture phase=4 time=4.249493
D02_ENV_TEST event=first_shot phase=5 time=5.254601
D02_ENV_TEST event=damaged_capture phase=6 time=5.350584
D02_ENV_TEST event=second_shot phase=7 time=5.865072
D02_ENV_TEST event=debris_settle phase=8 time=5.965607
D02_ENV_TEST event=destroyed_capture phase=27 time=7.967338
D02_ENV_TEST event=walk_fixture phase=9 time=8.473807
D02_ENV_TEST event=walk_through phase=10 time=9.470190
D02_ENV_TEST event=hazard_fixture phase=11 time=10.370684
D02_ENV_TEST event=shared_hazard phase=12 time=11.074561
D02_ENV_TEST event=hazard_capture phase=28 time=12.571309
D02_ENV_TEST event=cut_power_fixture phase=13 time=13.072764
D02_ENV_TEST event=cut_power phase=14 time=13.577138
D02_ENV_TEST event=safe_floor_fixture phase=15 time=13.673030
D02_ENV_TEST event=safe_floor phase=16 time=14.673422
D02_ENV_TEST event=power_restore_fixture phase=22 time=16.175822
D02_ENV_TEST event=restore_power phase=23 time=16.676112
D02_ENV_TEST event=stream_away phase=17 time=17.075374
D02_ENV_TEST event=terrain_unloaded phase=17 time=20.080227
D02_ENV_TEST event=dormant_stable phase=18 time=20.080300
D02_ENV_TEST event=stream_return phase=19 time=22.076387
D02_ENV_TEST event=return_capture phase=21 time=24.093135
D02_ENV_TEST event=resumed_hazard_fixture phase=24 time=24.597387
D02_ENV_TEST event=resumed_hazard phase=25 time=25.098340
D02_ENV_TEST event=restart_input phase=20 time=25.849443
D02_ENV_TEST event=restart_clean phase=20 time=26.314260
