Setting up bundled DotNet SDK
Running command : dotnet Engine/Binaries/DotNET/UnrealBuildTool/UnrealBuildTool.dll BiellaGamesEditor Linux Development -Project=/root/biella/repos/biella-engine/projects/biella-games/BiellaGames.uproject -WaitMutex
Log file: /root/.config/Epic/UnrealBuildTool/Log.txt
Determining max actions to execute in parallel (15 physical cores, 15 logical cores)
  Executing up to 15 processes, one per physical core
UbaStorageServer - FileMapping backing: memfd
UbaServer - Listening on 0.0.0.0:1345
UHT compiled-in object format Default
Building BiellaGamesEditor...
===== Toolchain Information =====
Using ISPC compiler (/opt/unreal/UE_5.8.2/Engine/Source/ThirdParty/Intel/ISPC/bin/Linux/ispc)
  Intel(r) Implicit SPMD Program Compiler (Intel(r) ISPC), 1.24.0 (build commit  @ 20240919, LLVM 18.1.6)
Using Clang compiler 20.1.8 (/opt/unreal/UE_5.8.2/Engine/Extras/ThirdPartyNotUE/SDKs/HostLinux/Linux_x64/v26_clang-20.1.8-rockylinux8/x86_64-unknown-linux-gnu/bin/clang++)
  clang version 20.1.8 (github.com/llvm/llvm-project 87f0227cb60147a26a1eeb4fb06e3b505e9c7261) Target: x86_64-unknown-linux-gnu Thread model: posix InstalledDir: /opt/unreal/UE_5.8.2/Engine/Extras/ThirdPartyNotUE/SDKs/HostLinux/Linux_x64/v26_clang-20.1.8-rockylinux8/x86_64-unknown-linux-gnu/bin
Using Clang archiver (/opt/unreal/UE_5.8.2/Engine/Extras/ThirdPartyNotUE/SDKs/HostLinux/Linux_x64/v26_clang-20.1.8-rockylinux8/x86_64-unknown-linux-gnu/bin/llvm-ar)
  LLVM (http://llvm.org/):   LLVM version 20.1.8   Optimized build.
Using toolchain located at '/opt/unreal/UE_5.8.2/Engine/Extras/ThirdPartyNotUE/SDKs/HostLinux/Linux_x64/v26_clang-20.1.8-rockylinux8/x86_64-unknown-linux-gnu'
Using bundled libc++ standard C++ library.
Compressing debug files
[Adaptive Build] Excluded from BiellaGames unity file: BiellaGames.cpp, BiellaGamesGameState.cpp, BiellaEnvironmentSite.cpp, BiellaPlaytestTelemetry.cpp, BiellaWorldAuthoring.cpp, BiellaGamesGameInstance.cpp, BasicWorldGeometry.cpp, ThirdPartyNanosvg.cpp, BiellaCharacterAnimInstance.cpp, BiellaGameplayHUD.cpp, BiellaWorldContinuity.cpp, ThirdPartyAHEasing.cpp, BiellaInfected.cpp, BiellaDemoObjectiveManager.cpp, BiellaGamesGameModeBase.cpp, BiellaVehicle.cpp, BiellaGameplayFeedback.cpp, BiellaRival.cpp, BiellaGamesPlayerController.cpp, BiellaPopulation.cpp, BiellaGamesCharacter.cpp, BiellaDemoPawn.cpp, BiellaAnimationTest.cpp, BiellaPopulationTest.cpp, BiellaRestartResetTest.cpp, BiellaPresentationTest.cpp, BiellaEnvironmentTest.cpp, BiellaNativePerformanceTest.cpp, BiellaDeterministicPlaytest.cpp, BiellaRivalNavigationTest.cpp, BiellaFailureStateTest.cpp, BiellaRivalCombatTest.cpp, BiellaSharedInteractionTest.cpp, BiellaLifecycleCleanupTest.cpp, BiellaWorldStreamingTest.cpp, BiellaDemoObjectiveTest.cpp, BiellaFeedbackTest.cpp, BiellaArenaPressureTest.cpp, BiellaTerminalOverlayTest.cpp, BiellaVehicleTest.cpp, BiellaPressureResponsesTest.cpp, BiellaVisualReadabilityTest.cpp, BiellaGameplayHUDTest.cpp
=================================
Using Unreal Build Accelerator local executor to run 35 action(s)
  CPU 15 physical cores, 15 logical cores
  Memory 86.31 GB physical, 12.26 GB/75.15 GB committed
  UBA Storage capacity 40 GB
[1/35] Compile BiellaFailureStateTest.cpp
[2/35] Compile BiellaCharacterAnimInstance.cpp
[3/35] Compile BiellaDemoObjectiveTest.cpp
[4/35] Compile BiellaDemoPawn.cpp
[5/35] Compile BiellaDemoObjectiveManager.cpp
[6/35] Compile BiellaGameplayHUDTest.cpp
[7/35] Compile BiellaGamesPlayerController.cpp
[8/35] Compile BiellaEnvironmentSite.cpp
[9/35] Compile BiellaGamesGameModeBase.cpp
[10/35] Compile BiellaGameplayHUD.cpp
[11/35] Compile BiellaEnvironmentTest.cpp
[12/35] Compile BiellaAnimationTest.cpp
[13/35] Compile BiellaInfected.cpp
[14/35] Compile BiellaGamesCharacter.cpp
[15/35] Compile BiellaLifecycleCleanupTest.cpp
[16/35] Compile BiellaRestartResetTest.cpp
[17/35] Compile BiellaPopulation.cpp
[18/35] Compile BiellaDeterministicPlaytest.cpp
[19/35] Compile BiellaPopulationTest.cpp
[20/35] Compile BiellaRival.cpp
[21/35] Compile BiellaPresentationTest.cpp
[22/35] Compile BiellaPressureResponsesTest.cpp
[23/35] Compile BiellaRivalCombatTest.cpp
[24/35] Compile BiellaRivalNavigationTest.cpp
[25/35] Compile BiellaTerminalOverlayTest.cpp
[26/35] Compile BiellaNativePerformanceTest.cpp
[27/35] Compile BiellaVehicle.cpp
[28/35] Compile BiellaSharedInteractionTest.cpp
[29/35] Compile BiellaFeedbackTest.cpp
[30/35] Compile BiellaWorldContinuity.cpp
[31/35] Compile Module.BiellaGames.cpp
[32/35] Compile BiellaVisualReadabilityTest.cpp
[33/35] Compile BiellaVehicleTest.cpp
[34/35] Compile BiellaWorldStreamingTest.cpp
[35/35] Link libUnrealEditor-BiellaGames.so

Total time in Unreal Build Accelerator local executor: 16.12 seconds
Output binary: /opt/unreal/UE_5.8.2/Engine/Binaries/Linux/UnrealEditor

Result: Succeeded
Total execution time: 23.17 seconds
Trace written to file /root/.config/Epic/UnrealBuildTool/Trace.uba with size 11.5kb
