D02_ENV_TEST event=approach phase=1 time=0.359096
D02_ENV_TEST event=safe_capture phase=26 time=2.037655
D02_ENV_TEST event=power_input phase=2 time=2.900891
D02_ENV_TEST event=range_fixture phase=3 time=3.304695
D02_ENV_TEST event=aim_fixture phase=4 time=4.305425
D02_ENV_TEST event=first_shot phase=5 time=5.300213
D02_ENV_TEST event=damaged_capture phase=6 time=5.399662
D02_ENV_TEST event=second_shot phase=7 time=5.911458
D02_ENV_TEST event=debris_settle phase=8 time=6.012744
D02_ENV_TEST event=destroyed_capture phase=27 time=8.008402
D02_ENV_TEST event=walk_fixture phase=9 time=8.517638
D02_ENV_TEST event=walk_through phase=10 time=9.518250
D02_ENV_TEST event=hazard_fixture phase=11 time=10.420392
D02_ENV_TEST event=shared_hazard phase=12 time=11.119736
D02_ENV_TEST event=hazard_capture phase=28 time=12.620177
D02_ENV_TEST event=cut_power_fixture phase=13 time=13.121313
D02_ENV_TEST event=cut_power phase=14 time=13.623424
D02_ENV_TEST event=safe_floor_fixture phase=15 time=13.721376
D02_ENV_TEST event=safe_floor phase=16 time=14.722984
D02_ENV_TEST event=power_restore_fixture phase=22 time=16.223699
D02_ENV_TEST event=restore_power phase=23 time=16.722818
D02_ENV_TEST event=stream_away phase=17 time=17.126448
D02_ENV_TEST event=terrain_unloaded phase=17 time=20.128224
D02_ENV_TEST event=dormant_stable phase=18 time=20.128278
D02_ENV_TEST event=stream_return phase=19 time=22.124482
D02_ENV_TEST event=return_capture phase=21 time=24.131486
D02_ENV_TEST event=resumed_hazard_fixture phase=24 time=24.643782
D02_ENV_TEST event=resumed_hazard phase=25 time=25.140220
D02_ENV_TEST event=restart_input phase=20 time=25.889923
D02_ENV_TEST event=restart_clean phase=20 time=26.327408
