D02_ENV_TEST event=approach phase=1 time=0.393653
D02_ENV_TEST event=safe_capture phase=26 time=2.028095
D02_ENV_TEST event=power_input phase=2 time=2.871414
D02_ENV_TEST event=range_fixture phase=3 time=3.272659
D02_ENV_TEST event=aim_fixture phase=4 time=4.273238
D02_ENV_TEST event=first_shot phase=5 time=5.270135
D02_ENV_TEST event=damaged_capture phase=6 time=5.372759
D02_ENV_TEST event=second_shot phase=7 time=5.878399
D02_ENV_TEST event=debris_settle phase=8 time=5.974394
D02_ENV_TEST event=destroyed_capture phase=27 time=7.978019
D02_ENV_TEST event=walk_fixture phase=9 time=8.475066
D02_ENV_TEST event=walk_through phase=10 time=9.479672
D02_ENV_TEST event=hazard_fixture phase=11 time=10.379758
D02_ENV_TEST event=shared_hazard phase=12 time=11.086961
D02_ENV_TEST event=hazard_capture phase=28 time=12.577601
D02_ENV_TEST event=cut_power_fixture phase=13 time=13.089012
D02_ENV_TEST event=cut_power phase=14 time=13.587546
D02_ENV_TEST event=safe_floor_fixture phase=15 time=13.689559
D02_ENV_TEST event=safe_floor phase=16 time=14.687092
D02_ENV_TEST event=power_restore_fixture phase=22 time=16.191979
D02_ENV_TEST event=restore_power phase=23 time=16.690239
D02_ENV_TEST event=stream_away phase=17 time=17.087893
D02_ENV_TEST event=terrain_unloaded phase=17 time=20.089343
D02_ENV_TEST event=dormant_stable phase=18 time=20.089399
D02_ENV_TEST event=stream_return phase=19 time=22.089364
D02_ENV_TEST event=return_capture phase=21 time=24.094034
D02_ENV_TEST event=resumed_hazard_fixture phase=24 time=24.598595
D02_ENV_TEST event=resumed_hazard phase=25 time=25.102476
D02_ENV_TEST event=restart_input phase=20 time=25.848273
D02_ENV_TEST event=restart_clean phase=20 time=26.270629
