D02_ENV_TEST event=approach phase=1 time=0.192582
D02_ENV_TEST event=safe_capture phase=26 time=2.049864
D02_ENV_TEST event=power_input phase=2 time=2.552771
D02_ENV_TEST event=range_fixture phase=3 time=2.955988
D02_ENV_TEST event=aim_fixture phase=4 time=3.949954
D02_ENV_TEST event=first_shot phase=5 time=4.951534
D02_ENV_TEST event=damaged_capture phase=6 time=5.055476
D02_ENV_TEST event=second_shot phase=7 time=5.555650
D02_ENV_TEST event=debris_settle phase=8 time=5.652490
D02_ENV_TEST event=destroyed_capture phase=27 time=7.651401
D02_ENV_TEST event=walk_fixture phase=9 time=8.164835
D02_ENV_TEST event=walk_through phase=10 time=9.160711
D02_ENV_TEST event=hazard_fixture phase=11 time=10.064518
D02_ENV_TEST event=shared_hazard phase=12 time=10.766978
D02_ENV_TEST event=hazard_capture phase=28 time=12.262322
D02_ENV_TEST event=cut_power_fixture phase=13 time=12.772380
D02_ENV_TEST event=cut_power phase=14 time=13.274963
D02_ENV_TEST event=safe_floor_fixture phase=15 time=13.375687
D02_ENV_TEST event=safe_floor phase=16 time=14.375855
D02_ENV_TEST event=power_restore_fixture phase=22 time=15.874620
D02_ENV_TEST event=restore_power phase=23 time=16.376729
D02_ENV_TEST event=stream_away phase=17 time=16.773015
D02_ENV_TEST event=terrain_unloaded phase=17 time=19.777529
D02_ENV_TEST event=dormant_stable phase=18 time=19.777581
D02_ENV_TEST event=stream_return phase=19 time=21.775586
D02_ENV_TEST event=return_capture phase=21 time=23.777889
D02_ENV_TEST event=resumed_hazard_fixture phase=24 time=24.278493
D02_ENV_TEST event=resumed_hazard phase=25 time=24.778456
D02_ENV_TEST event=restart_input phase=20 time=25.533021
D02_ENV_TEST event=restart_clean phase=20 time=25.741007
