D02_ENV_TEST event=approach phase=1 time=0.381977
D02_ENV_TEST event=safe_capture phase=26 time=2.046449
D02_ENV_TEST event=power_input phase=2 time=2.547487
D02_ENV_TEST event=range_fixture phase=3 time=2.952567
D02_ENV_TEST event=aim_fixture phase=4 time=3.961030
D02_ENV_TEST event=first_shot phase=5 time=4.975828
D02_ENV_TEST event=damaged_capture phase=6 time=5.079687
D02_ENV_TEST event=second_shot phase=7 time=5.595317
D02_ENV_TEST event=debris_settle phase=8 time=5.698088
D02_ENV_TEST event=destroyed_capture phase=27 time=7.702309
D02_ENV_TEST event=walk_fixture phase=9 time=8.210164
D02_ENV_TEST event=walk_through phase=10 time=9.222902
D02_ENV_TEST event=hazard_fixture phase=11 time=10.127209
D02_ENV_TEST event=shared_hazard phase=12 time=10.831414
D02_ENV_TEST event=hazard_capture phase=28 time=12.333349
D02_ENV_TEST event=cut_power_fixture phase=13 time=12.834687
D02_ENV_TEST event=cut_power phase=14 time=13.342352
D02_ENV_TEST event=safe_floor_fixture phase=15 time=13.440053
D02_ENV_TEST event=safe_floor phase=16 time=14.441793
D02_ENV_TEST event=power_restore_fixture phase=22 time=15.952779
D02_ENV_TEST event=restore_power phase=23 time=16.447736
D02_ENV_TEST event=stream_away phase=17 time=16.847556
D02_ENV_TEST event=terrain_unloaded phase=17 time=19.848264
D02_ENV_TEST event=dormant_stable phase=18 time=19.848302
D02_ENV_TEST event=stream_return phase=19 time=21.851711
D02_ENV_TEST event=return_capture phase=21 time=23.857526
D02_ENV_TEST event=resumed_hazard_fixture phase=24 time=24.363732
D02_ENV_TEST event=resumed_hazard phase=25 time=24.864692
D02_ENV_TEST event=restart_input phase=20 time=25.613062
D02_ENV_TEST event=restart_clean phase=20 time=26.033014
