CMake Deprecation Warning at CMakeLists.txt:1 (cmake_minimum_required):
  Compatibility with CMake < 3.5 will be removed from a future version of
  CMake.

  Update the VERSION argument <min> value or use a ...<max> suffix to tell
  CMake that the project does not need compatibility with older versions.


CMake Deprecation Warning at CMakeLists.txt:16 (cmake_policy):
  The OLD behavior for policy CMP0091 will be removed from a future version
  of CMake.

  The cmake-policies(7) manual explains that the OLD behaviors of all
  policies are deprecated and that a policy should be set to OLD only under
  specific short-term circumstances.  Projects should be ported to the NEW
  behavior and not rely on setting a policy to OLD.


-- The C compiler identification is Clang 20.1.8
-- Detecting C compiler ABI info
-- Detecting C compiler ABI info - done
-- Check for working C compiler: /opt/unreal/UE_5.8.2/Engine/Extras/ThirdPartyNotUE/SDKs/HostLinux/Linux_x64/v26_clang-20.1.8-rockylinux8/x86_64-unknown-linux-gnu/bin/clang - skipped
-- Detecting C compile features
-- Detecting C compile features - done
-- Looking for stdbool.h
-- Looking for stdbool.h - found
-- Looking for unistd.h
-- Looking for unistd.h - found
-- Found PkgConfig: /usr/bin/pkg-config (found version "1.8.1") 
-- Checking for module 'sndfile'
--   Package 'sndfile', required by 'virtual:world', not found
-- Checking processor clipping capabilities...
-- Performing Test CPU_CLIPS_POSITIVE
-- Performing Test CPU_CLIPS_POSITIVE - Failed
-- Performing Test CPU_CLIPS_NEGATIVE
-- Performing Test CPU_CLIPS_NEGATIVE - Failed
-- Checking processor clipping capabilities... none
-- Performing Test HAVE_VISIBILITY
-- Performing Test HAVE_VISIBILITY - Success
-- Looking for sys/times.h
-- Looking for sys/times.h - found
-- Looking for alarm
-- Looking for alarm - found
-- Looking for signal
-- Looking for signal - found
-- Looking for SIGALRM
-- Looking for SIGALRM - found
-- Checking for module 'fftw3'
--   Package 'fftw3', required by 'virtual:world', not found
-- Configuring done (2.7s)
-- Generating done (0.1s)
-- Build files have been written to: /mnt/biella-extra/biella-runtime/d03-01-toolchain-02/samplerate-build
