D02_ENV_TEST event=approach phase=1 time=0.288467
D02_ENV_TEST event=safe_capture phase=26 time=2.042479
D02_ENV_TEST event=power_input phase=2 time=2.914515
D02_ENV_TEST event=range_fixture phase=3 time=3.319242
D02_ENV_TEST event=aim_fixture phase=4 time=4.315148
D02_ENV_TEST event=first_shot phase=5 time=5.319668
D02_ENV_TEST event=damaged_capture phase=6 time=5.416199
D02_ENV_TEST event=second_shot phase=7 time=5.924715
D02_ENV_TEST event=debris_settle phase=8 time=6.025138
D02_ENV_TEST event=destroyed_capture phase=27 time=8.026088
D02_ENV_TEST event=walk_fixture phase=9 time=8.525639
D02_ENV_TEST event=walk_through phase=10 time=9.529524
D02_ENV_TEST event=hazard_fixture phase=11 time=10.429713
D02_ENV_TEST event=shared_hazard phase=12 time=11.129653
D02_ENV_TEST event=hazard_capture phase=28 time=12.631009
D02_ENV_TEST event=cut_power_fixture phase=13 time=13.127364
D02_ENV_TEST event=cut_power phase=14 time=13.631245
D02_ENV_TEST event=safe_floor_fixture phase=15 time=13.731932
D02_ENV_TEST event=safe_floor phase=16 time=14.729966
D02_ENV_TEST event=power_restore_fixture phase=22 time=16.232672
D02_ENV_TEST event=restore_power phase=23 time=16.728658
D02_ENV_TEST event=stream_away phase=17 time=17.128848
D02_ENV_TEST event=terrain_unloaded phase=17 time=20.128188
D02_ENV_TEST event=dormant_stable phase=18 time=20.128252
D02_ENV_TEST event=stream_return phase=19 time=22.128756
D02_ENV_TEST event=return_capture phase=21 time=24.142276
D02_ENV_TEST event=resumed_hazard_fixture phase=24 time=24.646083
D02_ENV_TEST event=resumed_hazard phase=25 time=25.147659
D02_ENV_TEST event=restart_input phase=20 time=25.895986
D02_ENV_TEST event=restart_clean phase=20 time=26.132566
