D02_ENV_TEST event=approach phase=1 time=0.279136
D02_ENV_TEST event=safe_capture phase=26 time=2.039157
D02_ENV_TEST event=power_input phase=2 time=2.551428
D02_ENV_TEST event=range_fixture phase=3 time=2.953427
D02_ENV_TEST event=aim_fixture phase=4 time=3.965381
D02_ENV_TEST event=first_shot phase=5 time=4.980936
D02_ENV_TEST event=damaged_capture phase=6 time=5.092579
D02_ENV_TEST event=second_shot phase=7 time=5.610037
D02_ENV_TEST event=debris_settle phase=8 time=5.715845
D02_ENV_TEST event=destroyed_capture phase=27 time=7.725400
D02_ENV_TEST event=walk_fixture phase=9 time=8.221039
D02_ENV_TEST event=walk_through phase=10 time=9.223543
D02_ENV_TEST event=hazard_fixture phase=11 time=10.139905
D02_ENV_TEST event=shared_hazard phase=12 time=10.859011
D02_ENV_TEST event=hazard_capture phase=28 time=12.361724
D02_ENV_TEST event=cut_power_fixture phase=13 time=12.872190
D02_ENV_TEST event=cut_power phase=14 time=13.384230
D02_ENV_TEST event=safe_floor_fixture phase=15 time=13.488648
D02_ENV_TEST event=safe_floor phase=16 time=14.491360
D02_ENV_TEST event=power_restore_fixture phase=22 time=15.998914
D02_ENV_TEST event=restore_power phase=23 time=16.507294
D02_ENV_TEST event=stream_away phase=17 time=16.911688
D02_ENV_TEST event=terrain_unloaded phase=17 time=19.911177
D02_ENV_TEST event=dormant_stable phase=18 time=19.911211
D02_ENV_TEST event=stream_return phase=19 time=21.917143
D02_ENV_TEST event=return_capture phase=21 time=23.922254
D02_ENV_TEST event=resumed_hazard_fixture phase=24 time=24.432808
D02_ENV_TEST event=resumed_hazard phase=25 time=24.929118
D02_ENV_TEST event=restart_input phase=20 time=25.691578
D02_ENV_TEST event=restart_clean phase=20 time=25.925820
