D02_ENV_TEST event=approach phase=1 time=0.390592
D02_ENV_TEST event=safe_capture phase=26 time=2.038820
D02_ENV_TEST event=power_input phase=2 time=2.550255
D02_ENV_TEST event=range_fixture phase=3 time=2.948516
D02_ENV_TEST event=aim_fixture phase=4 time=3.949885
D02_ENV_TEST event=first_shot phase=5 time=4.960996
D02_ENV_TEST event=damaged_capture phase=6 time=5.064128
D02_ENV_TEST event=second_shot phase=7 time=5.571095
D02_ENV_TEST event=debris_settle phase=8 time=5.675900
D02_ENV_TEST event=destroyed_capture phase=27 time=7.678978
D02_ENV_TEST event=walk_fixture phase=9 time=8.185292
D02_ENV_TEST event=walk_through phase=10 time=9.192308
D02_ENV_TEST event=hazard_fixture phase=11 time=10.092077
D02_ENV_TEST event=shared_hazard phase=12 time=10.813063
D02_ENV_TEST event=hazard_capture phase=28 time=12.318490
D02_ENV_TEST event=cut_power_fixture phase=13 time=12.823115
D02_ENV_TEST event=cut_power phase=14 time=13.323155
D02_ENV_TEST event=safe_floor_fixture phase=15 time=13.424453
D02_ENV_TEST event=safe_floor phase=16 time=14.435739
D02_ENV_TEST event=power_restore_fixture phase=22 time=15.929167
D02_ENV_TEST event=restore_power phase=23 time=16.431617
D02_ENV_TEST event=stream_away phase=17 time=16.830860
D02_ENV_TEST event=terrain_unloaded phase=17 time=19.832621
D02_ENV_TEST event=dormant_stable phase=18 time=19.832682
D02_ENV_TEST event=stream_return phase=19 time=21.834380
D02_ENV_TEST event=return_capture phase=21 time=23.850170
D02_ENV_TEST event=resumed_hazard_fixture phase=24 time=24.348775
D02_ENV_TEST event=resumed_hazard phase=25 time=24.847823
D02_ENV_TEST event=restart_input phase=20 time=25.599168
D02_ENV_TEST event=restart_clean phase=20 time=26.019327
