D02_ENV_TEST event=approach phase=1 time=0.449040
D02_ENV_TEST event=safe_capture phase=26 time=2.063774
D02_ENV_TEST event=power_input phase=2 time=3.007795
D02_ENV_TEST event=range_fixture phase=3 time=3.426718
D02_ENV_TEST event=aim_fixture phase=4 time=4.424376
D02_ENV_TEST event=first_shot phase=5 time=5.439662
D02_ENV_TEST event=damaged_capture phase=6 time=5.540028
D02_ENV_TEST event=second_shot phase=7 time=6.053569
D02_ENV_TEST event=debris_settle phase=8 time=6.153831
D02_ENV_TEST event=destroyed_capture phase=27 time=8.160437
D02_ENV_TEST event=walk_fixture phase=9 time=8.670507
D02_ENV_TEST event=walk_through phase=10 time=9.672336
D02_ENV_TEST event=hazard_fixture phase=11 time=10.579691
D02_ENV_TEST event=shared_hazard phase=12 time=11.296448
D02_ENV_TEST event=hazard_capture phase=28 time=12.788344
D02_ENV_TEST event=cut_power_fixture phase=13 time=13.302062
D02_ENV_TEST event=cut_power phase=14 time=13.796856
D02_ENV_TEST event=safe_floor_fixture phase=15 time=13.898817
D02_ENV_TEST event=safe_floor phase=16 time=14.896602
D02_ENV_TEST event=power_restore_fixture phase=22 time=16.400971
D02_ENV_TEST event=restore_power phase=23 time=16.900450
D02_ENV_TEST event=stream_away phase=17 time=17.300880
D02_ENV_TEST event=terrain_unloaded phase=17 time=20.304520
D02_ENV_TEST event=dormant_stable phase=18 time=20.304573
D02_ENV_TEST event=stream_return phase=19 time=22.319333
D02_ENV_TEST event=return_capture phase=21 time=24.326815
D02_ENV_TEST event=resumed_hazard_fixture phase=24 time=24.828196
D02_ENV_TEST event=resumed_hazard phase=25 time=25.327780
D02_ENV_TEST event=restart_input phase=20 time=26.078648
D02_ENV_TEST event=restart_clean phase=20 time=26.579756
