D02_ENV_TEST event=approach phase=1 time=0.359644
D02_ENV_TEST event=safe_capture phase=26 time=2.047418
D02_ENV_TEST event=power_input phase=2 time=2.557513
D02_ENV_TEST event=range_fixture phase=3 time=2.963082
D02_ENV_TEST event=aim_fixture phase=4 time=3.974092
D02_ENV_TEST event=first_shot phase=5 time=4.986603
D02_ENV_TEST event=damaged_capture phase=6 time=5.090663
D02_ENV_TEST event=second_shot phase=7 time=5.596192
D02_ENV_TEST event=debris_settle phase=8 time=5.696290
D02_ENV_TEST event=destroyed_capture phase=27 time=7.706041
D02_ENV_TEST event=walk_fixture phase=9 time=8.220853
D02_ENV_TEST event=walk_through phase=10 time=9.231859
D02_ENV_TEST event=hazard_fixture phase=11 time=10.140154
D02_ENV_TEST event=shared_hazard phase=12 time=10.846088
D02_ENV_TEST event=hazard_capture phase=28 time=12.356767
D02_ENV_TEST event=cut_power_fixture phase=13 time=12.871328
D02_ENV_TEST event=cut_power phase=14 time=13.372631
D02_ENV_TEST event=safe_floor_fixture phase=15 time=13.472300
D02_ENV_TEST event=safe_floor phase=16 time=14.477260
D02_ENV_TEST event=power_restore_fixture phase=22 time=15.992639
D02_ENV_TEST event=restore_power phase=23 time=16.491483
D02_ENV_TEST event=stream_away phase=17 time=16.891581
D02_ENV_TEST event=terrain_unloaded phase=17 time=19.891758
D02_ENV_TEST event=dormant_stable phase=18 time=19.891799
D02_ENV_TEST event=stream_return phase=19 time=21.895573
D02_ENV_TEST event=return_capture phase=21 time=23.902798
D02_ENV_TEST event=resumed_hazard_fixture phase=24 time=24.404724
D02_ENV_TEST event=resumed_hazard phase=25 time=24.904578
D02_ENV_TEST event=restart_input phase=20 time=25.655484
D02_ENV_TEST event=restart_clean phase=20 time=26.017005
