D02_ENV_TEST event=approach phase=1 time=0.381569
D02_ENV_TEST event=safe_capture phase=26 time=2.042326
D02_ENV_TEST event=power_input phase=2 time=2.555737
D02_ENV_TEST event=range_fixture phase=3 time=2.970952
D02_ENV_TEST event=aim_fixture phase=4 time=3.988579
D02_ENV_TEST event=first_shot phase=5 time=4.984899
D02_ENV_TEST event=damaged_capture phase=6 time=5.096727
D02_ENV_TEST event=second_shot phase=7 time=5.599640
D02_ENV_TEST event=debris_settle phase=8 time=5.699089
D02_ENV_TEST event=destroyed_capture phase=27 time=7.707241
D02_ENV_TEST event=walk_fixture phase=9 time=8.223461
D02_ENV_TEST event=walk_through phase=10 time=9.238170
D02_ENV_TEST event=hazard_fixture phase=11 time=10.134804
D02_ENV_TEST event=shared_hazard phase=12 time=10.846200
D02_ENV_TEST event=hazard_capture phase=28 time=12.353227
D02_ENV_TEST event=cut_power_fixture phase=13 time=12.858501
D02_ENV_TEST event=cut_power phase=14 time=13.355189
D02_ENV_TEST event=safe_floor_fixture phase=15 time=13.456631
D02_ENV_TEST event=safe_floor phase=16 time=14.461923
D02_ENV_TEST event=power_restore_fixture phase=22 time=15.975086
D02_ENV_TEST event=restore_power phase=23 time=16.483933
D02_ENV_TEST event=stream_away phase=17 time=16.879312
D02_ENV_TEST event=terrain_unloaded phase=17 time=19.884615
D02_ENV_TEST event=dormant_stable phase=18 time=19.884657
D02_ENV_TEST event=stream_return phase=19 time=21.880856
D02_ENV_TEST event=return_capture phase=21 time=23.887755
D02_ENV_TEST event=resumed_hazard_fixture phase=24 time=24.394306
D02_ENV_TEST event=resumed_hazard phase=25 time=24.900184
D02_ENV_TEST event=restart_input phase=20 time=25.646654
D02_ENV_TEST event=restart_clean phase=20 time=26.077044
