Setting up bundled DotNet SDK
Running command : dotnet Engine/Binaries/DotNET/UnrealBuildTool/UnrealBuildTool.dll BiellaGames Linux Development /root/biella/repos/biella-engine/projects/biella-games/BiellaGames.uproject -WaitMutex -NoUBA -NoHotReloadFromIDE -NoUBTMakefiles
Log file: /opt/unreal/UE_5.8.2/Engine/Programs/UnrealBuildTool/Log.txt
Determining max actions to execute in parallel (15 physical cores, 15 logical cores)
  Executing up to 15 processes, one per physical core
UbaStorageServer - FileMapping backing: memfd
UbaSessionServer - Disable remote execution (remote sessions will finish current processes)
Invalidating makefile for BiellaGames (source file added)
UHT compiled-in object format Default
Building BiellaGames...
===== Toolchain Information =====
Using ISPC compiler (/opt/unreal/UE_5.8.2/Engine/Source/ThirdParty/Intel/ISPC/bin/Linux/ispc)
  Intel(r) Implicit SPMD Program Compiler (Intel(r) ISPC), 1.24.0 (build commit  @ 20240919, LLVM 18.1.6)
Using Clang compiler 20.1.8 (/opt/unreal/UE_5.8.2/Engine/Extras/ThirdPartyNotUE/SDKs/HostLinux/Linux_x64/v26_clang-20.1.8-rockylinux8/x86_64-unknown-linux-gnu/bin/clang++)
  clang version 20.1.8 (github.com/llvm/llvm-project 87f0227cb60147a26a1eeb4fb06e3b505e9c7261) Target: x86_64-unknown-linux-gnu Thread model: posix InstalledDir: /opt/unreal/UE_5.8.2/Engine/Extras/ThirdPartyNotUE/SDKs/HostLinux/Linux_x64/v26_clang-20.1.8-rockylinux8/x86_64-unknown-linux-gnu/bin
Using Clang archiver (/opt/unreal/UE_5.8.2/Engine/Extras/ThirdPartyNotUE/SDKs/HostLinux/Linux_x64/v26_clang-20.1.8-rockylinux8/x86_64-unknown-linux-gnu/bin/llvm-ar)
  LLVM (http://llvm.org/):   LLVM version 20.1.8   Optimized build.
Using toolchain located at '/opt/unreal/UE_5.8.2/Engine/Extras/ThirdPartyNotUE/SDKs/HostLinux/Linux_x64/v26_clang-20.1.8-rockylinux8/x86_64-unknown-linux-gnu'
Using bundled libc++ standard C++ library.
Compressing debug files
=================================
Using Unreal Build Accelerator local executor to run 651 action(s)
  CPU 15 physical cores, 15 logical cores
  Memory 86.31 GB physical, 6.55 GB/75.15 GB committed
  UBA Storage capacity 40 GB
[1/651] Compile MiMalloc.c [NoUba]
/opt/unreal/UE_5.8.2/Engine/Source/Runtime/Core/Private/Thirdparty/MiMalloc.c:24:10: fatal error: 'static.c' file not found
   24 | #include <static.c>
      |          ^~~~~~~~~~
1 error generated.
[2/651] Compile PCH.Core.h [NoUba]
[3/651] Compile SharedPCH.Core.Cpp20.h [NoUba]
[4/651] Compile SharedPCH.Core.Exceptions.Cpp20.h [NoUba]
[5/651] Compile Module.Advertising.cpp [NoUba]
[6/651] Compile Module.AVIWriter.cpp [NoUba]
[7/651] Compile SharedPCH.CoreUObject.RTTI.Exceptions.Cpp20.h [NoUba]
[8/651] Compile SharedPCH.CoreUObject.Cpp20.h [NoUba]
[9/651] Compile Module.AnalyticsHorde.cpp [NoUba]
[10/651] Compile Module.AnalyticsCSV.cpp [NoUba]
[11/651] Compile Module.Analytics.cpp [NoUba]
[12/651] Compile Module.AnalyticsLog.cpp [NoUba]
[13/651] Compile Module.AnalyticsET.cpp [NoUba]
[14/651] Compile Module.AnimationCore.cpp [NoUba]
[15/651] Compile SharedPCH.Slate.Cpp20.h [NoUba]
[16/651] Compile Module.ApplicationCore.cpp [NoUba]
[17/651] Compile Module.Core.1.cpp [NoUba]
[18/651] Compile Module.Core.15.cpp [NoUba]
[19/651] Compile Module.AssetRegistry.3.cpp [NoUba]
[20/651] Compile Module.Core.12.cpp [NoUba]
[21/651] Compile Module.AudioLinkCore.cpp [NoUba]
[22/651] Compile Module.Core.10.cpp [NoUba]
[23/651] Compile Module.AudioPlatformConfiguration.cpp [NoUba]
In file included from /root/biella/repos/biella-engine/projects/biella-games/Intermediate/Build/Linux/x64/BiellaGames/Development/AudioPlatformConfiguration/Module.AudioPlatformConfiguration.cpp:5:
/opt/unreal/UE_5.8.2/Engine/Source/Runtime/AudioPlatformConfiguration/Private/AudioResampler.cpp:13:10: fatal error: 'samplerate.h' file not found
   13 | #include "samplerate.h"
      |          ^~~~~~~~~~~~~~
1 error generated.
[24/651] Compile Module.Core.13.cpp [NoUba]
[25/651] Compile Module.AudioMixerCore.cpp [NoUba]
[26/651] Compile Module.Core.14.cpp [NoUba]
[27/651] Compile Module.Core.11.cpp [NoUba]
[28/651] Compile Module.AudioExtensions.cpp [NoUba]
[29/651] Compile Module.AutomationMessages.cpp [NoUba]
[30/651] Compile Module.AssetRegistry.1.cpp [NoUba]
[31/651] Compile Module.AppFramework.2.cpp [NoUba]
[32/651] Compile Module.BandwidthDebugDelegates.cpp [NoUba]
[33/651] Compile Module.BandwidthMeasurementTool.cpp [NoUba]
[34/651] Compile Module.AutomationTest.cpp [NoUba]
[35/651] Compile Module.BackChannel.cpp [NoUba]
[36/651] Compile Module.Cbor.cpp [NoUba]
[37/651] Compile Module.AudioSynesthesiaCore.cpp [NoUba]
[38/651] Compile Module.AutomationController.cpp [NoUba]
[39/651] Compile SharedPCH.Engine.Project.ValApi.ValExpApi.Cpp20.h [NoUba]
[40/651] Compile SharedPCH.Engine.Cpp20.h [NoUba]
[41/651] Compile Module.AudioWidgetsCore.cpp [NoUba]
[42/651] Compile Module.Chaos.11.cpp [NoUba]
[43/651] Compile Module.Chaos.10.cpp [NoUba]
[44/651] Compile Module.AssetRegistry.4.cpp [NoUba]
[45/651] Compile Module.ACLPlugin.cpp [NoUba]
[46/651] Compile Module.Core.16.cpp [NoUba]
[47/651] Compile Module.AISupportModule.cpp [NoUba]
[48/651] Compile Module.AssetRegistry.2.cpp [NoUba]
[49/651] Compile Module.AppFramework.3.cpp [NoUba]
[50/651] Compile Module.ActorLayerUtilities.cpp [NoUba]
[51/651] Compile Module.AdpcmAudioDecoder.cpp [NoUba]
[52/651] Compile Module.AndroidFileServer.cpp [NoUba]
[53/651] Compile Module.BuildPatchServices.1.cpp [NoUba]
[54/651] Compile Module.ActorSequence.cpp [NoUba]
[55/651] Compile Module.AndroidPermission.cpp [NoUba]
[56/651] Compile Module.BuildPatchServices.2.cpp [NoUba]
[57/651] Compile Module.AppleImageUtils.cpp [NoUba]
[58/651] Compile Module.BuildPatchServices.3.cpp [NoUba]
[59/651] Compile Module.ArchVisCharacter.cpp [NoUba]
[60/651] Compile Module.AppFramework.1.cpp [NoUba]
[61/651] Compile Module.AssetTags.cpp [NoUba]
[62/651] Compile Module.AITestSuite.cpp [NoUba]
[63/651] Compile Module.AudioCaptureCore.cpp [NoUba]
[64/651] Compile Module.AIModule.1.cpp [NoUba]
[65/651] Compile Module.AudioCapture.cpp [NoUba]
[66/651] Compile Module.AnimationSharing.cpp [NoUba]
[67/651] Compile Module.AudioInsightsRuntime.cpp [NoUba]
[68/651] Compile Module.AudioAnalyzer.cpp [NoUba]
[69/651] Compile Module.AudioChannelAgnosticCore.cpp [NoUba]
[70/651] Compile Module.BuildPatchServices.4.cpp [NoUba]
[71/651] Compile Module.AIModule.4.cpp [NoUba]
[72/651] Compile Module.AudioLinkEngine.cpp [NoUba]
[73/651] Compile Module.Chaos.1.cpp [NoUba]
[74/651] Compile Module.AudioMixerPlatformAudioLink.cpp [NoUba]
[75/651] Compile Module.AIModule.3.cpp [NoUba]
[76/651] Compile Module.AudioMixerSDL.cpp [NoUba]
[77/651] Compile Module.AIModule.2.cpp [NoUba]
[78/651] Compile Module.AudioMixer.3.cpp [NoUba]
[79/651] Compile Module.AvfMediaFactory.cpp [NoUba]
[80/651] Compile Module.BinkAudioDecoder.cpp [NoUba]
[81/651] Compile Module.BiellaGames.cpp [NoUba]
[82/651] Compile Module.AutomationUtils.cpp [NoUba]
[83/651] Compile Module.AudioSynesthesia.cpp [NoUba]
[84/651] Compile Module.AutomationWorker.cpp [NoUba]
[85/651] Compile Module.CableComponent.cpp [NoUba]
[86/651] Compile Module.AdvancedWidgets.cpp [NoUba]
[87/651] Compile Module.AudioMixer.2.cpp [NoUba]
[88/651] Compile Module.Chaos.19.cpp [NoUba]
[89/651] Compile Module.AudioMixer.1.cpp [NoUba]
[90/651] Compile Module.Buoyancy.cpp [NoUba]
[91/651] Compile Module.Chaos.14.cpp [NoUba]
[92/651] Compile Module.AnimGraphRuntime.cpp [NoUba]
[93/651] Compile Module.Chaos.12.cpp [NoUba]
[94/651] Compile Module.Chaos.13.cpp [NoUba]
[95/651] Compile Module.Chaos.16.cpp [NoUba]
[96/651] Compile Module.Chaos.20.cpp [NoUba]
[97/651] Compile Module.Chaos.18.cpp [NoUba]
[98/651] Compile Module.AudioWidgets.cpp [NoUba]
[99/651] Compile Module.Chaos.22.cpp [NoUba]
[100/651] Compile Module.Chaos.2.cpp [NoUba]
[101/651] Compile Module.Chaos.21.cpp [NoUba]
[102/651] Compile Module.Chaos.23.cpp [NoUba]
[103/651] Compile Module.Chaos.27.cpp [NoUba]
[104/651] Compile Module.Chaos.15.cpp [NoUba]
[105/651] Compile Module.ChaosCore.cpp [NoUba]
[106/651] Compile Module.Chaos.4.cpp [NoUba]
[107/651] Compile Module.Chaos.24.cpp [NoUba]
[108/651] Compile Module.ChaosUserDataPT.cpp [NoUba]
[109/651] Compile Module.Chaos.17.cpp [NoUba]
[110/651] Compile Module.Chaos.26.cpp [NoUba]
[111/651] Compile Module.CharacterAI.cpp [NoUba]
[112/651] Compile Module.ChaosVDBlueprint.cpp [NoUba]
[113/651] Compile Module.Chaos.7.cpp [NoUba]
[114/651] Compile Module.ChaosVDRuntime.cpp [NoUba]
[115/651] Compile Module.Chaos.6.cpp [NoUba]
[116/651] Compile Module.ClothingSystemRuntimeNv.cpp [NoUba]
[117/651] Compile Module.Chaos.8.cpp [NoUba]
[118/651] Compile Module.Chaos.3.cpp [NoUba]
[119/651] Compile Module.ChaosCaching.cpp [NoUba]
[120/651] Compile Module.Chaos.28.cpp [NoUba]
[121/651] Compile Module.ChunkDownloader.cpp [NoUba]
[122/651] Compile Module.ConsoleVariablesEditorRuntime.cpp [NoUba]
[123/651] Compile Module.CinematicCamera.cpp [NoUba]
[124/651] Compile Module.ComputeDataInterface.cpp [NoUba]
[125/651] Compile Module.ClothSysRuntimeIntrfc.cpp [NoUba]
[126/651] Compile Module.ChaosNiagara.cpp [NoUba]
[127/651] Compile Module.Chaos.25.cpp [NoUba]
[128/651] Compile Module.Chaos.9.cpp [NoUba]
[129/651] Compile Module.ChaosSolverEngine.cpp [NoUba]
[130/651] Compile Module.CookOnTheFly.cpp [NoUba]
[131/651] Compile Module.ClothingSystemRuntimeCommon.cpp [NoUba]
[132/651] Compile Module.CompositeCore.cpp [NoUba]
[133/651] Compile Module.ComputeFramework.cpp [NoUba]
[134/651] Compile Module.ControlRig.5.cpp [NoUba]
[135/651] Compile Module.ControlRigSpline.cpp [NoUba]
[136/651] Compile Module.Chaos.5.cpp [NoUba]
[137/651] Compile Module.Constraints.cpp [NoUba]
[138/651] Compile Module.Core.18.cpp [NoUba]
[139/651] Compile Module.Core.19.cpp [NoUba]
[140/651] Compile Module.ControlRigPhysics.cpp [NoUba]
[141/651] Compile Module.Core.8.cpp [NoUba]
In file included from /root/biella/repos/biella-engine/projects/biella-games/Intermediate/Build/Linux/x64/BiellaGames/Development/Core/Module.Core.8.cpp:4:
/opt/unreal/UE_5.8.2/Engine/Source/Runtime/Core/Private/Math/UnrealMathSSE.cpp:9:10: fatal error: cannot open file './ThirdParty/SSEMathFun/sse_mathfun_extension.h': Permission denied
    9 | #include "ThirdParty/SSEMathFun/sse_mathfun_extension.h"
      |          ^
1 error generated.
[142/651] Compile Module.Core.20.cpp [NoUba]
[143/651] Compile Module.Core.17.cpp [NoUba]
[144/651] Compile Module.Core.5.cpp [NoUba]
[145/651] Compile Module.ChaosCloth.cpp [NoUba]
[146/651] Compile Module.Core.3.cpp [NoUba]
[147/651] Compile Module.Core.4.cpp [NoUba]
[148/651] Compile Module.CustomMeshComponent.cpp [NoUba]
[149/651] Compile Module.CsvMetrics.cpp [NoUba]
[150/651] Compile Module.CoreOnline.cpp [NoUba]
[151/651] Compile Module.DataflowMedialSkeleton.cpp [NoUba]
[152/651] Compile Module.Core.6.cpp [NoUba]
[153/651] Compile Module.Core.7.cpp [NoUba]
[154/651] Compile Module.ControlRig.2.cpp [NoUba]
[155/651] Compile Module.DeveloperSettings.cpp [NoUba]
[156/651] Compile Module.DataflowEnginePlugin.cpp [NoUba]
[157/651] Compile Module.DownlinkBandwidthManager.cpp [NoUba]
[158/651] Compile Module.DatasmithContent.cpp [NoUba]
[159/651] Compile Module.DirectoryWatcher.cpp [NoUba]
[160/651] Compile Module.DumpGPUServices.cpp [NoUba]
[161/651] Compile Module.DesktopPlatform.cpp [NoUba]
[162/651] Compile Module.DataflowSimulation.cpp [NoUba]
[163/651] Compile Module.EditorAnalyticsSession.cpp [NoUba]
[164/651] Compile Module.EditableComputeGraph.cpp [NoUba]
[165/651] Compile Module.EngineMessages.cpp [NoUba]
[166/651] Compile Module.ControlRig.1.cpp [NoUba]
[167/651] Compile Module.EngineSettings.cpp [NoUba]
[168/651] Compile Module.Core.9.cpp [NoUba]
[169/651] Compile Module.EngineCameras.cpp [NoUba]
[170/651] Compile Module.DataflowEngine.cpp [NoUba]
[171/651] Compile Module.EventLoop.cpp [NoUba]
[172/651] Compile Module.ExampleDeviceProfileSelector.cpp [NoUba]
[173/651] Compile Module.EyeTracker.cpp [NoUba]
[174/651] Compile Module.FieldNotification.cpp [NoUba]
[175/651] Compile Module.ExrReaderGpu.cpp [NoUba]
[176/651] Compile Module.FacialAnimation.cpp [NoUba]
[177/651] Compile Module.DrawPrimitiveDebugger.cpp [NoUba]
[178/651] Compile Module.ControlRig.3.cpp [NoUba]
[179/651] Compile Module.Foliage.cpp [NoUba]
[180/651] Compile Module.FieldSystemEngine.cpp [NoUba]
[181/651] Compile Module.EnhancedInput.cpp [NoUba]
[182/651] Compile Module.ControlRig.4.cpp [NoUba]
[183/651] Compile Module.FunctionalTesting.cpp [NoUba]
[184/651] Compile Module.Core.2.cpp [NoUba]
[185/651] Compile Module.FractureEngine.cpp [NoUba]
[186/651] Compile Module.DataflowCore.cpp [NoUba]
[187/651] Compile Module.FullBodyIK.cpp [NoUba]
[188/651] Compile Module.GLTFCore.cpp [NoUba]
[189/651] Compile Module.GameplayTasks.cpp [NoUba]
[190/651] Compile Module.DataflowNodes.cpp [NoUba]
[191/651] Compile Module.DynamicMesh.1.cpp [NoUba]
[192/651] Compile Module.GameplayDebugger.cpp [NoUba]
[193/651] Compile Module.GameplayCameras.1.cpp [NoUba]
[194/651] Compile Module.GameplayCameras.4.cpp [NoUba]
[195/651] Compile Module.GeometryCacheTracks.cpp [NoUba]
[196/651] Compile Module.DynamicMesh.4.cpp [NoUba]
[197/651] Compile Module.GameplayTags.cpp [NoUba]
[198/651] Compile Module.DynamicMesh.2.cpp [NoUba]
[199/651] Compile Module.GameplayCameras.2.cpp [NoUba]
[200/651] Compile Module.GeometryCollectionDepNodes.cpp [NoUba]
[201/651] Compile Module.GeometryAlgorithms.3.cpp [NoUba]
[202/651] Compile Module.GameplayCameras.3.cpp [NoUba]
[203/651] Compile Module.GeometryCollectionTracks.cpp [NoUba]
[204/651] Compile Module.GeometryCache.cpp [NoUba]
[205/651] Compile Module.DynamicMesh.3.cpp [NoUba]
[206/651] Compile Module.GlobalConfigurationData.cpp [NoUba]
[207/651] Compile Module.GLTFExporter.cpp [NoUba]
[208/651] Compile Module.GeometryCollectionNodes.3.cpp [NoUba]
[209/651] Compile Module.GooglePAD.cpp [NoUba]
[210/651] Compile Module.GeometryDataflowNodes.cpp [NoUba]
[211/651] Compile Module.GlobalConfigurationDataCore.cpp [NoUba]
[212/651] Compile Module.HTRun.cpp [NoUba]
[213/651] Compile Module.HTAnimRun.cpp [NoUba]
[214/651] Compile Module.GeometryCore.3.cpp [NoUba]
[215/651] Compile Module.GeometryCore.4.cpp [NoUba]
[216/651] Compile Module.HTTP.cpp [NoUba]
[217/651] Compile Module.HairStrandsRuntime.cpp [NoUba]
[218/651] Compile Module.GeometryFramework.cpp [NoUba]
[219/651] Compile Module.GeometryAlgorithms.1.cpp [NoUba]
[220/651] Compile Module.IESFile.cpp [NoUba]
[221/651] Compile Module.HttpReplayStreaming.cpp [NoUba]
[222/651] Compile Module.GeometryAlgorithms.2.cpp [NoUba]
[223/651] Compile Module.HeadMountedDisplay.cpp [NoUba]
[224/651] Compile Module.IKRigUAF.cpp [NoUba]
[225/651] Compile Module.Icmp.cpp [NoUba]
[226/651] Compile Module.GeometryCore.1.cpp [NoUba]
[227/651] Compile Module.ISMPool.cpp [NoUba]
[228/651] Compile Module.GeometryCollectionNodes.1.cpp [NoUba]
[229/651] Compile Module.HairStrandsSolver.cpp [NoUba]
[230/651] Compile Module.HairStrandsDeformer.cpp [NoUba]
[231/651] Compile Module.ImageWriteQueue.cpp [NoUba]
[232/651] Compile Module.HairStrandsCore.3.cpp [NoUba]
[233/651] Compile Module.HairStrandsCore.2.cpp [NoUba]
[234/651] Compile Module.ImageCore.cpp [NoUba]
[235/651] Compile Module.ImgMediaEngine.cpp [NoUba]
[236/651] Compile Module.ImgMediaFactory.cpp [NoUba]
[237/651] Compile Module.IndexedCacheStorage.cpp [NoUba]
[238/651] Compile Module.InputDevice.cpp [NoUba]
[239/651] Compile Module.HairStrandsCore.4.cpp [NoUba]
[240/651] Compile Module.InputCore.cpp [NoUba]
[241/651] Compile Module.InputDebugging.cpp [NoUba]
[242/651] Compile Module.InterchangeAxFAssets.cpp [NoUba]
[243/651] Compile Module.InterchangeCommon.cpp [NoUba]
[244/651] Compile Module.GeometryCollectionEngine.cpp [NoUba]
[245/651] Compile Module.InteractiveToolsFramework.3.cpp [NoUba]
[246/651] Compile Module.InterchangeAssets.cpp [NoUba]
[247/651] Compile Module.InterchangeExport.cpp [NoUba]
[248/651] Compile Module.InterchangeCommonParser.cpp [NoUba]
[249/651] Compile Module.GeometryCollectionNodes.2.cpp [NoUba]
[250/651] Compile Module.GeometryCore.2.cpp [NoUba]
[251/651] Compile Module.InstallBundleManager.cpp [NoUba]
[252/651] Compile Module.InterchangeDispatcher.cpp [NoUba]
[253/651] Compile Module.InterchangeMessages.cpp [NoUba]
[254/651] Compile Module.ImgMedia.cpp [NoUba]
[255/651] Compile Module.InterchangeAnalytics.cpp [NoUba]
[256/651] Compile Module.HairStrandsCore.1.cpp [NoUba]
[257/651] Compile Module.InteractiveToolsFramework.1.cpp [NoUba]
[258/651] Compile Module.ImageWrapper.cpp [NoUba]
[259/651] Compile Module.IoStoreHttpClient.cpp [NoUba]
[260/651] Compile Module.InterchangeImport.4.cpp [NoUba]
[261/651] Compile Module.IKRig.cpp [NoUba]
[262/651] Compile Module.IoStoreOnDemandCore.cpp [NoUba]
[263/651] Compile Module.InteractiveToolsFramework.2.cpp [NoUba]
[264/651] Compile Module.InterchangeNodes.cpp [NoUba]
[265/651] Compile Module.InterchangeImport.1.cpp [NoUba]
[266/651] Compile Module.InterchangeEngine.cpp [NoUba]
[267/651] Compile Module.InterchangeImport.3.cpp [NoUba]
[268/651] Compile Module.IrisCore.1.cpp [NoUba]
[269/651] Compile Module.IrisCore.5.cpp [NoUba]
[270/651] Compile Module.Landmass.cpp [NoUba]
Terminated
