[2026.09.05-21.35.32:197][115]LogTemp: Display: D02_01_DIAGNOSTIC player_tick=1 movement_tick=0 location=V(Z=88.00)
[2026.09.05-21.35.32:197][115]LogTemp: Display: D02_01_DIAGNOSTIC player_component=Collision navigation=0 collision=3 object_type=2 bounds=IsValid=true, Min=(X=-42.000 Y=-42.000 Z=0.000), Max=(X=42.000 Y=42.000 Z=176.000)
[2026.09.05-21.35.32:197][115]LogTemp: Display: D02_01_DIAGNOSTIC player_component=BodyMesh navigation=0 collision=0 object_type=1 bounds=IsValid=true, Min=(X=-24.000 Y=-27.500 Z=25.500), Max=(X=24.000 Y=27.500 Z=150.500)
[2026.09.05-21.35.32:197][115]LogTemp: Display: D02_01_DIAGNOSTIC player_component=WeaponMesh navigation=1 collision=0 object_type=1 bounds=IsValid=true, Min=(X=20.000 Y=37.000 Z=115.000), Max=(X=90.000 Y=53.000 Z=131.000)
[2026.09.05-21.35.32:197][115]LogTemp: Display: D02_01_DIAGNOSTIC player_component=CameraProxyMeshComponent_0 navigation=0 collision=0 object_type=0 bounds=IsValid=true, Min=(X=-575.756 Y=65.988 Z=277.117), Max=(X=-468.279 Y=114.012 Z=357.562)
[2026.09.05-21.35.32:197][115]LogTemp: Display: D02_01_DIAGNOSTIC player_component=DrawFrustumComponent_0 navigation=0 collision=0 object_type=0 bounds=IsValid=true, Min=(X=-1487.553 Y=-920.000 Z=-709.003), Max=(X=532.447 Y=1100.000 Z=1310.997)
[2026.09.05-21.35.32:197][115]LogTemp: Display: D02_01_DIAGNOSTIC player_component=RoleHead navigation=0 collision=0 object_type=1 bounds=IsValid=true, Min=(X=-13.000 Y=-13.000 Z=150.000), Max=(X=13.000 Y=13.000 Z=176.000)
[2026.09.05-21.35.32:197][115]LogTemp: Display: D02_01_DIAGNOSTIC player_component=LeftBoot navigation=0 collision=0 object_type=1 bounds=IsValid=true, Min=(X=-18.500 Y=-25.000 Z=1.500), Max=(X=24.500 Y=-5.000 Z=26.500)
[2026.09.05-21.35.32:197][115]LogTemp: Display: D02_01_DIAGNOSTIC player_component=RightBoot navigation=0 collision=0 object_type=1 bounds=IsValid=true, Min=(X=-18.500 Y=5.000 Z=1.500), Max=(X=24.500 Y=25.000 Z=26.500)
[2026.09.05-21.35.32:197][115]LogTemp: Display: D02_01_DIAGNOSTIC player_component=RoleBandA navigation=0 collision=0 object_type=1 bounds=IsValid=true, Min=(X=-25.000 Y=-28.500 Z=116.000), Max=(X=25.000 Y=28.500 Z=128.000)
[2026.09.05-21.35.32:197][115]LogTemp: Display: D02_01_DIAGNOSTIC static_floor=1 actor=StaticMeshActor_UAID_FA163ECF0746E7FE02_1616299375 point=V(0) normal=V(Z=1.00)
[2026.09.05-21.35.32:197][115]LogTemp: Display: D02_01_DIAGNOSTIC origin_actor=DefaultPhysicsVolume_0 component=BrushComponent0 nav_flag=0 nav_relevant=0 custom_nav=0 collision=0 object_type=1 bounds=IsValid=true, Min=(X=0.000 Y=0.000 Z=0.000), Max=(X=0.000 Y=0.000 Z=0.000)
[2026.09.05-21.35.32:197][115]LogTemp: Display: D02_01_DIAGNOSTIC origin_actor=PlayerStart_UAID_FA163ECF0746E7FE02_1616340434 component=CollisionCapsule nav_flag=1 nav_relevant=0 custom_nav=1 collision=0 object_type=0 bounds=IsValid=true, Min=(X=-40.000 Y=-40.000 Z=-4.000), Max=(X=40.000 Y=40.000 Z=180.000)
[2026.09.05-21.35.32:197][115]LogTemp: Display: D02_01_DIAGNOSTIC origin_actor=BiellaStreamingCharacter_0 component=Collision nav_flag=0 nav_relevant=0 custom_nav=1 collision=3 object_type=2 bounds=IsValid=true, Min=(X=-42.000 Y=-42.000 Z=0.000), Max=(X=42.000 Y=42.000 Z=176.000)
[2026.09.05-21.35.32:197][115]LogTemp: Display: D02_01_DIAGNOSTIC origin_actor=BiellaStreamingCharacter_0 component=BodyMesh nav_flag=0 nav_relevant=0 custom_nav=1 collision=0 object_type=1 bounds=IsValid=true, Min=(X=-24.000 Y=-27.500 Z=25.500), Max=(X=24.000 Y=27.500 Z=150.500)
[2026.09.05-21.35.32:197][115]LogTemp: Display: D02_01_DIAGNOSTIC origin_actor=BiellaStreamingCharacter_0 component=WeaponMesh nav_flag=1 nav_relevant=0 custom_nav=1 collision=0 object_type=1 bounds=IsValid=true, Min=(X=20.000 Y=37.000 Z=115.000), Max=(X=90.000 Y=53.000 Z=131.000)
[2026.09.05-21.35.32:197][115]LogTemp: Display: D02_01_DIAGNOSTIC origin_actor=BiellaStreamingCharacter_0 component=DrawFrustumComponent_0 nav_flag=0 nav_relevant=0 custom_nav=0 collision=0 object_type=0 bounds=IsValid=true, Min=(X=-1487.553 Y=-920.000 Z=-709.003), Max=(X=532.447 Y=1100.000 Z=1310.997)
[2026.09.05-21.35.32:197][115]LogTemp: Display: D02_01_DIAGNOSTIC origin_actor=BiellaStreamingCharacter_0 component=RoleHead nav_flag=0 nav_relevant=0 custom_nav=1 collision=0 object_type=1 bounds=IsValid=true, Min=(X=-13.000 Y=-13.000 Z=150.000), Max=(X=13.000 Y=13.000 Z=176.000)
[2026.09.05-21.35.32:197][115]LogTemp: Display: D02_01_DIAGNOSTIC origin_actor=BiellaStreamingCharacter_0 component=LeftBoot nav_flag=0 nav_relevant=0 custom_nav=1 collision=0 object_type=1 bounds=IsValid=true, Min=(X=-18.500 Y=-25.000 Z=1.500), Max=(X=24.500 Y=-5.000 Z=26.500)
[2026.09.05-21.35.32:197][115]LogTemp: Display: D02_01_DIAGNOSTIC origin_actor=BiellaStreamingCharacter_0 component=RightBoot nav_flag=0 nav_relevant=0 custom_nav=1 collision=0 object_type=1 bounds=IsValid=true, Min=(X=-18.500 Y=5.000 Z=1.500), Max=(X=24.500 Y=25.000 Z=26.500)
[2026.09.05-21.35.32:197][115]LogTemp: Display: D02_01_DIAGNOSTIC origin_actor=BiellaStreamingCharacter_0 component=RoleBandA nav_flag=0 nav_relevant=0 custom_nav=1 collision=0 object_type=1 bounds=IsValid=true, Min=(X=-25.000 Y=-28.500 Z=116.000), Max=(X=25.000 Y=28.500 Z=128.000)
[2026.09.05-21.35.32:198][115]LogTemp: Display: D02_01_DIAGNOSTIC origin_actor=GameplayDebuggerCategoryReplicator_0 component=RenderingComp nav_flag=0 nav_relevant=0 custom_nav=0 collision=3 object_type=0 bounds=IsValid=true, Min=(X=-1000000.000 Y=-1000000.000 Z=-1000000.000), Max=(X=1000000.000 Y=1000000.000 Z=1000000.000)
[2026.09.05-21.35.32:198][115]LogTemp: Display: D02_01_DIAGNOSTIC origin_actor=NavMeshBoundsVolume_0 component=ContinuityNavigationBounds nav_flag=0 nav_relevant=0 custom_nav=1 collision=0 object_type=1 bounds=IsValid=true, Min=(X=-3000.000 Y=-3000.000 Z=-1000.000), Max=(X=23000.000 Y=5000.000 Z=2000.000)
[2026.09.05-21.35.32:198][115]LogTemp: Display: D02_01_DIAGNOSTIC origin_actor=RecastNavMesh-Demo01Rival component=NavRenderingComp nav_flag=0 nav_relevant=0 custom_nav=0 collision=0 object_type=0 bounds=IsValid=true, Min=(X=-1976.000 Y=-2964.000 Z=10.000), Max=(X=5928.000 Y=1976.000 Z=1310.000)
[2026.09.05-21.35.32:198][115]LogTemp: Display: D02_01_DIAGNOSTIC origin_actor=HLOD_Continuation_3fd134f65e92efe9 component=HLODInstancedStaticMeshComponent_0 nav_flag=0 nav_relevant=0 custom_nav=0 collision=0 object_type=0 bounds=IsValid=true, Min=(X=-2000.000 Y=-1600.000 Z=-100.000), Max=(X=2000.000 Y=1600.000 Z=0.000)
[2026.09.05-21.35.32:198][115]LogTemp: Display: D02_01_DIAGNOSTIC origin_actor=StaticMeshActor_UAID_FA163ECF0746E7FE02_1616299375 component=StaticMeshComponent0 nav_flag=1 nav_relevant=1 custom_nav=1 collision=3 object_type=0 bounds=IsValid=true, Min=(X=-2000.000 Y=-1600.000 Z=-100.000), Max=(X=2000.000 Y=1600.000 Z=0.000)
[2026.09.05-21.35.32:198][115]LogTemp: Display: D02_01_DIAGNOSTIC origin_octree=StaticMeshComponent /Game/Maps/BiellaOpenWorldMap/4IRVSFCMT7UKFFHM2HUBKUANT.BiellaOpenWorldMap:PersistentLevel.StaticMeshActor_UAID_FA163ECF0746E7FE02_1616299375.StaticMeshComponent0 geometry=1 modifiers=0 bounds=IsValid=true, Min=(X=-2000.000 Y=-1600.000 Z=-100.000), Max=(X=2000.000 Y=1600.000 Z=0.000)
[2026.09.05-21.35.32:198][115]LogTemp: Display: D02_01_DIAGNOSTIC origin_octree=StaticMeshComponent /Game/Maps/BiellaOpenWorldMap/4IRVSFCMT7UKFFHM2HUBKUANT.BiellaOpenWorldMap:PersistentLevel.BiellaStreamingInfected_UAID_FA163ECF0746E7FE02_1616338433.RightBoot geometry=1 modifiers=0 bounds=IsValid=true, Min=(X=-50.000 Y=-50.000 Z=-50.000), Max=(X=50.000 Y=50.000 Z=50.000)
[2026.09.05-21.35.32:198][115]LogTemp: Display: D02_01_DIAGNOSTIC origin_octree=StaticMeshComponent /Game/Maps/BiellaOpenWorldMap/4IRVSFCMT7UKFFHM2HUBKUANT.BiellaOpenWorldMap:PersistentLevel.BiellaStreamingInfected_UAID_FA163ECF0746E7FE02_1616338433.RoleCrossB geometry=1 modifiers=0 bounds=IsValid=true, Min=(X=-50.000 Y=-50.000 Z=-50.000), Max=(X=50.000 Y=50.000 Z=50.000)
[2026.09.05-21.35.32:198][115]LogTemp: Display: D02_01_DIAGNOSTIC origin_octree=StaticMeshComponent /Game/Maps/BiellaOpenWorldMap/4IRVSFCMT7UKFFHM2HUBKUANT.BiellaOpenWorldMap:PersistentLevel.BiellaStreamingInfected_UAID_FA163ECF0746E7FE02_1616338433.RoleCrossA geometry=1 modifiers=0 bounds=IsValid=true, Min=(X=-50.000 Y=-50.000 Z=-50.000), Max=(X=50.000 Y=50.000 Z=50.000)
[2026.09.05-21.35.32:198][115]LogTemp: Display: D02_01_DIAGNOSTIC origin_octree=StaticMeshComponent /Game/Maps/BiellaOpenWorldMap.BiellaOpenWorldMap:PersistentLevel.BiellaStreamingCharacter_0.RoleHead geometry=1 modifiers=0 bounds=IsValid=true, Min=(X=-49.240 Y=-49.240 Z=-50.000), Max=(X=49.240 Y=49.240 Z=50.000)
[2026.09.05-21.35.32:198][115]LogTemp: Display: D02_01_DIAGNOSTIC origin_octree=StaticMeshComponent /Game/Maps/BiellaOpenWorldMap/4IRVSFCMT7UKFFHM2HUBKUANT.BiellaOpenWorldMap:PersistentLevel.BiellaStreamingInfected_UAID_FA163ECF0746E7FE02_1616338433.LeftBoot geometry=1 modifiers=0 bounds=IsValid=true, Min=(X=-50.000 Y=-50.000 Z=-50.000), Max=(X=50.000 Y=50.000 Z=50.000)
[2026.09.05-21.35.32:198][115]LogTemp: Display: D02_01_DIAGNOSTIC origin_octree=StaticMeshComponent /Game/Maps/BiellaOpenWorldMap/4IRVSFCMT7UKFFHM2HUBKUANT.BiellaOpenWorldMap:PersistentLevel.BiellaStreamingInfected_UAID_FA163ECF0746E7FE02_1616338433.RoleHead geometry=1 modifiers=0 bounds=IsValid=true, Min=(X=-49.240 Y=-49.240 Z=-50.000), Max=(X=49.240 Y=49.240 Z=50.000)
[2026.09.05-21.35.32:198][115]LogTemp: Display: D02_01_DIAGNOSTIC origin_octree=StaticMeshComponent /Game/Maps/BiellaOpenWorldMap.BiellaOpenWorldMap:PersistentLevel.BiellaStreamingCharacter_0.RoleBandA geometry=1 modifiers=0 bounds=IsValid=true, Min=(X=-50.000 Y=-50.000 Z=-50.000), Max=(X=50.000 Y=50.000 Z=50.000)
[2026.09.05-21.35.32:198][115]LogTemp: Display: D02_01_DIAGNOSTIC origin_octree=StaticMeshComponent /Game/Maps/BiellaOpenWorldMap.BiellaOpenWorldMap:PersistentLevel.BiellaStreamingCharacter_0.RightBoot geometry=1 modifiers=0 bounds=IsValid=true, Min=(X=-50.000 Y=-50.000 Z=-50.000), Max=(X=50.000 Y=50.000 Z=50.000)
[2026.09.05-21.35.32:198][115]LogTemp: Display: D02_01_DIAGNOSTIC origin_octree=StaticMeshComponent /Game/Maps/BiellaOpenWorldMap.BiellaOpenWorldMap:PersistentLevel.BiellaStreamingCharacter_0.LeftBoot geometry=1 modifiers=0 bounds=IsValid=true, Min=(X=-50.000 Y=-50.000 Z=-50.000), Max=(X=50.000 Y=50.000 Z=50.000)
[2026.09.05-21.35.32:198][115]LogTemp: Display: D02_01_DIAGNOSTIC origin_octree=StaticMeshComponent /Game/Maps/BiellaOpenWorldMap.BiellaOpenWorldMap:PersistentLevel.BiellaRival_0.RoleHead geometry=1 modifiers=0 bounds=IsValid=true, Min=(X=-50.000 Y=-50.000 Z=-50.000), Max=(X=50.000 Y=50.000 Z=50.000)
[2026.09.05-21.35.32:198][115]LogTemp: Display: D02_01_DIAGNOSTIC origin_octree=StaticMeshComponent /Game/Maps/BiellaOpenWorldMap.BiellaOpenWorldMap:PersistentLevel.BiellaRival_0.LeftBoot geometry=1 modifiers=0 bounds=IsValid=true, Min=(X=-50.000 Y=-50.000 Z=-50.000), Max=(X=50.000 Y=50.000 Z=50.000)
[2026.09.05-21.35.32:198][115]LogTemp: Display: D02_01_DIAGNOSTIC origin_octree=StaticMeshComponent /Game/Maps/BiellaOpenWorldMap.BiellaOpenWorldMap:PersistentLevel.BiellaRival_0.RightBoot geometry=1 modifiers=0 bounds=IsValid=true, Min=(X=-50.000 Y=-50.000 Z=-50.000), Max=(X=50.000 Y=50.000 Z=50.000)
[2026.09.05-21.35.32:198][115]LogTemp: Display: D02_01_DIAGNOSTIC origin_octree=StaticMeshComponent /Game/Maps/BiellaOpenWorldMap.BiellaOpenWorldMap:PersistentLevel.BiellaRival_0.RoleBandA geometry=1 modifiers=0 bounds=IsValid=true, Min=(X=-50.000 Y=-50.000 Z=-50.000), Max=(X=50.000 Y=50.000 Z=50.000)
[2026.09.05-21.35.32:198][115]LogTemp: Display: D02_01_DIAGNOSTIC origin_octree=StaticMeshComponent /Game/Maps/BiellaOpenWorldMap.BiellaOpenWorldMap:PersistentLevel.BiellaRival_0.RoleBandB geometry=1 modifiers=0 bounds=IsValid=true, Min=(X=-50.000 Y=-50.000 Z=-50.000), Max=(X=50.000 Y=50.000 Z=50.000)
[2026.09.05-21.35.32:198][115]LogTemp: Display: D02_01_DIAGNOSTIC nav_data=RecastNavMesh-Demo01Rival registered=1 radius=48.0 height=176.0 generation=2 active_tiles=40
[2026.09.05-21.35.32:198][115]LogTemp: Display: D02_01_DIAGNOSTIC nav_bounds=NavMeshBoundsVolume_0 box=IsValid=true, Min=(X=-3000.000 Y=-3000.000 Z=-1000.000), Max=(X=23000.000 Y=5000.000 Z=2000.000)
[2026.09.05-21.35.32:198][115]LogTemp: Display: D02_01_DIAGNOSTIC nav_probe=V(X=-200.00, Y=-200.00) valid=1 projected=V(X=-200.00, Y=-200.00, Z=10.00)
[2026.09.05-21.35.32:198][115]LogTemp: Display: D02_01_DIAGNOSTIC nav_probe=V(X=-200.00, Y=-100.00) valid=1 projected=V(X=-200.00, Y=-100.00, Z=10.00)
[2026.09.05-21.35.32:198][115]LogTemp: Display: D02_01_DIAGNOSTIC nav_probe=V(X=-200.00) valid=1 projected=V(X=-200.00, Z=10.00)
[2026.09.05-21.35.32:198][115]LogTemp: Display: D02_01_DIAGNOSTIC nav_probe=V(X=-200.00, Y=100.00) valid=1 projected=V(X=-200.00, Y=100.00, Z=10.00)
[2026.09.05-21.35.32:198][115]LogTemp: Display: D02_01_DIAGNOSTIC nav_probe=V(X=-200.00, Y=200.00) valid=1 projected=V(X=-200.00, Y=200.00, Z=10.00)
[2026.09.05-21.35.32:198][115]LogTemp: Display: D02_01_DIAGNOSTIC nav_probe=V(X=-100.00, Y=-200.00) valid=1 projected=V(X=-100.00, Y=-200.00, Z=10.00)
[2026.09.05-21.35.32:198][115]LogTemp: Display: D02_01_DIAGNOSTIC nav_probe=V(X=-100.00, Y=-100.00) valid=1 projected=V(X=-100.00, Y=-100.00, Z=10.00)
[2026.09.05-21.35.32:199][115]LogTemp: Display: D02_01_DIAGNOSTIC nav_probe=V(X=-100.00) valid=1 projected=V(X=-100.00, Z=10.00)
[2026.09.05-21.35.32:199][115]LogTemp: Display: D02_01_DIAGNOSTIC nav_probe=V(X=-100.00, Y=100.00) valid=1 projected=V(X=-100.00, Y=100.00, Z=10.00)
[2026.09.05-21.35.32:199][115]LogTemp: Display: D02_01_DIAGNOSTIC nav_probe=V(X=-100.00, Y=200.00) valid=1 projected=V(X=-100.00, Y=200.00, Z=10.00)
[2026.09.05-21.35.32:199][115]LogTemp: Display: D02_01_DIAGNOSTIC nav_probe=V(Y=-200.00) valid=1 projected=V(Y=-200.00, Z=10.00)
[2026.09.05-21.35.32:199][115]LogTemp: Display: D02_01_DIAGNOSTIC nav_probe=V(Y=-100.00) valid=1 projected=V(Y=-100.00, Z=10.00)
[2026.09.05-21.35.32:199][115]LogTemp: Display: D02_01_DIAGNOSTIC nav_probe=V(0) valid=0 projected=V(0)
[2026.09.05-21.35.32:199][115]LogTemp: Display: D02_01_DIAGNOSTIC nav_probe=V(Y=100.00) valid=1 projected=V(Y=100.00, Z=10.00)
[2026.09.05-21.35.32:199][115]LogTemp: Display: D02_01_DIAGNOSTIC nav_probe=V(Y=200.00) valid=1 projected=V(Y=200.00, Z=10.00)
[2026.09.05-21.35.32:199][115]LogTemp: Display: D02_01_DIAGNOSTIC nav_probe=V(X=100.00, Y=-200.00) valid=1 projected=V(X=100.00, Y=-200.00, Z=10.00)
[2026.09.05-21.35.32:199][115]LogTemp: Display: D02_01_DIAGNOSTIC nav_probe=V(X=100.00, Y=-100.00) valid=1 projected=V(X=100.00, Y=-100.00, Z=10.00)
[2026.09.05-21.35.32:199][115]LogTemp: Display: D02_01_DIAGNOSTIC nav_probe=V(X=100.00) valid=1 projected=V(X=100.00, Z=10.00)
[2026.09.05-21.35.32:199][115]LogTemp: Display: D02_01_DIAGNOSTIC nav_probe=V(X=100.00, Y=100.00) valid=1 projected=V(X=100.00, Y=100.00, Z=10.00)
[2026.09.05-21.35.32:199][115]LogTemp: Display: D02_01_DIAGNOSTIC nav_probe=V(X=100.00, Y=200.00) valid=1 projected=V(X=100.00, Y=200.00, Z=10.00)
[2026.09.05-21.35.32:199][115]LogTemp: Display: D02_01_DIAGNOSTIC nav_probe=V(X=200.00, Y=-200.00) valid=1 projected=V(X=200.00, Y=-200.00, Z=10.00)
[2026.09.05-21.35.32:199][115]LogTemp: Display: D02_01_DIAGNOSTIC nav_probe=V(X=200.00, Y=-100.00) valid=1 projected=V(X=200.00, Y=-100.00, Z=10.00)
[2026.09.05-21.35.32:199][115]LogTemp: Display: D02_01_DIAGNOSTIC nav_probe=V(X=200.00) valid=1 projected=V(X=200.00, Z=10.00)
[2026.09.05-21.35.32:199][115]LogTemp: Display: D02_01_DIAGNOSTIC nav_probe=V(X=200.00, Y=100.00) valid=1 projected=V(X=200.00, Y=100.00, Z=10.00)
[2026.09.05-21.35.32:199][115]LogTemp: Display: D02_01_DIAGNOSTIC nav_probe=V(X=200.00, Y=200.00) valid=1 projected=V(X=200.00, Y=200.00, Z=10.00)
