
Running AutomationTool...

Setting up bundled DotNet SDK
Start UAT Interactively: dotnet AutomationTool.dll BuildCookRun -project=/mnt/biella-extra/biella-runtime/d17-01/cook-service-15/project/BiellaGames.uproject -noP4 -platform=Linux -clientconfig=Development -skipbuild -skipcook -stage -pak -iostore -zenstore -nodebuginfo -stagingdirectory=/mnt/biella-extra/biella-runtime/d17-01/cook-service-15/stage-17-staged -archive -archivedirectory=/mnt/biella-extra/biella-runtime/d17-01/cook-service-15/stage-17-archive -utf8output
/opt/unreal/UE_5.8.2/Engine/Binaries/ThirdParty/DotNet/10.0/linux-x64/dotnet
Starting AutomationTool...
Parsing command line: BuildCookRun -project=/mnt/biella-extra/biella-runtime/d17-01/cook-service-15/project/BiellaGames.uproject -noP4 -platform=Linux -clientconfig=Development -skipbuild -skipcook -stage -pak -iostore -zenstore -nodebuginfo -stagingdirectory=/mnt/biella-extra/biella-runtime/d17-01/cook-service-15/stage-17-staged -archive -archivedirectory=/mnt/biella-extra/biella-runtime/d17-01/cook-service-15/stage-17-archive -utf8output
Initializing script modules...
Total script module initialization time: 0.39 s.
Using /opt/unreal/UE_5.8.2/Engine/Binaries/ThirdParty/DotNet/10.0/linux-x64/dotnet
Executing commands...
Setting up ProjectParams for /mnt/biella-extra/biella-runtime/d17-01/cook-service-15/project/BiellaGames.uproject
********** STAGE COMMAND STARTED **********
Creating Staging Manifest...
Staging all 1 build products
 Product 0: BiellaGames
Running: /usr/bin/env -- "chmod" "+x" "/mnt/biella-extra/biella-runtime/d17-01/cook-service-15/project/Intermediate/Staging/BiellaGames.sh"
Took 0.03s to run env, ExitCode=0
Excluding config file /opt/unreal/UE_5.8.2/Engine/Config/Localization/Engine.ini
Excluding config file /opt/unreal/UE_5.8.2/Engine/Config/Localization/ToolTips.ini
Excluding config file /opt/unreal/UE_5.8.2/Engine/Config/Linux/LinuxEditorGameAgnostic.ini
Excluding config file /opt/unreal/UE_5.8.2/Engine/Config/BaseEditorPerProjectUserSettings.ini
Excluding config file /opt/unreal/UE_5.8.2/Engine/Config/Localization/PropertyNames.ini
Excluding config file /opt/unreal/UE_5.8.2/Engine/Config/Localization/Editor.ini
Excluding config file /opt/unreal/UE_5.8.2/Engine/Config/Localization/WordCount.ini
Excluding config file /opt/unreal/UE_5.8.2/Engine/Config/BaseSourceControlSettings.ini
Excluding config file /opt/unreal/UE_5.8.2/Engine/Config/Localization/RepairData.ini
Excluding config file /opt/unreal/UE_5.8.2/Engine/Config/BaseEditorKeyBindings.ini
Excluding config file /opt/unreal/UE_5.8.2/Engine/Config/Localization/PortableObjectExport.ini
Excluding config file /opt/unreal/UE_5.8.2/Engine/Config/BaseLightmass.ini
Excluding config file /opt/unreal/UE_5.8.2/Engine/Config/Localization/PortableObjectImport.ini
Excluding config file /opt/unreal/UE_5.8.2/Engine/Config/Localization/Category.ini
Excluding config file /opt/unreal/UE_5.8.2/Engine/Config/BaseEditor.ini
Excluding config file /opt/unreal/UE_5.8.2/Engine/Config/BaseEditorSettings.ini
Excluding config file /opt/unreal/UE_5.8.2/Engine/Config/Localization/Keywords.ini
Excluding config file /opt/unreal/UE_5.8.2/Engine/Config/Linux/LinuxEditorPerProjectUserSettings.ini
Excluding config file /opt/unreal/UE_5.8.2/Engine/Config/BasePakFileRules.ini
Excluding config file /opt/unreal/UE_5.8.2/Engine/Config/BaseUnrealInsightsSettings.ini
Including config file /opt/unreal/UE_5.8.2/Engine/Config/Linux/BaseLinuxEngine.ini
Including config file /opt/unreal/UE_5.8.2/Engine/Config/Linux/LinuxEngine.ini
Including config file /opt/unreal/UE_5.8.2/Engine/Config/BaseDeviceProfiles.ini
Including config file /opt/unreal/UE_5.8.2/Engine/Config/ConsoleVariables.ini
Including config file /opt/unreal/UE_5.8.2/Engine/Config/BaseInstallBundle.ini
Including config file /opt/unreal/UE_5.8.2/Engine/Config/BaseScalability.ini
Including config file /opt/unreal/UE_5.8.2/Engine/Config/BaseCompat.ini
Including config file /opt/unreal/UE_5.8.2/Engine/Config/PluginBase.ini
Including config file /opt/unreal/UE_5.8.2/Engine/Config/BaseGame.ini
Including config file /opt/unreal/UE_5.8.2/Engine/Config/BaseEngine.ini
Including config file /opt/unreal/UE_5.8.2/Engine/Config/BaseRuntimeOptions.ini
Including config file /opt/unreal/UE_5.8.2/Engine/Config/Base.ini
Including config file /opt/unreal/UE_5.8.2/Engine/Config/BaseMaterialExpressions.ini
Including config file /opt/unreal/UE_5.8.2/Engine/Config/BaseGameUserSettings.ini
Including config file /opt/unreal/UE_5.8.2/Engine/Config/Linux/DataDrivenPlatformInfo.ini
Including config file /opt/unreal/UE_5.8.2/Engine/Config/Linux/LinuxGame.ini
Including config file /opt/unreal/UE_5.8.2/Engine/Config/BaseHardware.ini
Including config file /opt/unreal/UE_5.8.2/Engine/Config/BaseInput.ini
Including config file /opt/unreal/UE_5.8.2/Engine/Config/ConfigRedirects.ini
Including config file /opt/unreal/UE_5.8.2/Engine/Config/Unix/DataDrivenPlatformInfo.ini
Including config file /opt/unreal/UE_5.8.2/Engine/Config/Unix/UnixEngine.ini
Including config file /opt/unreal/UE_5.8.2/Engine/Config/VulkanPC/DataDrivenPlatformInfo.ini
Including config file /opt/unreal/UE_5.8.2/Engine/Config/Layouts/UE4ClassicLayout.ini
Including config file /opt/unreal/UE_5.8.2/Engine/Config/Layouts/DefaultLayout.ini
Including config file /mnt/biella-extra/biella-runtime/d17-01/cook-service-15/project/Config/DefaultGame.ini
Including config file /mnt/biella-extra/biella-runtime/d17-01/cook-service-15/project/Config/DefaultInput.ini
Including config file /mnt/biella-extra/biella-runtime/d17-01/cook-service-15/project/Config/DefaultEngine.ini
Reading oplog from Zen...
Running UnrealPak with arguments: "/mnt/biella-extra/biella-runtime/d17-01/cook-service-15/project/BiellaGames.uproject" IoStore -StartZenServerForStage -SponsorProcessID=3797493 -ProjectStore="/mnt/biella-extra/biella-runtime/d17-01/cook-service-15/project/Saved/Cooked/Linux/ue.projectstore"
Running: /opt/unreal/UE_5.8.2/Engine/Binaries/Linux/UnrealPak "/mnt/biella-extra/biella-runtime/d17-01/cook-service-15/project/BiellaGames.uproject" IoStore -StartZenServerForStage -SponsorProcessID=3797493 -ProjectStore="/mnt/biella-extra/biella-runtime/d17-01/cook-service-15/project/Saved/Cooked/Linux/ue.projectstore"
LogInit: Running DelayedAutoRegister Phase StartOfEnginePreInit
LogTrace: Initializing trace...
LogTrace: Finished trace initialization.
LogTrace: Display: Control listening on port 1985
LogModuleManager: InternalLoadLibrary: 'PakFile' ('/opt/unreal/UE_5.8.2/Engine/Binaries/Linux/libUnrealPak-PakFile.so')
LogModuleManager: InternalLoadLibrary: 'RSA' ('/opt/unreal/UE_5.8.2/Engine/Binaries/Linux/libUnrealPak-RSA.so')
LogModuleManager: InternalLoadLibrary: 'SandboxFile' ('/opt/unreal/UE_5.8.2/Engine/Binaries/Linux/libUnrealPak-SandboxFile.so')
LogInit: Running DelayedAutoRegister Phase FileSystemReady
LogInit: Running DelayedAutoRegister Phase TaskGraphSystemReady
LogInit: Running DelayedAutoRegister Phase StatSystemReady
LogModuleManager: InternalLoadLibrary: 'CoreUObject' ('/opt/unreal/UE_5.8.2/Engine/Binaries/Linux/libUnrealPak-CoreUObject.so')
LogInit: Session CrashGUID >====================================================
         Session CrashGUID >   UECC-Linux-01A0828B362973EE9E01B554803EAB8F
         Session CrashGUID >====================================================
LogConfig: No local boot hotfix file found at: [../../../../../../mnt/biella-extra/biella-runtime/d17-01/cook-service-15/project/Saved/PersistentDownloadDir/HotfixForNextBoot.txt]
LogInit: Running DelayedAutoRegister Phase IniSystemReady
LogPluginManager: Mounting Engine plugin TcpMessaging
LogPluginManager: Mounting Engine plugin PlatformCrypto
LogModuleManager: InternalLoadLibrary: 'PlatformCrypto' ('/opt/unreal/UE_5.8.2/Engine/Plugins/Experimental/PlatformCrypto/Binaries/Linux/libUnrealPak-PlatformCrypto.so')
LogModuleManager: InternalLoadLibrary: 'PlatformCryptoTypes' ('/opt/unreal/UE_5.8.2/Engine/Plugins/Experimental/PlatformCrypto/Binaries/Linux/libUnrealPak-PlatformCryptoTypes.so')
LogModuleManager: InternalLoadLibrary: 'PlatformCryptoContext' ('/opt/unreal/UE_5.8.2/Engine/Plugins/Experimental/PlatformCrypto/Binaries/Linux/libUnrealPak-PlatformCryptoContext.so')
LogInit: Running DelayedAutoRegister Phase EarliestPossiblePluginsLoaded
LogInit: ExecutableName: UnrealPak
LogInit: Build: ++UE5+Release-5.8-CL-56702186
LogInit: Platform=LinuxEditor
LogInit: MachineId=3da9d2f3021f461a93a81e6b23a2b4d7-000003e9
LogInit: DeviceId=
LogInit: Engine Version: 5.8.2-56702186+++UE5+Release-5.8
LogInit: Compatible Engine Version: 5.8.0-55116800+++UE5+Release-5.8
LogInit: Net CL: 55116800
LogInit: OS: Ubuntu 24.04.4 LTS (6.8.0-138-generic), CPU: AMD EPYC 9124 16-Core Processor, GPU: NVIDIA L40S (NVIDIA UNIX x86_64 Kernel Module  580.178.04  Tue Jul  7 12:38:21 UTC 2026)
LogInit: CPU Model ID: 19111, microcode revision: a101148
LogInit: Compiled (64-bit): Aug  7 2026 15:10:39
LogInit: Architecture: x64
LogInit: Compiled with Clang: 20.1.8 (github.com/llvm/llvm-project 87f0227cb60147a26a1eeb4fb06e3b505e9c7261)
LogInit: Build Configuration: Development
LogInit: Branch Name: ++UE5+Release-5.8
LogInit: Command Line: IoStore -StartZenServerForStage -SponsorProcessID=3797493 -ProjectStore=/mnt/biella-extra/biella-runtime/d17-01/cook-service-15/project/Saved/Cooked/Linux/ue.projectstore -nopak
LogInit: Base Directory: /opt/unreal/UE_5.8.2/Engine/Binaries/Linux/
LogInit: Allocator: Mimalloc
LogInit: Installed Engine Build: 1
LogInit: This binary is optimized with LTO: no, PGO: no, instrumented for PGO data collection: no
LogDevObjectVersion: Number of dev versions registered: 35
LogDevObjectVersion:   Dev-Blueprints (B0D832E4-1F89-4F0D-ACCF-7EB736FD4AA2): 10
LogDevObjectVersion:   Dev-Build (E1C64328-A22C-4D53-A36C-8E866417BD8C): 0
LogDevObjectVersion:   Dev-Core (375EC13C-06E4-48FB-B500-84F0262A717E): 4
LogDevObjectVersion:   Dev-Editor (E4B068ED-F494-42E9-A231-DA0B2E46BB41): 40
LogDevObjectVersion:   Dev-Framework (CFFC743F-43B0-4480-9391-14DF171D2073): 37
LogDevObjectVersion:   Dev-Mobile (B02B49B5-BB20-44E9-A304-32B752E40360): 3
LogDevObjectVersion:   Dev-Networking (A4E4105C-59A1-49B5-A7C5-40C4547EDFEE): 0
LogDevObjectVersion:   Dev-Online (39C831C9-5AE6-47DC-9A44-9C173E1C8E7C): 0
LogDevObjectVersion:   Dev-Physics (78F01B33-EBEA-4F98-B9B4-84EACCB95AA2): 20
LogDevObjectVersion:   Dev-Platform (6631380F-2D4D-43E0-8009-CF276956A95A): 0
LogDevObjectVersion:   Dev-Rendering (12F88B9F-8875-4AFC-A67C-D90C383ABD29): 49
LogDevObjectVersion:   Dev-Sequencer (7B5AE74C-D270-4C10-A958-57980B212A5A): 13
LogDevObjectVersion:   Dev-VR (D7296918-1DD6-4BDD-9DE2-64A83CC13884): 3
LogDevObjectVersion:   Dev-LoadTimes (C2A15278-BFE7-4AFE-6C17-90FF531DF755): 1
LogDevObjectVersion:   Private-Geometry (6EACA3D4-40EC-4CC1-B786-8BED09428FC5): 3
LogDevObjectVersion:   Dev-AnimPhys (29E575DD-E0A3-4627-9D10-D276232CDCEA): 17
LogDevObjectVersion:   Dev-Anim (AF43A65D-7FD3-4947-9873-3E8ED9C1BB05): 15
LogDevObjectVersion:   Dev-ReflectionCapture (6B266CEC-1EC7-4B8F-A30B-E4D90942FC07): 1
LogDevObjectVersion:   Dev-Automation (0DF73D61-A23F-47EA-B727-89E90C41499A): 1
LogDevObjectVersion:   FortniteMain (601D1886-AC64-4F84-AA16-D3DE0DEAC7D6): 268
LogDevObjectVersion:   FortniteValkyrie (8DBC2C5B-54A7-43E0-A768-FCBB7DA29060): 8
LogDevObjectVersion:   FortniteSeason (5B4C06B7-2463-4AF8-805B-BF70CDF5D0DD): 15
LogDevObjectVersion:   FortniteRelease (E7086368-6B23-4C58-8439-1B7016265E91): 20
LogDevObjectVersion:   Dev-Enterprise (9DFFBCD6-494F-0158-E221-12823C92A888): 11
LogDevObjectVersion:   Dev-Niagara (F2AED0AC-9AFE-416F-8664-AA7FFA26D6FC): 1
LogDevObjectVersion:   Dev-Destruction (174F1F0B-B4C6-45A5-B13F-2EE8D0FB917D): 10
LogDevObjectVersion:   Dev-Physics-Ext (35F94A83-E258-406C-A318-09F59610247C): 41
LogDevObjectVersion:   Dev-PhysicsMaterial-Chaos (B68FC16E-8B1B-42E2-B453-215C058844FE): 1
LogDevObjectVersion:   Dev-CineCamera (B2E18506-4273-CFC2-A54E-F4BB758BBA07): 1
LogDevObjectVersion:   Dev-VirtualProduction (64F58936-FD1B-42BA-BA96-7289D5D0FA4E): 1
LogDevObjectVersion:   UE5-Main (697DD581-E64F-41AB-AA4A-51ECBEB7B628): 123
LogDevObjectVersion:   UE5-Release (D89B5E42-24BD-4D46-8412-ACA8DF641779): 68
LogDevObjectVersion:   UE5-SpecialProject (59DA5D52-1232-4948-B878-597870B8E98B): 9
LogDevObjectVersion:   Dev-MediaFramework (6F0ED827-A609-4895-9C91-998D90180EA4): 2
LogDevObjectVersion:   Dev-NaniteResearch (30D58BE3-95EA-4282-A6E3-B159D8EBB06A): 1
LogInit: Presizing for max 100000 objects, including 0 objects not considered by GC.
LogStreaming: Display: AsyncLoading2 - Created: Async Loading Thread: false, Async Post Load: false, Multithreaded: false
LogInit: Object subsystem initialized
LogConfig: Applying CVar settings from Section [Startup] File [../../../Engine/Config/ConsoleVariables.ini]
LogConfig: CVar [[p.chaos.AllowCreatePhysxBodies:1]] deferred - dummy variable created
LogConfig: CVar [[fx.SkipVectorVMBackendOptimizations:1]] deferred - dummy variable created
LogConfig: Applying CVar settings from Section [Startup_Linux] File [../../../Engine/Config/ConsoleVariables.ini]
LogConfig: Applying CVar settings from Section [ConsoleVariables] File [Engine]
LogConfig: Set CVar [[g.TimeoutForBlockOnRenderFence:60000]]
LogConfig: Set CVar [[memory.MemoryPressureCriticalThresholdPercent:10]]
[2026.09.08-19.42.36:847][  0]LogInit: Unix hardware info:
[2026.09.08-19.42.36:847][  0]LogInit:  - we are not the first instance of this executable
[2026.09.08-19.42.36:847][  0]LogInit:  - this process' id (pid) is 3797758, parent process' id (ppid) is 3797493
[2026.09.08-19.42.36:847][  0]LogInit:  - we are not running under debugger
[2026.09.08-19.42.36:847][  0]LogInit:  - machine network name is 'biella-l40s-worker'
[2026.09.08-19.42.36:847][  0]LogInit:  - user name is 'unreal' (unreal)
[2026.09.08-19.42.36:847][  0]LogInit:  - we're logged in locally
[2026.09.08-19.42.36:847][  0]LogInit:  - we're running with rendering
[2026.09.08-19.42.36:847][  0]LogInit:  - CPU: AuthenticAMD 'AMD EPYC 9124 16-Core Processor' (signature: 0xA10F11)
[2026.09.08-19.42.36:847][  0]LogInit:  - Number of physical cores available for the process: 15
[2026.09.08-19.42.36:847][  0]LogInit:  - Number of logical cores available for the process: 15
[2026.09.08-19.42.36:847][  0]LogInit:  - GPU Brand Info: NVIDIA L40S (NVIDIA UNIX x86_64 Kernel Module  580.178.04  Tue Jul  7 12:38:21 UTC 2026)
[2026.09.08-19.42.36:847][  0]LogInit:  - Memory allocator used: Mimalloc
[2026.09.08-19.42.36:847][  0]LogInit:  - This is an internal build.
[2026.09.08-19.42.36:847][  0]LogCore: Skipped benchmarking clocks because the engine is running in a standalone program mode - CLOCK_MONOTONIC will be used.
[2026.09.08-19.42.36:847][  0]LogInit: Unix-specific commandline switches:
[2026.09.08-19.42.36:847][  0]LogInit:  -ansimalloc - use malloc()/free() from libc (useful for tools like valgrind and electric fence)
[2026.09.08-19.42.36:847][  0]LogInit:  -jemalloc - use jemalloc for all memory allocation
[2026.09.08-19.42.36:847][  0]LogInit:  -binnedmalloc - use binned malloc  for all memory allocation
[2026.09.08-19.42.36:847][  0]LogInit:  -filemapcachesize=NUMBER - set the size for case-sensitive file mapping cache
[2026.09.08-19.42.36:847][  0]LogInit:  -useksm - uses kernel same-page mapping (KSM) for mapped memory (OFF)
[2026.09.08-19.42.36:847][  0]LogInit:  -ksmmergeall - marks all mmap'd memory pages suitable for KSM (OFF)
[2026.09.08-19.42.36:847][  0]LogInit:  -preloadmodulesymbols - Loads the main module symbols file into memory (OFF)
[2026.09.08-19.42.36:847][  0]LogInit:  -sigdfl=SIGNAL - Allows a specific signal to be set to its default handler rather then ignoring the signal
[2026.09.08-19.42.36:847][  0]LogInit:  -crashhandlerstacksize - Allows setting crash handler stack sizes (204800)
[2026.09.08-19.42.36:847][  0]LogInit:  -noexclusivelockonwrite - disables marking files created by the engine as exclusive locked while the engine has them opened
[2026.09.08-19.42.36:847][  0]LogInit:  -httpproxy=ADDRESS:PORT - redirects HTTP requests to a proxy (only supported if compiled with libcurl)
[2026.09.08-19.42.36:847][  0]LogInit:  -reuseconn - allow libcurl to reuse HTTP connections (only matters if compiled with libcurl)
[2026.09.08-19.42.36:847][  0]LogInit:  -virtmemkb=NUMBER - sets process virtual memory (address space) limit (overrides VirtualMemoryLimitInKB value from .ini)
[2026.09.08-19.42.36:847][  0]LogInit:  -allowsyscallfilterfile=PATH_TO_FILE - sets up a system call filter allow list. any invalid syscall in this list *will* cause a crash
[2026.09.08-19.42.36:847][  0]LogInit:  - Physical RAM available (not considering process quota): 87 GB (88380 MB, 90501504 KB, 92673540096 bytes)
[2026.09.08-19.42.36:847][  0]LogInit:  - VirtualMemoryAllocator pools will grow at scale 1
[2026.09.08-19.42.36:847][  0]LogInit:  - MemoryRangeDecommit() will be a no-op (re-run with -vmapoolevict to change)
[2026.09.08-19.42.36:847][  0]LogInit:  - PageSize 4096
[2026.09.08-19.42.36:847][  0]LogInit:  - BinnedPageSize 65536
[2026.09.08-19.42.36:854][  0]LogAssetRegistry: ActiveMountsLoading is disabled.
[2026.09.08-19.42.36:854][  0]LogAssetRegistry: FAssetRegistry took 0.0002 seconds to start up
[2026.09.08-19.42.36:855][  0]LogModuleManager: InternalLoadLibrary: 'TelemetryUtils' ('/opt/unreal/UE_5.8.2/Engine/Binaries/Linux/libUnrealPak-TelemetryUtils.so')
[2026.09.08-19.42.36:856][  0]LogUObjectArray: 877 objects as part of root set at end of initial load.
[2026.09.08-19.42.36:856][  0]LogUObjectArray: CloseDisregardForGC: 0/0 objects in disregard for GC pool
[2026.09.08-19.42.36:856][  0]LogInit: Using OS detected language ().
[2026.09.08-19.42.36:856][  0]LogInit: Using OS detected locale ().
[2026.09.08-19.42.36:857][  0]LogTextLocalizationManager: No localization for '' exists, so 'en' will be used for the language.
[2026.09.08-19.42.36:857][  0]LogTextLocalizationManager: No localization for '' exists, so 'en' will be used for the locale.
[2026.09.08-19.42.36:857][  0]LogInit: Using OS detected language ().
[2026.09.08-19.42.36:857][  0]LogInit: Using OS detected locale ().
[2026.09.08-19.42.36:857][  0]LogTextLocalizationManager: No localization for '' exists, so 'en' will be used for the language.
[2026.09.08-19.42.36:857][  0]LogTextLocalizationManager: No localization for '' exists, so 'en' will be used for the locale.
[2026.09.08-19.42.36:857][  0]LogPakFile: Display: ProjectDir: ../../../../../../mnt/biella-extra/biella-runtime/d17-01/cook-service-15/project/
[2026.09.08-19.42.36:857][  0]LogIoStore: Display: ==================== IoStore Utils ====================
[2026.09.08-19.42.36:857][  0]LogIoStore: Display: Using command line for crypto configuration
[2026.09.08-19.42.36:857][  0]LogZenServiceInstance: Found subprocess environment variable UE-ZenSubprocessDataPath=/mnt/biella-extra/biella-runtime/d17-01/cook-service-15/cook-ddc/Zen
[2026.09.08-19.42.36:876][  0]LogZenServiceInstance: Display: Launching zen utility '/opt/unreal/UE_5.8.2/Engine/Binaries/Linux/zen service status'.
[2026.09.08-19.42.36:902][  0]LogZenServiceInstance: Display: Writing plugin version info to '/home/unreal/.config/Epic/UnrealEngine/Common/Zen/Install/zen_plugin_versions.json'
[2026.09.08-19.42.36:902][  0]LogZenServiceInstance: Display: Read zen version cache file from '/home/unreal/.config/Epic/UnrealEngine/5.8/Saved/Zen/zen.version', version: '5.8.13-202605190912-linux-x86_64-release-094f62c2'
[2026.09.08-19.42.36:902][  0]LogZenServiceInstance: InTree version at '/opt/unreal/UE_5.8.2/Engine/Binaries/Linux/zenserver' is '5.8.13-202605190912-linux-x86_64-release-094f62c2'
[2026.09.08-19.42.36:902][  0]LogZenServiceInstance: Display: Read zen version cache file from '/home/unreal/.config/Epic/UnrealEngine/Common/Zen/Install/zen.version', version: '5.8.13-202605190912-linux-x86_64-release-094f62c2'
[2026.09.08-19.42.36:902][  0]LogZenServiceInstance: Installed version at '/home/unreal/.config/Epic/UnrealEngine/Common/Zen/Install/zenserver' is '5.8.13-202605190912-linux-x86_64-release-094f62c2'
[2026.09.08-19.42.36:902][  0]LogZenServiceInstance: Display: Installed service at '/home/unreal/.config/Epic/UnrealEngine/Common/Zen/Install/zenserver' is up to date
[2026.09.08-19.42.36:905][  0]LogUnixPlatformFile: FUnixFileMapper::MapCaseInsensitiveFile: Lookup:/opt/unreal/UE_5.8.2/Engine/Binaries/DotNet/OidcToken/linux-x64/OidcToken Found:/opt/unreal/UE_5.8.2/Engine/Binaries/DotNET/OidcToken/linux-x64/OidcToken

[2026.09.08-19.42.36:906][  0]LogZenServiceInstance: No current process using the data dir found, launching a new instance
[2026.09.08-19.42.36:906][  0]LogZenServiceInstance: Display: Launching executable '/home/unreal/.config/Epic/UnrealEngine/Common/Zen/Install/zenserver', working dir '/home/unreal/.config/Epic/UnrealEngine/Common/Zen/Install', data dir '/mnt/biella-extra/biella-runtime/d17-01/cook-service-15/cook-ddc/Zen', args '--port 8558 --data-dir /mnt/biella-extra/biella-runtime/d17-01/cook-service-15/cook-ddc/Zen --http asio --gc-cache-duration-seconds 1209600 --gc-interval-seconds 21600 --gc-low-diskspace-threshold 2147483648 --cache-bucket-limit-overwrites --quiet --restrict-content-types --allow-external-oidctoken-exe=false --plugins-config "/home/unreal/.config/Epic/UnrealEngine/Common/Zen/Install/zen_plugins_v1.json" --security-config-path "/home/unreal/.config/Epic/UnrealEngine/Common/Zen/Install/security-config.json" --owner-pid 3797758  --child-id Zen_3797758_Startup --detach'
[2026.09.08-19.42.36:943][  0]LogZenServiceInstance: Display: Unreal Zen Storage Server HTTP service at http://[::1]:8558 status: OK!.
[2026.09.08-19.42.36:943][  0]LogZenServiceInstance: Local ZenServer AutoLaunch initialization completed in 0.041 seconds
[2026.09.08-19.42.36:944][  0]LogZenServiceInstance: Display: Unreal Zen Storage Server HTTP service at http://[::1]:8558 status: OK!.
[2026.09.08-19.42.37:947][  0]LogPakFile: Display: UnrealPak executed in 1.089752 seconds
[2026.09.08-19.42.37:954][  0]LogCore: Engine exit requested (reason: UnrealPak Exiting)
[2026.09.08-19.42.37:954][  0]LogExit: Preparing to exit.
[2026.09.08-19.42.37:956][  0]LogExit: Object subsystem successfully closed.
[2026.09.08-19.42.37:957][  0]LogPakFile: Destroying PakPlatformFile
[2026.09.08-19.42.37:960][  0]LogExit: Exiting.
Took 1.56s to run UnrealPak, ExitCode=0
Reading oplog from http://[::1]:8558/prj/BiellaGames.424c89d5/oplog/Linux/entries?trim_by_referencedset=true
Parsed 714 package entries from oplog.
Cleaning Stage Directory: /mnt/biella-extra/biella-runtime/d17-01/cook-service-15/stage-17-staged/Linux
Creating pak using staging manifest.
DumpManifest: /home/unreal/Library/Logs/Unreal Engine/LocalBuildLogs/PrePak_Linux_NonUFSFiles.txt, NumItems: 25
DumpManifest: /home/unreal/Library/Logs/Unreal Engine/LocalBuildLogs/PrePak_Linux_NonUFSFilesDebug.txt, NumItems: 5
DumpManifest: /home/unreal/Library/Logs/Unreal Engine/LocalBuildLogs/PrePak_Linux_UFSFiles.txt, NumItems: 2610
No matching platform for PakFileRules for Section ExcludeContentForMobile : Linux
Using 0 pak order files:
Running UnrealPak with arguments: "/mnt/biella-extra/biella-runtime/d17-01/cook-service-15/project/BiellaGames.uproject"  -cryptokeys="/mnt/biella-extra/biella-runtime/d17-01/cook-service-15/project/Saved/Cooked/Linux/BiellaGames/Metadata/Crypto.json" -compressionformats=Oodle -compresslevel=4 -compressmethod=Kraken  -ProjectStore="/mnt/biella-extra/biella-runtime/d17-01/cook-service-15/project/Saved/Cooked/Linux/ue.projectstore" -platform=Linux  -CreateMultiple="/home/unreal/Library/Logs/Unreal Engine/LocalBuildLogs/PakCommands.txt"
Running: /opt/unreal/UE_5.8.2/Engine/Binaries/Linux/UnrealPak "/mnt/biella-extra/biella-runtime/d17-01/cook-service-15/project/BiellaGames.uproject"  -cryptokeys="/mnt/biella-extra/biella-runtime/d17-01/cook-service-15/project/Saved/Cooked/Linux/BiellaGames/Metadata/Crypto.json" -compressionformats=Oodle -compresslevel=4 -compressmethod=Kraken  -ProjectStore="/mnt/biella-extra/biella-runtime/d17-01/cook-service-15/project/Saved/Cooked/Linux/ue.projectstore" -platform=Linux  -CreateMultiple="/home/unreal/Library/Logs/Unreal Engine/LocalBuildLogs/PakCommands.txt"
LogInit: Running DelayedAutoRegister Phase StartOfEnginePreInit
LogTrace: Initializing trace...
LogTrace: Finished trace initialization.
LogTrace: Display: Control listening on port 34101
LogModuleManager: InternalLoadLibrary: 'PakFile' ('/opt/unreal/UE_5.8.2/Engine/Binaries/Linux/libUnrealPak-PakFile.so')
LogModuleManager: InternalLoadLibrary: 'RSA' ('/opt/unreal/UE_5.8.2/Engine/Binaries/Linux/libUnrealPak-RSA.so')
LogModuleManager: InternalLoadLibrary: 'SandboxFile' ('/opt/unreal/UE_5.8.2/Engine/Binaries/Linux/libUnrealPak-SandboxFile.so')
LogInit: Running DelayedAutoRegister Phase FileSystemReady
LogInit: Running DelayedAutoRegister Phase TaskGraphSystemReady
LogInit: Running DelayedAutoRegister Phase StatSystemReady
LogModuleManager: InternalLoadLibrary: 'CoreUObject' ('/opt/unreal/UE_5.8.2/Engine/Binaries/Linux/libUnrealPak-CoreUObject.so')
OodleDataCompression: Display: Oodle v2.9.16 format for pak/iostore with method=Kraken, level=4=Normal
LogInit: Session CrashGUID >====================================================
         Session CrashGUID >   UECC-Linux-01A0828B3E0A7739AE7E701A195A4CB1
         Session CrashGUID >====================================================
LogConfig: No local boot hotfix file found at: [../../../../../../mnt/biella-extra/biella-runtime/d17-01/cook-service-15/project/Saved/PersistentDownloadDir/HotfixForNextBoot.txt]
LogInit: Running DelayedAutoRegister Phase IniSystemReady
LogPluginManager: Mounting Engine plugin PlatformCrypto
LogPluginManager: Mounting Engine plugin TcpMessaging
LogModuleManager: InternalLoadLibrary: 'PlatformCrypto' ('/opt/unreal/UE_5.8.2/Engine/Plugins/Experimental/PlatformCrypto/Binaries/Linux/libUnrealPak-PlatformCrypto.so')
LogModuleManager: InternalLoadLibrary: 'PlatformCryptoTypes' ('/opt/unreal/UE_5.8.2/Engine/Plugins/Experimental/PlatformCrypto/Binaries/Linux/libUnrealPak-PlatformCryptoTypes.so')
LogModuleManager: InternalLoadLibrary: 'PlatformCryptoContext' ('/opt/unreal/UE_5.8.2/Engine/Plugins/Experimental/PlatformCrypto/Binaries/Linux/libUnrealPak-PlatformCryptoContext.so')
LogInit: Running DelayedAutoRegister Phase EarliestPossiblePluginsLoaded
LogInit: ExecutableName: UnrealPak
LogInit: Build: ++UE5+Release-5.8-CL-56702186
LogInit: Platform=LinuxEditor
LogInit: MachineId=3da9d2f3021f461a93a81e6b23a2b4d7-000003e9
LogInit: DeviceId=
LogInit: Engine Version: 5.8.2-56702186+++UE5+Release-5.8
LogInit: Compatible Engine Version: 5.8.0-55116800+++UE5+Release-5.8
LogInit: Net CL: 55116800
LogInit: OS: Ubuntu 24.04.4 LTS (6.8.0-138-generic), CPU: AMD EPYC 9124 16-Core Processor, GPU: NVIDIA L40S (NVIDIA UNIX x86_64 Kernel Module  580.178.04  Tue Jul  7 12:38:21 UTC 2026)
LogInit: CPU Model ID: 19111, microcode revision: a101148
LogInit: Compiled (64-bit): Aug  7 2026 15:10:39
LogInit: Architecture: x64
LogInit: Compiled with Clang: 20.1.8 (github.com/llvm/llvm-project 87f0227cb60147a26a1eeb4fb06e3b505e9c7261)
LogInit: Build Configuration: Development
LogInit: Branch Name: ++UE5+Release-5.8
LogInit: Command Line: -cryptokeys=/mnt/biella-extra/biella-runtime/d17-01/cook-service-15/project/Saved/Cooked/Linux/BiellaGames/Metadata/Crypto.json -compressionformats=Oodle -compresslevel=4 -compressmethod=Kraken -ProjectStore=/mnt/biella-extra/biella-runtime/d17-01/cook-service-15/project/Saved/Cooked/Linux/ue.projectstore -platform=Linux -CreateMultiple="/home/unreal/Library/Logs/Unreal Engine/LocalBuildLogs/PakCommands.txt" -nopak
LogInit: Base Directory: /opt/unreal/UE_5.8.2/Engine/Binaries/Linux/
LogInit: Allocator: Mimalloc
LogInit: Installed Engine Build: 1
LogInit: This binary is optimized with LTO: no, PGO: no, instrumented for PGO data collection: no
LogDevObjectVersion: Number of dev versions registered: 35
LogDevObjectVersion:   Dev-Blueprints (B0D832E4-1F89-4F0D-ACCF-7EB736FD4AA2): 10
LogDevObjectVersion:   Dev-Build (E1C64328-A22C-4D53-A36C-8E866417BD8C): 0
LogDevObjectVersion:   Dev-Core (375EC13C-06E4-48FB-B500-84F0262A717E): 4
LogDevObjectVersion:   Dev-Editor (E4B068ED-F494-42E9-A231-DA0B2E46BB41): 40
LogDevObjectVersion:   Dev-Framework (CFFC743F-43B0-4480-9391-14DF171D2073): 37
LogDevObjectVersion:   Dev-Mobile (B02B49B5-BB20-44E9-A304-32B752E40360): 3
LogDevObjectVersion:   Dev-Networking (A4E4105C-59A1-49B5-A7C5-40C4547EDFEE): 0
LogDevObjectVersion:   Dev-Online (39C831C9-5AE6-47DC-9A44-9C173E1C8E7C): 0
LogDevObjectVersion:   Dev-Physics (78F01B33-EBEA-4F98-B9B4-84EACCB95AA2): 20
LogDevObjectVersion:   Dev-Platform (6631380F-2D4D-43E0-8009-CF276956A95A): 0
LogDevObjectVersion:   Dev-Rendering (12F88B9F-8875-4AFC-A67C-D90C383ABD29): 49
LogDevObjectVersion:   Dev-Sequencer (7B5AE74C-D270-4C10-A958-57980B212A5A): 13
LogDevObjectVersion:   Dev-VR (D7296918-1DD6-4BDD-9DE2-64A83CC13884): 3
LogDevObjectVersion:   Dev-LoadTimes (C2A15278-BFE7-4AFE-6C17-90FF531DF755): 1
LogDevObjectVersion:   Private-Geometry (6EACA3D4-40EC-4CC1-B786-8BED09428FC5): 3
LogDevObjectVersion:   Dev-AnimPhys (29E575DD-E0A3-4627-9D10-D276232CDCEA): 17
LogDevObjectVersion:   Dev-Anim (AF43A65D-7FD3-4947-9873-3E8ED9C1BB05): 15
LogDevObjectVersion:   Dev-ReflectionCapture (6B266CEC-1EC7-4B8F-A30B-E4D90942FC07): 1
LogDevObjectVersion:   Dev-Automation (0DF73D61-A23F-47EA-B727-89E90C41499A): 1
LogDevObjectVersion:   FortniteMain (601D1886-AC64-4F84-AA16-D3DE0DEAC7D6): 268
LogDevObjectVersion:   FortniteValkyrie (8DBC2C5B-54A7-43E0-A768-FCBB7DA29060): 8
LogDevObjectVersion:   FortniteSeason (5B4C06B7-2463-4AF8-805B-BF70CDF5D0DD): 15
LogDevObjectVersion:   FortniteRelease (E7086368-6B23-4C58-8439-1B7016265E91): 20
LogDevObjectVersion:   Dev-Enterprise (9DFFBCD6-494F-0158-E221-12823C92A888): 11
LogDevObjectVersion:   Dev-Niagara (F2AED0AC-9AFE-416F-8664-AA7FFA26D6FC): 1
LogDevObjectVersion:   Dev-Destruction (174F1F0B-B4C6-45A5-B13F-2EE8D0FB917D): 10
LogDevObjectVersion:   Dev-Physics-Ext (35F94A83-E258-406C-A318-09F59610247C): 41
LogDevObjectVersion:   Dev-PhysicsMaterial-Chaos (B68FC16E-8B1B-42E2-B453-215C058844FE): 1
LogDevObjectVersion:   Dev-CineCamera (B2E18506-4273-CFC2-A54E-F4BB758BBA07): 1
LogDevObjectVersion:   Dev-VirtualProduction (64F58936-FD1B-42BA-BA96-7289D5D0FA4E): 1
LogDevObjectVersion:   UE5-Main (697DD581-E64F-41AB-AA4A-51ECBEB7B628): 123
LogDevObjectVersion:   UE5-Release (D89B5E42-24BD-4D46-8412-ACA8DF641779): 68
LogDevObjectVersion:   UE5-SpecialProject (59DA5D52-1232-4948-B878-597870B8E98B): 9
LogDevObjectVersion:   Dev-MediaFramework (6F0ED827-A609-4895-9C91-998D90180EA4): 2
LogDevObjectVersion:   Dev-NaniteResearch (30D58BE3-95EA-4282-A6E3-B159D8EBB06A): 1
LogInit: Presizing for max 100000 objects, including 0 objects not considered by GC.
LogStreaming: Display: AsyncLoading2 - Created: Async Loading Thread: false, Async Post Load: false, Multithreaded: false
LogInit: Object subsystem initialized
LogConfig: Applying CVar settings from Section [Startup] File [../../../Engine/Config/ConsoleVariables.ini]
LogConfig: CVar [[p.chaos.AllowCreatePhysxBodies:1]] deferred - dummy variable created
LogConfig: CVar [[fx.SkipVectorVMBackendOptimizations:1]] deferred - dummy variable created
LogConfig: Applying CVar settings from Section [Startup_Linux] File [../../../Engine/Config/ConsoleVariables.ini]
LogConfig: Applying CVar settings from Section [ConsoleVariables] File [Engine]
LogConfig: Set CVar [[g.TimeoutForBlockOnRenderFence:60000]]
LogConfig: Set CVar [[memory.MemoryPressureCriticalThresholdPercent:10]]
[2026.09.08-19.42.38:851][  0]LogInit: Unix hardware info:
[2026.09.08-19.42.38:851][  0]LogInit:  - we are not the first instance of this executable
[2026.09.08-19.42.38:851][  0]LogInit:  - this process' id (pid) is 3797890, parent process' id (ppid) is 3797493
[2026.09.08-19.42.38:851][  0]LogInit:  - we are not running under debugger
[2026.09.08-19.42.38:851][  0]LogInit:  - machine network name is 'biella-l40s-worker'
[2026.09.08-19.42.38:851][  0]LogInit:  - user name is 'unreal' (unreal)
[2026.09.08-19.42.38:851][  0]LogInit:  - we're logged in locally
[2026.09.08-19.42.38:851][  0]LogInit:  - we're running with rendering
[2026.09.08-19.42.38:851][  0]LogInit:  - CPU: AuthenticAMD 'AMD EPYC 9124 16-Core Processor' (signature: 0xA10F11)
[2026.09.08-19.42.38:851][  0]LogInit:  - Number of physical cores available for the process: 15
[2026.09.08-19.42.38:851][  0]LogInit:  - Number of logical cores available for the process: 15
[2026.09.08-19.42.38:851][  0]LogInit:  - GPU Brand Info: NVIDIA L40S (NVIDIA UNIX x86_64 Kernel Module  580.178.04  Tue Jul  7 12:38:21 UTC 2026)
[2026.09.08-19.42.38:851][  0]LogInit:  - Memory allocator used: Mimalloc
[2026.09.08-19.42.38:851][  0]LogInit:  - This is an internal build.
[2026.09.08-19.42.38:851][  0]LogCore: Skipped benchmarking clocks because the engine is running in a standalone program mode - CLOCK_MONOTONIC will be used.
[2026.09.08-19.42.38:851][  0]LogInit: Unix-specific commandline switches:
[2026.09.08-19.42.38:852][  0]LogInit:  -ansimalloc - use malloc()/free() from libc (useful for tools like valgrind and electric fence)
[2026.09.08-19.42.38:852][  0]LogInit:  -jemalloc - use jemalloc for all memory allocation
[2026.09.08-19.42.38:852][  0]LogInit:  -binnedmalloc - use binned malloc  for all memory allocation
[2026.09.08-19.42.38:852][  0]LogInit:  -filemapcachesize=NUMBER - set the size for case-sensitive file mapping cache
[2026.09.08-19.42.38:852][  0]LogInit:  -useksm - uses kernel same-page mapping (KSM) for mapped memory (OFF)
[2026.09.08-19.42.38:852][  0]LogInit:  -ksmmergeall - marks all mmap'd memory pages suitable for KSM (OFF)
[2026.09.08-19.42.38:852][  0]LogInit:  -preloadmodulesymbols - Loads the main module symbols file into memory (OFF)
[2026.09.08-19.42.38:852][  0]LogInit:  -sigdfl=SIGNAL - Allows a specific signal to be set to its default handler rather then ignoring the signal
[2026.09.08-19.42.38:852][  0]LogInit:  -crashhandlerstacksize - Allows setting crash handler stack sizes (204800)
[2026.09.08-19.42.38:852][  0]LogInit:  -noexclusivelockonwrite - disables marking files created by the engine as exclusive locked while the engine has them opened
[2026.09.08-19.42.38:852][  0]LogInit:  -httpproxy=ADDRESS:PORT - redirects HTTP requests to a proxy (only supported if compiled with libcurl)
[2026.09.08-19.42.38:852][  0]LogInit:  -reuseconn - allow libcurl to reuse HTTP connections (only matters if compiled with libcurl)
[2026.09.08-19.42.38:852][  0]LogInit:  -virtmemkb=NUMBER - sets process virtual memory (address space) limit (overrides VirtualMemoryLimitInKB value from .ini)
[2026.09.08-19.42.38:852][  0]LogInit:  -allowsyscallfilterfile=PATH_TO_FILE - sets up a system call filter allow list. any invalid syscall in this list *will* cause a crash
[2026.09.08-19.42.38:852][  0]LogInit:  - Physical RAM available (not considering process quota): 87 GB (88380 MB, 90501504 KB, 92673540096 bytes)
[2026.09.08-19.42.38:852][  0]LogInit:  - VirtualMemoryAllocator pools will grow at scale 1
[2026.09.08-19.42.38:852][  0]LogInit:  - MemoryRangeDecommit() will be a no-op (re-run with -vmapoolevict to change)
[2026.09.08-19.42.38:852][  0]LogInit:  - PageSize 4096
[2026.09.08-19.42.38:852][  0]LogInit:  - BinnedPageSize 65536
[2026.09.08-19.42.38:859][  0]LogAssetRegistry: ActiveMountsLoading is disabled.
[2026.09.08-19.42.38:859][  0]LogAssetRegistry: FAssetRegistry took 0.0001 seconds to start up
[2026.09.08-19.42.38:859][  0]LogModuleManager: InternalLoadLibrary: 'TelemetryUtils' ('/opt/unreal/UE_5.8.2/Engine/Binaries/Linux/libUnrealPak-TelemetryUtils.so')
[2026.09.08-19.42.38:860][  0]LogUObjectArray: 877 objects as part of root set at end of initial load.
[2026.09.08-19.42.38:860][  0]LogUObjectArray: CloseDisregardForGC: 0/0 objects in disregard for GC pool
[2026.09.08-19.42.38:861][  0]LogInit: Using OS detected language ().
[2026.09.08-19.42.38:861][  0]LogInit: Using OS detected locale ().
[2026.09.08-19.42.38:861][  0]LogTextLocalizationManager: No localization for '' exists, so 'en' will be used for the language.
[2026.09.08-19.42.38:861][  0]LogTextLocalizationManager: No localization for '' exists, so 'en' will be used for the locale.
[2026.09.08-19.42.38:861][  0]LogInit: Using OS detected language ().
[2026.09.08-19.42.38:861][  0]LogInit: Using OS detected locale ().
[2026.09.08-19.42.38:861][  0]LogTextLocalizationManager: No localization for '' exists, so 'en' will be used for the language.
[2026.09.08-19.42.38:861][  0]LogTextLocalizationManager: No localization for '' exists, so 'en' will be used for the locale.
[2026.09.08-19.42.38:861][  0]LogPakFile: Display: ProjectDir: ../../../../../../mnt/biella-extra/biella-runtime/d17-01/cook-service-15/project/
[2026.09.08-19.42.38:861][  0]LogPakFile: Display: Parsing crypto keys from a crypto key cache file
[2026.09.08-19.42.38:861][  0]LogPakFile: Continuing with 14 spawned worker threads.
[2026.09.08-19.42.38:861][  0]LogPakFile: Display: CompressionFormats in priority order: Oodle, Zlib
[2026.09.08-19.42.38:862][  0]LogZenServiceInstance: Found subprocess environment variable UE-ZenSubprocessDataPath=/mnt/biella-extra/biella-runtime/d17-01/cook-service-15/cook-ddc/Zen
[2026.09.08-19.42.38:880][  0]LogZenServiceInstance: Display: Launching zen utility '/opt/unreal/UE_5.8.2/Engine/Binaries/Linux/zen service status'.
[2026.09.08-19.42.39:016][  0]LogZenServiceInstance: Display: Writing plugin version info to '/home/unreal/.config/Epic/UnrealEngine/Common/Zen/Install/zen_plugin_versions.json'
[2026.09.08-19.42.39:017][  0]LogZenServiceInstance: Display: Read zen version cache file from '/home/unreal/.config/Epic/UnrealEngine/5.8/Saved/Zen/zen.version', version: '5.8.13-202605190912-linux-x86_64-release-094f62c2'
[2026.09.08-19.42.39:017][  0]LogZenServiceInstance: InTree version at '/opt/unreal/UE_5.8.2/Engine/Binaries/Linux/zenserver' is '5.8.13-202605190912-linux-x86_64-release-094f62c2'
[2026.09.08-19.42.39:017][  0]LogZenServiceInstance: Display: Read zen version cache file from '/home/unreal/.config/Epic/UnrealEngine/Common/Zen/Install/zen.version', version: '5.8.13-202605190912-linux-x86_64-release-094f62c2'
[2026.09.08-19.42.39:017][  0]LogZenServiceInstance: Installed version at '/home/unreal/.config/Epic/UnrealEngine/Common/Zen/Install/zenserver' is '5.8.13-202605190912-linux-x86_64-release-094f62c2'
[2026.09.08-19.42.39:017][  0]LogZenServiceInstance: Display: Installed service at '/home/unreal/.config/Epic/UnrealEngine/Common/Zen/Install/zenserver' is up to date
[2026.09.08-19.42.39:020][  0]LogUnixPlatformFile: FUnixFileMapper::MapCaseInsensitiveFile: Lookup:/opt/unreal/UE_5.8.2/Engine/Binaries/DotNet/OidcToken/linux-x64/OidcToken Found:/opt/unreal/UE_5.8.2/Engine/Binaries/DotNET/OidcToken/linux-x64/OidcToken

[2026.09.08-19.42.39:021][  0]LogZenServiceInstance: Found existing instance running on port 8558 matching our settings, no actions needed
[2026.09.08-19.42.40:027][  0]LogZenServiceInstance: Display: Unreal Zen Storage Server HTTP service at http://[::1]:8558 status: OK!.
[2026.09.08-19.42.40:028][  0]LogZenServiceInstance: Local ZenServer AutoLaunch initialization completed in 1.011 seconds
[2026.09.08-19.42.40:028][  0]LogModuleManager: InternalLoadLibrary: 'SSL' ('/opt/unreal/UE_5.8.2/Engine/Binaries/Linux/libUnrealPak-SSL.so')
[2026.09.08-19.42.40:052][  0]LogZenStore: Display: Opening oplog BiellaGames.424c89d5 / Linux
[2026.09.08-19.42.40:082][  0]LogIoStore: Display: Fetched 715 oplog items from Zen in 1.22 seconds
[2026.09.08-19.42.40:098][  0]LogIoStore: Display: Parsed 715 oplog items 0.02 seconds, 3674 chunks
[2026.09.08-19.42.40:108][  0]LogIoStore: Display: Loaded 874 chunk hashes from Zen in 0.01 seconds, 874 hashes updated in 0.00 seconds
[2026.09.08-19.42.40:108][  0]LogPakFile: Display: Oodle enabled on 'NoPluginCompression' files
[2026.09.08-19.42.40:109][  0]LogPakFile: Display: Loading response file /mnt/biella-extra/biella-runtime/d17-01/cook-service-15/stage-17-tmp/AutomationToolSaved/ResponseFiles/PakList_BiellaGames-Linux.txt
[2026.09.08-19.42.40:115][  0]LogPakFile: Display: Added 1732 entries to add to pak file.
[2026.09.08-19.42.40:116][  0]LogPakFile: Display: Collecting files to add to pak file...
[2026.09.08-19.42.40:126][  0]LogPakFile: Display: Collected 1732 files in 0.01s.
[2026.09.08-19.42.40:127][  0]LogPakFile: Display: Creating pak /mnt/biella-extra/biella-runtime/d17-01/cook-service-15/stage-17-staged/Linux/BiellaGames/Content/Paks/BiellaGames-Linux.pak.
[2026.09.08-19.42.40:244][  0]LogPakFile: Display: Created pak file: /mnt/biella-extra/biella-runtime/d17-01/cook-service-15/stage-17-staged/Linux/BiellaGames/Content/Paks/BiellaGames-Linux.pak
[2026.09.08-19.42.40:255][  0]LogPakFile: Display: CompressionFormat 0 [Oodle] : 386 files, 29344177 -> 10049352 bytes
[2026.09.08-19.42.40:255][  0]LogPakFile: Display: CompressionFormat 2 [None] : 1346 files, 789483 -> 789483 bytes
[2026.09.08-19.42.40:255][  0]LogPakFile: Display: Added 1732 files, 11080144 bytes total
[2026.09.08-19.42.40:255][  0]LogPakFile: Display: PrimaryIndex size: 24142 bytes
[2026.09.08-19.42.40:255][  0]LogPakFile: Display: PathHashIndex size: 53936 bytes
[2026.09.08-19.42.40:255][  0]LogPakFile: Display: FullDirectoryIndex size: 57286 bytes
[2026.09.08-19.42.40:255][  0]LogPakFile: Display: Compression summary: 34.25% of original size. Compressed Size 10049352 bytes, Original Size 29344177 bytes.
[2026.09.08-19.42.40:255][  0]LogPakFile: Display: Encryption - DISABLED
[2026.09.08-19.42.40:255][  0]LogPakFile: Display:
[2026.09.08-19.42.40:255][  0]LogPakFile: Display: Writer and Compression Threads exited.
[2026.09.08-19.42.40:256][  0]LogPakFile: Display: UnrealPak executed in 1.394666 seconds
[2026.09.08-19.42.40:267][  0]LogCore: Engine exit requested (reason: UnrealPak Exiting)
[2026.09.08-19.42.40:267][  0]LogExit: Preparing to exit.
[2026.09.08-19.42.40:268][  0]LogExit: Object subsystem successfully closed.
[2026.09.08-19.42.40:270][  0]LogPakFile: Destroying PakPlatformFile
[2026.09.08-19.42.40:272][  0]LogExit: Exiting.
Took 1.87s to run UnrealPak, ExitCode=0
Running UnrealPak with arguments: "/mnt/biella-extra/biella-runtime/d17-01/cook-service-15/project/BiellaGames.uproject" /mnt/biella-extra/biella-runtime/d17-01/cook-service-15/project/BiellaGames.uproject -CreateGlobalContainer="/mnt/biella-extra/biella-runtime/d17-01/cook-service-15/stage-17-staged/Linux/BiellaGames/Content/Paks/global.utoc" -ProjectStore="/mnt/biella-extra/biella-runtime/d17-01/cook-service-15/project/Saved/Cooked/Linux/ue.projectstore" -CookedDirectory="/mnt/biella-extra/biella-runtime/d17-01/cook-service-15/project/Saved/Cooked/Linux" -Commands="/home/unreal/Library/Logs/Unreal Engine/LocalBuildLogs/IoStoreCommands.txt" -compressionformats=Oodle -compresslevel=4 -compressmethod=Kraken   -cryptokeys="/mnt/biella-extra/biella-runtime/d17-01/cook-service-15/project/Saved/Cooked/Linux/BiellaGames/Metadata/Crypto.json" -compressionMinBytesSaved=1024 -compressionMinPercentSaved=5 -WriteBackMetadataToAssetRegistry=Disabled -platform=Linux 
Running: /opt/unreal/UE_5.8.2/Engine/Binaries/Linux/UnrealPak "/mnt/biella-extra/biella-runtime/d17-01/cook-service-15/project/BiellaGames.uproject" /mnt/biella-extra/biella-runtime/d17-01/cook-service-15/project/BiellaGames.uproject -CreateGlobalContainer="/mnt/biella-extra/biella-runtime/d17-01/cook-service-15/stage-17-staged/Linux/BiellaGames/Content/Paks/global.utoc" -ProjectStore="/mnt/biella-extra/biella-runtime/d17-01/cook-service-15/project/Saved/Cooked/Linux/ue.projectstore" -CookedDirectory="/mnt/biella-extra/biella-runtime/d17-01/cook-service-15/project/Saved/Cooked/Linux" -Commands="/home/unreal/Library/Logs/Unreal Engine/LocalBuildLogs/IoStoreCommands.txt" -compressionformats=Oodle -compresslevel=4 -compressmethod=Kraken   -cryptokeys="/mnt/biella-extra/biella-runtime/d17-01/cook-service-15/project/Saved/Cooked/Linux/BiellaGames/Metadata/Crypto.json" -compressionMinBytesSaved=1024 -compressionMinPercentSaved=5 -WriteBackMetadataToAssetRegistry=Disabled -platform=Linux
LogInit: Running DelayedAutoRegister Phase StartOfEnginePreInit
LogTrace: Initializing trace...
LogTrace: Finished trace initialization.
LogTrace: Display: Control listening on port 32859
LogModuleManager: InternalLoadLibrary: 'PakFile' ('/opt/unreal/UE_5.8.2/Engine/Binaries/Linux/libUnrealPak-PakFile.so')
LogModuleManager: InternalLoadLibrary: 'RSA' ('/opt/unreal/UE_5.8.2/Engine/Binaries/Linux/libUnrealPak-RSA.so')
LogModuleManager: InternalLoadLibrary: 'SandboxFile' ('/opt/unreal/UE_5.8.2/Engine/Binaries/Linux/libUnrealPak-SandboxFile.so')
LogInit: Running DelayedAutoRegister Phase FileSystemReady
LogInit: Running DelayedAutoRegister Phase TaskGraphSystemReady
LogInit: Running DelayedAutoRegister Phase StatSystemReady
LogModuleManager: InternalLoadLibrary: 'CoreUObject' ('/opt/unreal/UE_5.8.2/Engine/Binaries/Linux/libUnrealPak-CoreUObject.so')
OodleDataCompression: Display: Oodle v2.9.16 format for pak/iostore with method=Kraken, level=4=Normal
LogInit: Session CrashGUID >====================================================
         Session CrashGUID >   UECC-Linux-01A0828B456F73FF9365F2F349991D55
         Session CrashGUID >====================================================
LogConfig: No local boot hotfix file found at: [../../../../../../mnt/biella-extra/biella-runtime/d17-01/cook-service-15/project/Saved/PersistentDownloadDir/HotfixForNextBoot.txt]
LogInit: Running DelayedAutoRegister Phase IniSystemReady
LogPluginManager: Mounting Engine plugin TcpMessaging
LogPluginManager: Mounting Engine plugin PlatformCrypto
LogModuleManager: InternalLoadLibrary: 'PlatformCrypto' ('/opt/unreal/UE_5.8.2/Engine/Plugins/Experimental/PlatformCrypto/Binaries/Linux/libUnrealPak-PlatformCrypto.so')
LogModuleManager: InternalLoadLibrary: 'PlatformCryptoTypes' ('/opt/unreal/UE_5.8.2/Engine/Plugins/Experimental/PlatformCrypto/Binaries/Linux/libUnrealPak-PlatformCryptoTypes.so')
LogModuleManager: InternalLoadLibrary: 'PlatformCryptoContext' ('/opt/unreal/UE_5.8.2/Engine/Plugins/Experimental/PlatformCrypto/Binaries/Linux/libUnrealPak-PlatformCryptoContext.so')
LogInit: Running DelayedAutoRegister Phase EarliestPossiblePluginsLoaded
LogInit: ExecutableName: UnrealPak
LogInit: Build: ++UE5+Release-5.8-CL-56702186
LogInit: Platform=LinuxEditor
LogInit: MachineId=3da9d2f3021f461a93a81e6b23a2b4d7-000003e9
LogInit: DeviceId=
LogInit: Engine Version: 5.8.2-56702186+++UE5+Release-5.8
LogInit: Compatible Engine Version: 5.8.0-55116800+++UE5+Release-5.8
LogInit: Net CL: 55116800
LogInit: OS: Ubuntu 24.04.4 LTS (6.8.0-138-generic), CPU: AMD EPYC 9124 16-Core Processor, GPU: NVIDIA L40S (NVIDIA UNIX x86_64 Kernel Module  580.178.04  Tue Jul  7 12:38:21 UTC 2026)
LogInit: CPU Model ID: 19111, microcode revision: a101148
LogInit: Compiled (64-bit): Aug  7 2026 15:10:39
LogInit: Architecture: x64
LogInit: Compiled with Clang: 20.1.8 (github.com/llvm/llvm-project 87f0227cb60147a26a1eeb4fb06e3b505e9c7261)
LogInit: Build Configuration: Development
LogInit: Branch Name: ++UE5+Release-5.8
LogInit: Command Line: /mnt/biella-extra/biella-runtime/d17-01/cook-service-15/project/BiellaGames.uproject -CreateGlobalContainer=/mnt/biella-extra/biella-runtime/d17-01/cook-service-15/stage-17-staged/Linux/BiellaGames/Content/Paks/global.utoc -ProjectStore=/mnt/biella-extra/biella-runtime/d17-01/cook-service-15/project/Saved/Cooked/Linux/ue.projectstore -CookedDirectory=/mnt/biella-extra/biella-runtime/d17-01/cook-service-15/project/Saved/Cooked/Linux -Commands="/home/unreal/Library/Logs/Unreal Engine/LocalBuildLogs/IoStoreCommands.txt" -compressionformats=Oodle -compresslevel=4 -compressmethod=Kraken -cryptokeys=/mnt/biella-extra/biella-runtime/d17-01/cook-service-15/project/Saved/Cooked/Linux/BiellaGames/Metadata/Crypto.json -compressionMinBytesSaved=1024 -compressionMinPercentSaved=5 -WriteBackMetadataToAssetRegistry=Disabled -platform=Linux -nopak
LogInit: Base Directory: /opt/unreal/UE_5.8.2/Engine/Binaries/Linux/
LogInit: Allocator: Mimalloc
LogInit: Installed Engine Build: 1
LogInit: This binary is optimized with LTO: no, PGO: no, instrumented for PGO data collection: no
LogDevObjectVersion: Number of dev versions registered: 35
LogDevObjectVersion:   Dev-Blueprints (B0D832E4-1F89-4F0D-ACCF-7EB736FD4AA2): 10
LogDevObjectVersion:   Dev-Build (E1C64328-A22C-4D53-A36C-8E866417BD8C): 0
LogDevObjectVersion:   Dev-Core (375EC13C-06E4-48FB-B500-84F0262A717E): 4
LogDevObjectVersion:   Dev-Editor (E4B068ED-F494-42E9-A231-DA0B2E46BB41): 40
LogDevObjectVersion:   Dev-Framework (CFFC743F-43B0-4480-9391-14DF171D2073): 37
LogDevObjectVersion:   Dev-Mobile (B02B49B5-BB20-44E9-A304-32B752E40360): 3
LogDevObjectVersion:   Dev-Networking (A4E4105C-59A1-49B5-A7C5-40C4547EDFEE): 0
LogDevObjectVersion:   Dev-Online (39C831C9-5AE6-47DC-9A44-9C173E1C8E7C): 0
LogDevObjectVersion:   Dev-Physics (78F01B33-EBEA-4F98-B9B4-84EACCB95AA2): 20
LogDevObjectVersion:   Dev-Platform (6631380F-2D4D-43E0-8009-CF276956A95A): 0
LogDevObjectVersion:   Dev-Rendering (12F88B9F-8875-4AFC-A67C-D90C383ABD29): 49
LogDevObjectVersion:   Dev-Sequencer (7B5AE74C-D270-4C10-A958-57980B212A5A): 13
LogDevObjectVersion:   Dev-VR (D7296918-1DD6-4BDD-9DE2-64A83CC13884): 3
LogDevObjectVersion:   Dev-LoadTimes (C2A15278-BFE7-4AFE-6C17-90FF531DF755): 1
LogDevObjectVersion:   Private-Geometry (6EACA3D4-40EC-4CC1-B786-8BED09428FC5): 3
LogDevObjectVersion:   Dev-AnimPhys (29E575DD-E0A3-4627-9D10-D276232CDCEA): 17
LogDevObjectVersion:   Dev-Anim (AF43A65D-7FD3-4947-9873-3E8ED9C1BB05): 15
LogDevObjectVersion:   Dev-ReflectionCapture (6B266CEC-1EC7-4B8F-A30B-E4D90942FC07): 1
LogDevObjectVersion:   Dev-Automation (0DF73D61-A23F-47EA-B727-89E90C41499A): 1
LogDevObjectVersion:   FortniteMain (601D1886-AC64-4F84-AA16-D3DE0DEAC7D6): 268
LogDevObjectVersion:   FortniteValkyrie (8DBC2C5B-54A7-43E0-A768-FCBB7DA29060): 8
LogDevObjectVersion:   FortniteSeason (5B4C06B7-2463-4AF8-805B-BF70CDF5D0DD): 15
LogDevObjectVersion:   FortniteRelease (E7086368-6B23-4C58-8439-1B7016265E91): 20
LogDevObjectVersion:   Dev-Enterprise (9DFFBCD6-494F-0158-E221-12823C92A888): 11
LogDevObjectVersion:   Dev-Niagara (F2AED0AC-9AFE-416F-8664-AA7FFA26D6FC): 1
LogDevObjectVersion:   Dev-Destruction (174F1F0B-B4C6-45A5-B13F-2EE8D0FB917D): 10
LogDevObjectVersion:   Dev-Physics-Ext (35F94A83-E258-406C-A318-09F59610247C): 41
LogDevObjectVersion:   Dev-PhysicsMaterial-Chaos (B68FC16E-8B1B-42E2-B453-215C058844FE): 1
LogDevObjectVersion:   Dev-CineCamera (B2E18506-4273-CFC2-A54E-F4BB758BBA07): 1
LogDevObjectVersion:   Dev-VirtualProduction (64F58936-FD1B-42BA-BA96-7289D5D0FA4E): 1
LogDevObjectVersion:   UE5-Main (697DD581-E64F-41AB-AA4A-51ECBEB7B628): 123
LogDevObjectVersion:   UE5-Release (D89B5E42-24BD-4D46-8412-ACA8DF641779): 68
LogDevObjectVersion:   UE5-SpecialProject (59DA5D52-1232-4948-B878-597870B8E98B): 9
LogDevObjectVersion:   Dev-MediaFramework (6F0ED827-A609-4895-9C91-998D90180EA4): 2
LogDevObjectVersion:   Dev-NaniteResearch (30D58BE3-95EA-4282-A6E3-B159D8EBB06A): 1
LogInit: Presizing for max 100000 objects, including 0 objects not considered by GC.
LogStreaming: Display: AsyncLoading2 - Created: Async Loading Thread: false, Async Post Load: false, Multithreaded: false
LogInit: Object subsystem initialized
LogConfig: Applying CVar settings from Section [Startup] File [../../../Engine/Config/ConsoleVariables.ini]
LogConfig: CVar [[p.chaos.AllowCreatePhysxBodies:1]] deferred - dummy variable created
LogConfig: CVar [[fx.SkipVectorVMBackendOptimizations:1]] deferred - dummy variable created
LogConfig: Applying CVar settings from Section [Startup_Linux] File [../../../Engine/Config/ConsoleVariables.ini]
LogConfig: Applying CVar settings from Section [ConsoleVariables] File [Engine]
LogConfig: Set CVar [[g.TimeoutForBlockOnRenderFence:60000]]
LogConfig: Set CVar [[memory.MemoryPressureCriticalThresholdPercent:10]]
[2026.09.08-19.42.40:764][  0]LogInit: Unix hardware info:
[2026.09.08-19.42.40:764][  0]LogInit:  - we are not the first instance of this executable
[2026.09.08-19.42.40:764][  0]LogInit:  - this process' id (pid) is 3797967, parent process' id (ppid) is 3797493
[2026.09.08-19.42.40:764][  0]LogInit:  - we are not running under debugger
[2026.09.08-19.42.40:764][  0]LogInit:  - machine network name is 'biella-l40s-worker'
[2026.09.08-19.42.40:764][  0]LogInit:  - user name is 'unreal' (unreal)
[2026.09.08-19.42.40:764][  0]LogInit:  - we're logged in locally
[2026.09.08-19.42.40:764][  0]LogInit:  - we're running with rendering
[2026.09.08-19.42.40:764][  0]LogInit:  - CPU: AuthenticAMD 'AMD EPYC 9124 16-Core Processor' (signature: 0xA10F11)
[2026.09.08-19.42.40:764][  0]LogInit:  - Number of physical cores available for the process: 15
[2026.09.08-19.42.40:764][  0]LogInit:  - Number of logical cores available for the process: 15
[2026.09.08-19.42.40:764][  0]LogInit:  - GPU Brand Info: NVIDIA L40S (NVIDIA UNIX x86_64 Kernel Module  580.178.04  Tue Jul  7 12:38:21 UTC 2026)
[2026.09.08-19.42.40:764][  0]LogInit:  - Memory allocator used: Mimalloc
[2026.09.08-19.42.40:764][  0]LogInit:  - This is an internal build.
[2026.09.08-19.42.40:764][  0]LogCore: Skipped benchmarking clocks because the engine is running in a standalone program mode - CLOCK_MONOTONIC will be used.
[2026.09.08-19.42.40:764][  0]LogInit: Unix-specific commandline switches:
[2026.09.08-19.42.40:764][  0]LogInit:  -ansimalloc - use malloc()/free() from libc (useful for tools like valgrind and electric fence)
[2026.09.08-19.42.40:764][  0]LogInit:  -jemalloc - use jemalloc for all memory allocation
[2026.09.08-19.42.40:764][  0]LogInit:  -binnedmalloc - use binned malloc  for all memory allocation
[2026.09.08-19.42.40:764][  0]LogInit:  -filemapcachesize=NUMBER - set the size for case-sensitive file mapping cache
[2026.09.08-19.42.40:764][  0]LogInit:  -useksm - uses kernel same-page mapping (KSM) for mapped memory (OFF)
[2026.09.08-19.42.40:764][  0]LogInit:  -ksmmergeall - marks all mmap'd memory pages suitable for KSM (OFF)
[2026.09.08-19.42.40:764][  0]LogInit:  -preloadmodulesymbols - Loads the main module symbols file into memory (OFF)
[2026.09.08-19.42.40:764][  0]LogInit:  -sigdfl=SIGNAL - Allows a specific signal to be set to its default handler rather then ignoring the signal
[2026.09.08-19.42.40:764][  0]LogInit:  -crashhandlerstacksize - Allows setting crash handler stack sizes (204800)
[2026.09.08-19.42.40:764][  0]LogInit:  -noexclusivelockonwrite - disables marking files created by the engine as exclusive locked while the engine has them opened
[2026.09.08-19.42.40:764][  0]LogInit:  -httpproxy=ADDRESS:PORT - redirects HTTP requests to a proxy (only supported if compiled with libcurl)
[2026.09.08-19.42.40:764][  0]LogInit:  -reuseconn - allow libcurl to reuse HTTP connections (only matters if compiled with libcurl)
[2026.09.08-19.42.40:764][  0]LogInit:  -virtmemkb=NUMBER - sets process virtual memory (address space) limit (overrides VirtualMemoryLimitInKB value from .ini)
[2026.09.08-19.42.40:764][  0]LogInit:  -allowsyscallfilterfile=PATH_TO_FILE - sets up a system call filter allow list. any invalid syscall in this list *will* cause a crash
[2026.09.08-19.42.40:765][  0]LogInit:  - Physical RAM available (not considering process quota): 87 GB (88380 MB, 90501504 KB, 92673540096 bytes)
[2026.09.08-19.42.40:765][  0]LogInit:  - VirtualMemoryAllocator pools will grow at scale 1
[2026.09.08-19.42.40:765][  0]LogInit:  - MemoryRangeDecommit() will be a no-op (re-run with -vmapoolevict to change)
[2026.09.08-19.42.40:765][  0]LogInit:  - PageSize 4096
[2026.09.08-19.42.40:765][  0]LogInit:  - BinnedPageSize 65536
[2026.09.08-19.42.40:780][  0]LogAssetRegistry: ActiveMountsLoading is disabled.
[2026.09.08-19.42.40:780][  0]LogAssetRegistry: FAssetRegistry took 0.0003 seconds to start up
[2026.09.08-19.42.40:780][  0]LogModuleManager: InternalLoadLibrary: 'TelemetryUtils' ('/opt/unreal/UE_5.8.2/Engine/Binaries/Linux/libUnrealPak-TelemetryUtils.so')
[2026.09.08-19.42.40:782][  0]LogUObjectArray: 877 objects as part of root set at end of initial load.
[2026.09.08-19.42.40:782][  0]LogUObjectArray: CloseDisregardForGC: 0/0 objects in disregard for GC pool
[2026.09.08-19.42.40:784][  0]LogInit: Using OS detected language ().
[2026.09.08-19.42.40:784][  0]LogInit: Using OS detected locale ().
[2026.09.08-19.42.40:784][  0]LogTextLocalizationManager: No localization for '' exists, so 'en' will be used for the language.
[2026.09.08-19.42.40:785][  0]LogTextLocalizationManager: No localization for '' exists, so 'en' will be used for the locale.
[2026.09.08-19.42.40:785][  0]LogInit: Using OS detected language ().
[2026.09.08-19.42.40:785][  0]LogInit: Using OS detected locale ().
[2026.09.08-19.42.40:785][  0]LogTextLocalizationManager: No localization for '' exists, so 'en' will be used for the language.
[2026.09.08-19.42.40:785][  0]LogTextLocalizationManager: No localization for '' exists, so 'en' will be used for the locale.
[2026.09.08-19.42.40:785][  0]LogPakFile: Display: ProjectDir: ../../../../../../mnt/biella-extra/biella-runtime/d17-01/cook-service-15/project/
[2026.09.08-19.42.40:785][  0]LogIoStore: Display: ==================== IoStore Utils ====================
[2026.09.08-19.42.40:785][  0]LogIoStore: Display: Parsing crypto keys from a crypto key cache file '/mnt/biella-extra/biella-runtime/d17-01/cook-service-15/project/Saved/Cooked/Linux/BiellaGames/Metadata/Crypto.json'
[2026.09.08-19.42.40:786][  0]LogIoStore: Display: Container signing - DISABLED
[2026.09.08-19.42.40:786][  0]LogIoStore: Display: Directory index - ENABLED
[2026.09.08-19.42.40:786][  0]LogIoStore: Display: Using compression format 'Oodle'
[2026.09.08-19.42.40:984][  0]LogConfig: Display: Read in platform Linux ini files took 0.20 seconds
[2026.09.08-19.42.40:984][  0]LogIoStore: Display: Using memory mapping alignment '16384'
[2026.09.08-19.42.40:984][  0]LogIoStore: Display: Using compression block size '65536'
[2026.09.08-19.42.40:984][  0]LogIoStore: Display: Using compression block alignment '65536'
[2026.09.08-19.42.40:984][  0]LogIoStore: Display: Using compression min bytes saved '1024'
[2026.09.08-19.42.40:984][  0]LogIoStore: Display: Using compression min percent saved '5'
[2026.09.08-19.42.40:984][  0]LogIoStore: Display: Using max partition size '0'
[2026.09.08-19.42.40:984][  0]LogIoStore: Display: Not using DDC for compression
[2026.09.08-19.42.40:984][  0]LogIoStore: Display: Container metadata disabled
[2026.09.08-19.42.40:984][  0]LogIoStore: Display: Using command list file: '/home/unreal/Library/Logs/Unreal Engine/LocalBuildLogs/IoStoreCommands.txt'
[2026.09.08-19.42.40:987][  0]LogIoStore: Display: Selected Oodle level 4 (Normal) from command line for shaders
[2026.09.08-19.42.40:987][  0]LogZenServiceInstance: Found subprocess environment variable UE-ZenSubprocessDataPath=/mnt/biella-extra/biella-runtime/d17-01/cook-service-15/cook-ddc/Zen
[2026.09.08-19.42.41:006][  0]LogZenServiceInstance: Display: Launching zen utility '/opt/unreal/UE_5.8.2/Engine/Binaries/Linux/zen service status'.
[2026.09.08-19.42.41:035][  0]LogZenServiceInstance: Display: Writing plugin version info to '/home/unreal/.config/Epic/UnrealEngine/Common/Zen/Install/zen_plugin_versions.json'
[2026.09.08-19.42.41:035][  0]LogZenServiceInstance: Display: Read zen version cache file from '/home/unreal/.config/Epic/UnrealEngine/5.8/Saved/Zen/zen.version', version: '5.8.13-202605190912-linux-x86_64-release-094f62c2'
[2026.09.08-19.42.41:035][  0]LogZenServiceInstance: InTree version at '/opt/unreal/UE_5.8.2/Engine/Binaries/Linux/zenserver' is '5.8.13-202605190912-linux-x86_64-release-094f62c2'
[2026.09.08-19.42.41:035][  0]LogZenServiceInstance: Display: Read zen version cache file from '/home/unreal/.config/Epic/UnrealEngine/Common/Zen/Install/zen.version', version: '5.8.13-202605190912-linux-x86_64-release-094f62c2'
[2026.09.08-19.42.41:035][  0]LogZenServiceInstance: Installed version at '/home/unreal/.config/Epic/UnrealEngine/Common/Zen/Install/zenserver' is '5.8.13-202605190912-linux-x86_64-release-094f62c2'
[2026.09.08-19.42.41:035][  0]LogZenServiceInstance: Display: Installed service at '/home/unreal/.config/Epic/UnrealEngine/Common/Zen/Install/zenserver' is up to date
[2026.09.08-19.42.41:038][  0]LogUnixPlatformFile: FUnixFileMapper::MapCaseInsensitiveFile: Lookup:/opt/unreal/UE_5.8.2/Engine/Binaries/DotNet/OidcToken/linux-x64/OidcToken Found:/opt/unreal/UE_5.8.2/Engine/Binaries/DotNET/OidcToken/linux-x64/OidcToken

[2026.09.08-19.42.41:038][  0]LogZenServiceInstance: Found existing instance running on port 8558 matching our settings, no actions needed
[2026.09.08-19.42.41:944][  0]LogZenServiceInstance: Display: Unreal Zen Storage Server HTTP service at http://[::1]:8558 status: OK!.
[2026.09.08-19.42.41:944][  0]LogZenServiceInstance: Local ZenServer AutoLaunch initialization completed in 0.909 seconds
[2026.09.08-19.42.41:945][  0]LogModuleManager: InternalLoadLibrary: 'SSL' ('/opt/unreal/UE_5.8.2/Engine/Binaries/Linux/libUnrealPak-SSL.so')
[2026.09.08-19.42.41:969][  0]LogZenStore: Display: Opening oplog BiellaGames.424c89d5 / Linux
[2026.09.08-19.42.41:995][  0]LogIoStore: Display: Fetched 715 oplog items from Zen in 1.01 seconds
[2026.09.08-19.42.42:011][  0]LogIoStore: Display: Parsed 715 oplog items 0.02 seconds, 3674 chunks
[2026.09.08-19.42.42:021][  0]LogIoStore: Display: Loaded 874 chunk hashes from Zen in 0.01 seconds, 874 hashes updated in 0.00 seconds
[2026.09.08-19.42.42:033][  0]LogIoStore: Display: Searching for cooked assets in folder '/mnt/biella-extra/biella-runtime/d17-01/cook-service-15/project/Saved/Cooked/Linux'
[2026.09.08-19.42.42:034][  0]LogIoStore: Display: Found '8' files
[2026.09.08-19.42.42:061][  0]LogIoStore: Display: Creating container targets...
[2026.09.08-19.42.42:150][  0]LogIoStore: Display: Processing shader libraries, compressing with Oodle Mermaid, level 4 (Normal)
[2026.09.08-19.42.42:164][  0]LogIoStore: Display: Shader library chunk override is disabled
[2026.09.08-19.42.42:210][  0]LogShaderLibrary: Display: Created IoStoreShaderArchive header: shaders grouped in 537 groups (173 of them didn't need new indices), average uncompressed size 321720 bytes, min 401 bytes, max 1050022 bytes (r.ShaderCodeLibrary.MaxShaderGroupSize=1048576)
[2026.09.08-19.42.42:490][  0]LogIoStore: Display: Global-SF_VULKAN_SM5(VULKAN_SM5): Recompressed 6431 shaders as 537 groups. Library size changed from 44458 KB (3.79 : 1 ratio) to 34544 KB (4.88 : 1 ratio), 77.70% of previous.
[2026.09.08-19.42.42:490][  0]LogIoStore: Display: Save IoStoreShaderCodeArchive 'Global-SF_VULKAN_SM5-VULKAN_SM5' with ChunkId 'c78ab3308c9fd89100000008' for target file '/mnt/biella-extra/biella-runtime/d17-01/cook-service-15/project/Saved/Cooked/Linux/BiellaGames/Content/ShaderArchive-Global-SF_VULKAN_SM5-VULKAN_SM5.ushaderbytecode'
[2026.09.08-19.42.42:572][  0]LogShaderLibrary: Display: Created IoStoreShaderArchive header: shaders grouped in 780 groups (179 of them didn't need new indices), average uncompressed size 480998 bytes, min 373 bytes, max 1117010 bytes (r.ShaderCodeLibrary.MaxShaderGroupSize=1048576)
[2026.09.08-19.42.43:023][  0]LogIoStore: Display: Global-SF_VULKAN_SM6(VULKAN_SM6): Recompressed 8887 shaders as 780 groups. Library size changed from 90783 KB (4.04 : 1 ratio) to 75126 KB (4.88 : 1 ratio), 82.75% of previous.
[2026.09.08-19.42.43:024][  0]LogIoStore: Display: Save IoStoreShaderCodeArchive 'Global-SF_VULKAN_SM6-VULKAN_SM6' with ChunkId 'b3936dac9476451600000008' for target file '/mnt/biella-extra/biella-runtime/d17-01/cook-service-15/project/Saved/Cooked/Linux/BiellaGames/Content/ShaderArchive-Global-SF_VULKAN_SM6-VULKAN_SM6.ushaderbytecode'
[2026.09.08-19.42.43:059][  0]LogShaderLibrary: Display: Created IoStoreShaderArchive header: shaders grouped in 246 groups (61 of them didn't need new indices), average uncompressed size 304975 bytes, min 1139 bytes, max 1014980 bytes (r.ShaderCodeLibrary.MaxShaderGroupSize=1048576)
[2026.09.08-19.42.43:152][  0]LogIoStore: Display: BiellaGames-SF_VULKAN_SM6(VULKAN_SM6): Recompressed 2117 shaders as 246 groups. Library size changed from 18407 KB (3.98 : 1 ratio) to 15483 KB (4.73 : 1 ratio), 84.12% of previous.
[2026.09.08-19.42.43:152][  0]LogIoStore: Display: Save IoStoreShaderCodeArchive 'BiellaGames-SF_VULKAN_SM6-VULKAN_SM6' with ChunkId '14055af98f02ffb400000008' for target file '/mnt/biella-extra/biella-runtime/d17-01/cook-service-15/project/Saved/Cooked/Linux/BiellaGames/Content/ShaderArchive-BiellaGames-SF_VULKAN_SM6-VULKAN_SM6.ushaderbytecode'
[2026.09.08-19.42.43:176][  0]LogShaderLibrary: Display: Created IoStoreShaderArchive header: shaders grouped in 211 groups (63 of them didn't need new indices), average uncompressed size 161888 bytes, min 521 bytes, max 1008891 bytes (r.ShaderCodeLibrary.MaxShaderGroupSize=1048576)
[2026.09.08-19.42.43:225][  0]LogIoStore: Display: BiellaGames-SF_VULKAN_SM5(VULKAN_SM5): Recompressed 1588 shaders as 211 groups. Library size changed from 9218 KB (3.62 : 1 ratio) to 6955 KB (4.80 : 1 ratio), 75.45% of previous.
[2026.09.08-19.42.43:225][  0]LogIoStore: Display: Save IoStoreShaderCodeArchive 'BiellaGames-SF_VULKAN_SM5-VULKAN_SM5' with ChunkId 'e19e8143459fcffc00000008' for target file '/mnt/biella-extra/biella-runtime/d17-01/cook-service-15/project/Saved/Cooked/Linux/BiellaGames/Content/ShaderArchive-BiellaGames-SF_VULKAN_SM5-VULKAN_SM5.ushaderbytecode'
[2026.09.08-19.42.43:255][  0]LogIoStore: Display: Shaders processed in 1.11 seconds
[2026.09.08-19.42.43:256][  0]LogIoStore: Display: Initialized WriteRequestManager with MaxConcurrentSourceReads=7 (15 cores), MaxSourceBufferMemory=3072MiB
[2026.09.08-19.42.43:259][  0]LogIoStore: Display: Processing redirects...
[2026.09.08-19.42.43:259][  0]LogIoStore: Display: Creating disk layout...
[2026.09.08-19.42.43:259][  0]LogIoStore: Display: Ordered 712 packages using fallback bundle order
[2026.09.08-19.42.43:273][  0]LogIoStore: Display: Disabled WriteRequestManager memory throttling, MaxConcurrentSourceReads=7 (15 cores)
[2026.09.08-19.42.43:273][  0]LogIoStore: Display: Writing container(s)...
[2026.09.08-19.42.43:858][  0]LogIoStore: Display: Writing and compressing took 0.58 seconds, writes to disk took 0.37 seconds for 340,547,984 bytes @ 921,183,211 bytes per second.
[2026.09.08-19.42.43:858][  0]LogIoStore: Display: global: Found perfect hashmap for 1 items.
[2026.09.08-19.42.43:858][  0]LogIoStore: Display: BiellaGames-Linux: Found perfect hashmap for 2653 items.
[2026.09.08-19.42.43:863][  0]LogIoStore: Display: Finalize took 0.0 seconds for 2 writers to write 279,308 bytes, 47,496,053 bytes per second
[2026.09.08-19.42.43:864][  0]LogIoStore: Display: Writing tocs... [Physical: 803 MiB, Virtual: 6284 MiB]
[2026.09.08-19.42.43:864][  0]LogIoStore: Display: 874 / 2,654 hashes were loaded from the hash database, by type:
[2026.09.08-19.42.43:864][  0]LogIoStore: Display:     ExportBundleData           712
[2026.09.08-19.42.43:864][  0]LogIoStore: Display:     BulkData                   162
[2026.09.08-19.42.43:864][  0]LogIoStore: Display: 874 / 2,654 chunks attempted to compress, by type:
[2026.09.08-19.42.43:864][  0]LogIoStore: Display:     ExportBundleData           712 / 712
[2026.09.08-19.42.43:864][  0]LogIoStore: Display:     BulkData                   162 / 162
[2026.09.08-19.42.43:864][  0]LogIoStore: Display:     ScriptObjects              0 / 1
[2026.09.08-19.42.43:864][  0]LogIoStore: Display:     ContainerHeader            0 / 1
[2026.09.08-19.42.43:864][  0]LogIoStore: Display:     ShaderCodeLibrary          0 / 4
[2026.09.08-19.42.43:864][  0]LogIoStore: Display:     ShaderCode                 0 / 1,774
[2026.09.08-19.42.43:864][  0]LogIoStore: Display: Source bytes read:
[2026.09.08-19.42.43:864][  0]LogIoStore: Display:     Zen:                        320,249,221
[2026.09.08-19.42.43:864][  0]LogIoStore: Display:         ExportBundleData        260,368,363 bytes over 712 reads
[2026.09.08-19.42.43:864][  0]LogIoStore: Display:         BulkData                 59,880,858 bytes over 162 reads
[2026.09.08-19.42.43:864][  0]LogIoStore: Display:     Loose File:                           0
[2026.09.08-19.42.43:864][  0]LogIoStore: Display:     Memory:                     271,620,280
[2026.09.08-19.42.43:864][  0]LogIoStore: Display:         ShaderCodeLibrary         1,057,376 bytes over 8 reads
[2026.09.08-19.42.43:864][  0]LogIoStore: Display:         ShaderCode              270,562,904 bytes over 3,548 reads
[2026.09.08-19.42.43:864][  0]LogIoStore: Display: Calculating stats...
[2026.09.08-19.42.43:864][  0]LogIoStore: Display:
[2026.09.08-19.42.43:864][  0]LogIoStore: Display: Container Summary
[2026.09.08-19.42.43:864][  0]LogIoStore: Display: ==================
[2026.09.08-19.42.43:865][  0]LogIoStore: Display:
[2026.09.08-19.42.43:865][  0]LogIoStore: Display:            Container      Flags      Chunk(s) #       TOC (KiB)       Raw Size (MiB)           Size (MiB)
[2026.09.08-19.42.43:865][  0]LogIoStore: Display: ---------------------------------------------------------------------------------------------------------
[2026.09.08-19.42.43:865][  0]LogIoStore: Display:               global  -/-/-/-/-               1            0.76                 3.06                 3.06 -
[2026.09.08-19.42.43:865][  0]LogIoStore: Display:    BiellaGames-Linux  C/-/-/I/-            2653          272.00               461.64               321.71 (30.31% Oodle)
[2026.09.08-19.42.43:865][  0]LogIoStore: Display: ---------------------------------------------------------------------------------------------------------
[2026.09.08-19.42.43:865][  0]LogIoStore: Display:                Total                       2654          272.76               464.70               324.77
[2026.09.08-19.42.43:865][  0]LogIoStore: Display:
[2026.09.08-19.42.43:865][  0]LogIoStore: Display: ** Flags: (C)ompressed / (E)ncrypted / (S)igned) / (I)ndexed) / (O)nDemand **
[2026.09.08-19.42.43:865][  0]LogIoStore: Display:
[2026.09.08-19.42.43:865][  0]LogIoStore: Display: Compression block padding:    26.68 MiB
[2026.09.08-19.42.43:865][  0]LogIoStore: Display:
[2026.09.08-19.42.43:865][  0]LogIoStore: Display: Container Directory Index
[2026.09.08-19.42.43:865][  0]LogIoStore: Display: ==========================
[2026.09.08-19.42.43:865][  0]LogIoStore: Display:
[2026.09.08-19.42.43:865][  0]LogIoStore: Display:            Container      Size (KiB)
[2026.09.08-19.42.43:865][  0]LogIoStore: Display: ------------------------------------
[2026.09.08-19.42.43:865][  0]LogIoStore: Display:               global            0.00
[2026.09.08-19.42.43:865][  0]LogIoStore: Display:    BiellaGames-Linux           42.63
[2026.09.08-19.42.43:865][  0]LogIoStore: Display:
[2026.09.08-19.42.43:865][  0]LogIoStore: Display: Container Patch Report
[2026.09.08-19.42.43:865][  0]LogIoStore: Display: ========================
[2026.09.08-19.42.43:865][  0]LogIoStore: Display:
[2026.09.08-19.42.43:865][  0]LogIoStore: Display:            Container          Total #       Modified #          Added #   Modified (MiB)      Added (MiB)
[2026.09.08-19.42.43:865][  0]LogIoStore: Display: ---------------------------------------------------------------------------------------------------------
[2026.09.08-19.42.43:865][  0]LogIoStore: Display:               global                1                0                0             0.00             0.00
[2026.09.08-19.42.43:865][  0]LogIoStore: Display:    BiellaGames-Linux             2653                0             2653             0.00           295.03
[2026.09.08-19.42.43:865][  0]LogIoStore: Display: ---------------------------------------------------------------------------------------------------------
[2026.09.08-19.42.43:865][  0]LogIoStore: Display:
[2026.09.08-19.42.43:865][  0]LogIoStore: Display: PackageStore
[2026.09.08-19.42.43:865][  0]LogIoStore: Display: =============
[2026.09.08-19.42.43:865][  0]LogIoStore: Display:
[2026.09.08-19.42.43:865][  0]LogIoStore: Display:            Container      Size (KiB)      Packages #     Localized #
[2026.09.08-19.42.43:865][  0]LogIoStore: Display: --------------------------------------------------------------------
[2026.09.08-19.42.43:865][  0]LogIoStore: Display:    BiellaGames-Linux              21             712               0
[2026.09.08-19.42.43:865][  0]LogIoStore: Display: --------------------------------------------------------------------
[2026.09.08-19.42.43:865][  0]LogIoStore: Display:                Total              21             712               0
[2026.09.08-19.42.43:865][  0]LogIoStore: Display:
[2026.09.08-19.42.43:865][  0]LogIoStore: Display:
[2026.09.08-19.42.43:865][  0]LogIoStore: Display: Input:       712 Packages
[2026.09.08-19.42.43:865][  0]LogIoStore: Display: Input:         0   B UExp
[2026.09.08-19.42.43:865][  0]LogIoStore: Display: Input:    248.31 MiB UAsset
[2026.09.08-19.42.43:865][  0]LogIoStore: Display: Input:     57.11 MiB UBulk
[2026.09.08-19.42.43:865][  0]LogIoStore: Display: Input:    107.10 MiB for 1317 Global shaders
[2026.09.08-19.42.43:865][  0]LogIoStore: Display: Input:      1.94 MiB for 177 Shared shaders
[2026.09.08-19.42.43:865][  0]LogIoStore: Display: Input:         0   B for 0 Unique shaders
[2026.09.08-19.42.43:865][  0]LogIoStore: Display: Input:     19.97 MiB for 280 Inline shaders
[2026.09.08-19.42.43:865][  0]LogIoStore: Display:
[2026.09.08-19.42.43:865][  0]LogIoStore: Display: Output:     1001 Imported package entries
[2026.09.08-19.42.43:865][  0]LogIoStore: Display: Output:      409 Packages without imports
[2026.09.08-19.42.43:865][  0]LogIoStore: Display: Output:        0 Public runtime script objects
[2026.09.08-19.42.43:865][  0]LogIoStore: Display: Output:     3.06 MiB InitialLoadData
[2026.09.08-19.42.43:865][  0]LogIoStore: Display:
[2026.09.08-19.42.43:865][  0]LogIoStore: Display: Success
[2026.09.08-19.42.43:870][  0]LogPakFile: Display: UnrealPak executed in 3.084683 seconds
[2026.09.08-19.42.43:872][  0]LogCore: Engine exit requested (reason: UnrealPak Exiting)
[2026.09.08-19.42.43:872][  0]LogExit: Preparing to exit.
[2026.09.08-19.42.43:873][  0]LogExit: Object subsystem successfully closed.
[2026.09.08-19.42.43:874][  0]LogPakFile: Destroying PakPlatformFile
[2026.09.08-19.42.43:876][  0]LogExit: Exiting.
Took 5.32s to run UnrealPak, ExitCode=0
DumpManifest: /home/unreal/Library/Logs/Unreal Engine/LocalBuildLogs/FinalCopyLinux_UFSFiles.txt, NumItems: 2611
DumpManifest: /home/unreal/Library/Logs/Unreal Engine/LocalBuildLogs/FinalCopyLinux_NonUFSFiles.txt, NumItems: 25
DumpManifest: /home/unreal/Library/Logs/Unreal Engine/LocalBuildLogs/FinalCopyLinux_NonUFSFilesDebug.txt, NumItems: 5
Copying NonUFSFiles to staging directory: /mnt/biella-extra/biella-runtime/d17-01/cook-service-15/stage-17-staged/Linux
Stage command time: 38.09 s
********** STAGE COMMAND COMPLETED **********
********** ARCHIVE COMMAND STARTED **********
Archiving to /mnt/biella-extra/biella-runtime/d17-01/cook-service-15/stage-17-archive
Archive command time: 5.48 s
********** ARCHIVE COMMAND COMPLETED **********
BuildCookRun time: 44.84 s
BUILD SUCCESSFUL
AutomationTool executed for 0h 0m 45s
AutomationTool exiting with ExitCode=0 (Success)
