D02_ENV_TEST event=approach phase=1 time=0.368051
D02_ENV_TEST event=safe_capture phase=26 time=2.028844
D02_ENV_TEST event=power_input phase=2 time=2.540088
D02_ENV_TEST event=range_fixture phase=3 time=2.942089
D02_ENV_TEST event=aim_fixture phase=4 time=3.951585
D02_ENV_TEST event=first_shot phase=5 time=4.956198
D02_ENV_TEST event=damaged_capture phase=6 time=5.055697
D02_ENV_TEST event=second_shot phase=7 time=5.559875
D02_ENV_TEST event=debris_settle phase=8 time=5.660312
D02_ENV_TEST event=destroyed_capture phase=27 time=7.659696
D02_ENV_TEST event=walk_fixture phase=9 time=8.175600
D02_ENV_TEST event=walk_through phase=10 time=9.185702
D02_ENV_TEST event=hazard_fixture phase=11 time=10.087945
D02_ENV_TEST event=shared_hazard phase=12 time=10.797700
D02_ENV_TEST event=hazard_capture phase=28 time=12.292172
D02_ENV_TEST event=cut_power_fixture phase=13 time=12.794997
D02_ENV_TEST event=cut_power phase=14 time=13.303412
D02_ENV_TEST event=safe_floor_fixture phase=15 time=13.412199
D02_ENV_TEST event=safe_floor phase=16 time=14.417819
D02_ENV_TEST event=power_restore_fixture phase=22 time=15.931923
D02_ENV_TEST event=restore_power phase=23 time=16.432285
D02_ENV_TEST event=stream_away phase=17 time=16.833857
D02_ENV_TEST event=terrain_unloaded phase=17 time=19.832879
D02_ENV_TEST event=dormant_stable phase=18 time=19.832923
D02_ENV_TEST event=stream_return phase=19 time=21.833193
D02_ENV_TEST event=return_capture phase=21 time=23.845600
D02_ENV_TEST event=resumed_hazard_fixture phase=24 time=24.349679
D02_ENV_TEST event=resumed_hazard phase=25 time=24.850058
D02_ENV_TEST event=restart_input phase=20 time=25.599973
D02_ENV_TEST event=restart_clean phase=20 time=25.973643
