D02_ENV_TEST event=approach phase=1 time=0.310208
D02_ENV_TEST event=safe_capture phase=26 time=2.049911
D02_ENV_TEST event=power_input phase=2 time=2.559475
D02_ENV_TEST event=range_fixture phase=3 time=2.975491
D02_ENV_TEST event=aim_fixture phase=4 time=3.987658
D02_ENV_TEST event=first_shot phase=5 time=4.994244
D02_ENV_TEST event=damaged_capture phase=6 time=5.094150
D02_ENV_TEST event=second_shot phase=7 time=5.607367
D02_ENV_TEST event=debris_settle phase=8 time=5.706911
D02_ENV_TEST event=destroyed_capture phase=27 time=7.722949
D02_ENV_TEST event=walk_fixture phase=9 time=8.231226
D02_ENV_TEST event=walk_through phase=10 time=9.242331
D02_ENV_TEST event=hazard_fixture phase=11 time=10.150543
D02_ENV_TEST event=shared_hazard phase=12 time=10.863382
D02_ENV_TEST event=hazard_capture phase=28 time=12.363631
D02_ENV_TEST event=cut_power_fixture phase=13 time=12.869057
D02_ENV_TEST event=cut_power phase=14 time=13.375458
D02_ENV_TEST event=safe_floor_fixture phase=15 time=13.475509
D02_ENV_TEST event=safe_floor phase=16 time=14.478746
D02_ENV_TEST event=power_restore_fixture phase=22 time=15.992753
D02_ENV_TEST event=restore_power phase=23 time=16.491765
D02_ENV_TEST event=stream_away phase=17 time=16.892163
D02_ENV_TEST event=terrain_unloaded phase=17 time=19.892261
D02_ENV_TEST event=dormant_stable phase=18 time=19.892313
D02_ENV_TEST event=stream_return phase=19 time=21.892581
D02_ENV_TEST event=return_capture phase=21 time=23.901075
D02_ENV_TEST event=resumed_hazard_fixture phase=24 time=24.405051
D02_ENV_TEST event=resumed_hazard phase=25 time=24.904263
D02_ENV_TEST event=restart_input phase=20 time=25.654130
D02_ENV_TEST event=restart_clean phase=20 time=25.992111
