D02_ENV_TEST event=approach phase=1 time=0.383958
D02_ENV_TEST event=safe_capture phase=26 time=2.039197
D02_ENV_TEST event=power_input phase=2 time=2.905950
D02_ENV_TEST event=range_fixture phase=3 time=3.307457
D02_ENV_TEST event=aim_fixture phase=4 time=4.311945
D02_ENV_TEST event=first_shot phase=5 time=5.308319
D02_ENV_TEST event=damaged_capture phase=6 time=5.408672
D02_ENV_TEST event=second_shot phase=7 time=5.924443
D02_ENV_TEST event=debris_settle phase=8 time=6.024730
D02_ENV_TEST event=destroyed_capture phase=27 time=8.025378
D02_ENV_TEST event=walk_fixture phase=9 time=8.532277
D02_ENV_TEST event=walk_through phase=10 time=9.529677
D02_ENV_TEST event=hazard_fixture phase=11 time=10.434897
D02_ENV_TEST event=shared_hazard phase=12 time=11.143003
D02_ENV_TEST event=hazard_capture phase=28 time=12.638597
D02_ENV_TEST event=cut_power_fixture phase=13 time=13.147839
D02_ENV_TEST event=cut_power phase=14 time=13.653393
D02_ENV_TEST event=safe_floor_fixture phase=15 time=13.748469
D02_ENV_TEST event=safe_floor phase=16 time=14.747987
D02_ENV_TEST event=power_restore_fixture phase=22 time=16.249277
D02_ENV_TEST event=restore_power phase=23 time=16.751218
D02_ENV_TEST event=stream_away phase=17 time=17.148811
D02_ENV_TEST event=terrain_unloaded phase=17 time=20.148675
D02_ENV_TEST event=dormant_stable phase=18 time=20.148730
D02_ENV_TEST event=stream_return phase=19 time=22.150672
D02_ENV_TEST event=return_capture phase=21 time=24.158475
D02_ENV_TEST event=resumed_hazard_fixture phase=24 time=24.665360
D02_ENV_TEST event=resumed_hazard phase=25 time=25.166479
D02_ENV_TEST event=restart_input phase=20 time=25.919924
D02_ENV_TEST event=restart_clean phase=20 time=26.303748
