D02_ENV_TEST event=approach phase=1 time=0.508904
D02_ENV_TEST event=safe_capture phase=26 time=2.121554
D02_ENV_TEST event=power_input phase=2 time=2.632462
D02_ENV_TEST event=range_fixture phase=3 time=3.042415
D02_ENV_TEST event=aim_fixture phase=4 time=4.045936
D02_ENV_TEST event=first_shot phase=5 time=5.059382
D02_ENV_TEST event=damaged_capture phase=6 time=5.168009
D02_ENV_TEST event=second_shot phase=7 time=5.679569
D02_ENV_TEST event=debris_settle phase=8 time=5.784573
D02_ENV_TEST event=destroyed_capture phase=27 time=7.801832
D02_ENV_TEST event=walk_fixture phase=9 time=8.319679
D02_ENV_TEST event=walk_through phase=10 time=9.337648
D02_ENV_TEST event=hazard_fixture phase=11 time=10.245786
D02_ENV_TEST event=shared_hazard phase=12 time=10.949052
D02_ENV_TEST event=hazard_capture phase=28 time=12.459705
D02_ENV_TEST event=cut_power_fixture phase=13 time=12.974278
D02_ENV_TEST event=cut_power phase=14 time=13.473400
D02_ENV_TEST event=safe_floor_fixture phase=15 time=13.589200
D02_ENV_TEST event=safe_floor phase=16 time=14.597383
D02_ENV_TEST event=power_restore_fixture phase=22 time=16.110241
D02_ENV_TEST event=restore_power phase=23 time=16.621859
D02_ENV_TEST event=stream_away phase=17 time=17.018204
D02_ENV_TEST event=terrain_unloaded phase=17 time=20.020535
D02_ENV_TEST event=dormant_stable phase=18 time=20.020579
D02_ENV_TEST event=stream_return phase=19 time=22.020520
D02_ENV_TEST event=return_capture phase=21 time=24.026362
D02_ENV_TEST event=resumed_hazard_fixture phase=24 time=24.528361
D02_ENV_TEST event=resumed_hazard phase=25 time=25.027449
D02_ENV_TEST event=restart_input phase=20 time=25.780211
D02_ENV_TEST event=restart_clean phase=20 time=26.361434
