D02_ENV_TEST event=approach phase=1 time=0.626870
D02_ENV_TEST event=safe_capture phase=26 time=2.233839
D02_ENV_TEST event=power_input phase=2 time=3.086481
D02_ENV_TEST event=range_fixture phase=3 time=3.485815
D02_ENV_TEST event=aim_fixture phase=4 time=4.485627
D02_ENV_TEST event=first_shot phase=5 time=5.491827
D02_ENV_TEST event=damaged_capture phase=6 time=5.592379
D02_ENV_TEST event=second_shot phase=7 time=6.095644
D02_ENV_TEST event=debris_settle phase=8 time=6.197773
D02_ENV_TEST event=destroyed_capture phase=27 time=8.208313
D02_ENV_TEST event=walk_fixture phase=9 time=8.720913
D02_ENV_TEST event=walk_through phase=10 time=9.719249
D02_ENV_TEST event=hazard_fixture phase=11 time=10.620970
D02_ENV_TEST event=shared_hazard phase=12 time=11.322276
D02_ENV_TEST event=hazard_capture phase=28 time=12.825976
D02_ENV_TEST event=cut_power_fixture phase=13 time=13.330511
D02_ENV_TEST event=cut_power phase=14 time=13.828740
D02_ENV_TEST event=safe_floor_fixture phase=15 time=13.928856
D02_ENV_TEST event=safe_floor phase=16 time=14.929990
D02_ENV_TEST event=power_restore_fixture phase=22 time=16.429789
D02_ENV_TEST event=restore_power phase=23 time=16.930406
D02_ENV_TEST event=stream_away phase=17 time=17.329904
D02_ENV_TEST event=terrain_unloaded phase=17 time=20.330512
D02_ENV_TEST event=dormant_stable phase=18 time=20.330568
D02_ENV_TEST event=stream_return phase=19 time=22.331961
D02_ENV_TEST event=return_capture phase=21 time=24.347808
D02_ENV_TEST event=resumed_hazard_fixture phase=24 time=24.855542
D02_ENV_TEST event=resumed_hazard phase=25 time=25.355494
D02_ENV_TEST event=restart_input phase=20 time=26.103401
D02_ENV_TEST event=restart_clean phase=20 time=26.607916
