D02_ENV_TEST event=approach phase=1 time=0.372422
D02_ENV_TEST event=safe_capture phase=26 time=2.046996
D02_ENV_TEST event=power_input phase=2 time=2.556507
D02_ENV_TEST event=range_fixture phase=3 time=2.956603
D02_ENV_TEST event=aim_fixture phase=4 time=3.956991
D02_ENV_TEST event=first_shot phase=5 time=4.958854
D02_ENV_TEST event=damaged_capture phase=6 time=5.057866
D02_ENV_TEST event=second_shot phase=7 time=5.568870
D02_ENV_TEST event=debris_settle phase=8 time=5.668863
D02_ENV_TEST event=destroyed_capture phase=27 time=7.668560
D02_ENV_TEST event=walk_fixture phase=9 time=8.180358
D02_ENV_TEST event=walk_through phase=10 time=9.184931
D02_ENV_TEST event=hazard_fixture phase=11 time=10.084850
D02_ENV_TEST event=shared_hazard phase=12 time=10.784287
D02_ENV_TEST event=hazard_capture phase=28 time=12.281415
D02_ENV_TEST event=cut_power_fixture phase=13 time=12.790788
D02_ENV_TEST event=cut_power phase=14 time=13.290318
D02_ENV_TEST event=safe_floor_fixture phase=15 time=13.390572
D02_ENV_TEST event=safe_floor phase=16 time=14.393649
D02_ENV_TEST event=power_restore_fixture phase=22 time=15.890893
D02_ENV_TEST event=restore_power phase=23 time=16.390775
D02_ENV_TEST event=stream_away phase=17 time=16.790856
D02_ENV_TEST event=terrain_unloaded phase=17 time=19.796416
D02_ENV_TEST event=dormant_stable phase=18 time=19.796456
D02_ENV_TEST event=stream_return phase=19 time=21.791913
D02_ENV_TEST event=return_capture phase=21 time=23.793283
D02_ENV_TEST event=resumed_hazard_fixture phase=24 time=24.297649
D02_ENV_TEST event=resumed_hazard phase=25 time=24.804301
D02_ENV_TEST event=restart_input phase=20 time=25.552464
D02_ENV_TEST event=restart_clean phase=20 time=25.870558
