D02_ENV_TEST event=approach phase=1 time=0.583815
D02_ENV_TEST event=safe_capture phase=26 time=2.201660
D02_ENV_TEST event=power_input phase=2 time=3.152809
D02_ENV_TEST event=range_fixture phase=3 time=3.560303
D02_ENV_TEST event=aim_fixture phase=4 time=4.556145
D02_ENV_TEST event=first_shot phase=5 time=5.563276
D02_ENV_TEST event=damaged_capture phase=6 time=5.656791
D02_ENV_TEST event=second_shot phase=7 time=6.174998
D02_ENV_TEST event=debris_settle phase=8 time=6.270505
D02_ENV_TEST event=destroyed_capture phase=27 time=8.280354
D02_ENV_TEST event=walk_fixture phase=9 time=8.788917
D02_ENV_TEST event=walk_through phase=10 time=9.794325
D02_ENV_TEST event=hazard_fixture phase=11 time=10.695329
D02_ENV_TEST event=shared_hazard phase=12 time=11.399182
D02_ENV_TEST event=hazard_capture phase=28 time=12.901860
D02_ENV_TEST event=cut_power_fixture phase=13 time=13.406460
D02_ENV_TEST event=cut_power phase=14 time=13.912284
D02_ENV_TEST event=safe_floor_fixture phase=15 time=14.007948
D02_ENV_TEST event=safe_floor phase=16 time=15.008318
D02_ENV_TEST event=power_restore_fixture phase=22 time=16.524186
D02_ENV_TEST event=restore_power phase=23 time=17.033565
D02_ENV_TEST event=stream_away phase=17 time=17.440113
D02_ENV_TEST event=terrain_unloaded phase=17 time=20.440587
D02_ENV_TEST event=dormant_stable phase=18 time=20.440652
D02_ENV_TEST event=stream_return phase=19 time=22.446086
D02_ENV_TEST event=return_capture phase=21 time=24.447553
D02_ENV_TEST event=resumed_hazard_fixture phase=24 time=24.963225
D02_ENV_TEST event=resumed_hazard phase=25 time=25.461984
D02_ENV_TEST event=restart_input phase=20 time=26.209347
D02_ENV_TEST event=restart_clean phase=20 time=26.835265
