Setting up bundled DotNet SDK
Running command : dotnet Engine/Binaries/DotNET/UnrealBuildTool/UnrealBuildTool.dll BiellaGamesEditor Linux Development -Project=/root/biella/repos/biella-engine/projects/biella-games/BiellaGames.uproject -WaitMutex
Log file: /root/.config/Epic/UnrealBuildTool/Log.txt
Determining max actions to execute in parallel (15 physical cores, 15 logical cores)
  Executing up to 15 processes, one per physical core
UbaStorageServer - FileMapping backing: memfd
UbaServer - Listening on 0.0.0.0:1345
Invalidating makefile for BiellaGamesEditor (source file added)
FileHashCache - There is no partition covering path to /root/biella/repos/biella-engine/projects/biella-games/Intermediate/Build/Linux/x64/BiellaGamesEditor/Development/Core/SharedDefinitions.Core.Cpp20.h!
FileHashCache - There is no partition covering path to /root/biella/repos/biella-engine/projects/biella-games/Intermediate/Build/Linux/x64/BiellaGamesEditor/Development/Core/SharedPCH.Core.Cpp20.h!
FileHashCache - There is no partition covering path to /root/biella/repos/biella-engine/projects/biella-games/Intermediate/Build/Linux/x64/BiellaGamesEditor/Development/Core/SharedPCH.Core.Cpp20.h.gch.rsp!
FileHashCache - There is no partition covering path to /root/biella/repos/biella-engine/projects/biella-games/Intermediate/Build/Linux/x64/BiellaGamesEditor/Development/CoreUObject/SharedDefinitions.CoreUObject.Cpp20.h!
FileHashCache - There is no partition covering path to /root/biella/repos/biella-engine/projects/biella-games/Intermediate/Build/Linux/x64/BiellaGamesEditor/Development/CoreUObject/SharedPCH.CoreUObject.Cpp20.h!
FileHashCache - There is no partition covering path to /root/biella/repos/biella-engine/projects/biella-games/Intermediate/Build/Linux/x64/BiellaGamesEditor/Development/CoreUObject/SharedPCH.CoreUObject.Cpp20.h.gch.rsp!
FileHashCache - There is no partition covering path to /root/biella/repos/biella-engine/projects/biella-games/Intermediate/Build/Linux/x64/BiellaGamesEditor/Development/CoreUObject/SharedDefinitions.CoreUObject.RTTI.Cpp20.h!
FileHashCache - There is no partition covering path to /root/biella/repos/biella-engine/projects/biella-games/Intermediate/Build/Linux/x64/BiellaGamesEditor/Development/CoreUObject/SharedPCH.CoreUObject.RTTI.Cpp20.h!
FileHashCache - There is no partition covering path to /root/biella/repos/biella-engine/projects/biella-games/Intermediate/Build/Linux/x64/BiellaGamesEditor/Development/CoreUObject/SharedPCH.CoreUObject.RTTI.Cpp20.h.gch.rsp!
FileHashCache - There is no partition covering path to /root/biella/repos/biella-engine/projects/biella-games/Intermediate/Build/Linux/x64/BiellaGamesEditor/Development/Slate/SharedDefinitions.Slate.Cpp20.h!
FileHashCache - There is no partition covering path to /root/biella/repos/biella-engine/projects/biella-games/Intermediate/Build/Linux/x64/BiellaGamesEditor/Development/Slate/SharedPCH.Slate.Cpp20.h!
FileHashCache - There is no partition covering path to /root/biella/repos/biella-engine/projects/biella-games/Intermediate/Build/Linux/x64/BiellaGamesEditor/Development/Slate/SharedPCH.Slate.Cpp20.h.gch.rsp!
FileHashCache - There is no partition covering path to /root/biella/repos/biella-engine/projects/biella-games/Intermediate/Build/Linux/x64/BiellaGamesEditor/Development/Engine/SharedDefinitions.Engine.Cpp20.h!
FileHashCache - There is no partition covering path to /root/biella/repos/biella-engine/projects/biella-games/Intermediate/Build/Linux/x64/BiellaGamesEditor/Development/Engine/SharedPCH.Engine.Cpp20.h!
FileHashCache - There is no partition covering path to /root/biella/repos/biella-engine/projects/biella-games/Intermediate/Build/Linux/x64/BiellaGamesEditor/Development/Engine/SharedPCH.Engine.Cpp20.h.gch.rsp!
FileHashCache - There is no partition covering path to /root/biella/repos/biella-engine/projects/biella-games/Intermediate/Build/Linux/x64/BiellaGamesEditor/Development/Engine/SharedDefinitions.Engine.Project.ValApi.ValExpApi.Cpp20.h!
FileHashCache - There is no partition covering path to /root/biella/repos/biella-engine/projects/biella-games/Intermediate/Build/Linux/x64/BiellaGamesEditor/Development/Engine/SharedPCH.Engine.Project.ValApi.ValExpApi.Cpp20.h!
FileHashCache - There is no partition covering path to /root/biella/repos/biella-engine/projects/biella-games/Intermediate/Build/Linux/x64/BiellaGamesEditor/Development/Engine/SharedPCH.Engine.Project.ValApi.ValExpApi.Cpp20.h.gch.rsp!
FileHashCache - There is no partition covering path to /root/biella/repos/biella-engine/projects/biella-games/Intermediate/Build/Linux/x64/BiellaGamesEditor/Development/UnrealEd/SharedDefinitions.UnrealEd.Cpp20.h!
FileHashCache - There is no partition covering path to /root/biella/repos/biella-engine/projects/biella-games/Intermediate/Build/Linux/x64/BiellaGamesEditor/Development/UnrealEd/SharedPCH.UnrealEd.Cpp20.h!
FileHashCache - There is no partition covering path to /root/biella/repos/biella-engine/projects/biella-games/Intermediate/Build/Linux/x64/BiellaGamesEditor/Development/UnrealEd/SharedPCH.UnrealEd.Cpp20.h.gch.rsp!
FileHashCache - There is no partition covering path to /root/biella/repos/biella-engine/projects/biella-games/Intermediate/Build/Linux/x64/BiellaGamesEditor/Development/UnrealEd/SharedDefinitions.UnrealEd.Project.ValApi.ValExpApi.Cpp20.h!
FileHashCache - There is no partition covering path to /root/biella/repos/biella-engine/projects/biella-games/Intermediate/Build/Linux/x64/BiellaGamesEditor/Development/UnrealEd/SharedPCH.UnrealEd.Project.ValApi.ValExpApi.Cpp20.h!
FileHashCache - There is no partition covering path to /root/biella/repos/biella-engine/projects/biella-games/Intermediate/Build/Linux/x64/BiellaGamesEditor/Development/UnrealEd/SharedPCH.UnrealEd.Project.ValApi.ValExpApi.Cpp20.h.gch.rsp!
UHT compiled-in object format Default
Building BiellaGamesEditor...
===== Toolchain Information =====
Using ISPC compiler (/opt/unreal/UE_5.8.2/Engine/Source/ThirdParty/Intel/ISPC/bin/Linux/ispc)
  Intel(r) Implicit SPMD Program Compiler (Intel(r) ISPC), 1.24.0 (build commit  @ 20240919, LLVM 18.1.6)
Using Clang compiler 20.1.8 (/opt/unreal/UE_5.8.2/Engine/Extras/ThirdPartyNotUE/SDKs/HostLinux/Linux_x64/v26_clang-20.1.8-rockylinux8/x86_64-unknown-linux-gnu/bin/clang++)
  clang version 20.1.8 (github.com/llvm/llvm-project 87f0227cb60147a26a1eeb4fb06e3b505e9c7261) Target: x86_64-unknown-linux-gnu Thread model: posix InstalledDir: /opt/unreal/UE_5.8.2/Engine/Extras/ThirdPartyNotUE/SDKs/HostLinux/Linux_x64/v26_clang-20.1.8-rockylinux8/x86_64-unknown-linux-gnu/bin
Using Clang archiver (/opt/unreal/UE_5.8.2/Engine/Extras/ThirdPartyNotUE/SDKs/HostLinux/Linux_x64/v26_clang-20.1.8-rockylinux8/x86_64-unknown-linux-gnu/bin/llvm-ar)
  LLVM (http://llvm.org/):   LLVM version 20.1.8   Optimized build.
Using toolchain located at '/opt/unreal/UE_5.8.2/Engine/Extras/ThirdPartyNotUE/SDKs/HostLinux/Linux_x64/v26_clang-20.1.8-rockylinux8/x86_64-unknown-linux-gnu'
Using bundled libc++ standard C++ library.
Compressing debug files
[Adaptive Build] Excluded from BiellaGames unity file: BiellaGames.cpp, BiellaGamesGameState.cpp, BiellaEnvironmentSite.cpp, BiellaDriverPose.cpp, BiellaPlaytestTelemetry.cpp, BiellaWorldAuthoring.cpp, BiellaGamesGameInstance.cpp, BasicWorldGeometry.cpp, ThirdPartyNanosvg.cpp, BiellaUpperBodyActions.cpp, BiellaCharacterAnimInstance.cpp, BiellaGameplayHUD.cpp, BiellaWorldContinuity.cpp, ThirdPartyAHEasing.cpp, BiellaInfected.cpp, BiellaDemoObjectiveManager.cpp, BiellaVehiclePresentation.cpp, BiellaGamesGameModeBase.cpp, BiellaVehicle.cpp, BiellaGameplayFeedback.cpp, BiellaDefeatAnimInstance.cpp, BiellaRival.cpp, BiellaGamesPlayerController.cpp, BiellaPopulation.cpp, BiellaFootPlacement.cpp, BiellaGamesCharacter.cpp, BiellaUpperBodyAim.cpp, BiellaDemoPawn.cpp, BiellaAnimationTest.cpp, BiellaPopulationTest.cpp, BiellaDefeatTest.cpp, BiellaRestartResetTest.cpp, BiellaFootContactTest.cpp, BiellaPresentationTest.cpp, BiellaEnvironmentTest.cpp, BiellaNativePerformanceTest.cpp, BiellaDeterministicPlaytest.cpp, BiellaActionTest.cpp, BiellaRivalNavigationTest.cpp, BiellaAimTest.cpp, BiellaFailureStateTest.cpp, BiellaRivalCombatTest.cpp, BiellaSharedInteractionTest.cpp, BiellaLifecycleCleanupTest.cpp, BiellaWorldStreamingTest.cpp, BiellaDemoObjectiveTest.cpp, BiellaFeedbackTest.cpp, BiellaArenaPressureTest.cpp, BiellaTerminalOverlayTest.cpp, BiellaVehicleTest.cpp, BiellaPressureResponsesTest.cpp, BiellaAudioMixTest.cpp, BiellaVisualReadabilityTest.cpp, BiellaGameplayHUDTest.cpp
=================================
Using Unreal Build Accelerator local executor to run 44 action(s)
  CPU 15 physical cores, 15 logical cores
  Memory 86.31 GB physical, 13.94 GB/75.15 GB committed
  UBA Storage capacity 40 GB
[1/44] Compile BiellaDriverPose.cpp
[2/44] Compile BiellaFailureStateTest.cpp
[3/44] Compile BiellaDemoObjectiveTest.cpp
[4/44] Compile BiellaDemoObjectiveManager.cpp
[5/44] Compile BiellaCharacterAnimInstance.cpp
[6/44] Compile BiellaAimTest.cpp
[7/44] Compile BiellaDefeatTest.cpp
[8/44] Compile BiellaDemoPawn.cpp
[9/44] Compile BiellaActionTest.cpp
[10/44] Compile BiellaEnvironmentSite.cpp
[11/44] Compile BiellaAnimationTest.cpp
[12/44] Compile BiellaAudioMixTest.cpp
[13/44] Compile BiellaFootPlacement.cpp
[14/44] Compile BiellaEnvironmentTest.cpp
[15/44] Compile BiellaGameplayHUDTest.cpp
[16/44] Compile BiellaFootContactTest.cpp
[17/44] Compile BiellaInfected.cpp
[18/44] Compile BiellaDeterministicPlaytest.cpp
[19/44] Compile BiellaGamesPlayerController.cpp
[20/44] Compile BiellaLifecycleCleanupTest.cpp
[21/44] Compile BiellaGameplayHUD.cpp
[22/44] Compile BiellaGamesGameModeBase.cpp
[23/44] Compile BiellaGamesCharacter.cpp
[24/44] Compile BiellaPopulation.cpp
[25/44] Compile BiellaRestartResetTest.cpp
[26/44] Compile BiellaPresentationTest.cpp
[27/44] Compile BiellaPopulationTest.cpp
[28/44] Compile BiellaFeedbackTest.cpp
[29/44] Compile BiellaRival.cpp
[30/44] Compile BiellaPressureResponsesTest.cpp
[31/44] Compile BiellaUpperBodyActions.cpp
[32/44] Compile BiellaNativePerformanceTest.cpp
[33/44] Compile BiellaRivalCombatTest.cpp
[34/44] Compile BiellaUpperBodyAim.cpp
[35/44] Compile BiellaRivalNavigationTest.cpp
[36/44] Compile BiellaTerminalOverlayTest.cpp
[37/44] Compile BiellaVehicleTest.cpp
/root/biella/repos/biella-engine/projects/biella-games/Source/BiellaGames/Private/Tests/BiellaVehicleTest.cpp:364:15: error: variable 'Mesh' with type 'auto *' has incompatible initializer of type 'TObjectPtr<USkeletalMeshComponent>'
  364 |         auto* Mesh=Player->CharacterMesh;
      |               ^    ~~~~~~~~~~~~~~~~~~~~~
1 error generated.
[38/44] Compile BiellaSharedInteractionTest.cpp
[39/44] Compile BiellaVehicle.cpp
[40/44] Compile BiellaWorldContinuity.cpp
[41/44] Compile BiellaVisualReadabilityTest.cpp
[42/44] Compile Module.BiellaGames.cpp
[43/44] Compile BiellaWorldStreamingTest.cpp
Total time in Unreal Build Accelerator local executor: 16.22 seconds

Result: Failed (OtherCompilationError)
Total execution time: 24.52 seconds
Trace written to file /root/.config/Epic/UnrealBuildTool/Trace.uba with size 12.9kb
