D02_ENV_TEST event=approach phase=1 time=0.346073
D02_ENV_TEST event=safe_capture phase=26 time=2.046175
D02_ENV_TEST event=power_input phase=2 time=2.553729
D02_ENV_TEST event=range_fixture phase=3 time=2.966702
D02_ENV_TEST event=aim_fixture phase=4 time=3.981418
D02_ENV_TEST event=first_shot phase=5 time=4.976788
D02_ENV_TEST event=damaged_capture phase=6 time=5.079951
D02_ENV_TEST event=second_shot phase=7 time=5.617730
D02_ENV_TEST event=debris_settle phase=8 time=5.689613
D02_ENV_TEST event=destroyed_capture phase=27 time=7.725185
D02_ENV_TEST event=walk_fixture phase=9 time=8.216471
D02_ENV_TEST event=walk_through phase=10 time=9.227864
D02_ENV_TEST event=hazard_fixture phase=11 time=10.133929
D02_ENV_TEST event=shared_hazard phase=12 time=10.849419
D02_ENV_TEST event=hazard_capture phase=28 time=12.344683
D02_ENV_TEST event=cut_power_fixture phase=13 time=12.855455
D02_ENV_TEST event=cut_power phase=14 time=13.359979
D02_ENV_TEST event=safe_floor_fixture phase=15 time=13.460688
D02_ENV_TEST event=safe_floor phase=16 time=14.464272
D02_ENV_TEST event=power_restore_fixture phase=22 time=15.973170
D02_ENV_TEST event=restore_power phase=23 time=16.478657
D02_ENV_TEST event=stream_away phase=17 time=16.877568
D02_ENV_TEST event=terrain_unloaded phase=17 time=19.879242
D02_ENV_TEST event=dormant_stable phase=18 time=19.879285
D02_ENV_TEST event=stream_return phase=19 time=21.879921
D02_ENV_TEST event=return_capture phase=21 time=23.886714
D02_ENV_TEST event=resumed_hazard_fixture phase=24 time=24.390073
D02_ENV_TEST event=resumed_hazard phase=25 time=24.887803
D02_ENV_TEST event=restart_input phase=20 time=25.639824
D02_ENV_TEST event=restart_clean phase=20 time=26.042512
