D02_ENV_TEST event=approach phase=1 time=0.351043
D02_ENV_TEST event=safe_capture phase=26 time=2.039500
D02_ENV_TEST event=power_input phase=2 time=2.906341
D02_ENV_TEST event=range_fixture phase=3 time=3.307150
D02_ENV_TEST event=aim_fixture phase=4 time=4.307690
D02_ENV_TEST event=first_shot phase=5 time=5.307114
D02_ENV_TEST event=damaged_capture phase=6 time=5.408123
D02_ENV_TEST event=second_shot phase=7 time=5.918126
D02_ENV_TEST event=debris_settle phase=8 time=6.018868
D02_ENV_TEST event=destroyed_capture phase=27 time=8.022812
D02_ENV_TEST event=walk_fixture phase=9 time=8.525261
D02_ENV_TEST event=walk_through phase=10 time=9.525279
D02_ENV_TEST event=hazard_fixture phase=11 time=10.426957
D02_ENV_TEST event=shared_hazard phase=12 time=11.136594
D02_ENV_TEST event=hazard_capture phase=28 time=12.628908
D02_ENV_TEST event=cut_power_fixture phase=13 time=13.140115
D02_ENV_TEST event=cut_power phase=14 time=13.641115
D02_ENV_TEST event=safe_floor_fixture phase=15 time=13.738431
D02_ENV_TEST event=safe_floor phase=16 time=14.740147
D02_ENV_TEST event=power_restore_fixture phase=22 time=16.240884
D02_ENV_TEST event=restore_power phase=23 time=16.742517
D02_ENV_TEST event=stream_away phase=17 time=17.139079
D02_ENV_TEST event=terrain_unloaded phase=17 time=20.138376
D02_ENV_TEST event=dormant_stable phase=18 time=20.138428
D02_ENV_TEST event=stream_return phase=19 time=22.143749
D02_ENV_TEST event=return_capture phase=21 time=24.148634
D02_ENV_TEST event=resumed_hazard_fixture phase=24 time=24.663211
D02_ENV_TEST event=resumed_hazard phase=25 time=25.158825
D02_ENV_TEST event=restart_input phase=20 time=25.909225
D02_ENV_TEST event=restart_clean phase=20 time=26.281783
