D02_VEHICLE_TEST event=approach phase=1 time=0.273094
D02_VEHICLE_TEST event=approach_capture phase=22 time=3.037708
D02_VEHICLE_TEST event=enter_key phase=2 time=3.809143
D02_VEHICLE_TEST event=accelerate phase=3 time=4.159765
D02_VEHICLE_TEST event=steer_right phase=4 time=5.659350
D02_VEHICLE_TEST event=steer_left phase=5 time=5.956375
D02_VEHICLE_TEST event=streamed_traversal phase=6 time=6.260231
D02_VEHICLE_TEST event=support_removed phase=6 time=8.211968
D02_VEHICLE_TEST event=support_hold phase=6 time=8.710824
D02_VEHICLE_TEST event=support_restored phase=6 time=8.711082
D02_VEHICLE_TEST event=brake phase=7 time=13.513086
D02_VEHICLE_TEST event=reverse phase=8 time=15.017825
D02_VEHICLE_TEST event=reverse_brake phase=9 time=16.515931
D02_VEHICLE_TEST event=collision_approach phase=10 time=18.013433
D02_VEHICLE_TEST event=collision_response phase=11 time=20.684218
D02_VEHICLE_TEST event=exit_key phase=12 time=22.202560
D02_VEHICLE_TEST event=walking_resumed phase=13 time=22.599164
D02_VEHICLE_TEST event=depart phase=14 time=23.373196
D02_VEHICLE_TEST event=parked phase=15 time=26.330159
D02_VEHICLE_TEST event=return phase=16 time=28.334838
D02_VEHICLE_TEST event=reenter phase=17 time=31.331985
D02_VEHICLE_TEST event=npc_contact_approach phase=21 time=31.736485
D02_VEHICLE_TEST event=npc_contact_confirmed phase=21 time=35.719650
D02_VEHICLE_TEST event=disabled phase=18 time=35.719723
D02_VEHICLE_TEST event=driver_defeated phase=19 time=37.219223
D02_VEHICLE_TEST event=restart_wait phase=20 time=38.218274
D02_VEHICLE_TEST event=restart_key phase=30 time=39.224414
D02_VEHICLE_TEST event=restart_clean phase=30 time=39.480623
