[2026.09.08-23.41.20:651][  2]LogTemp: Display: D01_SIGNAL DAMAGE target=BiellaInfected_2147482262 amount=14.0 health=56.0 tag=rival_fire source=BiellaRival_2147482249 source_team=1 target_team=2 time=0.417
[2026.09.08-23.41.20:656][  2]LogTemp: Display: D01_SIGNAL HIT_REACTION target=BiellaInfected_2147482262
[2026.09.08-23.41.20:657][  2]LogTemp: Display: D01_SIGNAL COMBAT_FEEDBACK target=BiellaInfected_2147482262 feedback=hit_flash
[2026.09.08-23.41.20:657][  2]LogTemp: Display: D01_SIGNAL RIVAL_FIRE owner=BiellaRival_2147482249 target=BiellaInfected_2147482262 hit=true damage=14.0 muzzle=V(X=829.44, Y=48.28, Z=122.28) impact=V(X=557.58, Y=234.29, Z=93.65) time=0.417
[2026.09.08-23.41.22:113][ 21]LogTemp: Display: D01_SIGNAL DAMAGE target=BiellaInfected_2147482262 amount=14.0 health=42.0 tag=rival_fire source=BiellaRival_2147482249 source_team=1 target_team=2 time=1.324
[2026.09.08-23.41.22:114][ 21]LogTemp: Display: D01_SIGNAL HIT_REACTION target=BiellaInfected_2147482262
[2026.09.08-23.41.22:114][ 21]LogTemp: Display: D01_SIGNAL COMBAT_FEEDBACK target=BiellaInfected_2147482262 feedback=hit_flash
[2026.09.08-23.41.22:114][ 21]LogTemp: Display: D01_SIGNAL RIVAL_FIRE owner=BiellaRival_2147482249 target=BiellaInfected_2147482262 hit=true damage=14.0 muzzle=V(X=958.28, Y=-39.88, Z=127.88) impact=V(X=714.80, Y=126.71, Z=94.72) time=1.324
[2026.09.08-23.41.23:022][ 71]LogTemp: Display: D01_SIGNAL DAMAGE target=BiellaInfected_2147482262 amount=14.0 health=28.0 tag=rival_fire source=BiellaRival_2147482249 source_team=1 target_team=2 time=2.235
[2026.09.08-23.41.23:023][ 71]LogTemp: Display: D01_SIGNAL HIT_REACTION target=BiellaInfected_2147482262
[2026.09.08-23.41.23:023][ 71]LogTemp: Display: D01_SIGNAL COMBAT_FEEDBACK target=BiellaInfected_2147482262 feedback=hit_flash
[2026.09.08-23.41.23:023][ 71]LogTemp: Display: D01_SIGNAL RIVAL_FIRE owner=BiellaRival_2147482249 target=BiellaInfected_2147482262 hit=true damage=14.0 muzzle=V(X=1139.12, Y=-163.61, Z=130.71) impact=V(X=872.52, Y=18.80, Z=94.68) time=2.235
[2026.09.08-23.41.23:924][123]LogTemp: Display: D01_SIGNAL DAMAGE target=BiellaInfected_2147482262 amount=14.0 health=14.0 tag=rival_fire source=BiellaRival_2147482249 source_team=1 target_team=2 time=3.140
[2026.09.08-23.41.23:924][123]LogTemp: Display: D01_SIGNAL HIT_REACTION target=BiellaInfected_2147482262
[2026.09.08-23.41.23:924][123]LogTemp: Display: D01_SIGNAL COMBAT_FEEDBACK target=BiellaInfected_2147482262 feedback=hit_flash
[2026.09.08-23.41.23:925][123]LogTemp: Display: D01_SIGNAL RIVAL_FIRE owner=BiellaRival_2147482249 target=BiellaInfected_2147482262 hit=true damage=14.0 muzzle=V(X=1326.13, Y=-291.56, Z=131.40) impact=V(X=1029.52, Y=-88.62, Z=94.33) time=3.140
[2026.09.08-23.41.24:259][142]LogTemp: Display: D01_SIGNAL DAMAGE target=D02Pop_Street01_01 amount=14.0 health=56.0 tag=rival_fire source=D02Pop_Street01_00 source_team=1 target_team=2 time=3.468
[2026.09.08-23.41.24:260][142]LogTemp: Display: D01_SIGNAL HIT_REACTION target=D02Pop_Street01_01
[2026.09.08-23.41.24:260][142]LogTemp: Display: D01_SIGNAL COMBAT_FEEDBACK target=D02Pop_Street01_01 feedback=hit_flash
[2026.09.08-23.41.24:260][142]LogTemp: Display: D01_SIGNAL RIVAL_FIRE owner=D02Pop_Street01_00 target=D02Pop_Street01_01 hit=true damage=14.0 muzzle=V(X=3575.23, Y=-400.00, Z=120.95) impact=V(X=3788.00, Y=-400.00, Z=95.10) time=3.468
[2026.09.08-23.41.24:833][175]LogTemp: Display: D01_SIGNAL DAMAGE target=BiellaInfected_2147482262 amount=14.0 health=0.0 tag=rival_fire source=BiellaRival_2147482249 source_team=1 target_team=2 time=4.050
[2026.09.08-23.41.24:837][175]LogTemp: Display: D01_SIGNAL HIT_REACTION target=BiellaInfected_2147482262
[2026.09.08-23.41.24:837][175]LogTemp: Display: D01_SIGNAL COMBAT_FEEDBACK target=BiellaInfected_2147482262 feedback=hit_flash
[2026.09.08-23.41.24:838][175]LogTemp: Display: D01_SIGNAL DEFEAT actor=BiellaInfected_2147482262 reason=rival_fire
[2026.09.08-23.41.24:838][175]LogTemp: Display: D01_SIGNAL RIVAL_FIRE owner=BiellaRival_2147482249 target=BiellaInfected_2147482262 hit=true damage=14.0 muzzle=V(X=1483.00, Y=-398.89, Z=131.40) impact=V(X=1187.17, Y=-196.49, Z=94.34) time=4.050
[2026.09.08-23.41.25:161][191]LogTemp: Display: D01_SIGNAL DAMAGE target=D02Pop_Street01_01 amount=14.0 health=42.0 tag=rival_fire source=D02Pop_Street01_00 source_team=1 target_team=2 time=4.376
[2026.09.08-23.41.25:162][191]LogTemp: Display: D01_SIGNAL HIT_REACTION target=D02Pop_Street01_01
[2026.09.08-23.41.25:162][191]LogTemp: Display: D01_SIGNAL COMBAT_FEEDBACK target=D02Pop_Street01_01 feedback=hit_flash
[2026.09.08-23.41.25:162][191]LogTemp: Display: D01_SIGNAL RIVAL_FIRE owner=D02Pop_Street01_00 target=D02Pop_Street01_01 hit=true damage=14.0 muzzle=V(X=3344.70, Y=-400.00, Z=128.26) impact=V(X=3597.38, Y=-400.00, Z=99.72) time=4.376
[2026.09.08-23.41.25:744][223]LogTemp: Display: D01_SIGNAL DAMAGE target=BiellaInfected_2147482255 amount=14.0 health=56.0 tag=rival_fire source=BiellaRival_2147482249 source_team=1 target_team=2 time=4.960
[2026.09.08-23.41.25:746][223]LogTemp: Display: D01_SIGNAL HIT_REACTION target=BiellaInfected_2147482255
[2026.09.08-23.41.25:746][223]LogTemp: Display: D01_SIGNAL COMBAT_FEEDBACK target=BiellaInfected_2147482255 feedback=hit_flash
[2026.09.08-23.41.25:746][223]LogTemp: Display: D01_SIGNAL RIVAL_FIRE owner=BiellaRival_2147482249 target=BiellaInfected_2147482255 hit=true damage=14.0 muzzle=V(X=1685.13, Y=-512.31, Z=130.42) impact=V(X=1448.16, Y=-396.24, Z=95.55) time=4.960
[2026.09.08-23.41.26:075][242]LogTemp: Display: D01_SIGNAL DAMAGE target=D02Pop_Street01_01 amount=14.0 health=28.0 tag=rival_fire source=D02Pop_Street01_00 source_team=1 target_team=2 time=5.291
[2026.09.08-23.41.26:079][242]LogTemp: Display: D01_SIGNAL HIT_REACTION target=D02Pop_Street01_01
[2026.09.08-23.41.26:079][242]LogTemp: Display: D01_SIGNAL COMBAT_FEEDBACK target=D02Pop_Street01_01 feedback=hit_flash
[2026.09.08-23.41.26:079][242]LogTemp: Display: D01_SIGNAL RIVAL_FIRE owner=D02Pop_Street01_00 target=D02Pop_Street01_01 hit=true damage=14.0 muzzle=V(X=3191.28, Y=-509.37, Z=129.90) impact=V(X=3411.79, Y=-431.11, Z=102.43) time=5.291
[2026.09.08-23.41.26:644][272]LogTemp: Display: D01_SIGNAL DAMAGE target=BiellaInfected_2147482255 amount=14.0 health=42.0 tag=rival_fire source=BiellaRival_2147482249 source_team=1 target_team=2 time=5.860
[2026.09.08-23.41.26:647][272]LogTemp: Display: D01_SIGNAL HIT_REACTION target=BiellaInfected_2147482255
[2026.09.08-23.41.26:647][272]LogTemp: Display: D01_SIGNAL COMBAT_FEEDBACK target=BiellaInfected_2147482255 feedback=hit_flash
[2026.09.08-23.41.26:647][272]LogTemp: Display: D01_SIGNAL RIVAL_FIRE owner=BiellaRival_2147482249 target=BiellaInfected_2147482255 hit=true damage=14.0 muzzle=V(X=1883.24, Y=-609.34, Z=130.80) impact=V(X=1617.88, Y=-479.37, Z=95.08) time=5.860
[2026.09.08-23.41.26:984][291]LogTemp: Display: D01_SIGNAL DAMAGE target=BiellaInfected_2147482255 amount=34.0 health=8.0 tag=player_fire source=BiellaStreamingCharacter_2147482380 source_team=0 target_team=2 time=6.198
[2026.09.08-23.41.26:990][291]LogTemp: Display: D01_SIGNAL HIT_REACTION target=BiellaInfected_2147482255
[2026.09.08-23.41.26:990][291]LogTemp: Display: D01_SIGNAL COMBAT_FEEDBACK target=BiellaInfected_2147482255 feedback=hit_flash
[2026.09.08-23.41.26:990][291]LogTemp: Display: D01_SIGNAL WEAPON_FIRE owner=BiellaStreamingCharacter_2147482380 target=BiellaInfected_2147482255 hit=true damage=34.0 ammo=59
[2026.09.08-23.41.26:993][291]LogTemp: Display: D01_SIGNAL DAMAGE target=D02Pop_Street01_01 amount=14.0 health=14.0 tag=rival_fire source=D02Pop_Street01_00 source_team=1 target_team=2 time=6.198
[2026.09.08-23.41.26:997][291]LogTemp: Display: D01_SIGNAL HIT_REACTION target=D02Pop_Street01_01
[2026.09.08-23.41.26:997][291]LogTemp: Display: D01_SIGNAL COMBAT_FEEDBACK target=D02Pop_Street01_01 feedback=hit_flash
[2026.09.08-23.41.26:998][291]LogTemp: Display: D01_SIGNAL RIVAL_FIRE owner=D02Pop_Street01_00 target=D02Pop_Street01_01 hit=true damage=14.0 muzzle=V(X=2980.99, Y=-583.52, Z=131.08) impact=V(X=3231.60, Y=-495.02, Z=103.14) time=6.198
[2026.09.08-23.41.27:321][309]LogTemp: Display: D01_SIGNAL DAMAGE target=BiellaInfected_2147482255 amount=8.0 health=0.0 tag=player_fire source=BiellaStreamingCharacter_2147482380 source_team=0 target_team=2 time=6.536
[2026.09.08-23.41.27:322][309]LogTemp: Display: D01_SIGNAL HIT_REACTION target=BiellaInfected_2147482255
[2026.09.08-23.41.27:322][309]LogTemp: Display: D01_SIGNAL COMBAT_FEEDBACK target=BiellaInfected_2147482255 feedback=hit_flash
[2026.09.08-23.41.27:322][309]LogTemp: Display: D01_SIGNAL DEFEAT actor=BiellaInfected_2147482255 reason=player_fire
[2026.09.08-23.41.27:324][309]LogTemp: Display: D01_SIGNAL WEAPON_FIRE owner=BiellaStreamingCharacter_2147482380 target=BiellaInfected_2147482255 hit=true damage=8.0 ammo=58
[2026.09.08-23.41.27:661][328]LogTemp: Display: D01_SIGNAL DAMAGE target=D02Pop_Street01_01 amount=14.0 health=0.0 tag=rival_fire source=BiellaRival_2147482249 source_team=1 target_team=2 time=6.878
[2026.09.08-23.41.27:663][328]LogTemp: Display: D01_SIGNAL HIT_REACTION target=D02Pop_Street01_01
[2026.09.08-23.41.27:663][328]LogTemp: Display: D01_SIGNAL COMBAT_FEEDBACK target=D02Pop_Street01_01 feedback=hit_flash
[2026.09.08-23.41.27:663][328]LogTemp: Display: D01_SIGNAL DEFEAT actor=D02Pop_Street01_01 reason=rival_fire
[2026.09.08-23.41.27:664][328]LogTemp: Display: D01_SIGNAL RIVAL_FIRE owner=BiellaRival_2147482249 target=D02Pop_Street01_01 hit=true damage=14.0 muzzle=V(X=2292.37, Y=-686.87, Z=133.60) impact=V(X=3095.03, Y=-536.41, Z=100.88) time=6.878
[2026.09.08-23.41.27:680][329]LogTemp: Display: D01_SIGNAL DAMAGE target=BiellaRival_2147482249 amount=34.0 health=66.0 tag=player_fire source=BiellaStreamingCharacter_2147482380 source_team=0 target_team=1 time=6.896
[2026.09.08-23.41.27:681][329]LogTemp: Display: D01_SIGNAL HIT_REACTION target=BiellaRival_2147482249
[2026.09.08-23.41.27:681][329]LogTemp: Display: D01_SIGNAL COMBAT_FEEDBACK target=BiellaRival_2147482249 feedback=hit_flash
[2026.09.08-23.41.27:681][329]LogTemp: Display: D01_SIGNAL WEAPON_FIRE owner=BiellaStreamingCharacter_2147482380 target=BiellaRival_2147482249 hit=true damage=34.0 ammo=57
[2026.09.08-23.41.27:884][341]LogTemp: Display: D01_SIGNAL DAMAGE target=D02Pop_Street01_02 amount=14.0 health=56.0 tag=rival_fire source=D02Pop_Street01_00 source_team=1 target_team=2 time=7.099
[2026.09.08-23.41.27:884][341]LogTemp: Display: D01_SIGNAL HIT_REACTION target=D02Pop_Street01_02
[2026.09.08-23.41.27:884][341]LogTemp: Display: D01_SIGNAL COMBAT_FEEDBACK target=D02Pop_Street01_02 feedback=hit_flash
[2026.09.08-23.41.27:885][341]LogTemp: Display: D01_SIGNAL RIVAL_FIRE owner=D02Pop_Street01_00 target=D02Pop_Street01_02 hit=true damage=14.0 muzzle=V(X=2885.49, Y=-631.51, Z=132.84) impact=V(X=3430.70, Y=-491.70, Z=98.93) time=7.099
[2026.09.08-23.41.27:902][342]LogTemp: Display: D01_SIGNAL DAMAGE target=D02Pop_Street01_02 amount=14.0 health=42.0 tag=rival_fire source=D02Pop_Street01_04 source_team=1 target_team=2 time=7.116
[2026.09.08-23.41.27:903][342]LogTemp: Display: D01_SIGNAL HIT_REACTION target=D02Pop_Street01_02
[2026.09.08-23.41.27:903][342]LogTemp: Display: D01_SIGNAL COMBAT_FEEDBACK target=D02Pop_Street01_02 feedback=hit_flash
[2026.09.08-23.41.27:903][342]LogTemp: Display: D01_SIGNAL RIVAL_FIRE owner=D02Pop_Street01_04 target=D02Pop_Street01_02 hit=true damage=14.0 muzzle=V(X=3485.50, Y=-85.49, Z=123.04) impact=V(X=3466.79, Y=-441.04, Z=99.24) time=7.116
[2026.09.08-23.41.28:031][349]LogTemp: Display: D01_SIGNAL DAMAGE target=BiellaRival_2147482249 amount=34.0 health=32.0 tag=player_fire source=BiellaStreamingCharacter_2147482380 source_team=0 target_team=1 time=7.248
[2026.09.08-23.41.28:032][349]LogTemp: Display: D01_SIGNAL HIT_REACTION target=BiellaRival_2147482249
[2026.09.08-23.41.28:032][349]LogTemp: Display: D01_SIGNAL COMBAT_FEEDBACK target=BiellaRival_2147482249 feedback=hit_flash
[2026.09.08-23.41.28:033][349]LogTemp: Display: D01_SIGNAL WEAPON_FIRE owner=BiellaStreamingCharacter_2147482380 target=BiellaRival_2147482249 hit=true damage=34.0 ammo=56
[2026.09.08-23.41.28:367][368]LogTemp: Display: D01_SIGNAL DAMAGE target=BiellaRival_2147482249 amount=32.0 health=0.0 tag=player_fire source=BiellaStreamingCharacter_2147482380 source_team=0 target_team=1 time=7.583
[2026.09.08-23.41.28:367][368]LogTemp: Display: D01_SIGNAL HIT_REACTION target=BiellaRival_2147482249
[2026.09.08-23.41.28:367][368]LogTemp: Display: D01_SIGNAL COMBAT_FEEDBACK target=BiellaRival_2147482249 feedback=hit_flash
[2026.09.08-23.41.28:368][368]LogTemp: Display: D01_SIGNAL DEFEAT actor=BiellaRival_2147482249 reason=player_fire
[2026.09.08-23.41.28:369][368]LogTemp: Display: D01_SIGNAL WEAPON_FIRE owner=BiellaStreamingCharacter_2147482380 target=BiellaRival_2147482249 hit=true damage=32.0 ammo=55
[2026.09.08-23.41.28:730][388]LogTemp: Display: D01_SIGNAL DAMAGE target=D02Pop_Street01_00 amount=34.0 health=66.0 tag=player_fire source=BiellaStreamingCharacter_2147482380 source_team=0 target_team=1 time=7.947
[2026.09.08-23.41.28:731][388]LogTemp: Display: D01_SIGNAL HIT_REACTION target=D02Pop_Street01_00
[2026.09.08-23.41.28:731][388]LogTemp: Display: D01_SIGNAL COMBAT_FEEDBACK target=D02Pop_Street01_00 feedback=hit_flash
[2026.09.08-23.41.28:731][388]LogTemp: Display: D01_SIGNAL WEAPON_FIRE owner=BiellaStreamingCharacter_2147482380 target=D02Pop_Street01_00 hit=true damage=34.0 ammo=54
[2026.09.08-23.41.28:798][392]LogTemp: Display: D01_SIGNAL DAMAGE target=D02Pop_Street01_02 amount=14.0 health=28.0 tag=rival_fire source=D02Pop_Street01_00 source_team=1 target_team=2 time=8.013
[2026.09.08-23.41.28:799][392]LogTemp: Display: D01_SIGNAL HIT_REACTION target=D02Pop_Street01_02
[2026.09.08-23.41.28:799][392]LogTemp: Display: D01_SIGNAL COMBAT_FEEDBACK target=D02Pop_Street01_02 feedback=hit_flash
[2026.09.08-23.41.28:799][392]LogTemp: Display: D01_SIGNAL RIVAL_FIRE owner=D02Pop_Street01_00 target=D02Pop_Street01_02 hit=true damage=14.0 muzzle=V(X=2878.44, Y=-633.23, Z=132.10) impact=V(X=3244.49, Y=-538.58, Z=100.84) time=8.013
[2026.09.08-23.41.28:818][393]LogTemp: Display: D01_SIGNAL DAMAGE target=D02Pop_Street01_02 amount=14.0 health=14.0 tag=rival_fire source=D02Pop_Street01_04 source_team=1 target_team=2 time=8.030
[2026.09.08-23.41.28:820][393]LogTemp: Display: D01_SIGNAL HIT_REACTION target=D02Pop_Street01_02
[2026.09.08-23.41.28:820][393]LogTemp: Display: D01_SIGNAL COMBAT_FEEDBACK target=D02Pop_Street01_02 feedback=hit_flash
[2026.09.08-23.41.28:820][393]LogTemp: Display: D01_SIGNAL RIVAL_FIRE owner=D02Pop_Street01_04 target=D02Pop_Street01_02 hit=true damage=14.0 muzzle=V(X=3464.53, Y=-5.44, Z=129.80) impact=V(X=3295.60, Y=-489.27, Z=99.84) time=8.030
[2026.09.08-23.41.29:089][409]LogTemp: Display: D01_SIGNAL DAMAGE target=D02Pop_Street01_00 amount=34.0 health=32.0 tag=player_fire source=BiellaStreamingCharacter_2147482380 source_team=0 target_team=1 time=8.303
[2026.09.08-23.41.29:089][409]LogTemp: Display: D01_SIGNAL HIT_REACTION target=D02Pop_Street01_00
[2026.09.08-23.41.29:089][409]LogTemp: Display: D01_SIGNAL COMBAT_FEEDBACK target=D02Pop_Street01_00 feedback=hit_flash
[2026.09.08-23.41.29:090][409]LogTemp: Display: D01_SIGNAL WEAPON_FIRE owner=BiellaStreamingCharacter_2147482380 target=D02Pop_Street01_00 hit=true damage=34.0 ammo=53
[2026.09.08-23.41.29:422][428]LogTemp: Display: D01_SIGNAL DAMAGE target=D02Pop_Street01_00 amount=32.0 health=0.0 tag=player_fire source=BiellaStreamingCharacter_2147482380 source_team=0 target_team=1 time=8.638
[2026.09.08-23.41.29:422][428]LogTemp: Display: D01_SIGNAL HIT_REACTION target=D02Pop_Street01_00
[2026.09.08-23.41.29:422][428]LogTemp: Display: D01_SIGNAL COMBAT_FEEDBACK target=D02Pop_Street01_00 feedback=hit_flash
[2026.09.08-23.41.29:423][428]LogTemp: Display: D01_SIGNAL DEFEAT actor=D02Pop_Street01_00 reason=player_fire
[2026.09.08-23.41.29:423][428]LogTemp: Display: D01_SIGNAL WEAPON_FIRE owner=BiellaStreamingCharacter_2147482380 target=D02Pop_Street01_00 hit=true damage=32.0 ammo=52
[2026.09.08-23.41.29:733][445]LogTemp: Display: D01_SIGNAL DAMAGE target=D02Pop_Street01_02 amount=14.0 health=0.0 tag=rival_fire source=D02Pop_Street01_04 source_team=1 target_team=2 time=8.948
[2026.09.08-23.41.29:734][445]LogTemp: Display: D01_SIGNAL HIT_REACTION target=D02Pop_Street01_02
[2026.09.08-23.41.29:734][445]LogTemp: Display: D01_SIGNAL COMBAT_FEEDBACK target=D02Pop_Street01_02 feedback=hit_flash
[2026.09.08-23.41.29:735][445]LogTemp: Display: D01_SIGNAL DEFEAT actor=D02Pop_Street01_02 reason=rival_fire
[2026.09.08-23.41.29:738][445]LogTemp: Display: D01_SIGNAL RIVAL_FIRE owner=D02Pop_Street01_04 target=D02Pop_Street01_02 hit=true damage=14.0 muzzle=V(X=3394.62, Y=-105.14, Z=132.81) impact=V(X=3118.66, Y=-542.10, Z=100.94) time=8.948
[2026.09.08-23.41.30:645][496]LogTemp: Display: D01_SIGNAL DAMAGE target=D02Pop_Street01_05 amount=14.0 health=56.0 tag=rival_fire source=D02Pop_Street01_04 source_team=1 target_team=2 time=9.861
[2026.09.08-23.41.30:646][496]LogTemp: Display: D01_SIGNAL HIT_REACTION target=D02Pop_Street01_05
[2026.09.08-23.41.30:646][496]LogTemp: Display: D01_SIGNAL COMBAT_FEEDBACK target=D02Pop_Street01_05 feedback=hit_flash
[2026.09.08-23.41.30:647][496]LogTemp: Display: D01_SIGNAL RIVAL_FIRE owner=D02Pop_Street01_04 target=D02Pop_Street01_05 hit=true damage=14.0 muzzle=V(X=3300.50, Y=-44.40, Z=130.71) impact=V(X=3536.88, Y=-6.15, Z=101.22) time=9.861
[2026.09.08-23.41.31:313][532]LogTemp: Display: D01_SIGNAL DAMAGE target=D02Pop_Street01_03 amount=34.0 health=36.0 tag=player_fire source=BiellaStreamingCharacter_2147482380 source_team=0 target_team=2 time=10.529
[2026.09.08-23.41.31:314][532]LogTemp: Display: D01_SIGNAL HIT_REACTION target=D02Pop_Street01_03
[2026.09.08-23.41.31:314][532]LogTemp: Display: D01_SIGNAL COMBAT_FEEDBACK target=D02Pop_Street01_03 feedback=hit_flash
[2026.09.08-23.41.31:314][532]LogTemp: Display: D01_SIGNAL WEAPON_FIRE owner=BiellaStreamingCharacter_2147482380 target=D02Pop_Street01_03 hit=true damage=34.0 ammo=51
[2026.09.08-23.41.31:547][545]LogTemp: Display: D01_SIGNAL DAMAGE target=D02Pop_Street01_05 amount=14.0 health=42.0 tag=rival_fire source=D02Pop_Street01_04 source_team=1 target_team=2 time=10.763
[2026.09.08-23.41.31:549][545]LogTemp: Display: D01_SIGNAL HIT_REACTION target=D02Pop_Street01_05
[2026.09.08-23.41.31:549][545]LogTemp: Display: D01_SIGNAL COMBAT_FEEDBACK target=D02Pop_Street01_05 feedback=hit_flash
[2026.09.08-23.41.31:550][545]LogTemp: Display: D01_SIGNAL RIVAL_FIRE owner=D02Pop_Street01_04 target=D02Pop_Street01_05 hit=true damage=14.0 muzzle=V(X=3082.02, Y=-79.65, Z=131.30) impact=V(X=3349.96, Y=-36.41, Z=102.43) time=10.763
[2026.09.08-23.41.31:700][554]LogTemp: Display: D01_SIGNAL DAMAGE target=D02Pop_Street01_03 amount=34.0 health=2.0 tag=player_fire source=BiellaStreamingCharacter_2147482380 source_team=0 target_team=2 time=10.917
[2026.09.08-23.41.31:700][554]LogTemp: Display: D01_SIGNAL HIT_REACTION target=D02Pop_Street01_03
[2026.09.08-23.41.31:700][554]LogTemp: Display: D01_SIGNAL COMBAT_FEEDBACK target=D02Pop_Street01_03 feedback=hit_flash
[2026.09.08-23.41.31:701][554]LogTemp: Display: D01_SIGNAL WEAPON_FIRE owner=BiellaStreamingCharacter_2147482380 target=D02Pop_Street01_03 hit=true damage=34.0 ammo=50
[2026.09.08-23.41.32:086][576]LogTemp: Display: D01_SIGNAL DAMAGE target=D02Pop_Street01_03 amount=2.0 health=0.0 tag=player_fire source=BiellaStreamingCharacter_2147482380 source_team=0 target_team=2 time=11.303
[2026.09.08-23.41.32:087][576]LogTemp: Display: D01_SIGNAL HIT_REACTION target=D02Pop_Street01_03
[2026.09.08-23.41.32:087][576]LogTemp: Display: D01_SIGNAL COMBAT_FEEDBACK target=D02Pop_Street01_03 feedback=hit_flash
[2026.09.08-23.41.32:088][576]LogTemp: Display: D01_SIGNAL DEFEAT actor=D02Pop_Street01_03 reason=player_fire
[2026.09.08-23.41.32:092][576]LogTemp: Display: D01_SIGNAL WEAPON_FIRE owner=BiellaStreamingCharacter_2147482380 target=D02Pop_Street01_03 hit=true damage=2.0 ammo=49
[2026.09.08-23.41.32:452][597]LogTemp: Display: D01_SIGNAL DAMAGE target=D02Pop_Street01_05 amount=14.0 health=28.0 tag=rival_fire source=D02Pop_Street01_04 source_team=1 target_team=2 time=11.669
[2026.09.08-23.41.32:454][597]LogTemp: Display: D01_SIGNAL HIT_REACTION target=D02Pop_Street01_05
[2026.09.08-23.41.32:454][597]LogTemp: Display: D01_SIGNAL COMBAT_FEEDBACK target=D02Pop_Street01_05 feedback=hit_flash
[2026.09.08-23.41.32:454][597]LogTemp: Display: D01_SIGNAL RIVAL_FIRE owner=D02Pop_Street01_04 target=D02Pop_Street01_05 hit=true damage=14.0 muzzle=V(X=2863.18, Y=-114.96, Z=131.69) impact=V(X=3162.21, Y=-66.71, Z=102.90) time=11.669
[2026.09.08-23.41.32:473][598]LogTemp: Display: D01_SIGNAL DAMAGE target=D02Pop_Street01_05 amount=28.0 health=0.0 tag=player_fire source=BiellaStreamingCharacter_2147482380 source_team=0 target_team=2 time=11.686
[2026.09.08-23.41.32:474][598]LogTemp: Display: D01_SIGNAL HIT_REACTION target=D02Pop_Street01_05
[2026.09.08-23.41.32:474][598]LogTemp: Display: D01_SIGNAL COMBAT_FEEDBACK target=D02Pop_Street01_05 feedback=hit_flash
[2026.09.08-23.41.32:474][598]LogTemp: Display: D01_SIGNAL DEFEAT actor=D02Pop_Street01_05 reason=player_fire
[2026.09.08-23.41.32:477][598]LogTemp: Display: D01_SIGNAL WEAPON_FIRE owner=BiellaStreamingCharacter_2147482380 target=D02Pop_Street01_05 hit=true damage=28.0 ammo=48
[2026.09.08-23.41.32:828][619]LogTemp: Display: D01_SIGNAL DAMAGE target=D02Pop_Street01_04 amount=34.0 health=66.0 tag=player_fire source=BiellaStreamingCharacter_2147482380 source_team=0 target_team=1 time=12.045
[2026.09.08-23.41.32:829][619]LogTemp: Display: D01_SIGNAL HIT_REACTION target=D02Pop_Street01_04
[2026.09.08-23.41.32:830][619]LogTemp: Display: D01_SIGNAL COMBAT_FEEDBACK target=D02Pop_Street01_04 feedback=hit_flash
[2026.09.08-23.41.32:830][619]LogTemp: Display: D01_SIGNAL WEAPON_FIRE owner=BiellaStreamingCharacter_2147482380 target=D02Pop_Street01_04 hit=true damage=34.0 ammo=47
[2026.09.08-23.41.33:220][641]LogTemp: Display: D01_SIGNAL DAMAGE target=D02Pop_Street01_04 amount=34.0 health=32.0 tag=player_fire source=BiellaStreamingCharacter_2147482380 source_team=0 target_team=1 time=12.436
[2026.09.08-23.41.33:222][641]LogTemp: Display: D01_SIGNAL HIT_REACTION target=D02Pop_Street01_04
[2026.09.08-23.41.33:222][641]LogTemp: Display: D01_SIGNAL COMBAT_FEEDBACK target=D02Pop_Street01_04 feedback=hit_flash
[2026.09.08-23.41.33:222][641]LogTemp: Display: D01_SIGNAL WEAPON_FIRE owner=BiellaStreamingCharacter_2147482380 target=D02Pop_Street01_04 hit=true damage=34.0 ammo=46
[2026.09.08-23.41.33:359][649]LogTemp: Display: D01_SIGNAL DAMAGE target=D02Pop_Street01_06 amount=14.0 health=56.0 tag=rival_fire source=D02Pop_Street01_04 source_team=1 target_team=2 time=12.575
[2026.09.08-23.41.33:366][649]LogTemp: Display: D01_SIGNAL HIT_REACTION target=D02Pop_Street01_06
[2026.09.08-23.41.33:366][649]LogTemp: Display: D01_SIGNAL COMBAT_FEEDBACK target=D02Pop_Street01_06 feedback=hit_flash
[2026.09.08-23.41.33:366][649]LogTemp: Display: D01_SIGNAL RIVAL_FIRE owner=D02Pop_Street01_04 target=D02Pop_Street01_06 hit=true damage=14.0 muzzle=V(X=3004.20, Y=-102.84, Z=132.51) impact=V(X=3416.71, Y=-55.07, Z=102.84) time=12.575
[2026.09.08-23.41.33:589][662]LogTemp: Display: D01_SIGNAL DAMAGE target=D02Pop_Street01_06 amount=34.0 health=22.0 tag=player_fire source=BiellaStreamingCharacter_2147482380 source_team=0 target_team=2 time=12.805
[2026.09.08-23.41.33:589][662]LogTemp: Display: D01_SIGNAL HIT_REACTION target=D02Pop_Street01_06
[2026.09.08-23.41.33:589][662]LogTemp: Display: D01_SIGNAL COMBAT_FEEDBACK target=D02Pop_Street01_06 feedback=hit_flash
[2026.09.08-23.41.33:589][662]LogTemp: Display: D01_SIGNAL WEAPON_FIRE owner=BiellaStreamingCharacter_2147482380 target=D02Pop_Street01_06 hit=true damage=34.0 ammo=45
[2026.09.08-23.41.33:971][684]LogTemp: Display: D01_SIGNAL DAMAGE target=D02Pop_Street01_06 amount=22.0 health=0.0 tag=player_fire source=BiellaStreamingCharacter_2147482380 source_team=0 target_team=2 time=13.188
[2026.09.08-23.41.33:973][684]LogTemp: Display: D01_SIGNAL HIT_REACTION target=D02Pop_Street01_06
[2026.09.08-23.41.33:973][684]LogTemp: Display: D01_SIGNAL COMBAT_FEEDBACK target=D02Pop_Street01_06 feedback=hit_flash
[2026.09.08-23.41.33:973][684]LogTemp: Display: D01_SIGNAL DEFEAT actor=D02Pop_Street01_06 reason=player_fire
[2026.09.08-23.41.33:973][684]LogTemp: Display: D01_SIGNAL WEAPON_FIRE owner=BiellaStreamingCharacter_2147482380 target=D02Pop_Street01_06 hit=true damage=22.0 ammo=44
[2026.09.08-23.41.34:260][701]LogTemp: Display: D01_SIGNAL DAMAGE target=D02Pop_Street01_09 amount=14.0 health=56.0 tag=rival_fire source=D02Pop_Street01_04 source_team=1 target_team=2 time=13.476
[2026.09.08-23.41.34:261][701]LogTemp: Display: D01_SIGNAL HIT_REACTION target=D02Pop_Street01_09
[2026.09.08-23.41.34:261][701]LogTemp: Display: D01_SIGNAL COMBAT_FEEDBACK target=D02Pop_Street01_09 feedback=hit_flash
[2026.09.08-23.41.34:261][701]LogTemp: Display: D01_SIGNAL RIVAL_FIRE owner=D02Pop_Street01_04 target=D02Pop_Street01_09 hit=true damage=14.0 muzzle=V(X=2981.88, Y=-73.60, Z=132.92) impact=V(X=3579.09, Y=99.27, Z=95.95) time=13.476
[2026.09.08-23.41.34:327][705]LogTemp: Display: D01_SIGNAL DAMAGE target=D02Pop_Street01_04 amount=32.0 health=0.0 tag=player_fire source=BiellaStreamingCharacter_2147482380 source_team=0 target_team=1 time=13.543
[2026.09.08-23.41.34:328][705]LogTemp: Display: D01_SIGNAL HIT_REACTION target=D02Pop_Street01_04
[2026.09.08-23.41.34:328][705]LogTemp: Display: D01_SIGNAL COMBAT_FEEDBACK target=D02Pop_Street01_04 feedback=hit_flash
[2026.09.08-23.41.34:329][705]LogTemp: Display: D01_SIGNAL DEFEAT actor=D02Pop_Street01_04 reason=player_fire
[2026.09.08-23.41.34:330][705]LogTemp: Display: D01_SIGNAL WEAPON_FIRE owner=BiellaStreamingCharacter_2147482380 target=D02Pop_Street01_04 hit=true damage=32.0 ammo=43
[2026.09.08-23.41.36:257][812]LogTemp: Display: D01_SIGNAL DAMAGE target=D02Pop_Street01_07 amount=34.0 health=36.0 tag=player_fire source=BiellaStreamingCharacter_2147482380 source_team=0 target_team=2 time=15.474
[2026.09.08-23.41.36:260][812]LogTemp: Display: D01_SIGNAL HIT_REACTION target=D02Pop_Street01_07
[2026.09.08-23.41.36:260][812]LogTemp: Display: D01_SIGNAL COMBAT_FEEDBACK target=D02Pop_Street01_07 feedback=hit_flash
[2026.09.08-23.41.36:261][812]LogTemp: Display: D01_SIGNAL WEAPON_FIRE owner=BiellaStreamingCharacter_2147482380 target=D02Pop_Street01_07 hit=true damage=34.0 ammo=42
[2026.09.08-23.42.36:646][411]LogTemp: Display: D01_SIGNAL DAMAGE target=BiellaStreamingCharacter_2147482380 amount=12.0 health=88.0 tag=infected_melee source=D02Pop_Street01_09 source_team=2 target_team=0 time=75.862
[2026.09.08-23.42.36:647][411]LogTemp: Display: D01_SIGNAL HIT_REACTION target=BiellaStreamingCharacter_2147482380
[2026.09.08-23.42.36:647][411]LogTemp: Display: D01_SIGNAL COMBAT_FEEDBACK target=BiellaStreamingCharacter_2147482380 feedback=hit_flash
[2026.09.08-23.42.36:648][411]LogTemp: Display: D01_SIGNAL INFECTED_MELEE attacker=D02Pop_Street01_09 target=BiellaStreamingCharacter_2147482380 hit=true damage=12.0 impact=V(X=5935.83, Y=-479.37, Z=92.50) time=75.862
