D02_ENV_TEST event=approach phase=1 time=0.341443
D02_ENV_TEST event=safe_capture phase=26 time=2.040272
D02_ENV_TEST event=power_input phase=2 time=2.534968
D02_ENV_TEST event=range_fixture phase=3 time=2.939611
D02_ENV_TEST event=aim_fixture phase=4 time=3.938649
D02_ENV_TEST event=first_shot phase=5 time=4.934592
D02_ENV_TEST event=damaged_capture phase=6 time=5.041503
D02_ENV_TEST event=second_shot phase=7 time=5.541431
D02_ENV_TEST event=debris_settle phase=8 time=5.638480
D02_ENV_TEST event=destroyed_capture phase=27 time=7.645433
D02_ENV_TEST event=walk_fixture phase=9 time=8.161199
D02_ENV_TEST event=walk_through phase=10 time=9.161121
D02_ENV_TEST event=hazard_fixture phase=11 time=10.061581
D02_ENV_TEST event=shared_hazard phase=12 time=10.757876
D02_ENV_TEST event=hazard_capture phase=28 time=12.257664
D02_ENV_TEST event=cut_power_fixture phase=13 time=12.766965
D02_ENV_TEST event=cut_power phase=14 time=13.265898
D02_ENV_TEST event=safe_floor_fixture phase=15 time=13.368676
D02_ENV_TEST event=safe_floor phase=16 time=14.370730
D02_ENV_TEST event=power_restore_fixture phase=22 time=15.870002
D02_ENV_TEST event=restore_power phase=23 time=16.370156
D02_ENV_TEST event=stream_away phase=17 time=16.766259
D02_ENV_TEST event=terrain_unloaded phase=17 time=19.770069
D02_ENV_TEST event=dormant_stable phase=18 time=19.770114
D02_ENV_TEST event=stream_return phase=19 time=21.770742
D02_ENV_TEST event=return_capture phase=21 time=23.776426
D02_ENV_TEST event=resumed_hazard_fixture phase=24 time=24.281582
D02_ENV_TEST event=resumed_hazard phase=25 time=24.785214
D02_ENV_TEST event=restart_input phase=20 time=25.533349
D02_ENV_TEST event=restart_clean phase=20 time=25.879097
