Setting up bundled DotNet SDK
Running command : dotnet Engine/Binaries/DotNET/UnrealBuildTool/UnrealBuildTool.dll BiellaGamesEditor Linux Development -Project=/root/biella/repos/biella-engine/projects/biella-games/BiellaGames.uproject -WaitMutex
Log file: /root/.config/Epic/UnrealBuildTool/Log.txt
Determining max actions to execute in parallel (15 physical cores, 15 logical cores)
  Executing up to 15 processes, one per physical core
UbaStorageServer - FileMapping backing: memfd
UbaServer - Listening on 0.0.0.0:1345
Invalidating makefile for BiellaGamesEditor (source file added)
FileHashCache - There is no partition covering path to /root/biella/repos/biella-engine/projects/biella-games/Intermediate/Build/Linux/x64/BiellaGamesEditor/Development/Core/SharedDefinitions.Core.Cpp20.h!
FileHashCache - There is no partition covering path to /root/biella/repos/biella-engine/projects/biella-games/Intermediate/Build/Linux/x64/BiellaGamesEditor/Development/Core/SharedPCH.Core.Cpp20.h!
FileHashCache - There is no partition covering path to /root/biella/repos/biella-engine/projects/biella-games/Intermediate/Build/Linux/x64/BiellaGamesEditor/Development/Core/SharedPCH.Core.Cpp20.h.gch.rsp!
FileHashCache - There is no partition covering path to /root/biella/repos/biella-engine/projects/biella-games/Intermediate/Build/Linux/x64/BiellaGamesEditor/Development/CoreUObject/SharedDefinitions.CoreUObject.Cpp20.h!
FileHashCache - There is no partition covering path to /root/biella/repos/biella-engine/projects/biella-games/Intermediate/Build/Linux/x64/BiellaGamesEditor/Development/CoreUObject/SharedPCH.CoreUObject.Cpp20.h!
FileHashCache - There is no partition covering path to /root/biella/repos/biella-engine/projects/biella-games/Intermediate/Build/Linux/x64/BiellaGamesEditor/Development/CoreUObject/SharedPCH.CoreUObject.Cpp20.h.gch.rsp!
FileHashCache - There is no partition covering path to /root/biella/repos/biella-engine/projects/biella-games/Intermediate/Build/Linux/x64/BiellaGamesEditor/Development/CoreUObject/SharedDefinitions.CoreUObject.RTTI.Cpp20.h!
FileHashCache - There is no partition covering path to /root/biella/repos/biella-engine/projects/biella-games/Intermediate/Build/Linux/x64/BiellaGamesEditor/Development/CoreUObject/SharedPCH.CoreUObject.RTTI.Cpp20.h!
FileHashCache - There is no partition covering path to /root/biella/repos/biella-engine/projects/biella-games/Intermediate/Build/Linux/x64/BiellaGamesEditor/Development/CoreUObject/SharedPCH.CoreUObject.RTTI.Cpp20.h.gch.rsp!
FileHashCache - There is no partition covering path to /root/biella/repos/biella-engine/projects/biella-games/Intermediate/Build/Linux/x64/BiellaGamesEditor/Development/Slate/SharedDefinitions.Slate.Cpp20.h!
FileHashCache - There is no partition covering path to /root/biella/repos/biella-engine/projects/biella-games/Intermediate/Build/Linux/x64/BiellaGamesEditor/Development/Slate/SharedPCH.Slate.Cpp20.h!
FileHashCache - There is no partition covering path to /root/biella/repos/biella-engine/projects/biella-games/Intermediate/Build/Linux/x64/BiellaGamesEditor/Development/Slate/SharedPCH.Slate.Cpp20.h.gch.rsp!
FileHashCache - There is no partition covering path to /root/biella/repos/biella-engine/projects/biella-games/Intermediate/Build/Linux/x64/BiellaGamesEditor/Development/Engine/SharedDefinitions.Engine.Cpp20.h!
FileHashCache - There is no partition covering path to /root/biella/repos/biella-engine/projects/biella-games/Intermediate/Build/Linux/x64/BiellaGamesEditor/Development/Engine/SharedPCH.Engine.Cpp20.h!
FileHashCache - There is no partition covering path to /root/biella/repos/biella-engine/projects/biella-games/Intermediate/Build/Linux/x64/BiellaGamesEditor/Development/Engine/SharedPCH.Engine.Cpp20.h.gch.rsp!
FileHashCache - There is no partition covering path to /root/biella/repos/biella-engine/projects/biella-games/Intermediate/Build/Linux/x64/BiellaGamesEditor/Development/Engine/SharedDefinitions.Engine.Project.ValApi.ValExpApi.Cpp20.h!
FileHashCache - There is no partition covering path to /root/biella/repos/biella-engine/projects/biella-games/Intermediate/Build/Linux/x64/BiellaGamesEditor/Development/Engine/SharedPCH.Engine.Project.ValApi.ValExpApi.Cpp20.h!
FileHashCache - There is no partition covering path to /root/biella/repos/biella-engine/projects/biella-games/Intermediate/Build/Linux/x64/BiellaGamesEditor/Development/Engine/SharedPCH.Engine.Project.ValApi.ValExpApi.Cpp20.h.gch.rsp!
FileHashCache - There is no partition covering path to /root/biella/repos/biella-engine/projects/biella-games/Intermediate/Build/Linux/x64/BiellaGamesEditor/Development/UnrealEd/SharedDefinitions.UnrealEd.Cpp20.h!
FileHashCache - There is no partition covering path to /root/biella/repos/biella-engine/projects/biella-games/Intermediate/Build/Linux/x64/BiellaGamesEditor/Development/UnrealEd/SharedPCH.UnrealEd.Cpp20.h!
FileHashCache - There is no partition covering path to /root/biella/repos/biella-engine/projects/biella-games/Intermediate/Build/Linux/x64/BiellaGamesEditor/Development/UnrealEd/SharedPCH.UnrealEd.Cpp20.h.gch.rsp!
FileHashCache - There is no partition covering path to /root/biella/repos/biella-engine/projects/biella-games/Intermediate/Build/Linux/x64/BiellaGamesEditor/Development/UnrealEd/SharedDefinitions.UnrealEd.Project.ValApi.ValExpApi.Cpp20.h!
FileHashCache - There is no partition covering path to /root/biella/repos/biella-engine/projects/biella-games/Intermediate/Build/Linux/x64/BiellaGamesEditor/Development/UnrealEd/SharedPCH.UnrealEd.Project.ValApi.ValExpApi.Cpp20.h!
FileHashCache - There is no partition covering path to /root/biella/repos/biella-engine/projects/biella-games/Intermediate/Build/Linux/x64/BiellaGamesEditor/Development/UnrealEd/SharedPCH.UnrealEd.Project.ValApi.ValExpApi.Cpp20.h.gch.rsp!
UHT compiled-in object format Default
Building BiellaGamesEditor...
===== Toolchain Information =====
Using ISPC compiler (/opt/unreal/UE_5.8.2/Engine/Source/ThirdParty/Intel/ISPC/bin/Linux/ispc)
  Intel(r) Implicit SPMD Program Compiler (Intel(r) ISPC), 1.24.0 (build commit  @ 20240919, LLVM 18.1.6)
Using Clang compiler 20.1.8 (/opt/unreal/UE_5.8.2/Engine/Extras/ThirdPartyNotUE/SDKs/HostLinux/Linux_x64/v26_clang-20.1.8-rockylinux8/x86_64-unknown-linux-gnu/bin/clang++)
  clang version 20.1.8 (github.com/llvm/llvm-project 87f0227cb60147a26a1eeb4fb06e3b505e9c7261) Target: x86_64-unknown-linux-gnu Thread model: posix InstalledDir: /opt/unreal/UE_5.8.2/Engine/Extras/ThirdPartyNotUE/SDKs/HostLinux/Linux_x64/v26_clang-20.1.8-rockylinux8/x86_64-unknown-linux-gnu/bin
Using Clang archiver (/opt/unreal/UE_5.8.2/Engine/Extras/ThirdPartyNotUE/SDKs/HostLinux/Linux_x64/v26_clang-20.1.8-rockylinux8/x86_64-unknown-linux-gnu/bin/llvm-ar)
  LLVM (http://llvm.org/):   LLVM version 20.1.8   Optimized build.
Using toolchain located at '/opt/unreal/UE_5.8.2/Engine/Extras/ThirdPartyNotUE/SDKs/HostLinux/Linux_x64/v26_clang-20.1.8-rockylinux8/x86_64-unknown-linux-gnu'
Using bundled libc++ standard C++ library.
Compressing debug files
[Adaptive Build] Excluded from BiellaGames unity file: BiellaGames.cpp, BiellaGamesGameState.cpp, BiellaPlaytestTelemetry.cpp, BiellaWorldAuthoring.cpp, BiellaGamesGameInstance.cpp, BasicWorldGeometry.cpp, ThirdPartyNanosvg.cpp, BiellaGameplayHUD.cpp, BiellaWorldContinuity.cpp, ThirdPartyAHEasing.cpp, BiellaInfected.cpp, BiellaDemoObjectiveManager.cpp, BiellaGamesGameModeBase.cpp, BiellaVehicle.cpp, BiellaGameplayFeedback.cpp, BiellaRival.cpp, BiellaGamesPlayerController.cpp, BiellaPopulation.cpp, BiellaGamesCharacter.cpp, BiellaDemoPawn.cpp, BiellaPopulationTest.cpp, BiellaRestartResetTest.cpp, BiellaNativePerformanceTest.cpp, BiellaDeterministicPlaytest.cpp, BiellaRivalNavigationTest.cpp, BiellaFailureStateTest.cpp, BiellaRivalCombatTest.cpp, BiellaSharedInteractionTest.cpp, BiellaLifecycleCleanupTest.cpp, BiellaWorldStreamingTest.cpp, BiellaDemoObjectiveTest.cpp, BiellaFeedbackTest.cpp, BiellaArenaPressureTest.cpp, BiellaTerminalOverlayTest.cpp, BiellaPressureResponsesTest.cpp, BiellaVisualReadabilityTest.cpp, BiellaGameplayHUDTest.cpp
=================================
Using Unreal Build Accelerator local executor to run 38 action(s)
  CPU 15 physical cores, 15 logical cores
  Memory 86.31 GB physical, 7.57 GB/75.15 GB committed
  UBA Storage capacity 40 GB
[1/38] Compile BiellaGames.cpp
[2/38] Compile BiellaGamesGameInstance.cpp
[3/38] Compile BiellaArenaPressureTest.cpp
[4/38] Compile BiellaDemoObjectiveTest.cpp
[5/38] Compile BiellaFailureStateTest.cpp
[6/38] Compile BiellaDemoPawn.cpp
[7/38] Compile BiellaDemoObjectiveManager.cpp
[8/38] Compile BiellaGameplayHUDTest.cpp
[9/38] Compile BiellaGameplayHUD.cpp
[10/38] Compile BiellaGamesGameState.cpp
[11/38] Compile BasicWorldGeometry.cpp
[12/38] Compile BiellaGamesGameModeBase.cpp
[13/38] Compile BiellaGamesCharacter.cpp
[14/38] Compile BiellaInfected.cpp
[15/38] Compile BiellaLifecycleCleanupTest.cpp
[16/38] Compile BiellaGamesPlayerController.cpp
[17/38] Compile BiellaGameplayFeedback.cpp
[18/38] Compile BiellaRestartResetTest.cpp
[19/38] Compile BiellaPlaytestTelemetry.cpp
[20/38] Compile BiellaPopulation.cpp
[21/38] Compile BiellaDeterministicPlaytest.cpp
[22/38] Compile BiellaRival.cpp
[23/38] Compile BiellaVehicle.cpp
/root/biella/repos/biella-engine/projects/biella-games/Source/BiellaGames/Private/BiellaVehicle.cpp:304:55: error: invalid use of incomplete type 'FDamageEvent'
  304 |     TakeDamage(FMath::Clamp(DeltaV*0.035f,1.0f,40.0f),FDamageEvent(),nullptr,Other);
      |                                                       ^~~~~~~~~~~~~~
/opt/unreal/UE_5.8.2/Engine/Source/Runtime/Engine/Classes/GameFramework/Actor.h:3660:65: note: forward declaration of 'FDamageEvent'
 3660 |     ENGINE_API virtual float TakeDamage(float DamageAmount, struct FDamageEvent const& DamageEvent, class AController* EventInstigator, AActor* DamageCauser);
      |                                                                    ^
1 error generated.
[24/38] Compile BiellaPressureResponsesTest.cpp
[25/38] Compile BiellaPopulationTest.cpp
[26/38] Compile BiellaTerminalOverlayTest.cpp
[27/38] Compile BiellaNativePerformanceTest.cpp
[28/38] Compile BiellaRivalNavigationTest.cpp
[29/38] Compile BiellaRivalCombatTest.cpp
[30/38] Compile ThirdPartyAHEasing.cpp
[31/38] Compile BiellaWorldAuthoring.cpp
[32/38] Compile BiellaSharedInteractionTest.cpp
[33/38] Compile BiellaFeedbackTest.cpp
[34/38] Compile BiellaWorldContinuity.cpp
[35/38] Compile BiellaVisualReadabilityTest.cpp
[36/38] Compile Module.BiellaGames.cpp
[37/38] Compile BiellaWorldStreamingTest.cpp
Total time in Unreal Build Accelerator local executor: 14.26 seconds

Result: Failed (OtherCompilationError)
Total execution time: 22.43 seconds
Trace written to file /root/.config/Epic/UnrealBuildTool/Trace.uba with size 12.2kb
