Setting up bundled DotNet SDK
Running command : dotnet Engine/Binaries/DotNET/UnrealBuildTool/UnrealBuildTool.dll BiellaGamesEditor Linux Development -Project=/root/biella/repos/biella-engine/projects/biella-games/BiellaGames.uproject -WaitMutex
Log file: /root/.config/Epic/UnrealBuildTool/Log.txt
Determining max actions to execute in parallel (15 physical cores, 15 logical cores)
  Executing up to 15 processes, one per physical core
UbaStorageServer - FileMapping backing: memfd
UbaServer - Listening on 0.0.0.0:1345
Invalidating makefile for BiellaGamesEditor (source file added)
FileHashCache - There is no partition covering path to /root/biella/repos/biella-engine/projects/biella-games/Intermediate/Build/Linux/x64/BiellaGamesEditor/Development/Core/SharedDefinitions.Core.Cpp20.h!
FileHashCache - There is no partition covering path to /root/biella/repos/biella-engine/projects/biella-games/Intermediate/Build/Linux/x64/BiellaGamesEditor/Development/Core/SharedPCH.Core.Cpp20.h!
FileHashCache - There is no partition covering path to /root/biella/repos/biella-engine/projects/biella-games/Intermediate/Build/Linux/x64/BiellaGamesEditor/Development/Core/SharedPCH.Core.Cpp20.h.gch.rsp!
FileHashCache - There is no partition covering path to /root/biella/repos/biella-engine/projects/biella-games/Intermediate/Build/Linux/x64/BiellaGamesEditor/Development/CoreUObject/SharedDefinitions.CoreUObject.Cpp20.h!
FileHashCache - There is no partition covering path to /root/biella/repos/biella-engine/projects/biella-games/Intermediate/Build/Linux/x64/BiellaGamesEditor/Development/CoreUObject/SharedPCH.CoreUObject.Cpp20.h!
FileHashCache - There is no partition covering path to /root/biella/repos/biella-engine/projects/biella-games/Intermediate/Build/Linux/x64/BiellaGamesEditor/Development/CoreUObject/SharedPCH.CoreUObject.Cpp20.h.gch.rsp!
FileHashCache - There is no partition covering path to /root/biella/repos/biella-engine/projects/biella-games/Intermediate/Build/Linux/x64/BiellaGamesEditor/Development/CoreUObject/SharedDefinitions.CoreUObject.RTTI.Cpp20.h!
FileHashCache - There is no partition covering path to /root/biella/repos/biella-engine/projects/biella-games/Intermediate/Build/Linux/x64/BiellaGamesEditor/Development/CoreUObject/SharedPCH.CoreUObject.RTTI.Cpp20.h!
FileHashCache - There is no partition covering path to /root/biella/repos/biella-engine/projects/biella-games/Intermediate/Build/Linux/x64/BiellaGamesEditor/Development/CoreUObject/SharedPCH.CoreUObject.RTTI.Cpp20.h.gch.rsp!
FileHashCache - There is no partition covering path to /root/biella/repos/biella-engine/projects/biella-games/Intermediate/Build/Linux/x64/BiellaGamesEditor/Development/Slate/SharedDefinitions.Slate.Cpp20.h!
FileHashCache - There is no partition covering path to /root/biella/repos/biella-engine/projects/biella-games/Intermediate/Build/Linux/x64/BiellaGamesEditor/Development/Slate/SharedPCH.Slate.Cpp20.h!
FileHashCache - There is no partition covering path to /root/biella/repos/biella-engine/projects/biella-games/Intermediate/Build/Linux/x64/BiellaGamesEditor/Development/Slate/SharedPCH.Slate.Cpp20.h.gch.rsp!
FileHashCache - There is no partition covering path to /root/biella/repos/biella-engine/projects/biella-games/Intermediate/Build/Linux/x64/BiellaGamesEditor/Development/Engine/SharedDefinitions.Engine.Cpp20.h!
FileHashCache - There is no partition covering path to /root/biella/repos/biella-engine/projects/biella-games/Intermediate/Build/Linux/x64/BiellaGamesEditor/Development/Engine/SharedPCH.Engine.Cpp20.h!
FileHashCache - There is no partition covering path to /root/biella/repos/biella-engine/projects/biella-games/Intermediate/Build/Linux/x64/BiellaGamesEditor/Development/Engine/SharedPCH.Engine.Cpp20.h.gch.rsp!
FileHashCache - There is no partition covering path to /root/biella/repos/biella-engine/projects/biella-games/Intermediate/Build/Linux/x64/BiellaGamesEditor/Development/Engine/SharedDefinitions.Engine.Project.ValApi.ValExpApi.Cpp20.h!
FileHashCache - There is no partition covering path to /root/biella/repos/biella-engine/projects/biella-games/Intermediate/Build/Linux/x64/BiellaGamesEditor/Development/Engine/SharedPCH.Engine.Project.ValApi.ValExpApi.Cpp20.h!
FileHashCache - There is no partition covering path to /root/biella/repos/biella-engine/projects/biella-games/Intermediate/Build/Linux/x64/BiellaGamesEditor/Development/Engine/SharedPCH.Engine.Project.ValApi.ValExpApi.Cpp20.h.gch.rsp!
FileHashCache - There is no partition covering path to /root/biella/repos/biella-engine/projects/biella-games/Intermediate/Build/Linux/x64/BiellaGamesEditor/Development/UnrealEd/SharedDefinitions.UnrealEd.Cpp20.h!
FileHashCache - There is no partition covering path to /root/biella/repos/biella-engine/projects/biella-games/Intermediate/Build/Linux/x64/BiellaGamesEditor/Development/UnrealEd/SharedPCH.UnrealEd.Cpp20.h!
FileHashCache - There is no partition covering path to /root/biella/repos/biella-engine/projects/biella-games/Intermediate/Build/Linux/x64/BiellaGamesEditor/Development/UnrealEd/SharedPCH.UnrealEd.Cpp20.h.gch.rsp!
FileHashCache - There is no partition covering path to /root/biella/repos/biella-engine/projects/biella-games/Intermediate/Build/Linux/x64/BiellaGamesEditor/Development/UnrealEd/SharedDefinitions.UnrealEd.Project.ValApi.ValExpApi.Cpp20.h!
FileHashCache - There is no partition covering path to /root/biella/repos/biella-engine/projects/biella-games/Intermediate/Build/Linux/x64/BiellaGamesEditor/Development/UnrealEd/SharedPCH.UnrealEd.Project.ValApi.ValExpApi.Cpp20.h!
FileHashCache - There is no partition covering path to /root/biella/repos/biella-engine/projects/biella-games/Intermediate/Build/Linux/x64/BiellaGamesEditor/Development/UnrealEd/SharedPCH.UnrealEd.Project.ValApi.ValExpApi.Cpp20.h.gch.rsp!
UHT compiled-in object format Default
Building BiellaGamesEditor...
===== Toolchain Information =====
Using ISPC compiler (/opt/unreal/UE_5.8.2/Engine/Source/ThirdParty/Intel/ISPC/bin/Linux/ispc)
  Intel(r) Implicit SPMD Program Compiler (Intel(r) ISPC), 1.24.0 (build commit  @ 20240919, LLVM 18.1.6)
Using Clang compiler 20.1.8 (/opt/unreal/UE_5.8.2/Engine/Extras/ThirdPartyNotUE/SDKs/HostLinux/Linux_x64/v26_clang-20.1.8-rockylinux8/x86_64-unknown-linux-gnu/bin/clang++)
  clang version 20.1.8 (github.com/llvm/llvm-project 87f0227cb60147a26a1eeb4fb06e3b505e9c7261) Target: x86_64-unknown-linux-gnu Thread model: posix InstalledDir: /opt/unreal/UE_5.8.2/Engine/Extras/ThirdPartyNotUE/SDKs/HostLinux/Linux_x64/v26_clang-20.1.8-rockylinux8/x86_64-unknown-linux-gnu/bin
Using Clang archiver (/opt/unreal/UE_5.8.2/Engine/Extras/ThirdPartyNotUE/SDKs/HostLinux/Linux_x64/v26_clang-20.1.8-rockylinux8/x86_64-unknown-linux-gnu/bin/llvm-ar)
  LLVM (http://llvm.org/):   LLVM version 20.1.8   Optimized build.
Using toolchain located at '/opt/unreal/UE_5.8.2/Engine/Extras/ThirdPartyNotUE/SDKs/HostLinux/Linux_x64/v26_clang-20.1.8-rockylinux8/x86_64-unknown-linux-gnu'
Using bundled libc++ standard C++ library.
Compressing debug files
[Adaptive Build] Excluded from BiellaGames unity file: BiellaGames.cpp, BiellaGamesGameState.cpp, BiellaPlaytestTelemetry.cpp, BiellaWorldAuthoring.cpp, BiellaGamesGameInstance.cpp, BasicWorldGeometry.cpp, ThirdPartyNanosvg.cpp, BiellaGameplayHUD.cpp, BiellaWorldContinuity.cpp, ThirdPartyAHEasing.cpp, BiellaInfected.cpp, BiellaDemoObjectiveManager.cpp, BiellaGamesGameModeBase.cpp, BiellaVehicle.cpp, BiellaGameplayFeedback.cpp, BiellaRival.cpp, BiellaGamesPlayerController.cpp, BiellaPopulation.cpp, BiellaGamesCharacter.cpp, BiellaDemoPawn.cpp, BiellaPopulationTest.cpp, BiellaRestartResetTest.cpp, BiellaNativePerformanceTest.cpp, BiellaDeterministicPlaytest.cpp, BiellaRivalNavigationTest.cpp, BiellaFailureStateTest.cpp, BiellaRivalCombatTest.cpp, BiellaSharedInteractionTest.cpp, BiellaLifecycleCleanupTest.cpp, BiellaWorldStreamingTest.cpp, BiellaDemoObjectiveTest.cpp, BiellaFeedbackTest.cpp, BiellaArenaPressureTest.cpp, BiellaTerminalOverlayTest.cpp, BiellaVehicleTest.cpp, BiellaPressureResponsesTest.cpp, BiellaVisualReadabilityTest.cpp, BiellaGameplayHUDTest.cpp
=================================
Using Unreal Build Accelerator local executor to run 12 action(s)
  CPU 15 physical cores, 15 logical cores
  Memory 86.31 GB physical, 7.55 GB/75.15 GB committed
  UBA Storage capacity 40 GB
[1/12] Compile BiellaVehicle.cpp
/root/biella/repos/biella-engine/projects/biella-games/Source/BiellaGames/Private/BiellaVehicle.cpp:347:16: error: variable 'Detail' with type 'auto *' has incompatible initializer of type 'TObjectPtr<UStaticMeshComponent>'
  347 |     for (auto* Detail:Details) { Detail->SetVisibility(!bParkedDormant && ViewDistance<3500); }
      |                ^     ~
/opt/unreal/UE_5.8.2/Engine/Source/Runtime/Core/Public/Containers/Array.h:3625:82: note: selected 'begin' function with iterator type 'RangedForIteratorType' (aka 'TCheckedPointerIterator<TObjectPtr<UStaticMeshComponent>, int, false>')
 3625 |         [[nodiscard]] UE_NODEBUG UE_FORCEINLINE_HINT RangedForIteratorType             begin ()       { return RangedForIteratorType            (ArrayNum, GetData()); }
      |                                                                                        ^
/root/biella/repos/biella-engine/projects/biella-games/Source/BiellaGames/Private/BiellaVehicle.cpp:351:16: error: variable 'Lamp' with type 'auto *' has incompatible initializer of type 'TObjectPtr<USpotLightComponent>'
  351 |     for (auto* Lamp:Headlights) { Lamp->SetVisibility(Running && ViewDistance<3500); }
      |                ^   ~
/opt/unreal/UE_5.8.2/Engine/Source/Runtime/Core/Public/Containers/Array.h:3625:82: note: selected 'begin' function with iterator type 'RangedForIteratorType' (aka 'TCheckedPointerIterator<TObjectPtr<USpotLightComponent>, int, false>')
 3625 |         [[nodiscard]] UE_NODEBUG UE_FORCEINLINE_HINT RangedForIteratorType             begin ()       { return RangedForIteratorType            (ArrayNum, GetData()); }
      |                                                                                        ^
2 errors generated.
[2/12] Compile BiellaGameplayHUDTest.cpp
[3/12] Compile BiellaTerminalOverlayTest.cpp
[4/12] Compile BiellaGamesPlayerController.cpp
[5/12] Compile BiellaWorldContinuity.cpp
[6/12] Compile BiellaGameplayHUD.cpp
[7/12] Compile BiellaGamesCharacter.cpp
[8/12] Compile Module.BiellaGames.cpp
[9/12] Compile BiellaDeterministicPlaytest.cpp
[10/12] Compile BiellaVisualReadabilityTest.cpp
[11/12] Compile BiellaVehicleTest.cpp
Total time in Unreal Build Accelerator local executor: 6.25 seconds

Result: Failed (OtherCompilationError)
Total execution time: 14.02 seconds
Trace written to file /root/.config/Epic/UnrealBuildTool/Trace.uba with size 8.2kb
