D02_ENV_TEST event=approach phase=1 time=0.283451
D02_ENV_TEST event=safe_capture phase=26 time=2.046772
D02_ENV_TEST event=power_input phase=2 time=2.547412
D02_ENV_TEST event=range_fixture phase=3 time=2.967136
D02_ENV_TEST event=aim_fixture phase=4 time=3.977159
D02_ENV_TEST event=first_shot phase=5 time=4.991536
D02_ENV_TEST event=damaged_capture phase=6 time=5.087746
D02_ENV_TEST event=second_shot phase=7 time=5.598302
D02_ENV_TEST event=debris_settle phase=8 time=5.699113
D02_ENV_TEST event=destroyed_capture phase=27 time=7.710002
D02_ENV_TEST event=walk_fixture phase=9 time=8.212116
D02_ENV_TEST event=walk_through phase=10 time=9.216444
D02_ENV_TEST event=hazard_fixture phase=11 time=10.119670
D02_ENV_TEST event=shared_hazard phase=12 time=10.822718
D02_ENV_TEST event=hazard_capture phase=28 time=12.322058
D02_ENV_TEST event=cut_power_fixture phase=13 time=12.829143
D02_ENV_TEST event=cut_power phase=14 time=13.329071
D02_ENV_TEST event=safe_floor_fixture phase=15 time=13.428487
D02_ENV_TEST event=safe_floor phase=16 time=14.436093
D02_ENV_TEST event=power_restore_fixture phase=22 time=15.943937
D02_ENV_TEST event=restore_power phase=23 time=16.439721
D02_ENV_TEST event=stream_away phase=17 time=16.839823
D02_ENV_TEST event=terrain_unloaded phase=17 time=19.841906
D02_ENV_TEST event=dormant_stable phase=18 time=19.841947
D02_ENV_TEST event=stream_return phase=19 time=21.840825
D02_ENV_TEST event=return_capture phase=21 time=23.846948
D02_ENV_TEST event=resumed_hazard_fixture phase=24 time=24.358690
D02_ENV_TEST event=resumed_hazard phase=25 time=24.858702
D02_ENV_TEST event=restart_input phase=20 time=25.610382
D02_ENV_TEST event=restart_clean phase=20 time=25.975151
