D02_ENV_TEST event=approach phase=1 time=0.298427
D02_ENV_TEST event=power_input phase=2 time=2.070372
D02_ENV_TEST event=range_fixture phase=3 time=2.781627
D02_ENV_TEST event=aim_fixture phase=4 time=3.778057
D02_ENV_TEST event=first_shot phase=5 time=4.779104
D02_ENV_TEST event=damaged_capture phase=6 time=4.878683
D02_ENV_TEST event=second_shot phase=7 time=5.385480
D02_ENV_TEST event=debris_settle phase=8 time=5.485954
D02_ENV_TEST event=walk_fixture phase=9 time=7.485463
D02_ENV_TEST event=walk_through phase=10 time=8.485617
D02_ENV_TEST event=hazard_fixture phase=11 time=9.385772
D02_ENV_TEST event=shared_hazard phase=12 time=10.088755
D02_ENV_TEST event=cut_power_fixture phase=13 time=11.585528
D02_ENV_TEST event=cut_power phase=14 time=12.088577
D02_ENV_TEST event=safe_floor_fixture phase=15 time=12.188717
D02_ENV_TEST event=safe_floor phase=16 time=13.188623
D02_ENV_TEST event=power_restore_fixture phase=22 time=14.689186
D02_ENV_TEST event=restore_power phase=23 time=15.188853
D02_ENV_TEST event=stream_away phase=17 time=15.588740
D02_ENV_TEST event=terrain_unloaded phase=17 time=18.588485
D02_ENV_TEST event=dormant_stable phase=18 time=18.588541
D02_ENV_TEST event=stream_return phase=19 time=20.588746
D02_ENV_TEST event=return_capture phase=21 time=22.589145
D02_ENV_TEST event=resumed_hazard_fixture phase=24 time=23.097959
D02_ENV_TEST event=resumed_hazard phase=25 time=23.597851
D02_ENV_TEST event=restart_input phase=20 time=24.364602
D02_ENV_TEST event=restart_clean phase=20 time=24.643825
