D02_ENV_TEST event=approach phase=1 time=0.478707
D02_ENV_TEST event=safe_capture phase=26 time=2.087409
D02_ENV_TEST event=power_input phase=2 time=2.968898
D02_ENV_TEST event=range_fixture phase=3 time=3.372418
D02_ENV_TEST event=aim_fixture phase=4 time=4.371474
D02_ENV_TEST event=first_shot phase=5 time=5.373278
D02_ENV_TEST event=damaged_capture phase=6 time=5.471381
D02_ENV_TEST event=second_shot phase=7 time=5.978656
D02_ENV_TEST event=debris_settle phase=8 time=6.078884
D02_ENV_TEST event=destroyed_capture phase=27 time=8.087686
D02_ENV_TEST event=walk_fixture phase=9 time=8.597228
D02_ENV_TEST event=walk_through phase=10 time=9.608671
D02_ENV_TEST event=hazard_fixture phase=11 time=10.510023
D02_ENV_TEST event=shared_hazard phase=12 time=11.218003
D02_ENV_TEST event=hazard_capture phase=28 time=12.708446
D02_ENV_TEST event=cut_power_fixture phase=13 time=13.214793
D02_ENV_TEST event=cut_power phase=14 time=13.717146
D02_ENV_TEST event=safe_floor_fixture phase=15 time=13.815221
D02_ENV_TEST event=safe_floor phase=16 time=14.815532
D02_ENV_TEST event=power_restore_fixture phase=22 time=16.315383
D02_ENV_TEST event=restore_power phase=23 time=16.814905
D02_ENV_TEST event=stream_away phase=17 time=17.214971
D02_ENV_TEST event=terrain_unloaded phase=17 time=20.219218
D02_ENV_TEST event=dormant_stable phase=18 time=20.219270
D02_ENV_TEST event=stream_return phase=19 time=22.225570
D02_ENV_TEST event=return_capture phase=21 time=24.237004
D02_ENV_TEST event=resumed_hazard_fixture phase=24 time=24.744564
D02_ENV_TEST event=resumed_hazard phase=25 time=25.246036
D02_ENV_TEST event=restart_input phase=20 time=25.997622
D02_ENV_TEST event=restart_clean phase=20 time=29.232502
