D02_ENV_TEST event=approach phase=1 time=0.300025
D02_ENV_TEST event=safe_capture phase=26 time=2.048085
D02_ENV_TEST event=power_input phase=2 time=2.555380
D02_ENV_TEST event=range_fixture phase=3 time=2.960884
D02_ENV_TEST event=aim_fixture phase=4 time=3.962729
D02_ENV_TEST event=first_shot phase=5 time=4.968905
D02_ENV_TEST event=damaged_capture phase=6 time=5.070140
D02_ENV_TEST event=second_shot phase=7 time=5.571577
D02_ENV_TEST event=debris_settle phase=8 time=5.672905
D02_ENV_TEST event=destroyed_capture phase=27 time=7.683573
D02_ENV_TEST event=walk_fixture phase=9 time=8.196032
D02_ENV_TEST event=walk_through phase=10 time=9.213218
D02_ENV_TEST event=hazard_fixture phase=11 time=10.119193
D02_ENV_TEST event=shared_hazard phase=12 time=10.834310
D02_ENV_TEST event=hazard_capture phase=28 time=12.329841
D02_ENV_TEST event=cut_power_fixture phase=13 time=12.832150
D02_ENV_TEST event=cut_power phase=14 time=13.333427
D02_ENV_TEST event=safe_floor_fixture phase=15 time=13.432234
D02_ENV_TEST event=safe_floor phase=16 time=14.452469
D02_ENV_TEST event=power_restore_fixture phase=22 time=15.965509
D02_ENV_TEST event=restore_power phase=23 time=16.464075
D02_ENV_TEST event=stream_away phase=17 time=16.863983
D02_ENV_TEST event=terrain_unloaded phase=17 time=19.864865
D02_ENV_TEST event=dormant_stable phase=18 time=19.864905
D02_ENV_TEST event=stream_return phase=19 time=21.866231
D02_ENV_TEST event=return_capture phase=21 time=23.868326
D02_ENV_TEST event=resumed_hazard_fixture phase=24 time=24.380285
D02_ENV_TEST event=resumed_hazard phase=25 time=24.879920
D02_ENV_TEST event=restart_input phase=20 time=25.630084
D02_ENV_TEST event=restart_clean phase=20 time=25.971958
