D02_ENV_TEST event=approach phase=1 time=0.240254
D02_ENV_TEST event=power_input phase=2 time=2.049067
D02_ENV_TEST event=range_fixture phase=3 time=2.691158
D02_ENV_TEST event=aim_fixture phase=4 time=3.691090
D02_ENV_TEST event=first_shot phase=5 time=4.689218
D02_ENV_TEST event=damaged_capture phase=6 time=4.790727
D02_ENV_TEST event=second_shot phase=7 time=5.291765
D02_ENV_TEST event=debris_settle phase=8 time=5.391572
D02_ENV_TEST event=walk_fixture phase=9 time=7.394929
D02_ENV_TEST event=walk_through phase=10 time=8.395353
D02_ENV_TEST event=hazard_fixture phase=11 time=9.296775
D02_ENV_TEST event=shared_hazard phase=12 time=9.997507
D02_ENV_TEST event=cut_power_fixture phase=13 time=11.498776
D02_ENV_TEST event=cut_power phase=14 time=12.005480
D02_ENV_TEST event=safe_floor_fixture phase=15 time=12.106587
D02_ENV_TEST event=safe_floor phase=16 time=13.101610
D02_ENV_TEST event=stream_away phase=17 time=14.612629
D02_ENV_TEST event=terrain_unloaded phase=17 time=17.611203
D02_ENV_TEST event=dormant_stable phase=18 time=17.611281
D02_ENV_TEST event=stream_return phase=19 time=19.611961
D02_ENV_TEST event=return_capture phase=21 time=21.611350
D02_ENV_TEST event=restart_input phase=20 time=22.132105
D02_ENV_TEST event=restart_clean phase=20 time=22.376129
