
Running AutomationTool...

Setting up bundled DotNet SDK
Start UAT Interactively: dotnet AutomationTool.dll BuildCookRun -project=/mnt/biella-extra/biella-runtime/d17-01/cook-service-17/project/BiellaGames.uproject -noP4 -platform=Linux -clientconfig=Development -skipbuild -skipcook -stage -pak -iostore -zenstore -nodebuginfo -stagingdirectory=/mnt/biella-extra/biella-runtime/d17-01/cook-service-17/stage-19-staged -archive -archivedirectory=/mnt/biella-extra/biella-runtime/d17-01/cook-service-17/stage-19-archive -utf8output
/opt/unreal/UE_5.8.2/Engine/Binaries/ThirdParty/DotNet/10.0/linux-x64/dotnet
Starting AutomationTool...
Parsing command line: BuildCookRun -project=/mnt/biella-extra/biella-runtime/d17-01/cook-service-17/project/BiellaGames.uproject -noP4 -platform=Linux -clientconfig=Development -skipbuild -skipcook -stage -pak -iostore -zenstore -nodebuginfo -stagingdirectory=/mnt/biella-extra/biella-runtime/d17-01/cook-service-17/stage-19-staged -archive -archivedirectory=/mnt/biella-extra/biella-runtime/d17-01/cook-service-17/stage-19-archive -utf8output
Initializing script modules...
Total script module initialization time: 0.34 s.
Using /opt/unreal/UE_5.8.2/Engine/Binaries/ThirdParty/DotNet/10.0/linux-x64/dotnet
Executing commands...
Setting up ProjectParams for /mnt/biella-extra/biella-runtime/d17-01/cook-service-17/project/BiellaGames.uproject
********** STAGE COMMAND STARTED **********
Creating Staging Manifest...
Staging all 1 build products
 Product 0: BiellaGames
Running: /usr/bin/env -- "chmod" "+x" "/mnt/biella-extra/biella-runtime/d17-01/cook-service-17/project/Intermediate/Staging/BiellaGames.sh"
Took 0.03s to run env, ExitCode=0
Excluding config file /opt/unreal/UE_5.8.2/Engine/Config/BaseLightmass.ini
Excluding config file /opt/unreal/UE_5.8.2/Engine/Config/BaseEditor.ini
Excluding config file /opt/unreal/UE_5.8.2/Engine/Config/BasePakFileRules.ini
Excluding config file /opt/unreal/UE_5.8.2/Engine/Config/Localization/PropertyNames.ini
Excluding config file /opt/unreal/UE_5.8.2/Engine/Config/BaseSourceControlSettings.ini
Excluding config file /opt/unreal/UE_5.8.2/Engine/Config/Localization/PortableObjectExport.ini
Excluding config file /opt/unreal/UE_5.8.2/Engine/Config/Localization/Engine.ini
Excluding config file /opt/unreal/UE_5.8.2/Engine/Config/Localization/RepairData.ini
Excluding config file /opt/unreal/UE_5.8.2/Engine/Config/Localization/Keywords.ini
Excluding config file /opt/unreal/UE_5.8.2/Engine/Config/Localization/ToolTips.ini
Excluding config file /opt/unreal/UE_5.8.2/Engine/Config/Linux/LinuxEditorPerProjectUserSettings.ini
Excluding config file /opt/unreal/UE_5.8.2/Engine/Config/Localization/PortableObjectImport.ini
Excluding config file /opt/unreal/UE_5.8.2/Engine/Config/Localization/Category.ini
Excluding config file /opt/unreal/UE_5.8.2/Engine/Config/Linux/LinuxEditorGameAgnostic.ini
Excluding config file /opt/unreal/UE_5.8.2/Engine/Config/BaseEditorSettings.ini
Excluding config file /opt/unreal/UE_5.8.2/Engine/Config/BaseUnrealInsightsSettings.ini
Excluding config file /opt/unreal/UE_5.8.2/Engine/Config/Localization/Editor.ini
Excluding config file /opt/unreal/UE_5.8.2/Engine/Config/Localization/WordCount.ini
Excluding config file /opt/unreal/UE_5.8.2/Engine/Config/BaseEditorPerProjectUserSettings.ini
Excluding config file /opt/unreal/UE_5.8.2/Engine/Config/BaseEditorKeyBindings.ini
Including config file /opt/unreal/UE_5.8.2/Engine/Config/Linux/BaseLinuxEngine.ini
Including config file /opt/unreal/UE_5.8.2/Engine/Config/Linux/LinuxEngine.ini
Including config file /opt/unreal/UE_5.8.2/Engine/Config/BaseInstallBundle.ini
Including config file /opt/unreal/UE_5.8.2/Engine/Config/ConsoleVariables.ini
Including config file /opt/unreal/UE_5.8.2/Engine/Config/Linux/DataDrivenPlatformInfo.ini
Including config file /opt/unreal/UE_5.8.2/Engine/Config/Linux/LinuxGame.ini
Including config file /opt/unreal/UE_5.8.2/Engine/Config/BaseDeviceProfiles.ini
Including config file /opt/unreal/UE_5.8.2/Engine/Config/BaseEngine.ini
Including config file /opt/unreal/UE_5.8.2/Engine/Config/BaseRuntimeOptions.ini
Including config file /opt/unreal/UE_5.8.2/Engine/Config/PluginBase.ini
Including config file /opt/unreal/UE_5.8.2/Engine/Config/BaseGame.ini
Including config file /opt/unreal/UE_5.8.2/Engine/Config/Base.ini
Including config file /opt/unreal/UE_5.8.2/Engine/Config/BaseMaterialExpressions.ini
Including config file /opt/unreal/UE_5.8.2/Engine/Config/BaseGameUserSettings.ini
Including config file /opt/unreal/UE_5.8.2/Engine/Config/BaseScalability.ini
Including config file /opt/unreal/UE_5.8.2/Engine/Config/BaseCompat.ini
Including config file /opt/unreal/UE_5.8.2/Engine/Config/BaseHardware.ini
Including config file /opt/unreal/UE_5.8.2/Engine/Config/BaseInput.ini
Including config file /opt/unreal/UE_5.8.2/Engine/Config/ConfigRedirects.ini
Including config file /opt/unreal/UE_5.8.2/Engine/Config/Unix/DataDrivenPlatformInfo.ini
Including config file /opt/unreal/UE_5.8.2/Engine/Config/Unix/UnixEngine.ini
Including config file /opt/unreal/UE_5.8.2/Engine/Config/VulkanPC/DataDrivenPlatformInfo.ini
Including config file /opt/unreal/UE_5.8.2/Engine/Config/Layouts/UE4ClassicLayout.ini
Including config file /opt/unreal/UE_5.8.2/Engine/Config/Layouts/DefaultLayout.ini
Including config file /mnt/biella-extra/biella-runtime/d17-01/cook-service-17/project/Config/DefaultEngine.ini
Including config file /mnt/biella-extra/biella-runtime/d17-01/cook-service-17/project/Config/DefaultInput.ini
Including config file /mnt/biella-extra/biella-runtime/d17-01/cook-service-17/project/Config/DefaultGame.ini
Reading oplog from Zen...
Reading oplog from http://[::1]:8558/prj/BiellaGames.d328e8ac/oplog/Linux/entries?trim_by_referencedset=true
Failed reading oplog from Zen at [::1]:8558 (attempt 1/3): Failed to read oplog from Zen at [::1]:8558 for BiellaGames.d328e8ac.Linux: HTTP NotFound. Ensure that cooking was successful.. Re-checking ZenServer readiness and retrying.
Reading oplog from http://[::1]:8558/prj/BiellaGames.d328e8ac/oplog/Linux/entries?trim_by_referencedset=true
Failed reading oplog from Zen at [::1]:8558 (attempt 2/3): Failed to read oplog from Zen at [::1]:8558 for BiellaGames.d328e8ac.Linux: HTTP NotFound. Ensure that cooking was successful.. Re-checking ZenServer readiness and retrying.
Reading oplog from http://[::1]:8558/prj/BiellaGames.d328e8ac/oplog/Linux/entries?trim_by_referencedset=true
Failed reading oplog from Zen at [::1]:8558 for oplog BiellaGames.d328e8ac.Linux after 3 attempts: Failed to read oplog from Zen at [::1]:8558 for BiellaGames.d328e8ac.Linux: HTTP NotFound. Ensure that cooking was successful..
(see /home/unreal/Library/Logs/Unreal Engine/LocalBuildLogs/Log.txt for full exception trace)
AutomationTool executed for 0h 0m 2s
AutomationTool exiting with ExitCode=1 (Error_Unknown)
RunUAT ERROR: AutomationTool was unable to run successfully. Exited with code: 1
