Setting up bundled DotNet SDK
Running command : dotnet Engine/Binaries/DotNET/UnrealBuildTool/UnrealBuildTool.dll BiellaGames Linux Development -project=/root/biella/repos/biella-engine/projects/biella-games/BiellaGames.uproject -NoHotReloadFromIDE -NoUBA -NoUBTMakefiles
Log file: /tmp/biella-d01-46-xdg/Epic/UnrealBuildTool/Log.txt
Determining max actions to execute in parallel (15 physical cores, 15 logical cores)
  Executing up to 15 processes, one per physical core
UbaStorageServer - FileMapping backing: memfd
UbaSessionServer - Disable remote execution (remote sessions will finish current processes)
Creating makefile for BiellaGames (no existing makefile)
FileHashCache - There is no partition covering path to /root/biella/repos/biella-engine/projects/biella-games/Intermediate/Build/Linux/x64/BiellaGames/Development/Core/SharedDefinitions.Core.Cpp20.h!
Unhandled exception: IOException: Permission denied
Wrapped by UnauthorizedAccessException: Access to the path '/root/biella/repos/biella-engine/projects/biella-games/Intermediate/Build/Linux/x64/BiellaGames/Development/Core' is denied.
   at System.IO.FileSystem.CreateDirectory(String fullPath, UnixFileMode unixCreateMode)
   at System.IO.Directory.CreateDirectory(String path)
   at EpicGames.Core.DirectoryReference.CreateDirectory(DirectoryReference location)
   at UnrealBuildTool.FileHashCache.InternalWriteFileIfChanged2(Boolean writtenBefore, Partition partition, FileItem fileItem, UInt128 newHash, Object data, ILogger logger, Boolean alwaysUpdateTimestamp)
   at UnrealBuildTool.FileHashCache.InternalWriteFileIfChanged(FileItem fileItem, UInt128 newHash, Object data, ILogger logger, Boolean allowAsync, Boolean alwaysUpdateTimestamp)
   at UnrealBuildTool.FileHashCache.WriteFileIfChanged(FileItem fileItem, String content, ILogger logger, Boolean allowAsync)
   at UnrealBuildTool.TargetMakefileBuilder.CreateIntermediateTextFile(FileItem FileItem, String Contents, Boolean AllowAsync)
   at UnrealBuildTool.ActionGraphBuilderExtensions.CreateIntermediateTextFile(IActionGraphBuilder Graph, FileReference AbsolutePath, String Contents, Boolean AllowAsync)
   at UnrealBuildTool.UEBuildModuleCPP.FindOrCreateSharedPCH(UEToolChain ToolChain, PrecompiledHeaderTemplate Template, CppCompileEnvironment ModuleCompileEnvironment, IActionGraphBuilder Graph)
   at UnrealBuildTool.UEBuildTarget.CreateSharedPCHInstances(ReadOnlyTargetRules Target, UEToolChain ToolChain, List`1 OriginalBinaries, CppCompileEnvironment GlobalCompileEnvironment, IActionGraphBuilder Graph, ILogger Logger)
   at UnrealBuildTool.UEBuildTarget.BuildMakefile2(ISourceFileWorkingSet WorkingSet, ILogger Logger, BuildContext context, FileHashCache fileHashCache, IEnumerable`1 customManifestFileNames)
   at UnrealBuildTool.BuildMode.<>c__DisplayClass25_5.<CreateMakefiles>b__7(List`1 intermediateFolderGroup)
   at UnrealBuildBase.Parallel2.<>c__DisplayClass0_0`1.<ForEach>g__WorkerLoop|0()
--- End of stack trace from previous location ---
   at UnrealBuildBase.Parallel2.ForEach[TSource](IEnumerable`1 source, Action`1 body, Int32 helperCount, Boolean useTasks)
   at UnrealBuildTool.BuildMode.<>c__DisplayClass25_1.<CreateMakefiles>b__2(KeyValuePair`2 kv)
   at UnrealBuildBase.Parallel2.<>c__DisplayClass0_0`1.<ForEach>g__WorkerLoop|0()
--- End of stack trace from previous location ---
   at UnrealBuildBase.Parallel2.ForEach[TSource](IEnumerable`1 source, Action`1 body, Int32 helperCount, Boolean useTasks)
   at UnrealBuildTool.BuildMode.CreateMakefiles(BuildConfiguration buildConfiguration, List`1 descriptors, ISourceFileWorkingSet workingSet, ILogger logger, Boolean runInitScripts, Boolean skipPreBuildTargets, List`1 outTasks, CppDependencyCache cppDependencyCache, FileHashCache fileHashCache)
   at UnrealBuildTool.BuildMode.ExecuteAsync(CommandLineArguments Arguments, ILogger Logger)
   at UnrealBuildTool.BuildMode.ExecuteAsync(CommandLineArguments Arguments, ILogger Logger)
   at UnrealBuildTool.UnrealBuildTool.Main(String[] ArgumentsArray)

Result: Failed (OtherCompilationError)
Total execution time: 2.51 seconds
Trace written to file /tmp/biella-d01-46-xdg/Epic/UnrealBuildTool/Trace.uba with size 1.8kb
