
Running AutomationTool...

Setting up bundled DotNet SDK
Start UAT Interactively: dotnet AutomationTool.dll BuildCookRun -project=/root/biella/repos/biella-engine/projects/biella-games/BiellaGames.uproject -noP4 -nocompileuat -platform=Linux -clientconfig=Development -skipbuild -skipcook -stage -pak -archive -archivedirectory=/root/biella/repos/biella-engine/projects/biella-games/Build/Demo01/D01-46-package -utf8output -unattended -nozenstore
/opt/unreal/UE_5.8.2/Engine/Binaries/ThirdParty/DotNet/10.0/linux-x64/dotnet
Starting AutomationTool...
Parsing command line: BuildCookRun -project=/root/biella/repos/biella-engine/projects/biella-games/BiellaGames.uproject -noP4 -nocompileuat -platform=Linux -clientconfig=Development -skipbuild -skipcook -stage -pak -archive -archivedirectory=/root/biella/repos/biella-engine/projects/biella-games/Build/Demo01/D01-46-package -utf8output -unattended -nozenstore
Initializing script modules...
Total script module initialization time: 0.40 s.
Using /opt/unreal/UE_5.8.2/Engine/Binaries/ThirdParty/DotNet/10.0/linux-x64/dotnet
Executing commands...
Setting up ProjectParams for /root/biella/repos/biella-engine/projects/biella-games/BiellaGames.uproject
System.UnauthorizedAccessException: Access to the path '/tmp/UAT/+opt+unreal+UE_5.8.2/Rules/UATRules-c480fdb5ab913946393ccda1f34d31da.dll' is denied.
 ---> System.IO.IOException: Permission denied
   --- End of inner exception stack trace ---
   at Interop.ThrowExceptionForIoErrno(ErrorInfo errorInfo, String path, Boolean isDirError)
   at Microsoft.Win32.SafeHandles.SafeFileHandle.Open(String path, OpenFlags flags, Int32 mode, Boolean failForSymlink, Boolean& wasSymlink, Func`4 createOpenException)
   at Microsoft.Win32.SafeHandles.SafeFileHandle.Open(String fullPath, FileMode mode, FileAccess access, FileShare share, FileOptions options, Int64 preallocationSize, UnixFileMode openPermissions, Int64& fileLength, UnixFileMode& filePermissions, Boolean failForSymlink, Boolean& wasSymlink, Func`4 createOpenException)
   at System.IO.Strategies.OSFileStreamStrategy..ctor(String path, FileMode mode, FileAccess access, FileShare share, FileOptions options, Int64 preallocationSize, Nullable`1 unixCreateMode)
   at System.IO.File.Open(String path, FileMode mode)
   at EpicGames.Core.FileReference.Open(FileReference location, FileMode mode) in /mnt/horde/++UE5/Sync/Engine/Source/Programs/Shared/EpicGames.Core/FileReference.cs:line 382
   at UnrealBuildTool.DynamicCompilation.CompileAssemblyAsync(FileReference OutputAssemblyPath, IEnumerable`1 SourceFileNames, ILogger Logger, IEnumerable`1 ReferencedAssembies, IEnumerable`1 PreprocessorDefines, Boolean TreatWarningsAsErrors) in /mnt/horde/++UE5/Sync/Engine/Source/Programs/UnrealBuildTool/System/DynamicCompilation.cs:line 298
   at UnrealBuildTool.DynamicCompilation.CompileAndLoadAssemblyAsync(FileReference OutputAssemblyPath, IEnumerable`1 SourceFileNames, ILogger Logger, IEnumerable`1 ReferencedAssembies, IEnumerable`1 PreprocessorDefines, Boolean DoNotCompile, Boolean ForceCompile, Boolean TreatWarningsAsErrors) in /mnt/horde/++UE5/Sync/Engine/Source/Programs/UnrealBuildTool/System/DynamicCompilation.cs:line 380
(see /home/unreal/Library/Logs/Unreal Engine/LocalBuildLogs/Log.txt for full exception trace)
AutomationTool executed for 0h 0m 1s
AutomationTool exiting with ExitCode=1 (Error_Unknown)
RunUAT ERROR: AutomationTool was unable to run successfully. Exited with code: 1
