Setting up bundled DotNet SDK
Running command : dotnet Engine/Binaries/DotNET/UnrealBuildTool/UnrealBuildTool.dll BiellaGamesEditor Linux Development -Project=/root/biella/repos/biella-games/BiellaGames.uproject -WaitMutex -NoUBA -NoHotReloadFromIDE -NoUBTMakefiles
Failed to create shm /uba_01 after getting lock-file /tmp/uba_shm_locks/01 (File exists)
Log file: /home/unreal/.config/Epic/UnrealBuildTool/Log.txt
Determining max actions to execute in parallel (15 physical cores, 15 logical cores)
  Executing up to 15 processes, one per physical core
Using 'git status' to determine working set for adaptive non-unity build (/root/biella/repos/biella-games).
UbaStorageServer - FileMapping backing: memfd
UbaSessionServer - Disable remote execution (remote sessions will finish current processes)
Building BiellaGamesEditor...
===== Toolchain Information =====
Using ISPC compiler (/opt/unreal/UE_5.8.2/Engine/Source/ThirdParty/Intel/ISPC/bin/Linux/ispc)
  Intel(r) Implicit SPMD Program Compiler (Intel(r) ISPC), 1.24.0 (build commit  @ 20240919, LLVM 18.1.6)
Using Clang compiler 20.1.8 (/opt/unreal/UE_5.8.2/Engine/Extras/ThirdPartyNotUE/SDKs/HostLinux/Linux_x64/v26_clang-20.1.8-rockylinux8/x86_64-unknown-linux-gnu/bin/clang++)
  clang version 20.1.8 (github.com/llvm/llvm-project 87f0227cb60147a26a1eeb4fb06e3b505e9c7261) Target: x86_64-unknown-linux-gnu Thread model: posix InstalledDir: /opt/unreal/UE_5.8.2/Engine/Extras/ThirdPartyNotUE/SDKs/HostLinux/Linux_x64/v26_clang-20.1.8-rockylinux8/x86_64-unknown-linux-gnu/bin
Using Clang archiver (/opt/unreal/UE_5.8.2/Engine/Extras/ThirdPartyNotUE/SDKs/HostLinux/Linux_x64/v26_clang-20.1.8-rockylinux8/x86_64-unknown-linux-gnu/bin/llvm-ar)
  LLVM (http://llvm.org/):   LLVM version 20.1.8   Optimized build.
Using toolchain located at '/opt/unreal/UE_5.8.2/Engine/Extras/ThirdPartyNotUE/SDKs/HostLinux/Linux_x64/v26_clang-20.1.8-rockylinux8/x86_64-unknown-linux-gnu'
Using bundled libc++ standard C++ library.
Compressing debug files
=================================
Using Unreal Build Accelerator local executor to run 3 action(s)
  CPU 15 physical cores, 15 logical cores
  Memory 86.31 GB physical, 3.68 GB/75.15 GB committed
  UBA Storage capacity 40 GB
[1/3] Compile BiellaGamesCharacter.cpp [NoUba]
/root/biella/repos/biella-games/Source/BiellaGames/Private/BiellaGamesCharacter.cpp:17:33: error: cannot initialize a parameter of type 'USceneComponent *' with an rvalue of type 'UCapsuleComponent *'
   17 |     CameraBoom->SetupAttachment(Collision.Get());
      |                                 ^~~~~~~~~~~~~~~
/root/biella/repos/biella-games/Source/BiellaGames/Public/BiellaDemoPawn.h:9:7: note: 'UCapsuleComponent' is not defined, but forward declared here; conversion would be valid if it was derived from 'USceneComponent'
    9 | class UCapsuleComponent;
      |       ^
/opt/unreal/UE_5.8.2/Engine/Source/Runtime/Engine/Classes/Components/SceneComponent.h:734:51: note: passing argument to parameter 'InParent' here
  734 |     ENGINE_API void SetupAttachment(USceneComponent* InParent, FName InSocketName = NAME_None);
      |                                                      ^
/root/biella/repos/biella-games/Source/BiellaGames/Private/BiellaGamesCharacter.cpp:27:33: error: cannot initialize a parameter of type 'USceneComponent *' with an rvalue of type 'UCapsuleComponent *'
   27 |     WeaponMesh->SetupAttachment(Collision.Get());
      |                                 ^~~~~~~~~~~~~~~
/root/biella/repos/biella-games/Source/BiellaGames/Public/BiellaDemoPawn.h:9:7: note: 'UCapsuleComponent' is not defined, but forward declared here; conversion would be valid if it was derived from 'USceneComponent'
    9 | class UCapsuleComponent;
      |       ^
/opt/unreal/UE_5.8.2/Engine/Source/Runtime/Engine/Classes/Components/SceneComponent.h:734:51: note: passing argument to parameter 'InParent' here
  734 |     ENGINE_API void SetupAttachment(USceneComponent* InParent, FName InSocketName = NAME_None);
      |                                                      ^
2 errors generated.
[2/3] Compile BiellaDemoPawn.cpp [NoUba]
Total time in Unreal Build Accelerator local executor: 1.86 seconds

Result: Failed (OtherCompilationError)
Total execution time: 4.37 seconds
Trace written to file /home/unreal/.config/Epic/UnrealBuildTool/Trace.uba with size 5.1kb
