D02_VEHICLE_TEST event=approach phase=1 time=0.256109
D02_VEHICLE_TEST event=approach_capture phase=22 time=3.051687
D02_VEHICLE_TEST event=enter_key phase=2 time=3.826853
D02_VEHICLE_TEST event=accelerate phase=3 time=4.173533
D02_VEHICLE_TEST event=steer_right phase=4 time=5.675509
D02_VEHICLE_TEST event=steer_left phase=5 time=5.976063
D02_VEHICLE_TEST event=streamed_traversal phase=6 time=6.279238
D02_VEHICLE_TEST event=support_removed phase=6 time=8.225299
D02_VEHICLE_TEST event=support_hold phase=6 time=8.729049
D02_VEHICLE_TEST event=support_restored phase=6 time=8.729404
D02_VEHICLE_TEST event=brake phase=7 time=13.528744
D02_VEHICLE_TEST event=reverse phase=8 time=15.026923
D02_VEHICLE_TEST event=reverse_brake phase=9 time=16.526817
D02_VEHICLE_TEST event=collision_approach phase=10 time=18.027673
D02_VEHICLE_TEST event=collision_response phase=11 time=20.684069
D02_VEHICLE_TEST event=exit_key phase=12 time=22.190839
D02_VEHICLE_TEST event=walking_resumed phase=13 time=22.589737
D02_VEHICLE_TEST event=depart phase=14 time=23.352890
D02_VEHICLE_TEST event=parked phase=15 time=26.307178
D02_VEHICLE_TEST event=return phase=16 time=28.308485
D02_VEHICLE_TEST event=reenter phase=17 time=31.313601
D02_VEHICLE_TEST event=npc_contact_approach phase=21 time=31.711778
D02_VEHICLE_TEST event=npc_contact_confirmed phase=21 time=35.698472
D02_VEHICLE_TEST event=disabled phase=18 time=35.698528
D02_VEHICLE_TEST event=driver_defeated phase=19 time=37.197765
D02_VEHICLE_TEST event=restart_wait phase=20 time=38.199631
D02_VEHICLE_TEST event=restart_key phase=30 time=39.214680
D02_VEHICLE_TEST event=restart_clean phase=30 time=39.468095
