Setting up bundled DotNet SDK
Running command : dotnet Engine/Binaries/DotNET/UnrealBuildTool/UnrealBuildTool.dll BiellaGamesEditor Linux Development -Project=/root/biella/repos/biella-engine/projects/biella-games/BiellaGames.uproject -WaitMutex
Log file: /root/.config/Epic/UnrealBuildTool/Log.txt
Determining max actions to execute in parallel (15 physical cores, 15 logical cores)
  Executing up to 15 processes, one per physical core
UbaStorageServer - FileMapping backing: memfd
UbaServer - Listening on 0.0.0.0:1345
Invalidating makefile for BiellaGamesEditor (source file added)
FileHashCache - There is no partition covering path to /root/biella/repos/biella-engine/projects/biella-games/Intermediate/Build/Linux/x64/BiellaGamesEditor/Development/Core/SharedDefinitions.Core.Cpp20.h!
FileHashCache - There is no partition covering path to /root/biella/repos/biella-engine/projects/biella-games/Intermediate/Build/Linux/x64/BiellaGamesEditor/Development/Core/SharedPCH.Core.Cpp20.h!
FileHashCache - There is no partition covering path to /root/biella/repos/biella-engine/projects/biella-games/Intermediate/Build/Linux/x64/BiellaGamesEditor/Development/Core/SharedPCH.Core.Cpp20.h.gch.rsp!
FileHashCache - There is no partition covering path to /root/biella/repos/biella-engine/projects/biella-games/Intermediate/Build/Linux/x64/BiellaGamesEditor/Development/CoreUObject/SharedDefinitions.CoreUObject.Cpp20.h!
FileHashCache - There is no partition covering path to /root/biella/repos/biella-engine/projects/biella-games/Intermediate/Build/Linux/x64/BiellaGamesEditor/Development/CoreUObject/SharedPCH.CoreUObject.Cpp20.h!
FileHashCache - There is no partition covering path to /root/biella/repos/biella-engine/projects/biella-games/Intermediate/Build/Linux/x64/BiellaGamesEditor/Development/CoreUObject/SharedPCH.CoreUObject.Cpp20.h.gch.rsp!
FileHashCache - There is no partition covering path to /root/biella/repos/biella-engine/projects/biella-games/Intermediate/Build/Linux/x64/BiellaGamesEditor/Development/CoreUObject/SharedDefinitions.CoreUObject.RTTI.Cpp20.h!
FileHashCache - There is no partition covering path to /root/biella/repos/biella-engine/projects/biella-games/Intermediate/Build/Linux/x64/BiellaGamesEditor/Development/CoreUObject/SharedPCH.CoreUObject.RTTI.Cpp20.h!
FileHashCache - There is no partition covering path to /root/biella/repos/biella-engine/projects/biella-games/Intermediate/Build/Linux/x64/BiellaGamesEditor/Development/CoreUObject/SharedPCH.CoreUObject.RTTI.Cpp20.h.gch.rsp!
FileHashCache - There is no partition covering path to /root/biella/repos/biella-engine/projects/biella-games/Intermediate/Build/Linux/x64/BiellaGamesEditor/Development/Slate/SharedDefinitions.Slate.Cpp20.h!
FileHashCache - There is no partition covering path to /root/biella/repos/biella-engine/projects/biella-games/Intermediate/Build/Linux/x64/BiellaGamesEditor/Development/Slate/SharedPCH.Slate.Cpp20.h!
FileHashCache - There is no partition covering path to /root/biella/repos/biella-engine/projects/biella-games/Intermediate/Build/Linux/x64/BiellaGamesEditor/Development/Slate/SharedPCH.Slate.Cpp20.h.gch.rsp!
FileHashCache - There is no partition covering path to /root/biella/repos/biella-engine/projects/biella-games/Intermediate/Build/Linux/x64/BiellaGamesEditor/Development/Engine/SharedDefinitions.Engine.Cpp20.h!
FileHashCache - There is no partition covering path to /root/biella/repos/biella-engine/projects/biella-games/Intermediate/Build/Linux/x64/BiellaGamesEditor/Development/Engine/SharedPCH.Engine.Cpp20.h!
FileHashCache - There is no partition covering path to /root/biella/repos/biella-engine/projects/biella-games/Intermediate/Build/Linux/x64/BiellaGamesEditor/Development/Engine/SharedPCH.Engine.Cpp20.h.gch.rsp!
FileHashCache - There is no partition covering path to /root/biella/repos/biella-engine/projects/biella-games/Intermediate/Build/Linux/x64/BiellaGamesEditor/Development/Engine/SharedDefinitions.Engine.Project.ValApi.ValExpApi.Cpp20.h!
FileHashCache - There is no partition covering path to /root/biella/repos/biella-engine/projects/biella-games/Intermediate/Build/Linux/x64/BiellaGamesEditor/Development/Engine/SharedPCH.Engine.Project.ValApi.ValExpApi.Cpp20.h!
FileHashCache - There is no partition covering path to /root/biella/repos/biella-engine/projects/biella-games/Intermediate/Build/Linux/x64/BiellaGamesEditor/Development/Engine/SharedPCH.Engine.Project.ValApi.ValExpApi.Cpp20.h.gch.rsp!
FileHashCache - There is no partition covering path to /root/biella/repos/biella-engine/projects/biella-games/Intermediate/Build/Linux/x64/BiellaGamesEditor/Development/UnrealEd/SharedDefinitions.UnrealEd.Cpp20.h!
FileHashCache - There is no partition covering path to /root/biella/repos/biella-engine/projects/biella-games/Intermediate/Build/Linux/x64/BiellaGamesEditor/Development/UnrealEd/SharedPCH.UnrealEd.Cpp20.h!
FileHashCache - There is no partition covering path to /root/biella/repos/biella-engine/projects/biella-games/Intermediate/Build/Linux/x64/BiellaGamesEditor/Development/UnrealEd/SharedPCH.UnrealEd.Cpp20.h.gch.rsp!
FileHashCache - There is no partition covering path to /root/biella/repos/biella-engine/projects/biella-games/Intermediate/Build/Linux/x64/BiellaGamesEditor/Development/UnrealEd/SharedDefinitions.UnrealEd.Project.ValApi.ValExpApi.Cpp20.h!
FileHashCache - There is no partition covering path to /root/biella/repos/biella-engine/projects/biella-games/Intermediate/Build/Linux/x64/BiellaGamesEditor/Development/UnrealEd/SharedPCH.UnrealEd.Project.ValApi.ValExpApi.Cpp20.h!
FileHashCache - There is no partition covering path to /root/biella/repos/biella-engine/projects/biella-games/Intermediate/Build/Linux/x64/BiellaGamesEditor/Development/UnrealEd/SharedPCH.UnrealEd.Project.ValApi.ValExpApi.Cpp20.h.gch.rsp!
UHT compiled-in object format Default
Building BiellaGamesEditor...
===== Toolchain Information =====
Using ISPC compiler (/opt/unreal/UE_5.8.2/Engine/Source/ThirdParty/Intel/ISPC/bin/Linux/ispc)
  Intel(r) Implicit SPMD Program Compiler (Intel(r) ISPC), 1.24.0 (build commit  @ 20240919, LLVM 18.1.6)
Using Clang compiler 20.1.8 (/opt/unreal/UE_5.8.2/Engine/Extras/ThirdPartyNotUE/SDKs/HostLinux/Linux_x64/v26_clang-20.1.8-rockylinux8/x86_64-unknown-linux-gnu/bin/clang++)
  clang version 20.1.8 (github.com/llvm/llvm-project 87f0227cb60147a26a1eeb4fb06e3b505e9c7261) Target: x86_64-unknown-linux-gnu Thread model: posix InstalledDir: /opt/unreal/UE_5.8.2/Engine/Extras/ThirdPartyNotUE/SDKs/HostLinux/Linux_x64/v26_clang-20.1.8-rockylinux8/x86_64-unknown-linux-gnu/bin
Using Clang archiver (/opt/unreal/UE_5.8.2/Engine/Extras/ThirdPartyNotUE/SDKs/HostLinux/Linux_x64/v26_clang-20.1.8-rockylinux8/x86_64-unknown-linux-gnu/bin/llvm-ar)
  LLVM (http://llvm.org/):   LLVM version 20.1.8   Optimized build.
Using toolchain located at '/opt/unreal/UE_5.8.2/Engine/Extras/ThirdPartyNotUE/SDKs/HostLinux/Linux_x64/v26_clang-20.1.8-rockylinux8/x86_64-unknown-linux-gnu'
Using bundled libc++ standard C++ library.
Compressing debug files
[Adaptive Build] Excluded from BiellaGames unity file: BiellaGames.cpp, BiellaGamesGameState.cpp, BiellaEnvironmentSite.cpp, BiellaPlaytestTelemetry.cpp, BiellaWorldAuthoring.cpp, BiellaGamesGameInstance.cpp, BasicWorldGeometry.cpp, ThirdPartyNanosvg.cpp, BiellaCharacterAnimInstance.cpp, BiellaGameplayHUD.cpp, BiellaWorldContinuity.cpp, ThirdPartyAHEasing.cpp, BiellaInfected.cpp, BiellaDemoObjectiveManager.cpp, BiellaGamesGameModeBase.cpp, BiellaVehicle.cpp, BiellaGameplayFeedback.cpp, BiellaRival.cpp, BiellaGamesPlayerController.cpp, BiellaPopulation.cpp, BiellaGamesCharacter.cpp, BiellaDemoPawn.cpp, BiellaAnimationTest.cpp, BiellaPopulationTest.cpp, BiellaRestartResetTest.cpp, BiellaPresentationTest.cpp, BiellaEnvironmentTest.cpp, BiellaNativePerformanceTest.cpp, BiellaDeterministicPlaytest.cpp, BiellaRivalNavigationTest.cpp, BiellaFailureStateTest.cpp, BiellaRivalCombatTest.cpp, BiellaSharedInteractionTest.cpp, BiellaLifecycleCleanupTest.cpp, BiellaWorldStreamingTest.cpp, BiellaDemoObjectiveTest.cpp, BiellaFeedbackTest.cpp, BiellaArenaPressureTest.cpp, BiellaTerminalOverlayTest.cpp, BiellaVehicleTest.cpp, BiellaPressureResponsesTest.cpp, BiellaVisualReadabilityTest.cpp, BiellaGameplayHUDTest.cpp
=================================
Using Unreal Build Accelerator local executor to run 45 action(s)
  CPU 15 physical cores, 15 logical cores
  Memory 86.31 GB physical, 12.01 GB/75.15 GB committed
  UBA Storage capacity 40 GB
[1/45] Compile BiellaCharacterAnimInstance.cpp
/root/biella/repos/biella-engine/projects/biella-games/Source/BiellaGames/Private/BiellaCharacterAnimInstance.cpp:26:16: error: 'BlendSpace' is a private member of 'FAnimNode_BlendSpacePlayer_Standalone'
   26 |         Ground.BlendSpace=Anim->UnarmedLocomotion; Ground.bLoop=true;
      |                ^
/opt/unreal/UE_5.8.2/Engine/Source/Runtime/AnimGraphRuntime/Public/AnimNodes/AnimNode_BlendSpacePlayer.h:272:26: note: declared private here
  272 |     TObjectPtr<UBlendSpace> BlendSpace = nullptr;
      |                             ^
/root/biella/repos/biella-engine/projects/biella-games/Source/BiellaGames/Private/BiellaCharacterAnimInstance.cpp:26:59: error: 'bLoop' is a private member of 'FAnimNode_BlendSpacePlayer_Standalone'
   26 |         Ground.BlendSpace=Anim->UnarmedLocomotion; Ground.bLoop=true;
      |                                                           ^
/opt/unreal/UE_5.8.2/Engine/Source/Runtime/AnimGraphRuntime/Public/AnimNodes/AnimNode_BlendSpacePlayer.h:260:7: note: declared private here
  260 |     bool bLoop = true;
      |          ^
/root/biella/repos/biella-engine/projects/biella-games/Source/BiellaGames/Private/BiellaCharacterAnimInstance.cpp:27:14: error: 'Sequence' is a private member of 'FAnimNode_SequenceEvaluator_Standalone'
   27 |         Jump.Sequence=Anim->JumpSequence; Jump.bTeleportToExplicitTime=true; Jump.bShouldLoop=false;
      |              ^
/opt/unreal/UE_5.8.2/Engine/Source/Runtime/AnimGraphRuntime/Public/AnimNodes/AnimNode_SequenceEvaluator.h:212:32: note: declared private here
  212 |     TObjectPtr<UAnimSequenceBase> Sequence = nullptr;
      |                                   ^
/root/biella/repos/biella-engine/projects/biella-games/Source/BiellaGames/Private/BiellaCharacterAnimInstance.cpp:27:48: error: 'bTeleportToExplicitTime' is a private member of 'FAnimNode_SequenceEvaluator_Standalone'
   27 |         Jump.Sequence=Anim->JumpSequence; Jump.bTeleportToExplicitTime=true; Jump.bShouldLoop=false;
      |                                                ^
/opt/unreal/UE_5.8.2/Engine/Source/Runtime/AnimGraphRuntime/Public/AnimNodes/AnimNode_SequenceEvaluator.h:232:7: note: declared private here
  232 |     bool bTeleportToExplicitTime = true;
      |          ^
/root/biella/repos/biella-engine/projects/biella-games/Source/BiellaGames/Private/BiellaCharacterAnimInstance.cpp:27:83: error: 'bShouldLoop' is a private member of 'FAnimNode_SequenceEvaluator_Standalone'
   27 |         Jump.Sequence=Anim->JumpSequence; Jump.bTeleportToExplicitTime=true; Jump.bShouldLoop=false;
      |                                                                                   ^
/opt/unreal/UE_5.8.2/Engine/Source/Runtime/AnimGraphRuntime/Public/AnimNodes/AnimNode_SequenceEvaluator.h:226:7: note: declared private here
  226 |     bool bShouldLoop = true;
      |          ^
/root/biella/repos/biella-engine/projects/biella-games/Source/BiellaGames/Private/BiellaCharacterAnimInstance.cpp:28:70: error: 'bAlwaysUpdateChildren' is a protected member of 'FAnimNode_TwoWayBlend'
   28 |         Root.A.SetLinkNode(&Ground); Root.B.SetLinkNode(&Jump); Root.bAlwaysUpdateChildren=true;
      |                                                                      ^
/opt/unreal/UE_5.8.2/Engine/Source/Runtime/AnimGraphRuntime/Public/AnimNodes/AnimNode_TwoWayBlend.h:45:8: note: declared protected here
   45 |     uint8 bAlwaysUpdateChildren:1;
      |           ^
/root/biella/repos/biella-engine/projects/biella-games/Source/BiellaGames/Private/BiellaCharacterAnimInstance.cpp:37:16: error: 'BlendSpace' is a private member of 'FAnimNode_BlendSpacePlayer_Standalone'
   37 |         Ground.BlendSpace=Sample.bArmed ? Anim->RifleLocomotion : Anim->UnarmedLocomotion;
      |                ^
/opt/unreal/UE_5.8.2/Engine/Source/Runtime/AnimGraphRuntime/Public/AnimNodes/AnimNode_BlendSpacePlayer.h:272:26: note: declared private here
  272 |     TObjectPtr<UBlendSpace> BlendSpace = nullptr;
      |                             ^
/root/biella/repos/biella-engine/projects/biella-games/Source/BiellaGames/Private/BiellaCharacterAnimInstance.cpp:41:16: error: 'X' is a private member of 'FAnimNode_BlendSpacePlayer_Standalone'
   41 |         Ground.X=Sample.Direction; Ground.Y=Sample.Speed;
      |                ^
/opt/unreal/UE_5.8.2/Engine/Source/Runtime/AnimGraphRuntime/Public/AnimNodes/AnimNode_BlendSpacePlayer.h:248:8: note: declared private here
  248 |     float X = 0.0f;
      |           ^
/root/biella/repos/biella-engine/projects/biella-games/Source/BiellaGames/Private/BiellaCharacterAnimInstance.cpp:41:43: error: 'Y' is a private member of 'FAnimNode_BlendSpacePlayer_Standalone'
   41 |         Ground.X=Sample.Direction; Ground.Y=Sample.Speed;
      |                                           ^
/opt/unreal/UE_5.8.2/Engine/Source/Runtime/AnimGraphRuntime/Public/AnimNodes/AnimNode_BlendSpacePlayer.h:252:8: note: declared private here
  252 |     float Y = 0.0f;
      |           ^
/root/biella/repos/biella-engine/projects/biella-games/Source/BiellaGames/Private/BiellaCharacterAnimInstance.cpp:42:14: error: 'ExplicitTime' is a private member of 'FAnimNode_SequenceEvaluator_Standalone'
   42 |         Jump.ExplicitTime=Sample.JumpPhase*(Jump.Sequence ? Jump.Sequence->GetPlayLength() : 0);
      |              ^
/opt/unreal/UE_5.8.2/Engine/Source/Runtime/AnimGraphRuntime/Public/AnimNodes/AnimNode_SequenceEvaluator.h:216:8: note: declared private here
  216 |     float ExplicitTime = 0.0f;
      |           ^
/root/biella/repos/biella-engine/projects/biella-games/Source/BiellaGames/Private/BiellaCharacterAnimInstance.cpp:42:50: error: 'Sequence' is a private member of 'FAnimNode_SequenceEvaluator_Standalone'
   42 |         Jump.ExplicitTime=Sample.JumpPhase*(Jump.Sequence ? Jump.Sequence->GetPlayLength() : 0);
      |                                                  ^
/opt/unreal/UE_5.8.2/Engine/Source/Runtime/AnimGraphRuntime/Public/AnimNodes/AnimNode_SequenceEvaluator.h:212:32: note: declared private here
  212 |     TObjectPtr<UAnimSequenceBase> Sequence = nullptr;
      |                                   ^
/root/biella/repos/biella-engine/projects/biella-games/Source/BiellaGames/Private/BiellaCharacterAnimInstance.cpp:42:66: error: 'Sequence' is a private member of 'FAnimNode_SequenceEvaluator_Standalone'
   42 |         Jump.ExplicitTime=Sample.JumpPhase*(Jump.Sequence ? Jump.Sequence->GetPlayLength() : 0);
      |                                                                  ^
/opt/unreal/UE_5.8.2/Engine/Source/Runtime/AnimGraphRuntime/Public/AnimNodes/AnimNode_SequenceEvaluator.h:212:32: note: declared private here
  212 |     TObjectPtr<UAnimSequenceBase> Sequence = nullptr;
      |                                   ^
12 errors generated.
[2/45] Compile BiellaDemoPawn.cpp
/root/biella/repos/biella-engine/projects/biella-games/Source/BiellaGames/Private/BiellaDemoPawn.cpp:267:16: error: variable 'Detail' with type 'auto *' has incompatible initializer of type 'TObjectPtr<UStaticMeshComponent>'
  267 |     for (auto* Detail:RoleDetails)
      |                ^     ~
/opt/unreal/UE_5.8.2/Engine/Source/Runtime/Core/Public/Containers/Array.h:3625:82: note: selected 'begin' function with iterator type 'RangedForIteratorType' (aka 'TCheckedPointerIterator<TObjectPtr<UStaticMeshComponent>, int, false>')
 3625 |         [[nodiscard]] UE_NODEBUG UE_FORCEINLINE_HINT RangedForIteratorType             begin ()       { return RangedForIteratorType            (ArrayNum, GetData()); }
      |                                                                                        ^
/root/biella/repos/biella-engine/projects/biella-games/Source/BiellaGames/Private/BiellaDemoPawn.cpp:277:16: error: variable 'Material' with type 'auto *' has incompatible initializer of type 'TObjectPtr<UMaterialInstanceDynamic>'
  277 |     for (auto* Material : CharacterMaterials)
      |                ^        ~
/opt/unreal/UE_5.8.2/Engine/Source/Runtime/Core/Public/Containers/Array.h:3625:82: note: selected 'begin' function with iterator type 'RangedForIteratorType' (aka 'TCheckedPointerIterator<TObjectPtr<UMaterialInstanceDynamic>, int, false>')
 3625 |         [[nodiscard]] UE_NODEBUG UE_FORCEINLINE_HINT RangedForIteratorType             begin ()       { return RangedForIteratorType            (ArrayNum, GetData()); }
      |                                                                                        ^
2 errors generated.
[3/45] Compile BiellaArenaPressureTest.cpp
[4/45] Compile BiellaDemoObjectiveTest.cpp
[5/45] Compile BiellaFailureStateTest.cpp
[6/45] Compile BiellaDemoObjectiveManager.cpp
[7/45] Compile BiellaGames.cpp
[8/45] Compile BiellaGameplayHUDTest.cpp
[9/45] Compile BiellaGamesGameInstance.cpp
[10/45] Compile BiellaAnimationTest.cpp
[11/45] Compile BiellaEnvironmentSite.cpp
[12/45] Compile BasicWorldGeometry.cpp
[13/45] Compile BiellaGameplayHUD.cpp
[14/45] Compile BiellaEnvironmentTest.cpp
[15/45] Compile BiellaGamesGameState.cpp
[16/45] Compile BiellaGameplayFeedback.cpp
[17/45] Compile BiellaInfected.cpp
[18/45] Compile BiellaDeterministicPlaytest.cpp
[19/45] Compile BiellaLifecycleCleanupTest.cpp
[20/45] Compile BiellaGamesGameModeBase.cpp
[21/45] Compile BiellaPlaytestTelemetry.cpp
[22/45] Compile BiellaGamesCharacter.cpp
[23/45] Compile BiellaGamesPlayerController.cpp
[24/45] Compile BiellaRestartResetTest.cpp
[25/45] Compile BiellaPopulation.cpp
[26/45] Compile BiellaPresentationTest.cpp
[27/45] Compile BiellaPressureResponsesTest.cpp
[28/45] Compile BiellaNativePerformanceTest.cpp
[29/45] Compile BiellaPopulationTest.cpp
[30/45] Compile BiellaRival.cpp
[31/45] Compile BiellaRivalCombatTest.cpp
[32/45] Compile BiellaFeedbackTest.cpp
[33/45] Compile BiellaRivalNavigationTest.cpp
[34/45] Compile ThirdPartyAHEasing.cpp
[35/45] Compile BiellaTerminalOverlayTest.cpp
[36/45] Compile BiellaWorldAuthoring.cpp
[37/45] Compile BiellaVehicle.cpp
[38/45] Compile BiellaSharedInteractionTest.cpp
[39/45] Compile ThirdPartyNanosvg.cpp
[40/45] Compile BiellaVehicleTest.cpp
[41/45] Compile BiellaVisualReadabilityTest.cpp
[42/45] Compile BiellaWorldContinuity.cpp
[43/45] Compile Module.BiellaGames.cpp
[44/45] Compile BiellaWorldStreamingTest.cpp
Total time in Unreal Build Accelerator local executor: 14.88 seconds

Result: Failed (OtherCompilationError)
Total execution time: 24.71 seconds
Trace written to file /root/.config/Epic/UnrealBuildTool/Trace.uba with size 22.5kb
