D02_ENV_TEST event=approach phase=1 time=0.346017
D02_ENV_TEST event=safe_capture phase=26 time=2.042082
D02_ENV_TEST event=power_input phase=2 time=2.556020
D02_ENV_TEST event=range_fixture phase=3 time=2.953206
D02_ENV_TEST event=aim_fixture phase=4 time=3.954158
D02_ENV_TEST event=first_shot phase=5 time=4.954824
D02_ENV_TEST event=damaged_capture phase=6 time=5.054467
D02_ENV_TEST event=second_shot phase=7 time=5.562656
D02_ENV_TEST event=debris_settle phase=8 time=5.663236
D02_ENV_TEST event=destroyed_capture phase=27 time=7.667547
D02_ENV_TEST event=walk_fixture phase=9 time=8.178039
D02_ENV_TEST event=walk_through phase=10 time=9.181734
D02_ENV_TEST event=hazard_fixture phase=11 time=10.079123
D02_ENV_TEST event=shared_hazard phase=12 time=10.783273
D02_ENV_TEST event=hazard_capture phase=28 time=12.280005
D02_ENV_TEST event=cut_power_fixture phase=13 time=12.791369
D02_ENV_TEST event=cut_power phase=14 time=13.292368
D02_ENV_TEST event=safe_floor_fixture phase=15 time=13.392376
D02_ENV_TEST event=safe_floor phase=16 time=14.394605
D02_ENV_TEST event=power_restore_fixture phase=22 time=15.893070
D02_ENV_TEST event=restore_power phase=23 time=16.392181
D02_ENV_TEST event=stream_away phase=17 time=16.792639
D02_ENV_TEST event=terrain_unloaded phase=17 time=19.795287
D02_ENV_TEST event=dormant_stable phase=18 time=19.795328
D02_ENV_TEST event=stream_return phase=19 time=21.792741
D02_ENV_TEST event=return_capture phase=21 time=23.800914
D02_ENV_TEST event=resumed_hazard_fixture phase=24 time=24.311707
D02_ENV_TEST event=resumed_hazard phase=25 time=24.817371
D02_ENV_TEST event=restart_input phase=20 time=25.561963
D02_ENV_TEST event=restart_clean phase=20 time=25.939072
