D02_ENV_TEST event=approach phase=1 time=0.436571
D02_ENV_TEST event=safe_capture phase=26 time=2.061807
D02_ENV_TEST event=power_input phase=2 time=2.573964
D02_ENV_TEST event=range_fixture phase=3 time=2.981517
D02_ENV_TEST event=aim_fixture phase=4 time=3.980281
D02_ENV_TEST event=first_shot phase=5 time=5.002945
D02_ENV_TEST event=damaged_capture phase=6 time=5.104376
D02_ENV_TEST event=second_shot phase=7 time=5.622830
D02_ENV_TEST event=debris_settle phase=8 time=5.725654
D02_ENV_TEST event=destroyed_capture phase=27 time=7.739188
D02_ENV_TEST event=walk_fixture phase=9 time=8.249263
D02_ENV_TEST event=walk_through phase=10 time=9.244205
D02_ENV_TEST event=hazard_fixture phase=11 time=10.162727
D02_ENV_TEST event=shared_hazard phase=12 time=10.875024
D02_ENV_TEST event=hazard_capture phase=28 time=12.373497
D02_ENV_TEST event=cut_power_fixture phase=13 time=12.878529
D02_ENV_TEST event=cut_power phase=14 time=13.384537
D02_ENV_TEST event=safe_floor_fixture phase=15 time=13.490222
D02_ENV_TEST event=safe_floor phase=16 time=14.490452
D02_ENV_TEST event=power_restore_fixture phase=22 time=15.990626
D02_ENV_TEST event=restore_power phase=23 time=16.493754
D02_ENV_TEST event=stream_away phase=17 time=16.910084
D02_ENV_TEST event=terrain_unloaded phase=17 time=19.913839
D02_ENV_TEST event=dormant_stable phase=18 time=19.913887
D02_ENV_TEST event=stream_return phase=19 time=21.910443
D02_ENV_TEST event=return_capture phase=21 time=23.916076
D02_ENV_TEST event=resumed_hazard_fixture phase=24 time=24.427642
D02_ENV_TEST event=resumed_hazard phase=25 time=24.927823
D02_ENV_TEST event=restart_input phase=20 time=25.680060
D02_ENV_TEST event=restart_clean phase=20 time=26.073035
