D02_ENV_TEST event=approach phase=1 time=0.594989
D02_ENV_TEST event=safe_capture phase=26 time=2.216246
D02_ENV_TEST event=power_input phase=2 time=3.152354
D02_ENV_TEST event=range_fixture phase=3 time=3.561643
D02_ENV_TEST event=aim_fixture phase=4 time=4.562211
D02_ENV_TEST event=first_shot phase=5 time=5.562522
D02_ENV_TEST event=damaged_capture phase=6 time=5.664288
D02_ENV_TEST event=second_shot phase=7 time=6.169033
D02_ENV_TEST event=debris_settle phase=8 time=6.271866
D02_ENV_TEST event=destroyed_capture phase=27 time=8.270815
D02_ENV_TEST event=walk_fixture phase=9 time=8.778493
D02_ENV_TEST event=walk_through phase=10 time=9.778891
D02_ENV_TEST event=hazard_fixture phase=11 time=10.685930
D02_ENV_TEST event=shared_hazard phase=12 time=11.403788
D02_ENV_TEST event=hazard_capture phase=28 time=12.900369
D02_ENV_TEST event=cut_power_fixture phase=13 time=13.411270
D02_ENV_TEST event=cut_power phase=14 time=13.923767
D02_ENV_TEST event=safe_floor_fixture phase=15 time=14.033199
D02_ENV_TEST event=safe_floor phase=16 time=15.040689
D02_ENV_TEST event=power_restore_fixture phase=22 time=16.551431
D02_ENV_TEST event=restore_power phase=23 time=17.048394
D02_ENV_TEST event=stream_away phase=17 time=17.450257
D02_ENV_TEST event=terrain_unloaded phase=17 time=20.449585
D02_ENV_TEST event=dormant_stable phase=18 time=20.449650
D02_ENV_TEST event=stream_return phase=19 time=22.455260
D02_ENV_TEST event=return_capture phase=21 time=24.451615
D02_ENV_TEST event=resumed_hazard_fixture phase=24 time=24.970723
D02_ENV_TEST event=resumed_hazard phase=25 time=25.465845
D02_ENV_TEST event=restart_input phase=20 time=26.216792
D02_ENV_TEST event=restart_clean phase=20 time=26.763840
