D02_ENV_TEST event=approach phase=1 time=0.446284
D02_ENV_TEST event=safe_capture phase=26 time=2.063281
D02_ENV_TEST event=power_input phase=2 time=2.883523
D02_ENV_TEST event=range_fixture phase=3 time=3.285624
D02_ENV_TEST event=aim_fixture phase=4 time=4.285344
D02_ENV_TEST event=first_shot phase=5 time=5.293401
D02_ENV_TEST event=damaged_capture phase=6 time=5.390311
D02_ENV_TEST event=second_shot phase=7 time=5.893658
D02_ENV_TEST event=debris_settle phase=8 time=5.995581
D02_ENV_TEST event=destroyed_capture phase=27 time=7.992776
D02_ENV_TEST event=walk_fixture phase=9 time=8.498598
D02_ENV_TEST event=walk_through phase=10 time=9.495988
D02_ENV_TEST event=hazard_fixture phase=11 time=10.401235
D02_ENV_TEST event=shared_hazard phase=12 time=11.101237
D02_ENV_TEST event=hazard_capture phase=28 time=12.596795
D02_ENV_TEST event=cut_power_fixture phase=13 time=13.109708
D02_ENV_TEST event=cut_power phase=14 time=13.604492
D02_ENV_TEST event=safe_floor_fixture phase=15 time=13.706288
D02_ENV_TEST event=safe_floor phase=16 time=14.702883
D02_ENV_TEST event=power_restore_fixture phase=22 time=16.205952
D02_ENV_TEST event=restore_power phase=23 time=16.705440
D02_ENV_TEST event=stream_away phase=17 time=17.105430
D02_ENV_TEST event=terrain_unloaded phase=17 time=20.105693
D02_ENV_TEST event=dormant_stable phase=18 time=20.105762
D02_ENV_TEST event=stream_return phase=19 time=22.105996
D02_ENV_TEST event=return_capture phase=21 time=24.116669
D02_ENV_TEST event=resumed_hazard_fixture phase=24 time=24.631396
D02_ENV_TEST event=resumed_hazard phase=25 time=25.133149
D02_ENV_TEST event=restart_input phase=20 time=25.878487
D02_ENV_TEST event=restart_clean phase=20 time=26.315412
