D02_ENV_TEST event=approach phase=1 time=0.440554
D02_ENV_TEST event=safe_capture phase=26 time=2.049420
D02_ENV_TEST event=power_input phase=2 time=2.826510
D02_ENV_TEST event=range_fixture phase=3 time=3.234197
D02_ENV_TEST event=aim_fixture phase=4 time=4.247002
D02_ENV_TEST event=first_shot phase=5 time=5.252052
D02_ENV_TEST event=damaged_capture phase=6 time=5.355891
D02_ENV_TEST event=second_shot phase=7 time=5.859023
D02_ENV_TEST event=debris_settle phase=8 time=5.958665
D02_ENV_TEST event=destroyed_capture phase=27 time=7.965996
D02_ENV_TEST event=walk_fixture phase=9 time=8.471896
D02_ENV_TEST event=walk_through phase=10 time=9.477424
D02_ENV_TEST event=hazard_fixture phase=11 time=10.381976
D02_ENV_TEST event=shared_hazard phase=12 time=11.097539
D02_ENV_TEST event=hazard_capture phase=28 time=12.589251
D02_ENV_TEST event=cut_power_fixture phase=13 time=13.095858
D02_ENV_TEST event=cut_power phase=14 time=13.600777
D02_ENV_TEST event=safe_floor_fixture phase=15 time=13.702209
D02_ENV_TEST event=safe_floor phase=16 time=14.716545
D02_ENV_TEST event=power_restore_fixture phase=22 time=16.221329
D02_ENV_TEST event=restore_power phase=23 time=16.727341
D02_ENV_TEST event=stream_away phase=17 time=17.132691
D02_ENV_TEST event=terrain_unloaded phase=17 time=20.141987
D02_ENV_TEST event=dormant_stable phase=18 time=20.142033
D02_ENV_TEST event=stream_return phase=19 time=22.141062
D02_ENV_TEST event=return_capture phase=21 time=24.152487
D02_ENV_TEST event=resumed_hazard_fixture phase=24 time=24.661286
D02_ENV_TEST event=resumed_hazard phase=25 time=25.164072
D02_ENV_TEST event=restart_input phase=20 time=25.933012
D02_ENV_TEST event=restart_clean phase=20 time=26.308343
