D02_ENV_TEST event=approach phase=1 time=0.454690
D02_ENV_TEST event=safe_capture phase=26 time=2.075483
D02_ENV_TEST event=power_input phase=2 time=2.953625
D02_ENV_TEST event=range_fixture phase=3 time=3.354595
D02_ENV_TEST event=aim_fixture phase=4 time=4.355420
D02_ENV_TEST event=first_shot phase=5 time=5.355643
D02_ENV_TEST event=damaged_capture phase=6 time=5.455649
D02_ENV_TEST event=second_shot phase=7 time=5.966297
D02_ENV_TEST event=debris_settle phase=8 time=6.067690
D02_ENV_TEST event=destroyed_capture phase=27 time=8.069012
D02_ENV_TEST event=walk_fixture phase=9 time=8.568392
D02_ENV_TEST event=walk_through phase=10 time=9.575622
D02_ENV_TEST event=hazard_fixture phase=11 time=10.468465
D02_ENV_TEST event=shared_hazard phase=12 time=11.173257
D02_ENV_TEST event=hazard_capture phase=28 time=12.677210
D02_ENV_TEST event=cut_power_fixture phase=13 time=13.184675
D02_ENV_TEST event=cut_power phase=14 time=13.679003
D02_ENV_TEST event=safe_floor_fixture phase=15 time=13.778823
D02_ENV_TEST event=safe_floor phase=16 time=14.778453
D02_ENV_TEST event=power_restore_fixture phase=22 time=16.279744
D02_ENV_TEST event=restore_power phase=23 time=16.780461
D02_ENV_TEST event=stream_away phase=17 time=17.186852
D02_ENV_TEST event=terrain_unloaded phase=17 time=20.187440
D02_ENV_TEST event=dormant_stable phase=18 time=20.187498
D02_ENV_TEST event=stream_return phase=19 time=22.200415
D02_ENV_TEST event=return_capture phase=21 time=24.208267
D02_ENV_TEST event=resumed_hazard_fixture phase=24 time=24.716616
D02_ENV_TEST event=resumed_hazard phase=25 time=25.237448
D02_ENV_TEST event=restart_input phase=20 time=25.987494
D02_ENV_TEST event=restart_clean phase=20 time=26.440242
