D02_ENV_TEST event=approach phase=1 time=0.232130
D02_ENV_TEST event=safe_capture phase=26 time=2.038367
D02_ENV_TEST event=power_input phase=2 time=2.881531
D02_ENV_TEST event=range_fixture phase=3 time=3.282409
D02_ENV_TEST event=aim_fixture phase=4 time=4.283129
D02_ENV_TEST event=first_shot phase=5 time=5.279965
D02_ENV_TEST event=damaged_capture phase=6 time=5.379910
D02_ENV_TEST event=second_shot phase=7 time=5.886280
D02_ENV_TEST event=debris_settle phase=8 time=5.986319
D02_ENV_TEST event=destroyed_capture phase=27 time=7.985378
D02_ENV_TEST event=walk_fixture phase=9 time=8.485512
D02_ENV_TEST event=walk_through phase=10 time=9.489540
D02_ENV_TEST event=hazard_fixture phase=11 time=10.389333
D02_ENV_TEST event=shared_hazard phase=12 time=11.093870
D02_ENV_TEST event=hazard_capture phase=28 time=12.590824
D02_ENV_TEST event=cut_power_fixture phase=13 time=13.106368
D02_ENV_TEST event=cut_power phase=14 time=13.603739
D02_ENV_TEST event=safe_floor_fixture phase=15 time=13.706729
D02_ENV_TEST event=safe_floor phase=16 time=14.703779
D02_ENV_TEST event=power_restore_fixture phase=22 time=16.208226
D02_ENV_TEST event=restore_power phase=23 time=16.707048
D02_ENV_TEST event=stream_away phase=17 time=17.104878
D02_ENV_TEST event=terrain_unloaded phase=17 time=20.104592
D02_ENV_TEST event=dormant_stable phase=18 time=20.104649
D02_ENV_TEST event=stream_return phase=19 time=22.108547
D02_ENV_TEST event=return_capture phase=21 time=24.112575
D02_ENV_TEST event=resumed_hazard_fixture phase=24 time=24.615528
D02_ENV_TEST event=resumed_hazard phase=25 time=25.116656
D02_ENV_TEST event=restart_input phase=20 time=25.868442
D02_ENV_TEST event=restart_clean phase=20 time=26.153503
