Setting up bundled DotNet SDK
Running command : dotnet Engine/Binaries/DotNET/UnrealBuildTool/UnrealBuildTool.dll BiellaGamesEditor Linux Development -Project=/root/biella/repos/biella-games/BiellaGames.uproject -WaitMutex -NoHotReloadFromIDE -NoUBTMakefiles
Failed to create shm /uba_01 after getting lock-file /tmp/uba_shm_locks/01 (File exists)
Log file: /home/unreal/.config/Epic/UnrealBuildTool/Log.txt
Determining max actions to execute in parallel (15 physical cores, 15 logical cores)
  Executing up to 15 processes, one per physical core
Using 'git status' to determine working set for adaptive non-unity build (/root/biella/repos/biella-games).
UbaStorageServer - FileMapping backing: memfd
UbaServer - Listening on 0.0.0.0:1345
Creating makefile for BiellaGamesEditor (config setting changed)
FileHashCache - There is no partition covering path to /root/biella/repos/biella-games/Intermediate/Build/Linux/x64/BiellaGamesEditor/Development/Core/SharedDefinitions.Core.Cpp20.h!
FileHashCache - There is no partition covering path to /root/biella/repos/biella-games/Intermediate/Build/Linux/x64/BiellaGamesEditor/Development/Core/SharedPCH.Core.Cpp20.h!
FileHashCache - There is no partition covering path to /root/biella/repos/biella-games/Intermediate/Build/Linux/x64/BiellaGamesEditor/Development/Core/SharedPCH.Core.Cpp20.h.gch.rsp!
FileHashCache - There is no partition covering path to /root/biella/repos/biella-games/Intermediate/Build/Linux/x64/BiellaGamesEditor/Development/CoreUObject/SharedDefinitions.CoreUObject.Cpp20.h!
FileHashCache - There is no partition covering path to /root/biella/repos/biella-games/Intermediate/Build/Linux/x64/BiellaGamesEditor/Development/CoreUObject/SharedPCH.CoreUObject.Cpp20.h!
FileHashCache - There is no partition covering path to /root/biella/repos/biella-games/Intermediate/Build/Linux/x64/BiellaGamesEditor/Development/CoreUObject/SharedPCH.CoreUObject.Cpp20.h.gch.rsp!
FileHashCache - There is no partition covering path to /root/biella/repos/biella-games/Intermediate/Build/Linux/x64/BiellaGamesEditor/Development/CoreUObject/SharedDefinitions.CoreUObject.RTTI.Cpp20.h!
FileHashCache - There is no partition covering path to /root/biella/repos/biella-games/Intermediate/Build/Linux/x64/BiellaGamesEditor/Development/CoreUObject/SharedPCH.CoreUObject.RTTI.Cpp20.h!
FileHashCache - There is no partition covering path to /root/biella/repos/biella-games/Intermediate/Build/Linux/x64/BiellaGamesEditor/Development/CoreUObject/SharedPCH.CoreUObject.RTTI.Cpp20.h.gch.rsp!
FileHashCache - There is no partition covering path to /root/biella/repos/biella-games/Intermediate/Build/Linux/x64/BiellaGamesEditor/Development/Slate/SharedDefinitions.Slate.Cpp20.h!
FileHashCache - There is no partition covering path to /root/biella/repos/biella-games/Intermediate/Build/Linux/x64/BiellaGamesEditor/Development/Slate/SharedPCH.Slate.Cpp20.h!
FileHashCache - There is no partition covering path to /root/biella/repos/biella-games/Intermediate/Build/Linux/x64/BiellaGamesEditor/Development/Slate/SharedPCH.Slate.Cpp20.h.gch.rsp!
FileHashCache - There is no partition covering path to /root/biella/repos/biella-games/Intermediate/Build/Linux/x64/BiellaGamesEditor/Development/Engine/SharedDefinitions.Engine.Cpp20.h!
FileHashCache - There is no partition covering path to /root/biella/repos/biella-games/Intermediate/Build/Linux/x64/BiellaGamesEditor/Development/Engine/SharedPCH.Engine.Cpp20.h!
FileHashCache - There is no partition covering path to /root/biella/repos/biella-games/Intermediate/Build/Linux/x64/BiellaGamesEditor/Development/Engine/SharedPCH.Engine.Cpp20.h.gch.rsp!
FileHashCache - There is no partition covering path to /root/biella/repos/biella-games/Intermediate/Build/Linux/x64/BiellaGamesEditor/Development/Engine/SharedDefinitions.Engine.Project.ValApi.ValExpApi.Cpp20.h!
FileHashCache - There is no partition covering path to /root/biella/repos/biella-games/Intermediate/Build/Linux/x64/BiellaGamesEditor/Development/Engine/SharedPCH.Engine.Project.ValApi.ValExpApi.Cpp20.h!
FileHashCache - There is no partition covering path to /root/biella/repos/biella-games/Intermediate/Build/Linux/x64/BiellaGamesEditor/Development/Engine/SharedPCH.Engine.Project.ValApi.ValExpApi.Cpp20.h.gch.rsp!
FileHashCache - There is no partition covering path to /root/biella/repos/biella-games/Intermediate/Build/Linux/x64/BiellaGamesEditor/Development/UnrealEd/SharedDefinitions.UnrealEd.Cpp20.h!
FileHashCache - There is no partition covering path to /root/biella/repos/biella-games/Intermediate/Build/Linux/x64/BiellaGamesEditor/Development/UnrealEd/SharedPCH.UnrealEd.Cpp20.h!
FileHashCache - There is no partition covering path to /root/biella/repos/biella-games/Intermediate/Build/Linux/x64/BiellaGamesEditor/Development/UnrealEd/SharedPCH.UnrealEd.Cpp20.h.gch.rsp!
FileHashCache - There is no partition covering path to /root/biella/repos/biella-games/Intermediate/Build/Linux/x64/BiellaGamesEditor/Development/UnrealEd/SharedDefinitions.UnrealEd.Project.ValApi.ValExpApi.Cpp20.h!
FileHashCache - There is no partition covering path to /root/biella/repos/biella-games/Intermediate/Build/Linux/x64/BiellaGamesEditor/Development/UnrealEd/SharedPCH.UnrealEd.Project.ValApi.ValExpApi.Cpp20.h!
FileHashCache - There is no partition covering path to /root/biella/repos/biella-games/Intermediate/Build/Linux/x64/BiellaGamesEditor/Development/UnrealEd/SharedPCH.UnrealEd.Project.ValApi.ValExpApi.Cpp20.h.gch.rsp!
UHT compiled-in object format Default
Building BiellaGamesEditor...
===== Toolchain Information =====
Using ISPC compiler (/opt/unreal/UE_5.8.2/Engine/Source/ThirdParty/Intel/ISPC/bin/Linux/ispc)
  Intel(r) Implicit SPMD Program Compiler (Intel(r) ISPC), 1.24.0 (build commit  @ 20240919, LLVM 18.1.6)
Using Clang compiler 20.1.8 (/opt/unreal/UE_5.8.2/Engine/Extras/ThirdPartyNotUE/SDKs/HostLinux/Linux_x64/v26_clang-20.1.8-rockylinux8/x86_64-unknown-linux-gnu/bin/clang++)
  clang version 20.1.8 (github.com/llvm/llvm-project 87f0227cb60147a26a1eeb4fb06e3b505e9c7261) Target: x86_64-unknown-linux-gnu Thread model: posix InstalledDir: /opt/unreal/UE_5.8.2/Engine/Extras/ThirdPartyNotUE/SDKs/HostLinux/Linux_x64/v26_clang-20.1.8-rockylinux8/x86_64-unknown-linux-gnu/bin
Using Clang archiver (/opt/unreal/UE_5.8.2/Engine/Extras/ThirdPartyNotUE/SDKs/HostLinux/Linux_x64/v26_clang-20.1.8-rockylinux8/x86_64-unknown-linux-gnu/bin/llvm-ar)
  LLVM (http://llvm.org/):   LLVM version 20.1.8   Optimized build.
Using toolchain located at '/opt/unreal/UE_5.8.2/Engine/Extras/ThirdPartyNotUE/SDKs/HostLinux/Linux_x64/v26_clang-20.1.8-rockylinux8/x86_64-unknown-linux-gnu'
Using bundled libc++ standard C++ library.
Compressing debug files
=================================
Using Unreal Build Accelerator local executor to run 6 action(s)
  CPU 15 physical cores, 15 logical cores
  Memory 86.31 GB physical, 4.3 GB/75.15 GB committed
  UBA Storage capacity 40 GB
[1/6] Compile BiellaGamesGameModeBase.cpp
clang++: error: no such file or directory: '@/root/biella/repos/biella-games/Intermediate/Build/Linux/x64/UnrealEditor/Development/BiellaGames/BiellaGamesGameModeBase.cpp.o.rsp'
clang++: error: no input files
[2/6] Compile BiellaGamesGameInstance.cpp
clang++: error: no such file or directory: '@/root/biella/repos/biella-games/Intermediate/Build/Linux/x64/UnrealEditor/Development/BiellaGames/BiellaGamesGameInstance.cpp.o.rsp'
clang++: error: no input files
[3/6] Compile Module.BiellaGames.gen.cpp
clang++: error: no such file or directory: '@/root/biella/repos/biella-games/Intermediate/Build/Linux/x64/UnrealEditor/Development/BiellaGames/Module.BiellaGames.gen.cpp.o.rsp'
clang++: error: no input files
[4/6] Compile BiellaGamesPlayerController.cpp
clang++: error: no such file or directory: '@/root/biella/repos/biella-games/Intermediate/Build/Linux/x64/UnrealEditor/Development/BiellaGames/BiellaGamesPlayerController.cpp.o.rsp'
clang++: error: no input files
[5/6] Compile BiellaGamesGameState.cpp
clang++: error: no such file or directory: '@/root/biella/repos/biella-games/Intermediate/Build/Linux/x64/UnrealEditor/Development/BiellaGames/BiellaGamesGameState.cpp.o.rsp'
clang++: error: no input files
Total time in Unreal Build Accelerator local executor: 1.11 seconds

Result: Failed (OtherCompilationError)
Total execution time: 8.18 seconds
Trace written to file /home/unreal/.config/Epic/UnrealBuildTool/Trace.uba with size 5.6kb
