D02_ENV_TEST event=approach phase=1 time=0.513852
D02_ENV_TEST event=safe_capture phase=26 time=2.119265
D02_ENV_TEST event=power_input phase=2 time=2.989680
D02_ENV_TEST event=range_fixture phase=3 time=3.387697
D02_ENV_TEST event=aim_fixture phase=4 time=4.387660
D02_ENV_TEST event=first_shot phase=5 time=5.388841
D02_ENV_TEST event=damaged_capture phase=6 time=5.488147
D02_ENV_TEST event=second_shot phase=7 time=6.001156
D02_ENV_TEST event=debris_settle phase=8 time=6.101439
D02_ENV_TEST event=destroyed_capture phase=27 time=8.102258
D02_ENV_TEST event=walk_fixture phase=9 time=8.613206
D02_ENV_TEST event=walk_through phase=10 time=9.615513
D02_ENV_TEST event=hazard_fixture phase=11 time=10.514508
D02_ENV_TEST event=shared_hazard phase=12 time=11.215586
D02_ENV_TEST event=hazard_capture phase=28 time=12.718337
D02_ENV_TEST event=cut_power_fixture phase=13 time=13.227724
D02_ENV_TEST event=cut_power phase=14 time=13.727601
D02_ENV_TEST event=safe_floor_fixture phase=15 time=13.827058
D02_ENV_TEST event=safe_floor phase=16 time=14.827528
D02_ENV_TEST event=power_restore_fixture phase=22 time=16.328879
D02_ENV_TEST event=restore_power phase=23 time=16.827801
D02_ENV_TEST event=stream_away phase=17 time=17.227956
D02_ENV_TEST event=terrain_unloaded phase=17 time=20.238831
D02_ENV_TEST event=dormant_stable phase=18 time=20.238896
D02_ENV_TEST event=stream_return phase=19 time=22.236426
D02_ENV_TEST event=return_capture phase=21 time=24.248142
D02_ENV_TEST event=resumed_hazard_fixture phase=24 time=24.762715
D02_ENV_TEST event=resumed_hazard phase=25 time=25.257750
D02_ENV_TEST event=restart_input phase=20 time=26.008864
D02_ENV_TEST event=restart_clean phase=20 time=26.532177
