D02_VEHICLE_TEST event=approach phase=1 time=0.256896
D02_VEHICLE_TEST event=approach_capture phase=22 time=3.045577
D02_VEHICLE_TEST event=enter_key phase=2 time=3.592989
D02_VEHICLE_TEST event=accelerate phase=3 time=3.939216
D02_VEHICLE_TEST event=steer_right phase=4 time=5.444254
D02_VEHICLE_TEST event=steer_left phase=5 time=5.743434
D02_VEHICLE_TEST event=streamed_traversal phase=6 time=6.047788
D02_VEHICLE_TEST event=support_removed phase=6 time=7.978363
D02_VEHICLE_TEST event=support_hold phase=6 time=8.481298
D02_VEHICLE_TEST event=support_restored phase=6 time=8.481695
D02_VEHICLE_TEST event=brake phase=7 time=13.298048
D02_VEHICLE_TEST event=reverse phase=8 time=14.796349
D02_VEHICLE_TEST event=reverse_brake phase=9 time=16.301147
D02_VEHICLE_TEST event=collision_approach phase=10 time=17.801033
D02_VEHICLE_TEST event=collision_response phase=11 time=20.449681
D02_VEHICLE_TEST event=exit_key phase=12 time=21.951983
D02_VEHICLE_TEST event=walking_resumed phase=13 time=22.351441
D02_VEHICLE_TEST event=depart phase=14 time=23.106391
D02_VEHICLE_TEST event=parked phase=15 time=26.062188
D02_VEHICLE_TEST event=return phase=16 time=28.065470
D02_VEHICLE_TEST event=reenter phase=17 time=31.065886
D02_VEHICLE_TEST event=npc_contact_approach phase=21 time=31.470498
D02_VEHICLE_TEST event=npc_contact_confirmed phase=21 time=35.453915
D02_VEHICLE_TEST event=disabled phase=18 time=35.453974
D02_VEHICLE_TEST event=driver_defeated phase=19 time=36.951053
D02_VEHICLE_TEST event=restart_wait phase=20 time=37.951503
D02_VEHICLE_TEST event=restart_key phase=30 time=38.960251
D02_VEHICLE_TEST event=restart_clean phase=30 time=39.191602
