D02_ENV_TEST event=approach phase=1 time=0.387447
D02_ENV_TEST event=safe_capture phase=26 time=2.048908
D02_ENV_TEST event=power_input phase=2 time=2.552731
D02_ENV_TEST event=range_fixture phase=3 time=2.967624
D02_ENV_TEST event=aim_fixture phase=4 time=3.973836
D02_ENV_TEST event=first_shot phase=5 time=4.987916
D02_ENV_TEST event=damaged_capture phase=6 time=5.089223
D02_ENV_TEST event=second_shot phase=7 time=5.594461
D02_ENV_TEST event=debris_settle phase=8 time=5.698847
D02_ENV_TEST event=destroyed_capture phase=27 time=7.702569
D02_ENV_TEST event=walk_fixture phase=9 time=8.214232
D02_ENV_TEST event=walk_through phase=10 time=9.229884
D02_ENV_TEST event=hazard_fixture phase=11 time=10.143614
D02_ENV_TEST event=shared_hazard phase=12 time=10.860868
D02_ENV_TEST event=hazard_capture phase=28 time=12.365423
D02_ENV_TEST event=cut_power_fixture phase=13 time=12.869342
D02_ENV_TEST event=cut_power phase=14 time=13.379889
D02_ENV_TEST event=safe_floor_fixture phase=15 time=13.480094
D02_ENV_TEST event=safe_floor phase=16 time=14.495406
D02_ENV_TEST event=power_restore_fixture phase=22 time=16.005269
D02_ENV_TEST event=restore_power phase=23 time=16.514903
D02_ENV_TEST event=stream_away phase=17 time=16.910427
D02_ENV_TEST event=terrain_unloaded phase=17 time=19.911251
D02_ENV_TEST event=dormant_stable phase=18 time=19.911303
D02_ENV_TEST event=stream_return phase=19 time=21.914043
D02_ENV_TEST event=return_capture phase=21 time=23.919527
D02_ENV_TEST event=resumed_hazard_fixture phase=24 time=24.424897
D02_ENV_TEST event=resumed_hazard phase=25 time=24.926049
D02_ENV_TEST event=restart_input phase=20 time=25.675967
D02_ENV_TEST event=restart_clean phase=20 time=26.119929
