Setting up bundled DotNet SDK
Running command : dotnet Engine/Binaries/DotNET/UnrealBuildTool/UnrealBuildTool.dll BiellaGames Linux Development -Project=/root/biella/repos/biella-engine/projects/biella-games/BiellaGames.uproject -WaitMutex -NoUBA -NoHotReloadFromIDE -NoUBTMakefiles
Log file: /opt/unreal/UE_5.8.2/Engine/Programs/UnrealBuildTool/Log.txt
Determining max actions to execute in parallel (15 physical cores, 15 logical cores)
  Executing up to 15 processes, one per physical core
UbaStorageServer - FileMapping backing: memfd
UbaSessionServer - Disable remote execution (remote sessions will finish current processes)
Invalidating makefile for BiellaGames (source file added)
UHT compiled-in object format Default
Building BiellaGames...
===== Toolchain Information =====
Using ISPC compiler (/opt/unreal/UE_5.8.2/Engine/Source/ThirdParty/Intel/ISPC/bin/Linux/ispc)
  Intel(r) Implicit SPMD Program Compiler (Intel(r) ISPC), 1.24.0 (build commit  @ 20240919, LLVM 18.1.6)
Using Clang compiler 20.1.8 (/opt/unreal/UE_5.8.2/Engine/Extras/ThirdPartyNotUE/SDKs/HostLinux/Linux_x64/v26_clang-20.1.8-rockylinux8/x86_64-unknown-linux-gnu/bin/clang++)
  clang version 20.1.8 (github.com/llvm/llvm-project 87f0227cb60147a26a1eeb4fb06e3b505e9c7261) Target: x86_64-unknown-linux-gnu Thread model: posix InstalledDir: /opt/unreal/UE_5.8.2/Engine/Extras/ThirdPartyNotUE/SDKs/HostLinux/Linux_x64/v26_clang-20.1.8-rockylinux8/x86_64-unknown-linux-gnu/bin
Using Clang archiver (/opt/unreal/UE_5.8.2/Engine/Extras/ThirdPartyNotUE/SDKs/HostLinux/Linux_x64/v26_clang-20.1.8-rockylinux8/x86_64-unknown-linux-gnu/bin/llvm-ar)
  LLVM (http://llvm.org/):   LLVM version 20.1.8   Optimized build.
Using toolchain located at '/opt/unreal/UE_5.8.2/Engine/Extras/ThirdPartyNotUE/SDKs/HostLinux/Linux_x64/v26_clang-20.1.8-rockylinux8/x86_64-unknown-linux-gnu'
Using bundled libc++ standard C++ library.
Compressing debug files
=================================
Using Unreal Build Accelerator local executor to run 633 action(s)
  CPU 15 physical cores, 15 logical cores
  Memory 86.31 GB physical, 13.86 GB/75.15 GB committed
  UBA Storage capacity 40 GB
[1/633] Compile MiMalloc.c [NoUba]
/opt/unreal/UE_5.8.2/Engine/Source/Runtime/Core/Private/Thirdparty/MiMalloc.c:24:10: fatal error: 'static.c' file not found
   24 | #include <static.c>
      |          ^~~~~~~~~~
1 error generated.
[2/633] Compile SharedPCH.Core.Cpp20.h [NoUba]
[3/633] Compile Module.Advertising.cpp [NoUba]
[4/633] Compile Module.AnalyticsHorde.cpp [NoUba]
[5/633] Compile SharedPCH.Core.Exceptions.Cpp20.h [NoUba]
[6/633] Compile Module.AnalyticsLog.cpp [NoUba]
[7/633] Compile Module.AVIWriter.cpp [NoUba]
[8/633] Compile Module.Cbor.cpp [NoUba]
[9/633] Compile Module.AudioMixerCore.cpp [NoUba]
[10/633] Compile Module.AnalyticsCSV.cpp [NoUba]
[11/633] Compile Module.EditorAnalyticsSession.cpp [NoUba]
[12/633] Compile SharedPCH.CoreUObject.RTTI.Exceptions.Cpp20.h [NoUba]
[13/633] Compile SharedPCH.CoreUObject.Cpp20.h [NoUba]
[14/633] Compile Module.Analytics.cpp [NoUba]
[15/633] Compile Module.BackChannel.cpp [NoUba]
[16/633] Compile Module.EventLoop.cpp [NoUba]
[17/633] Compile Module.ChaosCore.cpp [NoUba]
[18/633] Compile Module.AnalyticsET.cpp [NoUba]
[19/633] Compile Module.ExrReaderGpu.cpp [NoUba]
[20/633] Compile Module.AudioPlatformConfiguration.cpp [NoUba]
In file included from /root/biella/repos/biella-engine/projects/biella-games/Intermediate/Build/Linux/x64/BiellaGames/Development/AudioPlatformConfiguration/Module.AudioPlatformConfiguration.cpp:5:
/opt/unreal/UE_5.8.2/Engine/Source/Runtime/AudioPlatformConfiguration/Private/AudioResampler.cpp:13:10: fatal error: 'samplerate.h' file not found
   13 | #include "samplerate.h"
      |          ^~~~~~~~~~~~~~
1 error generated.
[21/633] Compile Module.AudioLinkCore.cpp [NoUba]
[22/633] Compile SharedPCH.Slate.Cpp20.h [NoUba]
[23/633] Compile Module.AnimationCore.cpp [NoUba]
[24/633] Compile Module.DirectoryWatcher.cpp [NoUba]
[25/633] Compile Module.Core.8.cpp [NoUba]
[26/633] Compile Module.ApplicationCore.cpp [NoUba]
[27/633] Compile Module.DesktopPlatform.cpp [NoUba]
[28/633] Compile Module.AutomationMessages.cpp [NoUba]
[29/633] Compile Module.AssetRegistry.3.cpp [NoUba]
[30/633] Compile Module.AudioSynesthesiaCore.cpp [NoUba]
[31/633] Compile Module.HTTP.cpp [NoUba]
[32/633] Compile Module.AudioExtensions.cpp [NoUba]
[33/633] Compile Module.BandwidthDebugDelegates.cpp [NoUba]
[34/633] Compile Module.BandwidthMeasurementTool.cpp [NoUba]
[35/633] Compile Module.AutomationTest.cpp [NoUba]
[36/633] Compile Module.AutomationController.cpp [NoUba]
[37/633] Compile Module.AppFramework.2.cpp [NoUba]
[38/633] Compile Module.AssetRegistry.1.cpp [NoUba]
[39/633] Compile Module.AssetRegistry.4.cpp [NoUba]
[40/633] Compile Module.AudioWidgetsCore.cpp [NoUba]
[41/633] Compile Module.Chaos.11.cpp [NoUba]
[42/633] Compile SharedPCH.Engine.Project.ValApi.ValExpApi.Cpp20.h [NoUba]
[43/633] Compile Module.Chaos.10.cpp [NoUba]
[44/633] Compile SharedPCH.Engine.Cpp20.h [NoUba]
[45/633] Compile Module.AssetRegistry.2.cpp [NoUba]
[46/633] Compile Module.BuildPatchServices.1.cpp [NoUba]
[47/633] Compile Module.AppFramework.3.cpp [NoUba]
[48/633] Compile Module.BuildPatchServices.2.cpp [NoUba]
[49/633] Compile Module.BuildPatchServices.3.cpp [NoUba]
[50/633] Compile Module.AISupportModule.cpp [NoUba]
[51/633] Compile Module.ACLPlugin.cpp [NoUba]
[52/633] Compile Module.ActorLayerUtilities.cpp [NoUba]
[53/633] Compile Module.Chaos.1.cpp [NoUba]
[54/633] Compile Module.BuildPatchServices.4.cpp [NoUba]
[55/633] Compile Module.AdpcmAudioDecoder.cpp [NoUba]
[56/633] Compile Module.AppFramework.1.cpp [NoUba]
[57/633] Compile Module.AndroidFileServer.cpp [NoUba]
[58/633] Compile Module.AndroidPermission.cpp [NoUba]
[59/633] Compile Module.BiellaGames.1.cpp [NoUba]
[60/633] Compile Module.AIModule.1.cpp [NoUba]
[61/633] Compile Module.ActorSequence.cpp [NoUba]
[62/633] Compile Module.BiellaGames.2.cpp [NoUba]
[63/633] Compile Module.Chaos.14.cpp [NoUba]
[64/633] Compile Module.AITestSuite.cpp [NoUba]
[65/633] Compile Module.AppleImageUtils.cpp [NoUba]
[66/633] Compile Module.AssetTags.cpp [NoUba]
[67/633] Compile Module.ArchVisCharacter.cpp [NoUba]
[68/633] Compile Module.AudioCaptureCore.cpp [NoUba]
[69/633] Compile Module.Chaos.12.cpp [NoUba]
[70/633] Compile Module.AudioChannelAgnosticCore.cpp [NoUba]
[71/633] Compile Module.AudioCapture.cpp [NoUba]
[72/633] Compile Module.AnimationSharing.cpp [NoUba]
[73/633] Compile Module.AudioInsightsRuntime.cpp [NoUba]
[74/633] Compile Module.AudioAnalyzer.cpp [NoUba]
[75/633] Compile Module.AIModule.2.cpp [NoUba]
[76/633] Compile Module.AIModule.4.cpp [NoUba]
[77/633] Compile Module.Chaos.13.cpp [NoUba]
[78/633] Compile Module.AudioLinkEngine.cpp [NoUba]
[79/633] Compile Module.AudioMixerPlatformAudioLink.cpp [NoUba]
[80/633] Compile Module.AudioMixerSDL.cpp [NoUba]
[81/633] Compile Module.AIModule.3.cpp [NoUba]
[82/633] Compile Module.AudioMixer.3.cpp [NoUba]
[83/633] Compile Module.AvfMediaFactory.cpp [NoUba]
[84/633] Compile Module.BinkAudioDecoder.cpp [NoUba]
[85/633] Compile Module.AutomationUtils.cpp [NoUba]
[86/633] Compile Module.AutomationWorker.cpp [NoUba]
[87/633] Compile Module.AudioSynesthesia.cpp [NoUba]
[88/633] Compile Module.CableComponent.cpp [NoUba]
[89/633] Compile Module.BiellaGames.3.cpp [NoUba]
[90/633] Compile Module.AdvancedWidgets.cpp [NoUba]
[91/633] Compile Module.AudioMixer.2.cpp [NoUba]
[92/633] Compile Module.Chaos.15.cpp [NoUba]
[93/633] Compile Module.Chaos.19.cpp [NoUba]
[94/633] Compile Module.AudioMixer.1.cpp [NoUba]
[95/633] Compile Module.Buoyancy.cpp [NoUba]
[96/633] Compile Module.Chaos.20.cpp [NoUba]
[97/633] Compile Module.Chaos.27.cpp [NoUba]
[98/633] Compile Module.Chaos.22.cpp [NoUba]
[99/633] Compile Module.Chaos.16.cpp [NoUba]
[100/633] Compile Module.AnimGraphRuntime.cpp [NoUba]
[101/633] Compile Module.Chaos.23.cpp [NoUba]
[102/633] Compile Module.Chaos.21.cpp [NoUba]
[103/633] Compile Module.Chaos.18.cpp [NoUba]
[104/633] Compile Module.AudioWidgets.cpp [NoUba]
[105/633] Compile Module.Chaos.2.cpp [NoUba]
[106/633] Compile Module.Chaos.24.cpp [NoUba]
[107/633] Compile Module.Chaos.26.cpp [NoUba]
[108/633] Compile Module.ChaosUserDataPT.cpp [NoUba]
[109/633] Compile Module.Chaos.4.cpp [NoUba]
[110/633] Compile Module.ChaosVDRuntime.cpp [NoUba]
[111/633] Compile Module.CharacterAI.cpp [NoUba]
[112/633] Compile Module.Chaos.17.cpp [NoUba]
[113/633] Compile Module.ChaosVDBlueprint.cpp [NoUba]
[114/633] Compile Module.Chaos.6.cpp [NoUba]
[115/633] Compile Module.Chaos.28.cpp [NoUba]
[116/633] Compile Module.Chaos.8.cpp [NoUba]
[117/633] Compile Module.Chaos.7.cpp [NoUba]
[118/633] Compile Module.ChunkDownloader.cpp [NoUba]
[119/633] Compile Module.ClothingSystemRuntimeNv.cpp [NoUba]
[120/633] Compile Module.ChaosSolverEngine.cpp [NoUba]
[121/633] Compile Module.Chaos.3.cpp [NoUba]
[122/633] Compile Module.ChaosNiagara.cpp [NoUba]
[123/633] Compile Module.ComputeDataInterface.cpp [NoUba]
[124/633] Compile Module.ConsoleVariablesEditorRuntime.cpp [NoUba]
[125/633] Compile Module.CinematicCamera.cpp [NoUba]
[126/633] Compile Module.ChaosCaching.cpp [NoUba]
[127/633] Compile Module.Chaos.25.cpp [NoUba]
[128/633] Compile Module.ClothSysRuntimeIntrfc.cpp [NoUba]
[129/633] Compile Module.Chaos.9.cpp [NoUba]
[130/633] Compile Module.CompositeCore.cpp [NoUba]
[131/633] Compile Module.CookOnTheFly.cpp [NoUba]
[132/633] Compile Module.ControlRig.5.cpp [NoUba]
[133/633] Compile Module.ClothingSystemRuntimeCommon.cpp [NoUba]
[134/633] Compile Module.CsvMetrics.cpp [NoUba]
[135/633] Compile Module.CoreOnline.cpp [NoUba]
[136/633] Compile Module.Chaos.5.cpp [NoUba]
[137/633] Compile Module.CustomMeshComponent.cpp [NoUba]
[138/633] Compile Module.ComputeFramework.cpp [NoUba]
[139/633] Compile Module.ControlRigSpline.cpp [NoUba]
[140/633] Compile Module.DataflowMedialSkeleton.cpp [NoUba]
[141/633] Compile Module.Constraints.cpp [NoUba]
[142/633] Compile Module.DeveloperSettings.cpp [NoUba]
[143/633] Compile Module.DumpGPUServices.cpp [NoUba]
[144/633] Compile Module.DownlinkBandwidthManager.cpp [NoUba]
[145/633] Compile Module.DataflowEnginePlugin.cpp [NoUba]
[146/633] Compile Module.DatasmithContent.cpp [NoUba]
[147/633] Compile Module.DataflowSimulation.cpp [NoUba]
[148/633] Compile Module.EditableComputeGraph.cpp [NoUba]
[149/633] Compile Module.DrawPrimitiveDebugger.cpp [NoUba]
[150/633] Compile Module.ChaosCloth.cpp [NoUba]
[151/633] Compile Module.EngineMessages.cpp [NoUba]
[152/633] Compile Module.EngineSettings.cpp [NoUba]
[153/633] Compile Module.ControlRigPhysics.cpp [NoUba]
[154/633] Compile Module.DataflowEngine.cpp [NoUba]
[155/633] Compile Module.ExampleDeviceProfileSelector.cpp [NoUba]
[156/633] Compile Module.EngineCameras.cpp [NoUba]
[157/633] Compile Module.EyeTracker.cpp [NoUba]
[158/633] Compile Module.FieldNotification.cpp [NoUba]
[159/633] Compile Module.FacialAnimation.cpp [NoUba]
[160/633] Compile Module.ControlRig.2.cpp [NoUba]
[161/633] Compile Module.ControlRig.1.cpp [NoUba]
[162/633] Compile Module.Foliage.cpp [NoUba]
[163/633] Compile Module.FieldSystemEngine.cpp [NoUba]
[164/633] Compile Module.DataflowCore.cpp [NoUba]
[165/633] Compile Module.FullBodyIK.cpp [NoUba]
[166/633] Compile Module.DynamicMesh.1.cpp [NoUba]
[167/633] Compile Module.FractureEngine.cpp [NoUba]
[168/633] Compile Module.EnhancedInput.cpp [NoUba]
[169/633] Compile Module.FunctionalTesting.cpp [NoUba]
[170/633] Compile Module.DynamicMesh.2.cpp [NoUba]
[171/633] Compile Module.GLTFCore.cpp [NoUba]
[172/633] Compile Module.GameplayTasks.cpp [NoUba]
[173/633] Compile Module.DataflowNodes.cpp [NoUba]
[174/633] Compile Module.DynamicMesh.4.cpp [NoUba]
[175/633] Compile Module.GameplayDebugger.cpp [NoUba]
[176/633] Compile Module.ControlRig.4.cpp [NoUba]
[177/633] Compile Module.ControlRig.3.cpp [NoUba]
[178/633] Compile Module.GameplayCameras.1.cpp [NoUba]
[179/633] Compile Module.GeometryCacheTracks.cpp [NoUba]
[180/633] Compile Module.GameplayCameras.4.cpp [NoUba]
[181/633] Compile Module.GameplayTags.cpp [NoUba]
[182/633] Compile Module.GameplayCameras.2.cpp [NoUba]
[183/633] Compile Module.GeometryCollectionDepNodes.cpp [NoUba]
[184/633] Compile Module.GeometryAlgorithms.3.cpp [NoUba]
[185/633] Compile Module.GLTFExporter.cpp [NoUba]
[186/633] Compile Module.GameplayCameras.3.cpp [NoUba]
[187/633] Compile Module.GeometryCollectionTracks.cpp [NoUba]
[188/633] Compile Module.GeometryCache.cpp [NoUba]
[189/633] Compile Module.GlobalConfigurationData.cpp [NoUba]
[190/633] Compile Module.DynamicMesh.3.cpp [NoUba]
[191/633] Compile Module.GooglePAD.cpp [NoUba]
[192/633] Compile Module.GlobalConfigurationDataCore.cpp [NoUba]
[193/633] Compile Module.HTRun.cpp [NoUba]
[194/633] Compile Module.HTAnimRun.cpp [NoUba]
[195/633] Compile Module.GeometryDataflowNodes.cpp [NoUba]
[196/633] Compile Module.GeometryCollectionNodes.3.cpp [NoUba]
[197/633] Compile Module.GeometryCore.4.cpp [NoUba]
[198/633] Compile Module.HairStrandsRuntime.cpp [NoUba]
[199/633] Compile Module.GeometryFramework.cpp [NoUba]
[200/633] Compile Module.GeometryCore.3.cpp [NoUba]
[201/633] Compile Module.HttpReplayStreaming.cpp [NoUba]
[202/633] Compile Module.HeadMountedDisplay.cpp [NoUba]
[203/633] Compile Module.IESFile.cpp [NoUba]
[204/633] Compile Module.GeometryAlgorithms.2.cpp [NoUba]
[205/633] Compile Module.GeometryCore.1.cpp [NoUba]
[206/633] Compile Module.GeometryAlgorithms.1.cpp [NoUba]
[207/633] Compile Module.IKRigUAF.cpp [NoUba]
[208/633] Compile Module.HairStrandsDeformer.cpp [NoUba]
[209/633] Compile Module.HairStrandsCore.3.cpp [NoUba]
[210/633] Compile Module.Icmp.cpp [NoUba]
[211/633] Compile Module.HairStrandsCore.4.cpp [NoUba]
[212/633] Compile Module.GeometryCollectionNodes.1.cpp [NoUba]
[213/633] Compile Module.ISMPool.cpp [NoUba]
[214/633] Compile Module.ImgMediaFactory.cpp [NoUba]
[215/633] Compile Module.HairStrandsCore.2.cpp [NoUba]
[216/633] Compile Module.ImgMediaEngine.cpp [NoUba]
[217/633] Compile Module.ImageWriteQueue.cpp [NoUba]
[218/633] Compile Module.IndexedCacheStorage.cpp [NoUba]
[219/633] Compile Module.InputDevice.cpp [NoUba]
[220/633] Compile Module.HairStrandsSolver.cpp [NoUba]
[221/633] Compile Module.ImageCore.cpp [NoUba]
[222/633] Compile Module.InputCore.cpp [NoUba]
[223/633] Compile Module.InterchangeAxFAssets.cpp [NoUba]
[224/633] Compile Module.GeometryCollectionEngine.cpp [NoUba]
[225/633] Compile Module.InputDebugging.cpp [NoUba]
[226/633] Compile Module.InteractiveToolsFramework.3.cpp [NoUba]
[227/633] Compile Module.InterchangeCommon.cpp [NoUba]
[228/633] Compile Module.InterchangeAssets.cpp [NoUba]
[229/633] Compile Module.GeometryCollectionNodes.2.cpp [NoUba]
[230/633] Compile Module.InterchangeExport.cpp [NoUba]
[231/633] Compile Module.InterchangeCommonParser.cpp [NoUba]
[232/633] Compile Module.InterchangeDispatcher.cpp [NoUba]
[233/633] Compile Module.InstallBundleManager.cpp [NoUba]
[234/633] Compile Module.GeometryCore.2.cpp [NoUba]
[235/633] Compile Module.InterchangeMessages.cpp [NoUba]
[236/633] Compile Module.HairStrandsCore.1.cpp [NoUba]
[237/633] Compile Module.ImgMedia.cpp [NoUba]
[238/633] Compile Module.InterchangeAnalytics.cpp [NoUba]
[239/633] Compile Module.InteractiveToolsFramework.1.cpp [NoUba]
[240/633] Compile Module.ImageWrapper.cpp [NoUba]
[241/633] Compile Module.IoStoreHttpClient.cpp [NoUba]
[242/633] Compile Module.InterchangeImport.4.cpp [NoUba]
[243/633] Compile Module.IoStoreOnDemandCore.cpp [NoUba]
[244/633] Compile Module.InteractiveToolsFramework.2.cpp [NoUba]
[245/633] Compile Module.InterchangeEngine.cpp [NoUba]
[246/633] Compile Module.InterchangeNodes.cpp [NoUba]
[247/633] Compile Module.IrisCore.1.cpp [NoUba]
[248/633] Compile Module.IKRig.cpp [NoUba]
[249/633] Compile Module.InterchangeImport.1.cpp [NoUba]
[250/633] Compile Module.InterchangeImport.2.cpp [NoUba]
[251/633] Compile Module.InterchangeImport.3.cpp [NoUba]
[252/633] Compile Module.Landmass.cpp [NoUba]
[253/633] Compile Module.IrisCore.2.cpp [NoUba]
[254/633] Compile Module.IrisCore.5.cpp [NoUba]
[255/633] Compile Module.IrisCore.3.cpp [NoUba]
[256/633] Compile Module.IrisCore.6.cpp [NoUba]
[257/633] Compile Module.InterchangeFactoryNodes.cpp [NoUba]
[258/633] Compile Module.JsonUtilities.cpp [NoUba]
[259/633] Compile Module.Landscape.6.cpp [NoUba]
[260/633] Compile Module.LauncherChunkInstaller.cpp [NoUba]
[261/633] Compile Module.LFNRS.cpp [NoUba]
[262/633] Compile Module.LinuxDeviceProfileSelector.cpp [NoUba]
[263/633] Compile Module.Json.cpp [NoUba]
[264/633] Compile Module.LocalizableMessage.cpp [NoUba]
[265/633] Compile Module.Landscape.7.cpp [NoUba]
[266/633] Compile Module.IrisCore.4.cpp [NoUba]
[267/633] Compile Module.LocalizableMessageBlueprint.cpp [NoUba]
[268/633] Compile Module.LocationServicesBPLibrary.cpp [NoUba]
[269/633] Compile Module.IoStoreOnDemand.cpp [NoUba]
[270/633] Compile Module.LiveLinkInterface.cpp [NoUba]
[271/633] Compile Module.Landscape.1.cpp [NoUba]
[272/633] Compile Module.LocalizationService.cpp [NoUba]
[273/633] Compile Module.MassCore.cpp [NoUba]
[274/633] Compile Module.MP4Utilities.cpp [NoUba]
[275/633] Compile Module.MSQS.cpp [NoUba]
[276/633] Compile Module.MP4Boxes.cpp [NoUba]
[277/633] Compile Module.Launch.cpp [NoUba]
[278/633] Compile Module.Landscape.3.cpp [NoUba]
[279/633] Compile Module.MP4Muxer.cpp [NoUba]
[280/633] Compile Module.LevelSequence.cpp [NoUba]
[281/633] Compile Module.MassEntity.3.cpp [NoUba]
[282/633] Compile Module.MathCore.cpp [NoUba]
[283/633] Compile Module.Landscape.5.cpp [NoUba]
[284/633] Compile Module.Landscape.2.cpp [NoUba]
[285/633] Compile Module.MassSignals.cpp [NoUba]
[286/633] Compile Module.MRMesh.cpp [NoUba]
[287/633] Compile Module.Media.cpp [NoUba]
[288/633] Compile Module.Landscape.4.cpp [NoUba]
[289/633] Compile Module.MassEntityTestSuite.3.cpp [NoUba]
[290/633] Compile Module.MediaPlate.cpp [NoUba]
[291/633] Compile Module.Localization.cpp [NoUba]
[292/633] Compile Module.MeshFileUtils.cpp [NoUba]
[293/633] Compile Module.MediaUtils.cpp [NoUba]
[294/633] Compile Module.InterchangeCore.cpp [NoUba]
[295/633] Compile Module.MediaCompositing.cpp [NoUba]
[296/633] Compile Module.MediaAssets.cpp [NoUba]
[297/633] Compile Module.MessagingCommon.cpp [NoUba]
[298/633] Compile Module.MeshConversionEngineTypes.cpp [NoUba]
[299/633] Compile Module.MassEntityTestSuite.2.cpp [NoUba]
[300/633] Compile Module.MeshUtilitiesCommon.cpp [NoUba]
[301/633] Compile Module.MassEntity.1.cpp [NoUba]
[302/633] Compile Module.InterchangePipelines.cpp [NoUba]
[303/633] Compile Module.MassEntity.2.cpp [NoUba]
[304/633] Compile Module.Messaging.cpp [NoUba]
[305/633] Compile Module.MassEntityTestSuite.1.cpp [NoUba]
[306/633] Compile Module.MetaHumanSDKRuntime.cpp [NoUba]
[307/633] Compile Module.MeshConversion.cpp [NoUba]
[308/633] Compile Module.MeshDescription.cpp [NoUba]
[309/633] Compile Module.MetasoundFrontend.2.cpp [NoUba]
[310/633] Compile Module.MetasoundGenerator.cpp [NoUba]
[311/633] Compile Module.MetasoundFrontend.3.cpp [NoUba]
[312/633] Compile Module.MessageLog.cpp [NoUba]
[313/633] Compile Module.MetasoundStandardNodes.2.cpp [NoUba]
[314/633] Compile Module.MetasoundStandardNodes.1.cpp [NoUba]
[315/633] Compile Module.MetasoundStandardNodes.7.cpp [NoUba]
[316/633] Compile Module.MetasoundFrontend.4.cpp [NoUba]
[317/633] Compile Module.MetasoundGraphCore.cpp [NoUba]
[318/633] Compile Module.MobilePatchingUtils.cpp [NoUba]
[319/633] Compile Module.MeshModelingTools.3.cpp [NoUba]
[320/633] Compile Module.MetasoundStandardNodes.3.cpp [NoUba]
[321/633] Compile Module.MetasoundStandardNodes.5.cpp [NoUba]
[322/633] Compile Module.MoviePlayerProxy.cpp [NoUba]
[323/633] Compile Module.MetasoundFrontend.1.cpp [NoUba]
[324/633] Compile Module.MeshModelingTools.1.cpp [NoUba]
[325/633] Compile Module.MoviePlayer.cpp [NoUba]
[326/633] Compile Module.ModelingComponents.4.cpp [NoUba]
[327/633] Compile Module.MeshModelingTools.2.cpp [NoUba]
[328/633] Compile Module.ModelViewViewModel.cpp [NoUba]
[329/633] Compile Module.MetasoundStandardNodes.6.cpp [NoUba]
[330/633] Compile Module.MovieScene.6.cpp [NoUba]
[331/633] Compile Module.MetasoundStandardNodes.4.cpp [NoUba]
[332/633] Compile Module.MovieSceneCapture.cpp [NoUba]
[333/633] Compile Module.MetasoundFrontend.5.cpp [NoUba]
[334/633] Compile Module.MovieScene.1.cpp [NoUba]
[335/633] Compile Module.MsQuicRuntime.cpp [NoUba]
[336/633] Compile Module.MovieSceneTracks.5.cpp [NoUba]
[337/633] Compile Module.ModelingOperators.cpp [NoUba]
[338/633] Compile Module.MetasoundEngine.cpp [NoUba]
[339/633] Compile Module.ModelingComponents.3.cpp [NoUba]
[340/633] Compile Module.MovieScene.4.cpp [NoUba]
[341/633] Compile Module.MovieScene.5.cpp [NoUba]
[342/633] Compile Module.ModelingComponents.2.cpp [NoUba]
[343/633] Compile Module.MovieScene.3.cpp [NoUba]
[344/633] Compile Module.ModelingComponents.1.cpp [NoUba]
[345/633] Compile Module.MutableAssetUserData.cpp [NoUba]
[346/633] Compile Module.MovieScene.2.cpp [NoUba]
[347/633] Compile Module.NNE.cpp [NoUba]
[348/633] Compile Module.NNEDenoiserShaders.cpp [NoUba]
[349/633] Compile Module.MuR.2.cpp [NoUba]
[350/633] Compile Module.MuR.5.cpp [NoUba]
[351/633] Compile Module.MovieSceneTracks.4.cpp [NoUba]
[352/633] Compile Module.MuR.3.cpp [NoUba]
[353/633] Compile Module.NNERuntimeORT.cpp [NoUba]
[354/633] Compile Module.NamingTokens.cpp [NoUba]
[355/633] Compile Module.MuCO.2.cpp [NoUba]
[356/633] Compile Module.NNEDenoiser.cpp [NoUba]
[357/633] Compile Module.NetCommon.cpp [NoUba]
[358/633] Compile Module.Navmesh.3.cpp [NoUba]
[359/633] Compile Module.MuCO.1.cpp [NoUba]
[360/633] Compile Module.MuR.1.cpp [NoUba]
[361/633] Compile Module.Networking.cpp [NoUba]
[362/633] Compile Module.NetworkReplayStreaming.cpp [NoUba]
[363/633] Compile Module.NetworkFile.cpp [NoUba]
[364/633] Compile Module.MuR.4.cpp [NoUba]
[365/633] Compile Module.NamingTokensUI.cpp [NoUba]
[366/633] Compile Module.Navmesh.2.cpp [NoUba]
[367/633] Compile Module.Navmesh.1.cpp [NoUba]
[368/633] Compile Module.MovieSceneTracks.2.cpp [NoUba]
[369/633] Compile Module.MovieSceneTracks.3.cpp [NoUba]
[370/633] Compile Module.NFORDenoise.cpp [NoUba]
[371/633] Compile Module.NetCore.cpp [NoUba]
[372/633] Compile Module.NavigationSystem.3.cpp [NoUba]
[373/633] Compile Module.Niagara.14.cpp [NoUba]
[374/633] Compile Module.NavigationSystem.1.cpp [NoUba]
[375/633] Compile Module.NavigationSystem.2.cpp [NoUba]
[376/633] Compile Module.Niagara.11.cpp [NoUba]
[377/633] Compile Module.NiagaraAnimNotifies.cpp [NoUba]
[378/633] Compile Module.Niagara.1.cpp [NoUba]
[379/633] Compile Module.NiagaraCore.cpp [NoUba]
[380/633] Compile Module.Niagara.12.cpp [NoUba]
[381/633] Compile Module.Niagara.10.cpp [NoUba]
[382/633] Compile Module.Niagara.13.cpp [NoUba]
[383/633] Compile Module.NonRealtimeAudioRenderer.cpp [NoUba]
[384/633] Compile Module.NullReplayStreaming.cpp [NoUba]
[385/633] Compile Module.NullDrv.cpp [NoUba]
[386/633] Compile Module.OnlineBase.cpp [NoUba]
[387/633] Compile Module.NiagaraVertexFactories.cpp [NoUba]
[388/633] Compile Module.Niagara.6.cpp [NoUba]
[389/633] Compile Module.NiagaraSimCaching.cpp [NoUba]
[390/633] Compile Module.OnlineServicesCommonEngineUtils.cpp [NoUba]
[391/633] Compile Module.Niagara.4.cpp [NoUba]
[392/633] Compile Module.Niagara.2.cpp [NoUba]
[393/633] Compile Module.MovieSceneTracks.1.cpp [NoUba]
[394/633] Compile Module.OnlineServicesInterface.cpp [NoUba]
[395/633] Compile Module.OnlineServicesCommon.3.cpp [NoUba]
[396/633] Compile Module.NiagaraShader.cpp [NoUba]
[397/633] Compile Module.Niagara.7.cpp [NoUba]
[398/633] Compile Module.Niagara.5.cpp [NoUba]
[399/633] Compile Module.Niagara.9.cpp [NoUba]
[400/633] Compile Module.OodleNetworkPlugin.cpp [NoUba]
[401/633] Compile Module.OptimusSettings.cpp [NoUba]
[402/633] Compile Module.OnlineSubsystemNull.cpp [NoUba]
[403/633] Compile Module.OpusAudioDecoder.cpp [NoUba]
[404/633] Compile Module.Niagara.3.cpp [NoUba]
[405/633] Compile Module.Overlay.cpp [NoUba]
[406/633] Compile Module.OnlineSubsystemUtils.2.cpp [NoUba]
[407/633] Compile Module.Niagara.8.cpp [NoUba]
[408/633] Compile Module.OnlineSubsystemUtils.3.cpp [NoUba]
[409/633] Compile Module.PBIK.cpp [NoUba]
[410/633] Compile Module.OnlineSubsystemUtils.1.cpp [NoUba]
[411/633] Compile Module.OpenGLDrv.cpp [NoUba]
[412/633] Compile Module.PCG.16.cpp [NoUba]
[413/633] Compile Module.PCG.17.cpp [NoUba]
[414/633] Compile Module.PCG.1.cpp [NoUba]
[415/633] Compile Module.OnlineSubsystem.cpp [NoUba]
[416/633] Compile Module.PCG.19.cpp [NoUba]
[417/633] Compile Module.PCG.10.cpp [NoUba]
[418/633] Compile Module.PCG.14.cpp [NoUba]
[419/633] Compile Module.PCG.11.cpp [NoUba]
[420/633] Compile Module.OnlineServicesCommon.2.cpp [NoUba]
[421/633] Compile Module.PCG.18.cpp [NoUba]
[422/633] Compile Module.PacketHandler.cpp [NoUba]
[423/633] Compile Module.PCGCompute.cpp [NoUba]
[424/633] Compile Module.PCG.15.cpp [NoUba]
[425/633] Compile Module.PCG.13.cpp [NoUba]
[426/633] Compile Module.PCG.2.cpp [NoUba]
[427/633] Compile Module.OnlineServicesCommon.1.cpp [NoUba]
[428/633] Compile Module.PlatformCrypto.cpp [NoUba]
[429/633] Compile EncryptionContextOpenSSL.cpp [NoUba]
[430/633] Compile PlatformCryptoAesDecryptorsOpenSSL.cpp [NoUba]
[431/633] Compile PlatformCryptoAesEncryptorsOpenSSL.cpp [NoUba]
[432/633] Compile PlatformCryptoContext.cpp [NoUba]
[433/633] Compile PlatformCryptoUtilsOpenSSL.cpp [NoUba]
[434/633] Compile Module.PlatformCryptoTypes.cpp [NoUba]
[435/633] Compile Module.PCG.5.cpp [NoUba]
[436/633] Compile Module.PCG.4.cpp [NoUba]
[437/633] Compile Module.PreLoadScreen.cpp [NoUba]
[438/633] Compile Module.PakFile.cpp [NoUba]
[439/633] Compile Module.PCG.12.cpp [NoUba]
[440/633] Compile Module.Paper2D.cpp [NoUba]
[441/633] Compile Module.PythonScriptPluginPreload.cpp [NoUba]
[442/633] Compile Module.PropertyBindingUtils.cpp [NoUba]
[443/633] Compile Module.OptimusCore.cpp [NoUba]
[444/633] Compile Module.PropertyPath.cpp [NoUba]
[445/633] Compile Module.RSA.cpp [NoUba]
[446/633] Compile Module.RadAudioDecoder.cpp [NoUba]
[447/633] Compile Module.RawMesh.cpp [NoUba]
[448/633] Compile Module.PCG.3.cpp [NoUba]
[449/633] Compile Module.ReliableHComp.cpp [NoUba]
[450/633] Compile Module.PCG.8.cpp [NoUba]
[451/633] Compile Module.ProceduralMeshComponent.cpp [NoUba]
[452/633] Compile Module.RHICore.cpp [NoUba]
[453/633] Compile Module.Projects.cpp [NoUba]
[454/633] Compile Module.ProfileVisualizer.cpp [NoUba]
[455/633] Compile Module.PCG.7.cpp [NoUba]
[456/633] Compile Module.PhysicsControl.cpp [NoUba]
[457/633] Compile Module.RenderDocPlugin.cpp [NoUba]
[458/633] Compile Module.RenderCore.6.cpp [NoUba]
[459/633] Compile Module.RHI.2.cpp [NoUba]
[460/633] Compile Module.RHI.1.cpp [NoUba]
[461/633] Compile Module.PCG.9.cpp [NoUba]
[462/633] Compile Module.RenderCore.4.cpp [NoUba]
[463/633] Compile Module.PlanarCut.cpp [NoUba]
[464/633] Compile Module.PCG.6.cpp [NoUba]
[465/633] Compile Module.RenderCore.5.cpp [NoUba]
[466/633] Compile Module.RenderCore.2.cpp [NoUba]
[467/633] Compile Module.PhysicsCore.cpp [NoUba]
[468/633] Compile Module.RenderCore.3.cpp [NoUba]
[469/633] Compile Module.RenderCore.1.cpp [NoUba]
[470/633] Compile Module.Renderer.11.cpp [NoUba]
[471/633] Compile Module.Renderer.10.cpp [NoUba]
[472/633] Compile Module.Renderer.1.cpp [NoUba]
[473/633] Compile Module.Renderer.13.cpp [NoUba]
[474/633] Compile Module.Renderer.15.cpp [NoUba]
[475/633] Compile Module.Renderer.12.cpp [NoUba]
[476/633] Compile Module.Renderer.14.cpp [NoUba]
[477/633] Compile Module.Renderer.16.cpp [NoUba]
[478/633] Compile Module.Renderer.17.cpp [NoUba]
[479/633] Compile Module.Renderer.21.cpp [NoUba]
[480/633] Compile Module.Renderer.2.cpp [NoUba]
[481/633] Compile Module.Renderer.19.cpp [NoUba]
[482/633] Compile Module.Renderer.20.cpp [NoUba]
[483/633] Compile Module.Renderer.18.cpp [NoUba]
[484/633] Compile Module.Renderer.22.cpp [NoUba]
[485/633] Compile Module.Renderer.23.cpp [NoUba]
[486/633] Compile Module.Renderer.25.cpp [NoUba]
[487/633] Compile Module.Renderer.24.cpp [NoUba]
[488/633] Compile Module.Renderer.28.cpp [NoUba]
[489/633] Compile Module.Renderer.29.cpp [NoUba]
[490/633] Compile Module.Renderer.27.cpp [NoUba]
[491/633] Compile Module.Renderer.31.cpp [NoUba]
[492/633] Compile Module.Renderer.3.cpp [NoUba]
[493/633] Compile Module.Renderer.34.cpp [NoUba]
[494/633] Compile Module.Renderer.36.cpp [NoUba]
[495/633] Compile Module.RewindDebuggerRuntimeInterface.cpp [NoUba]
[496/633] Compile Module.Renderer.33.cpp [NoUba]
[497/633] Compile Module.Renderer.30.cpp [NoUba]
[498/633] Compile Module.Renderer.35.cpp [NoUba]
[499/633] Compile Module.RewindDebuggerVLogRuntime.cpp [NoUba]
[500/633] Compile Module.RewindDebuggerRuntime.cpp [NoUba]
[501/633] Compile Module.Renderer.37.cpp [NoUba]
[502/633] Compile Module.Renderer.32.cpp [NoUba]
[503/633] Compile Module.Renderer.38.cpp [NoUba]
[504/633] Compile Module.RigidPhysics.cpp [NoUba]
[505/633] Compile Module.RuntimeTelemetry.cpp [NoUba]
[506/633] Compile Module.SQLiteCore.cpp [NoUba]
[507/633] Compile Module.Renderer.26.cpp [NoUba]
[508/633] Compile Module.SSL.cpp [NoUba]
[509/633] Compile Module.SandboxFile.cpp [NoUba]
[510/633] Compile Module.Renderer.7.cpp [NoUba]
[511/633] Compile Module.SequenceRuntimeRecorder.cpp [NoUba]
[512/633] Compile Module.RigVM.4.cpp [NoUba]
[513/633] Compile Module.Renderer.5.cpp [NoUba]
[514/633] Compile Module.SerializedRecorderInterface.cpp [NoUba]
[515/633] Compile Module.Scribble.cpp [NoUba]
[516/633] Compile Module.SessionMessages.cpp [NoUba]
[517/633] Compile Module.Renderer.6.cpp [NoUba]
[518/633] Compile Module.ScreenShotComparisonTools.cpp [NoUba]
[519/633] Compile Module.RigLogicModule.cpp [NoUba]
[520/633] Compile Module.Settings.cpp [NoUba]
[521/633] Compile Module.SignalProcessing.3.cpp [NoUba]
[522/633] Compile Module.SessionServices.cpp [NoUba]
[523/633] Compile Module.Renderer.8.cpp [NoUba]
[524/633] Compile Module.Renderer.4.cpp [NoUba]
[525/633] Compile Module.SkeletalMerging.cpp [NoUba]
[526/633] Compile Module.SignificanceManager.cpp [NoUba]
[527/633] Compile Module.Serialization.cpp [NoUba]
[528/633] Compile Module.SignalProcessing.2.cpp [NoUba]
[529/633] Compile Module.RigVM.1.cpp [NoUba]
[530/633] Compile Module.SequencerScripting.cpp [NoUba]
[531/633] Compile Module.SignalProcessing.1.cpp [NoUba]
[532/633] Compile Module.RigVM.2.cpp [NoUba]
[533/633] Compile Module.SlateBaseRenderer.cpp [NoUba]
[534/633] Compile Module.Renderer.9.cpp [NoUba]
[535/633] Compile Module.Slate.7.cpp [NoUba]
[536/633] Compile Module.Slate.1.cpp [NoUba]
[537/633] Compile Module.SlateNullRenderer.cpp [NoUba]
[538/633] Compile Module.SlateCore.1.cpp [NoUba]
[539/633] Compile Module.Slate.4.cpp [NoUba]
[540/633] Compile Module.SkeletalMeshDescription.cpp [NoUba]
[541/633] Compile Module.SlateCore.3.cpp [NoUba]
[542/633] Compile Module.Sockets.cpp [NoUba]
[543/633] Compile Module.SoundFieldRendering.cpp [NoUba]
[544/633] Compile Module.SoundFields.cpp [NoUba]
[545/633] Compile Module.RigVM.3.cpp [NoUba]
[546/633] Compile Module.Slate.6.cpp [NoUba]
[547/633] Compile Module.StateStream.cpp [NoUba]
[548/633] Compile Module.Slate.3.cpp [NoUba]
[549/633] Compile Module.SlateCore.4.cpp [NoUba]
[550/633] Compile Module.SlateCore.2.cpp [NoUba]
[551/633] Compile Module.SlateFileDialogs.cpp [NoUba]
[552/633] Compile Module.StreamingFile.cpp [NoUba]
[553/633] Compile Module.Slate.2.cpp [NoUba]
[554/633] Compile Module.StorageServerClientDebug.cpp [NoUba]
[555/633] Compile Module.StreamingPauseRendering.cpp [NoUba]
[556/633] Compile Module.StudioTelemetry.cpp [NoUba]
[557/633] Compile Module.SynthBenchmark.cpp [NoUba]
[558/633] Compile Module.StateTreeDeveloper.cpp [NoUba]
[559/633] Compile Module.SlateCore.5.cpp [NoUba]
[560/633] Compile Module.StateTreeModule.2.cpp [NoUba]
[561/633] Compile Module.TakeMovieScene.cpp [NoUba]
[562/633] Compile Module.SourceControl.cpp [NoUba]
[563/633] Compile Module.TakeRecorderNamingTokens.cpp [NoUba]
[564/633] Compile Module.TelemetryUtils.cpp [NoUba]
[565/633] Compile Module.StorageServerClient.cpp [NoUba]
[566/633] Compile Module.TcpMessaging.cpp [NoUba]
[567/633] Compile Module.TextureUtilitiesCommon.cpp [NoUba]
[568/633] Compile Module.SlateRHIRenderer.cpp [NoUba]
[569/633] Compile Module.StaticMeshDescription.cpp [NoUba]
[570/633] Compile Module.TmvMediaShaders.cpp [NoUba]
[571/633] Compile Module.StateTreeModule.1.cpp [NoUba]
[572/633] Compile Module.TakesCore.cpp [NoUba]
[573/633] Compile Module.TakeRecorder.cpp [NoUba]
[574/633] Compile Module.Slate.5.cpp [NoUba]
[575/633] Compile Module.TraceUtilities.cpp [NoUba]
[576/633] Compile Module.TimeManagement.cpp [NoUba]
[577/633] Compile Module.TweeningUtils.cpp [NoUba]
[578/633] Compile Module.TakeRecorderSources.cpp [NoUba]
[579/633] Compile Module.TraceBasedDebuggers.cpp [NoUba]
[580/633] Compile Module.RigLogicLib.cpp [NoUba]
[581/633] Compile Module.TypedElementRuntime.cpp [NoUba]
[582/633] Compile Module.TemplateSequence.cpp [NoUba]
[583/633] Compile Module.Synthesis.cpp [NoUba]
[584/633] Compile Module.ToolMenus.cpp [NoUba]
[585/633] Compile Module.TakeTrackRecorders.cpp [NoUba]
[586/633] Compile Module.UObjectPlugin.cpp [NoUba]
[587/633] Compile Module.TranslationEditor.cpp [NoUba]
[588/633] Compile Module.UniversalObjectLocator.cpp [NoUba]
[589/633] Compile Module.UAF.3.cpp [NoUba]
[590/633] Compile Module.UnixCommonStartup.cpp [NoUba]
[591/633] Compile Module.TmvMedia.cpp [NoUba]
[592/633] Compile Module.VectorVM.cpp [NoUba]
[593/633] Compile Module.Voice.cpp [NoUba]
[594/633] Compile Module.VorbisAudioDecoder.cpp [NoUba]
[595/633] Compile Module.UAFAnimGraph.3.cpp [NoUba]
[596/633] Compile c_loops.cc [NoUba]
[597/633] Compile Module.UAFAnimGraph.1.cpp [NoUba]
[598/633] Compile Module.Voronoi.cpp [NoUba]
[599/633] Compile container.cc [NoUba]
[600/633] Compile pre_container.cc [NoUba]
[601/633] Compile v_base.cc [NoUba]
[602/633] Compile cell.cc [NoUba]
[603/633] Compile Module.VariantManagerContent.cpp [NoUba]
[604/633] Compile Module.UdpMessaging.cpp [NoUba]
[605/633] Compile unitcell.cc [NoUba]
[606/633] Compile wall.cc [NoUba]
[607/633] Compile Module.UAF.2.cpp [NoUba]
[608/633] Compile v_compute.cc [NoUba]
[609/633] Compile Module.UAFAnimGraph.2.cpp [NoUba]
[610/633] Compile Module.ToolWidgets.cpp [NoUba]
[611/633] Compile Module.UAF.1.cpp [NoUba]
[612/633] Compile Module.TypedElementFramework.cpp [NoUba]
[613/633] Compile Module.WaveTable.cpp [NoUba]
[614/633] Compile Module.SlateReflector.cpp [NoUba]
[615/633] Compile Module.WebMMediaFactory.cpp [NoUba]
[616/633] Compile Module.VulkanRHI.5.cpp [NoUba]
[617/633] Compile Module.UMG.3.cpp [NoUba]
[618/633] Compile Module.WmfMediaFactory.cpp [NoUba]
[619/633] Compile Module.Water.3.cpp [NoUba]
[620/633] Compile Module.WebMMoviePlayer.cpp [NoUba]
[621/633] Compile Module.WebMMedia.cpp [NoUba]
[622/633] Compile Module.WorldMetricsCore.cpp [NoUba]
[623/633] Compile Module.WorldMetricsTest.cpp [NoUba]
[624/633] Compile Module.VulkanRHI.1.cpp [NoUba]
[625/633] Compile Module.VulkanRHI.2.cpp [NoUba]
[626/633] Compile Module.VulkanRHI.3.cpp [NoUba]
[627/633] Compile Module.VulkanRHI.4.cpp [NoUba]
[628/633] Compile Module.UMG.2.cpp [NoUba]
[629/633] Compile Module.Water.1.cpp [NoUba]
[630/633] Compile Module.UMG.1.cpp [NoUba]
[631/633] Compile Module.Water.2.cpp [NoUba]
Total time in Unreal Build Accelerator local executor: 616.00 seconds

Result: Failed (OtherCompilationError)
Total execution time: 623.98 seconds
Trace written to file /opt/unreal/UE_5.8.2/Engine/Programs/UnrealBuildTool/Trace.uba with size 118.7kb
