Setting up bundled DotNet SDK
Running command : dotnet Engine/Binaries/DotNET/UnrealBuildTool/UnrealBuildTool.dll BiellaGames Linux Development -Project=/root/biella/repos/biella-engine/projects/biella-games/BiellaGames.uproject -WaitMutex -NoUBA -NoHotReloadFromIDE -NoUBTMakefiles
Log file: /opt/unreal/UE_5.8.2/Engine/Programs/UnrealBuildTool/Log.txt
Determining max actions to execute in parallel (15 physical cores, 15 logical cores)
  Executing up to 15 processes, one per physical core
UbaStorageServer - FileMapping backing: memfd
UbaSessionServer - Disable remote execution (remote sessions will finish current processes)
Invalidating makefile for BiellaGames (source file added)
UHT compiled-in object format Default
Building BiellaGames...
===== Toolchain Information =====
Using ISPC compiler (/opt/unreal/UE_5.8.2/Engine/Source/ThirdParty/Intel/ISPC/bin/Linux/ispc)
  Intel(r) Implicit SPMD Program Compiler (Intel(r) ISPC), 1.24.0 (build commit  @ 20240919, LLVM 18.1.6)
Using Clang compiler 20.1.8 (/opt/unreal/UE_5.8.2/Engine/Extras/ThirdPartyNotUE/SDKs/HostLinux/Linux_x64/v26_clang-20.1.8-rockylinux8/x86_64-unknown-linux-gnu/bin/clang++)
  clang version 20.1.8 (github.com/llvm/llvm-project 87f0227cb60147a26a1eeb4fb06e3b505e9c7261) Target: x86_64-unknown-linux-gnu Thread model: posix InstalledDir: /opt/unreal/UE_5.8.2/Engine/Extras/ThirdPartyNotUE/SDKs/HostLinux/Linux_x64/v26_clang-20.1.8-rockylinux8/x86_64-unknown-linux-gnu/bin
Using Clang archiver (/opt/unreal/UE_5.8.2/Engine/Extras/ThirdPartyNotUE/SDKs/HostLinux/Linux_x64/v26_clang-20.1.8-rockylinux8/x86_64-unknown-linux-gnu/bin/llvm-ar)
  LLVM (http://llvm.org/):   LLVM version 20.1.8   Optimized build.
Using toolchain located at '/opt/unreal/UE_5.8.2/Engine/Extras/ThirdPartyNotUE/SDKs/HostLinux/Linux_x64/v26_clang-20.1.8-rockylinux8/x86_64-unknown-linux-gnu'
Using bundled libc++ standard C++ library.
Compressing debug files
=================================
Using Unreal Build Accelerator local executor to run 634 action(s)
  CPU 15 physical cores, 15 logical cores
  Memory 86.31 GB physical, 6.98 GB/75.15 GB committed
  UBA Storage capacity 40 GB
[1/634] Compile SharedPCH.Core.Exceptions.Cpp20.h [NoUba]
[2/634] Compile SharedPCH.Core.Cpp20.h [NoUba]
[3/634] Compile Module.Advertising.cpp [NoUba]
[4/634] Compile Module.AnalyticsHorde.cpp [NoUba]
[5/634] Compile Module.Cbor.cpp [NoUba]
[6/634] Compile SharedPCH.CoreUObject.Cpp20.h [NoUba]
[7/634] Compile Module.AVIWriter.cpp [NoUba]
[8/634] Compile SharedPCH.CoreUObject.RTTI.Exceptions.Cpp20.h [NoUba]
[9/634] Compile Module.AudioMixerCore.cpp [NoUba]
[10/634] Compile Module.AnalyticsLog.cpp [NoUba]
[11/634] Compile Module.AnalyticsCSV.cpp [NoUba]
[12/634] Compile Module.AudioLinkCore.cpp [NoUba]
[13/634] Compile Module.Analytics.cpp [NoUba]
[14/634] Compile Module.BackChannel.cpp [NoUba]
[15/634] Compile Module.AudioPlatformConfiguration.cpp [NoUba]
[16/634] Compile Module.ChaosCore.cpp [NoUba]
[17/634] Compile Module.AutomationMessages.cpp [NoUba]
[18/634] Compile Module.AnalyticsET.cpp [NoUba]
[19/634] Compile Module.AnimationCore.cpp [NoUba]
[20/634] Compile Module.BandwidthDebugDelegates.cpp [NoUba]
[21/634] Compile Module.AutomationTest.cpp [NoUba]
[22/634] Compile Module.BandwidthMeasurementTool.cpp [NoUba]
[23/634] Compile SharedPCH.Slate.Cpp20.h [NoUba]
[24/634] Compile Module.ApplicationCore.cpp [NoUba]
[25/634] Compile Module.AudioSynesthesiaCore.cpp [NoUba]
[26/634] Compile Module.AssetRegistry.3.cpp [NoUba]
[27/634] Compile Module.AutomationController.cpp [NoUba]
[28/634] Compile Module.AudioExtensions.cpp [NoUba]
[29/634] Compile Module.AppFramework.2.cpp [NoUba]
[30/634] Compile Module.AssetRegistry.1.cpp [NoUba]
[31/634] Compile Module.ImageWrapper.cpp [NoUba]
[32/634] Compile Module.AssetRegistry.4.cpp [NoUba]
[33/634] Compile SharedPCH.Engine.Project.ValApi.ValExpApi.Cpp20.h [NoUba]
[34/634] Compile SharedPCH.Engine.Cpp20.h [NoUba]
[35/634] Compile Module.AudioWidgetsCore.cpp [NoUba]
[36/634] Compile Module.Chaos.11.cpp [NoUba]
[37/634] Compile Module.BuildPatchServices.1.cpp [NoUba]
[38/634] Compile Module.BuildPatchServices.3.cpp [NoUba]
[39/634] Compile Module.BuildPatchServices.2.cpp [NoUba]
[40/634] Compile Module.Chaos.10.cpp [NoUba]
[41/634] Compile Module.AISupportModule.cpp [NoUba]
[42/634] Compile Module.AssetRegistry.2.cpp [NoUba]
[43/634] Compile Module.ActorLayerUtilities.cpp [NoUba]
[44/634] Compile Module.ACLPlugin.cpp [NoUba]
[45/634] Compile Module.AdpcmAudioDecoder.cpp [NoUba]
[46/634] Compile Module.AndroidFileServer.cpp [NoUba]
[47/634] Compile Module.ActorSequence.cpp [NoUba]
[48/634] Compile Module.AppFramework.3.cpp [NoUba]
[49/634] Compile Module.AndroidPermission.cpp [NoUba]
[50/634] Compile Module.BuildPatchServices.4.cpp [NoUba]
[51/634] Compile Module.AppleImageUtils.cpp [NoUba]
[52/634] Compile Module.AITestSuite.cpp [NoUba]
[53/634] Compile Module.ArchVisCharacter.cpp [NoUba]
[54/634] Compile Module.AssetTags.cpp [NoUba]
[55/634] Compile Module.AnimationSharing.cpp [NoUba]
[56/634] Compile Module.AudioCaptureCore.cpp [NoUba]
[57/634] Compile Module.AIModule.4.cpp [NoUba]
[58/634] Compile Module.Chaos.1.cpp [NoUba]
[59/634] Compile Module.AIModule.1.cpp [NoUba]
[60/634] Compile Module.AIModule.3.cpp [NoUba]
[61/634] Compile Module.AudioAnalyzer.cpp [NoUba]
[62/634] Compile Module.AppFramework.1.cpp [NoUba]
[63/634] Compile Module.AudioInsightsRuntime.cpp [NoUba]
[64/634] Compile Module.AudioChannelAgnosticCore.cpp [NoUba]
[65/634] Compile Module.AIModule.2.cpp [NoUba]
[66/634] Compile Module.AudioCapture.cpp [NoUba]
[67/634] Compile Module.AudioLinkEngine.cpp [NoUba]
[68/634] Compile Module.AudioMixerSDL.cpp [NoUba]
[69/634] Compile Module.AudioMixer.3.cpp [NoUba]
[70/634] Compile Module.AudioMixerPlatformAudioLink.cpp [NoUba]
[71/634] Compile Module.AvfMediaFactory.cpp [NoUba]
[72/634] Compile Module.AutomationUtils.cpp [NoUba]
[73/634] Compile Module.AutomationWorker.cpp [NoUba]
[74/634] Compile BiellaLoadingScreen.cpp [NoUba]
[75/634] Compile BiellaStartupPipelines.cpp [NoUba]
[76/634] Compile Module.Chaos.12.cpp [NoUba]
[77/634] Compile Module.AudioSynesthesia.cpp [NoUba]
[78/634] Compile BiellaLoadingWidget.cpp [NoUba]
[79/634] Compile Module.BinkAudioDecoder.cpp [NoUba]
[80/634] Compile Module.Chaos.13.cpp [NoUba]
[81/634] Compile Module.BiellaGames.1.cpp [NoUba]
[82/634] Compile Module.CableComponent.cpp [NoUba]
[83/634] Compile Module.AdvancedWidgets.cpp [NoUba]
[84/634] Compile Module.AudioMixer.2.cpp [NoUba]
[85/634] Compile Module.BiellaGames.3.cpp [NoUba]
[86/634] Compile Module.AudioMixer.1.cpp [NoUba]
[87/634] Compile Module.Chaos.19.cpp [NoUba]
[88/634] Compile Module.BiellaGames.2.cpp [NoUba]
[89/634] Compile Module.Buoyancy.cpp [NoUba]
[90/634] Compile Module.Chaos.14.cpp [NoUba]
[91/634] Compile Module.AnimGraphRuntime.cpp [NoUba]
[92/634] Compile Module.Chaos.20.cpp [NoUba]
[93/634] Compile Module.Chaos.16.cpp [NoUba]
[94/634] Compile Module.Chaos.27.cpp [NoUba]
[95/634] Compile Module.Chaos.18.cpp [NoUba]
[96/634] Compile Module.Chaos.2.cpp [NoUba]
[97/634] Compile Module.Chaos.22.cpp [NoUba]
[98/634] Compile Module.AudioWidgets.cpp [NoUba]
[99/634] Compile Module.Chaos.23.cpp [NoUba]
[100/634] Compile Module.Chaos.21.cpp [NoUba]
[101/634] Compile Module.Chaos.15.cpp [NoUba]
[102/634] Compile Module.Chaos.24.cpp [NoUba]
[103/634] Compile Module.Chaos.4.cpp [NoUba]
[104/634] Compile Module.ChaosUserDataPT.cpp [NoUba]
[105/634] Compile Module.Chaos.26.cpp [NoUba]
[106/634] Compile Module.ChaosVDRuntime.cpp [NoUba]
[107/634] Compile Module.ChaosVDBlueprint.cpp [NoUba]
[108/634] Compile Module.CharacterAI.cpp [NoUba]
[109/634] Compile Module.Chaos.28.cpp [NoUba]
[110/634] Compile Module.Chaos.17.cpp [NoUba]
[111/634] Compile Module.Chaos.7.cpp [NoUba]
[112/634] Compile Module.Chaos.6.cpp [NoUba]
[113/634] Compile Module.ChunkDownloader.cpp [NoUba]
[114/634] Compile Module.ClothingSystemRuntimeNv.cpp [NoUba]
[115/634] Compile Module.Chaos.3.cpp [NoUba]
[116/634] Compile Module.Chaos.8.cpp [NoUba]
[117/634] Compile Module.CinematicCamera.cpp [NoUba]
[118/634] Compile Module.ConsoleVariablesEditorRuntime.cpp [NoUba]
[119/634] Compile Module.ComputeDataInterface.cpp [NoUba]
[120/634] Compile Module.ClothSysRuntimeIntrfc.cpp [NoUba]
[121/634] Compile Module.ChaosSolverEngine.cpp [NoUba]
[122/634] Compile Module.ChaosCaching.cpp [NoUba]
[123/634] Compile Module.ChaosNiagara.cpp [NoUba]
[124/634] Compile Module.Chaos.9.cpp [NoUba]
[125/634] Compile Module.ClothingSystemRuntimeCommon.cpp [NoUba]
[126/634] Compile Module.CompositeCore.cpp [NoUba]
[127/634] Compile Module.CookOnTheFly.cpp [NoUba]
[128/634] Compile Module.Chaos.5.cpp [NoUba]
[129/634] Compile Module.CsvMetrics.cpp [NoUba]
[130/634] Compile Module.CustomMeshComponent.cpp [NoUba]
[131/634] Compile Module.Chaos.25.cpp [NoUba]
[132/634] Compile Module.CoreOnline.cpp [NoUba]
[133/634] Compile Module.ControlRig.5.cpp [NoUba]
[134/634] Compile Module.ComputeFramework.cpp [NoUba]
[135/634] Compile Module.ControlRigSpline.cpp [NoUba]
[136/634] Compile Module.Constraints.cpp [NoUba]
[137/634] Compile Module.DataflowMedialSkeleton.cpp [NoUba]
[138/634] Compile Module.DeveloperSettings.cpp [NoUba]
[139/634] Compile Module.DownlinkBandwidthManager.cpp [NoUba]
[140/634] Compile Module.DataflowEnginePlugin.cpp [NoUba]
[141/634] Compile Module.DesktopPlatform.cpp [NoUba]
[142/634] Compile Module.DatasmithContent.cpp [NoUba]
[143/634] Compile Module.DirectoryWatcher.cpp [NoUba]
[144/634] Compile Module.DumpGPUServices.cpp [NoUba]
[145/634] Compile Module.DataflowSimulation.cpp [NoUba]
[146/634] Compile Module.ChaosCloth.cpp [NoUba]
[147/634] Compile Module.EditableComputeGraph.cpp [NoUba]
[148/634] Compile Module.EditorAnalyticsSession.cpp [NoUba]
[149/634] Compile Module.EngineMessages.cpp [NoUba]
[150/634] Compile Module.EngineSettings.cpp [NoUba]
[151/634] Compile Module.DrawPrimitiveDebugger.cpp [NoUba]
[152/634] Compile Module.ControlRigPhysics.cpp [NoUba]
[153/634] Compile Module.EngineCameras.cpp [NoUba]
[154/634] Compile Module.DataflowEngine.cpp [NoUba]
[155/634] Compile Module.EventLoop.cpp [NoUba]
[156/634] Compile Module.ExampleDeviceProfileSelector.cpp [NoUba]
[157/634] Compile Module.EyeTracker.cpp [NoUba]
[158/634] Compile Module.ExrReaderGpu.cpp [NoUba]
[159/634] Compile Module.FieldNotification.cpp [NoUba]
[160/634] Compile Module.FacialAnimation.cpp [NoUba]
[161/634] Compile Module.ControlRig.2.cpp [NoUba]
[162/634] Compile Module.ControlRig.1.cpp [NoUba]
[163/634] Compile Module.Foliage.cpp [NoUba]
[164/634] Compile Module.DataflowCore.cpp [NoUba]
[165/634] Compile Module.FieldSystemEngine.cpp [NoUba]
[166/634] Compile Module.EnhancedInput.cpp [NoUba]
[167/634] Compile Module.FractureEngine.cpp [NoUba]
[168/634] Compile Module.FullBodyIK.cpp [NoUba]
[169/634] Compile Module.FunctionalTesting.cpp [NoUba]
[170/634] Compile Module.DataflowNodes.cpp [NoUba]
[171/634] Compile Module.DynamicMesh.1.cpp [NoUba]
[172/634] Compile Module.GLTFCore.cpp [NoUba]
[173/634] Compile Module.DynamicMesh.4.cpp [NoUba]
[174/634] Compile Module.GameplayTasks.cpp [NoUba]
[175/634] Compile Module.DynamicMesh.2.cpp [NoUba]
[176/634] Compile Module.GameplayCameras.1.cpp [NoUba]
[177/634] Compile Module.ControlRig.3.cpp [NoUba]
[178/634] Compile Module.GameplayDebugger.cpp [NoUba]
[179/634] Compile Module.ControlRig.4.cpp [NoUba]
[180/634] Compile Module.GeometryCacheTracks.cpp [NoUba]
[181/634] Compile Module.GameplayCameras.2.cpp [NoUba]
[182/634] Compile Module.GameplayCameras.4.cpp [NoUba]
[183/634] Compile Module.GameplayTags.cpp [NoUba]
[184/634] Compile Module.GeometryAlgorithms.3.cpp [NoUba]
[185/634] Compile Module.GeometryCollectionDepNodes.cpp [NoUba]
[186/634] Compile Module.GLTFExporter.cpp [NoUba]
[187/634] Compile Module.GameplayCameras.3.cpp [NoUba]
[188/634] Compile Module.DynamicMesh.3.cpp [NoUba]
[189/634] Compile Module.GlobalConfigurationData.cpp [NoUba]
[190/634] Compile Module.GeometryCache.cpp [NoUba]
[191/634] Compile Module.GooglePAD.cpp [NoUba]
[192/634] Compile Module.GeometryCollectionTracks.cpp [NoUba]
[193/634] Compile Module.GlobalConfigurationDataCore.cpp [NoUba]
[194/634] Compile Module.HTRun.cpp [NoUba]
[195/634] Compile Module.GeometryDataflowNodes.cpp [NoUba]
[196/634] Compile Module.HTAnimRun.cpp [NoUba]
[197/634] Compile Module.GeometryCollectionNodes.3.cpp [NoUba]
[198/634] Compile Module.HTTP.cpp [NoUba]
[199/634] Compile Module.GeometryCore.4.cpp [NoUba]
[200/634] Compile Module.GeometryFramework.cpp [NoUba]
[201/634] Compile Module.HairStrandsRuntime.cpp [NoUba]
[202/634] Compile Module.GeometryCore.3.cpp [NoUba]
[203/634] Compile Module.HttpReplayStreaming.cpp [NoUba]
[204/634] Compile Module.IESFile.cpp [NoUba]
[205/634] Compile Module.GeometryAlgorithms.1.cpp [NoUba]
[206/634] Compile Module.HeadMountedDisplay.cpp [NoUba]
[207/634] Compile Module.GeometryAlgorithms.2.cpp [NoUba]
[208/634] Compile Module.GeometryCore.1.cpp [NoUba]
[209/634] Compile Module.IKRigUAF.cpp [NoUba]
[210/634] Compile Module.Icmp.cpp [NoUba]
[211/634] Compile Module.ISMPool.cpp [NoUba]
[212/634] Compile Module.HairStrandsCore.3.cpp [NoUba]
[213/634] Compile Module.HairStrandsSolver.cpp [NoUba]
[214/634] Compile Module.ImgMediaEngine.cpp [NoUba]
[215/634] Compile Module.HairStrandsDeformer.cpp [NoUba]
[216/634] Compile Module.ImageWriteQueue.cpp [NoUba]
[217/634] Compile Module.ImgMediaFactory.cpp [NoUba]
[218/634] Compile Module.GeometryCollectionNodes.1.cpp [NoUba]
[219/634] Compile Module.IndexedCacheStorage.cpp [NoUba]
[220/634] Compile Module.HairStrandsCore.2.cpp [NoUba]
[221/634] Compile Module.InputDevice.cpp [NoUba]
[222/634] Compile Module.HairStrandsCore.4.cpp [NoUba]
[223/634] Compile Module.InputCore.cpp [NoUba]
[224/634] Compile Module.ImageCore.cpp [NoUba]
[225/634] Compile Module.InputDebugging.cpp [NoUba]
[226/634] Compile Module.InterchangeAxFAssets.cpp [NoUba]
[227/634] Compile Module.InterchangeCommon.cpp [NoUba]
[228/634] Compile Module.InterchangeAssets.cpp [NoUba]
[229/634] Compile Module.InteractiveToolsFramework.3.cpp [NoUba]
[230/634] Compile Module.InterchangeDispatcher.cpp [NoUba]
[231/634] Compile Module.InterchangeCommonParser.cpp [NoUba]
[232/634] Compile Module.InterchangeExport.cpp [NoUba]
[233/634] Compile Module.GeometryCollectionEngine.cpp [NoUba]
[234/634] Compile Module.InstallBundleManager.cpp [NoUba]
[235/634] Compile Module.GeometryCore.2.cpp [NoUba]
[236/634] Compile Module.GeometryCollectionNodes.2.cpp [NoUba]
[237/634] Compile Module.InterchangeMessages.cpp [NoUba]
[238/634] Compile Module.ImgMedia.cpp [NoUba]
[239/634] Compile Module.InterchangeAnalytics.cpp [NoUba]
[240/634] Compile Module.InteractiveToolsFramework.1.cpp [NoUba]
[241/634] Compile Module.HairStrandsCore.1.cpp [NoUba]
[242/634] Compile Module.IoStoreHttpClient.cpp [NoUba]
[243/634] Compile Module.InterchangeImport.4.cpp [NoUba]
[244/634] Compile Module.IoStoreOnDemandCore.cpp [NoUba]
[245/634] Compile Module.InteractiveToolsFramework.2.cpp [NoUba]
[246/634] Compile Module.InterchangeEngine.cpp [NoUba]
[247/634] Compile Module.InterchangeNodes.cpp [NoUba]
[248/634] Compile Module.InterchangeImport.1.cpp [NoUba]
[249/634] Compile Module.IrisCore.1.cpp [NoUba]
[250/634] Compile Module.IKRig.cpp [NoUba]
[251/634] Compile Module.Landmass.cpp [NoUba]
[252/634] Compile Module.InterchangeImport.2.cpp [NoUba]
[253/634] Compile Module.IrisCore.5.cpp [NoUba]
[254/634] Compile Module.IrisCore.2.cpp [NoUba]
[255/634] Compile Module.InterchangeImport.3.cpp [NoUba]
[256/634] Compile Module.IrisCore.6.cpp [NoUba]
[257/634] Compile Module.IrisCore.3.cpp [NoUba]
[258/634] Compile Module.Landscape.6.cpp [NoUba]
[259/634] Compile Module.JsonUtilities.cpp [NoUba]
[260/634] Compile Module.LauncherChunkInstaller.cpp [NoUba]
[261/634] Compile Module.LFNRS.cpp [NoUba]
[262/634] Compile Module.LinuxDeviceProfileSelector.cpp [NoUba]
[263/634] Compile Module.Landscape.7.cpp [NoUba]
[264/634] Compile Module.InterchangeFactoryNodes.cpp [NoUba]
[265/634] Compile Module.IrisCore.4.cpp [NoUba]
[266/634] Compile Module.Json.cpp [NoUba]
[267/634] Compile Module.IoStoreOnDemand.cpp [NoUba]
[268/634] Compile Module.LocalizableMessage.cpp [NoUba]
[269/634] Compile Module.LocalizableMessageBlueprint.cpp [NoUba]
[270/634] Compile Module.LocationServicesBPLibrary.cpp [NoUba]
[271/634] Compile Module.LiveLinkInterface.cpp [NoUba]
[272/634] Compile Module.LocalizationService.cpp [NoUba]
[273/634] Compile Module.MP4Utilities.cpp [NoUba]
[274/634] Compile Module.MassCore.cpp [NoUba]
[275/634] Compile Module.Launch.cpp [NoUba]
[276/634] Compile Module.MSQS.cpp [NoUba]
[277/634] Compile Module.MP4Boxes.cpp [NoUba]
[278/634] Compile Module.MP4Muxer.cpp [NoUba]
[279/634] Compile Module.Landscape.1.cpp [NoUba]
[280/634] Compile Module.LevelSequence.cpp [NoUba]
[281/634] Compile Module.Landscape.5.cpp [NoUba]
[282/634] Compile Module.Landscape.3.cpp [NoUba]
[283/634] Compile Module.MassEntity.3.cpp [NoUba]
[284/634] Compile Module.MathCore.cpp [NoUba]
[285/634] Compile Module.MRMesh.cpp [NoUba]
[286/634] Compile Module.MassSignals.cpp [NoUba]
[287/634] Compile Module.Media.cpp [NoUba]
[288/634] Compile Module.MassEntityTestSuite.3.cpp [NoUba]
[289/634] Compile Module.Landscape.4.cpp [NoUba]
[290/634] Compile Module.MediaPlate.cpp [NoUba]
[291/634] Compile Module.Localization.cpp [NoUba]
[292/634] Compile Module.Landscape.2.cpp [NoUba]
[293/634] Compile Module.MeshFileUtils.cpp [NoUba]
[294/634] Compile Module.MediaCompositing.cpp [NoUba]
[295/634] Compile Module.MediaUtils.cpp [NoUba]
[296/634] Compile Module.InterchangeCore.cpp [NoUba]
[297/634] Compile Module.InterchangePipelines.cpp [NoUba]
[298/634] Compile Module.MediaAssets.cpp [NoUba]
[299/634] Compile Module.MessagingCommon.cpp [NoUba]
[300/634] Compile Module.MeshConversionEngineTypes.cpp [NoUba]
[301/634] Compile Module.MeshUtilitiesCommon.cpp [NoUba]
[302/634] Compile Module.MassEntityTestSuite.1.cpp [NoUba]
[303/634] Compile Module.MassEntityTestSuite.2.cpp [NoUba]
[304/634] Compile Module.MassEntity.2.cpp [NoUba]
[305/634] Compile Module.MassEntity.1.cpp [NoUba]
[306/634] Compile Module.Messaging.cpp [NoUba]
[307/634] Compile Module.MetaHumanSDKRuntime.cpp [NoUba]
[308/634] Compile Module.MeshConversion.cpp [NoUba]
[309/634] Compile Module.MeshDescription.cpp [NoUba]
[310/634] Compile Module.MetasoundGenerator.cpp [NoUba]
[311/634] Compile Module.MetasoundFrontend.2.cpp [NoUba]
[312/634] Compile Module.MetasoundFrontend.3.cpp [NoUba]
[313/634] Compile Module.MessageLog.cpp [NoUba]
[314/634] Compile Module.MetasoundStandardNodes.2.cpp [NoUba]
[315/634] Compile Module.MetasoundFrontend.4.cpp [NoUba]
[316/634] Compile Module.MetasoundGraphCore.cpp [NoUba]
[317/634] Compile Module.MobilePatchingUtils.cpp [NoUba]
[318/634] Compile Module.MetasoundStandardNodes.1.cpp [NoUba]
[319/634] Compile Module.MetasoundStandardNodes.7.cpp [NoUba]
[320/634] Compile Module.MetasoundStandardNodes.3.cpp [NoUba]
[321/634] Compile Module.MeshModelingTools.1.cpp [NoUba]
[322/634] Compile Module.MeshModelingTools.3.cpp [NoUba]
[323/634] Compile Module.MoviePlayerProxy.cpp [NoUba]
[324/634] Compile Module.MetasoundStandardNodes.5.cpp [NoUba]
[325/634] Compile Module.MetasoundFrontend.1.cpp [NoUba]
[326/634] Compile Module.MeshModelingTools.2.cpp [NoUba]
[327/634] Compile Module.MoviePlayer.cpp [NoUba]
[328/634] Compile Module.ModelingComponents.4.cpp [NoUba]
[329/634] Compile Module.ModelViewViewModel.cpp [NoUba]
[330/634] Compile Module.MetasoundStandardNodes.4.cpp [NoUba]
[331/634] Compile Module.MovieScene.6.cpp [NoUba]
[332/634] Compile Module.MetasoundStandardNodes.6.cpp [NoUba]
[333/634] Compile Module.MetasoundFrontend.5.cpp [NoUba]
[334/634] Compile Module.MovieSceneCapture.cpp [NoUba]
[335/634] Compile Module.MovieScene.1.cpp [NoUba]
[336/634] Compile Module.MsQuicRuntime.cpp [NoUba]
[337/634] Compile Module.MetasoundEngine.cpp [NoUba]
[338/634] Compile Module.ModelingOperators.cpp [NoUba]
[339/634] Compile Module.MovieSceneTracks.5.cpp [NoUba]
[340/634] Compile Module.ModelingComponents.3.cpp [NoUba]
[341/634] Compile Module.MovieScene.3.cpp [NoUba]
[342/634] Compile Module.ModelingComponents.2.cpp [NoUba]
[343/634] Compile Module.MovieScene.4.cpp [NoUba]
[344/634] Compile Module.MovieScene.2.cpp [NoUba]
[345/634] Compile Module.MovieScene.5.cpp [NoUba]
[346/634] Compile Module.MutableAssetUserData.cpp [NoUba]
[347/634] Compile Module.NNE.cpp [NoUba]
[348/634] Compile Module.ModelingComponents.1.cpp [NoUba]
[349/634] Compile Module.MuR.5.cpp [NoUba]
[350/634] Compile Module.NNEDenoiserShaders.cpp [NoUba]
[351/634] Compile Module.MuR.2.cpp [NoUba]
[352/634] Compile Module.NNEDenoiser.cpp [NoUba]
[353/634] Compile Module.NamingTokens.cpp [NoUba]
[354/634] Compile Module.MuR.3.cpp [NoUba]
[355/634] Compile Module.MovieSceneTracks.4.cpp [NoUba]
[356/634] Compile Module.NNERuntimeORT.cpp [NoUba]
[357/634] Compile Module.MuCO.2.cpp [NoUba]
[358/634] Compile Module.NetCommon.cpp [NoUba]
[359/634] Compile Module.MuR.1.cpp [NoUba]
[360/634] Compile Module.MuR.4.cpp [NoUba]
[361/634] Compile Module.Navmesh.3.cpp [NoUba]
[362/634] Compile Module.Networking.cpp [NoUba]
[363/634] Compile Module.Navmesh.1.cpp [NoUba]
[364/634] Compile Module.NetworkReplayStreaming.cpp [NoUba]
[365/634] Compile Module.Navmesh.2.cpp [NoUba]
[366/634] Compile Module.MuCO.1.cpp [NoUba]
[367/634] Compile Module.NamingTokensUI.cpp [NoUba]
[368/634] Compile Module.NetworkFile.cpp [NoUba]
[369/634] Compile Module.MovieSceneTracks.2.cpp [NoUba]
[370/634] Compile Module.MovieSceneTracks.3.cpp [NoUba]
[371/634] Compile Module.NFORDenoise.cpp [NoUba]
[372/634] Compile Module.NetCore.cpp [NoUba]
[373/634] Compile Module.NavigationSystem.1.cpp [NoUba]
[374/634] Compile Module.NavigationSystem.3.cpp [NoUba]
[375/634] Compile Module.NavigationSystem.2.cpp [NoUba]
[376/634] Compile Module.Niagara.14.cpp [NoUba]
[377/634] Compile Module.Niagara.11.cpp [NoUba]
[378/634] Compile Module.Niagara.10.cpp [NoUba]
[379/634] Compile Module.NiagaraAnimNotifies.cpp [NoUba]
[380/634] Compile Module.Niagara.12.cpp [NoUba]
[381/634] Compile Module.NiagaraCore.cpp [NoUba]
[382/634] Compile Module.Niagara.1.cpp [NoUba]
[383/634] Compile Module.NonRealtimeAudioRenderer.cpp [NoUba]
[384/634] Compile Module.NullDrv.cpp [NoUba]
[385/634] Compile Module.NullReplayStreaming.cpp [NoUba]
[386/634] Compile Module.NiagaraVertexFactories.cpp [NoUba]
[387/634] Compile Module.OnlineBase.cpp [NoUba]
[388/634] Compile Module.Niagara.13.cpp [NoUba]
[389/634] Compile Module.NiagaraSimCaching.cpp [NoUba]
[390/634] Compile Module.Niagara.6.cpp [NoUba]
[391/634] Compile Module.Niagara.2.cpp [NoUba]
[392/634] Compile Module.Niagara.4.cpp [NoUba]
[393/634] Compile Module.OnlineServicesCommonEngineUtils.cpp [NoUba]
[394/634] Compile Module.Niagara.7.cpp [NoUba]
[395/634] Compile Module.OnlineServicesInterface.cpp [NoUba]
[396/634] Compile Module.OnlineServicesCommon.3.cpp [NoUba]
[397/634] Compile Module.OodleNetworkPlugin.cpp [NoUba]
[398/634] Compile Module.MovieSceneTracks.1.cpp [NoUba]
[399/634] Compile Module.Niagara.9.cpp [NoUba]
[400/634] Compile Module.NiagaraShader.cpp [NoUba]
[401/634] Compile Module.Niagara.3.cpp [NoUba]
[402/634] Compile Module.OptimusSettings.cpp [NoUba]
[403/634] Compile Module.OpusAudioDecoder.cpp [NoUba]
[404/634] Compile Module.OnlineSubsystemUtils.2.cpp [NoUba]
[405/634] Compile Module.OnlineSubsystemNull.cpp [NoUba]
[406/634] Compile Module.Niagara.5.cpp [NoUba]
[407/634] Compile Module.Overlay.cpp [NoUba]
[408/634] Compile Module.Niagara.8.cpp [NoUba]
[409/634] Compile Module.OnlineSubsystemUtils.3.cpp [NoUba]
[410/634] Compile Module.PBIK.cpp [NoUba]
[411/634] Compile Module.OnlineSubsystemUtils.1.cpp [NoUba]
[412/634] Compile Module.PCG.17.cpp [NoUba]
[413/634] Compile Module.OnlineSubsystem.cpp [NoUba]
[414/634] Compile Module.OpenGLDrv.cpp [NoUba]
[415/634] Compile Module.PCG.16.cpp [NoUba]
[416/634] Compile Module.PCG.14.cpp [NoUba]
[417/634] Compile Module.PCG.1.cpp [NoUba]
[418/634] Compile Module.PCG.19.cpp [NoUba]
[419/634] Compile Module.PCG.11.cpp [NoUba]
[420/634] Compile Module.PCG.18.cpp [NoUba]
[421/634] Compile Module.OnlineServicesCommon.2.cpp [NoUba]
[422/634] Compile Module.PCG.10.cpp [NoUba]
[423/634] Compile Module.PacketHandler.cpp [NoUba]
[424/634] Compile Module.PCG.15.cpp [NoUba]
[425/634] Compile Module.PCGCompute.cpp [NoUba]
[426/634] Compile Module.PCG.13.cpp [NoUba]
[427/634] Compile Module.PCG.2.cpp [NoUba]
[428/634] Compile Module.OnlineServicesCommon.1.cpp [NoUba]
[429/634] Compile Module.PlatformCrypto.cpp [NoUba]
[430/634] Compile EncryptionContextOpenSSL.cpp [NoUba]
[431/634] Compile Module.Paper2D.cpp [NoUba]
[432/634] Compile PlatformCryptoAesDecryptorsOpenSSL.cpp [NoUba]
[433/634] Compile PlatformCryptoContext.cpp [NoUba]
[434/634] Compile PlatformCryptoAesEncryptorsOpenSSL.cpp [NoUba]
[435/634] Compile PlatformCryptoUtilsOpenSSL.cpp [NoUba]
[436/634] Compile Module.PlatformCryptoTypes.cpp [NoUba]
[437/634] Compile Module.PCG.4.cpp [NoUba]
[438/634] Compile Module.PCG.12.cpp [NoUba]
[439/634] Compile Module.PakFile.cpp [NoUba]
[440/634] Compile Module.PCG.5.cpp [NoUba]
[441/634] Compile Module.PropertyBindingUtils.cpp [NoUba]
[442/634] Compile Module.PreLoadScreen.cpp [NoUba]
[443/634] Compile Module.PythonScriptPluginPreload.cpp [NoUba]
[444/634] Compile Module.ProceduralMeshComponent.cpp [NoUba]
[445/634] Compile Module.PCG.8.cpp [NoUba]
[446/634] Compile Module.RSA.cpp [NoUba]
[447/634] Compile Module.OptimusCore.cpp [NoUba]
[448/634] Compile Module.RadAudioDecoder.cpp [NoUba]
[449/634] Compile Module.RawMesh.cpp [NoUba]
[450/634] Compile Module.PropertyPath.cpp [NoUba]
[451/634] Compile Module.ReliableHComp.cpp [NoUba]
[452/634] Compile Module.ProfileVisualizer.cpp [NoUba]
[453/634] Compile Module.Projects.cpp [NoUba]
[454/634] Compile Module.PhysicsControl.cpp [NoUba]
[455/634] Compile Module.RHICore.cpp [NoUba]
[456/634] Compile Module.PCG.3.cpp [NoUba]
[457/634] Compile Module.PCG.7.cpp [NoUba]
[458/634] Compile Module.RenderDocPlugin.cpp [NoUba]
[459/634] Compile Module.RHI.2.cpp [NoUba]
[460/634] Compile Module.RenderCore.6.cpp [NoUba]
[461/634] Compile Module.PCG.9.cpp [NoUba]
[462/634] Compile Module.RenderCore.4.cpp [NoUba]
[463/634] Compile Module.RHI.1.cpp [NoUba]
[464/634] Compile Module.PCG.6.cpp [NoUba]
[465/634] Compile Module.RenderCore.5.cpp [NoUba]
[466/634] Compile Module.RenderCore.3.cpp [NoUba]
[467/634] Compile Module.RenderCore.2.cpp [NoUba]
[468/634] Compile Module.PlanarCut.cpp [NoUba]
[469/634] Compile Module.PhysicsCore.cpp [NoUba]
[470/634] Compile Module.RenderCore.1.cpp [NoUba]
[471/634] Compile Module.Renderer.13.cpp [NoUba]
[472/634] Compile Module.Renderer.11.cpp [NoUba]
[473/634] Compile Module.Renderer.10.cpp [NoUba]
[474/634] Compile Module.Renderer.1.cpp [NoUba]
[475/634] Compile Module.Renderer.16.cpp [NoUba]
[476/634] Compile Module.Renderer.12.cpp [NoUba]
[477/634] Compile Module.Renderer.21.cpp [NoUba]
[478/634] Compile Module.Renderer.15.cpp [NoUba]
[479/634] Compile Module.Renderer.14.cpp [NoUba]
[480/634] Compile Module.Renderer.2.cpp [NoUba]
[481/634] Compile Module.Renderer.20.cpp [NoUba]
[482/634] Compile Module.Renderer.22.cpp [NoUba]
[483/634] Compile Module.Renderer.17.cpp [NoUba]
[484/634] Compile Module.Renderer.19.cpp [NoUba]
[485/634] Compile Module.Renderer.18.cpp [NoUba]
[486/634] Compile Module.Renderer.25.cpp [NoUba]
[487/634] Compile Module.Renderer.23.cpp [NoUba]
[488/634] Compile Module.Renderer.24.cpp [NoUba]
[489/634] Compile Module.Renderer.27.cpp [NoUba]
[490/634] Compile Module.Renderer.29.cpp [NoUba]
[491/634] Compile Module.Renderer.28.cpp [NoUba]
[492/634] Compile Module.Renderer.31.cpp [NoUba]
[493/634] Compile Module.Renderer.3.cpp [NoUba]
[494/634] Compile Module.Renderer.34.cpp [NoUba]
[495/634] Compile Module.Renderer.33.cpp [NoUba]
[496/634] Compile Module.RewindDebuggerRuntimeInterface.cpp [NoUba]
[497/634] Compile Module.Renderer.36.cpp [NoUba]
[498/634] Compile Module.Renderer.35.cpp [NoUba]
[499/634] Compile Module.Renderer.30.cpp [NoUba]
[500/634] Compile Module.RewindDebuggerRuntime.cpp [NoUba]
[501/634] Compile Module.Renderer.32.cpp [NoUba]
[502/634] Compile Module.RewindDebuggerVLogRuntime.cpp [NoUba]
[503/634] Compile Module.Renderer.38.cpp [NoUba]
[504/634] Compile Module.RigidPhysics.cpp [NoUba]
[505/634] Compile Module.Renderer.26.cpp [NoUba]
[506/634] Compile Module.Renderer.37.cpp [NoUba]
[507/634] Compile Module.SQLiteCore.cpp [NoUba]
[508/634] Compile Module.RigVM.4.cpp [NoUba]
[509/634] Compile Module.SSL.cpp [NoUba]
[510/634] Compile Module.RuntimeTelemetry.cpp [NoUba]
[511/634] Compile Module.SandboxFile.cpp [NoUba]
[512/634] Compile Module.SequenceRuntimeRecorder.cpp [NoUba]
[513/634] Compile Module.Scribble.cpp [NoUba]
[514/634] Compile Module.Renderer.7.cpp [NoUba]
[515/634] Compile Module.SerializedRecorderInterface.cpp [NoUba]
[516/634] Compile Module.SessionMessages.cpp [NoUba]
[517/634] Compile Module.Renderer.5.cpp [NoUba]
[518/634] Compile Module.ScreenShotComparisonTools.cpp [NoUba]
[519/634] Compile Module.RigLogicModule.cpp [NoUba]
[520/634] Compile Module.Renderer.4.cpp [NoUba]
[521/634] Compile Module.Renderer.6.cpp [NoUba]
[522/634] Compile Module.Settings.cpp [NoUba]
[523/634] Compile Module.SessionServices.cpp [NoUba]
[524/634] Compile Module.SignalProcessing.3.cpp [NoUba]
[525/634] Compile Module.Renderer.8.cpp [NoUba]
[526/634] Compile Module.SignificanceManager.cpp [NoUba]
[527/634] Compile Module.SkeletalMerging.cpp [NoUba]
[528/634] Compile Module.Serialization.cpp [NoUba]
[529/634] Compile Module.SignalProcessing.2.cpp [NoUba]
[530/634] Compile Module.RigVM.1.cpp [NoUba]
[531/634] Compile Module.RigVM.2.cpp [NoUba]
[532/634] Compile Module.SlateBaseRenderer.cpp [NoUba]
[533/634] Compile Module.SequencerScripting.cpp [NoUba]
[534/634] Compile Module.Renderer.9.cpp [NoUba]
[535/634] Compile Module.SignalProcessing.1.cpp [NoUba]
[536/634] Compile Module.Slate.7.cpp [NoUba]
[537/634] Compile Module.SlateCore.1.cpp [NoUba]
[538/634] Compile Module.Slate.1.cpp [NoUba]
[539/634] Compile Module.SlateNullRenderer.cpp [NoUba]
[540/634] Compile Module.Slate.4.cpp [NoUba]
[541/634] Compile Module.SkeletalMeshDescription.cpp [NoUba]
[542/634] Compile Module.SlateCore.3.cpp [NoUba]
[543/634] Compile Module.RigVM.3.cpp [NoUba]
[544/634] Compile Module.SoundFieldRendering.cpp [NoUba]
[545/634] Compile Module.Sockets.cpp [NoUba]
[546/634] Compile Module.SoundFields.cpp [NoUba]
[547/634] Compile Module.Slate.6.cpp [NoUba]
[548/634] Compile Module.StateStream.cpp [NoUba]
[549/634] Compile Module.SlateCore.5.cpp [NoUba]
[550/634] Compile Module.Slate.3.cpp [NoUba]
[551/634] Compile Module.SlateCore.2.cpp [NoUba]
[552/634] Compile Module.SlateCore.4.cpp [NoUba]
[553/634] Compile Module.Slate.2.cpp [NoUba]
[554/634] Compile Module.StreamingFile.cpp [NoUba]
[555/634] Compile Module.StudioTelemetry.cpp [NoUba]
[556/634] Compile Module.StreamingPauseRendering.cpp [NoUba]
[557/634] Compile Module.SynthBenchmark.cpp [NoUba]
[558/634] Compile Module.SlateFileDialogs.cpp [NoUba]
[559/634] Compile Module.StorageServerClientDebug.cpp [NoUba]
[560/634] Compile Module.TakeMovieScene.cpp [NoUba]
[561/634] Compile Module.TakeRecorderNamingTokens.cpp [NoUba]
[562/634] Compile Module.StateTreeModule.2.cpp [NoUba]
[563/634] Compile Module.StateTreeDeveloper.cpp [NoUba]
[564/634] Compile Module.SourceControl.cpp [NoUba]
[565/634] Compile Module.TelemetryUtils.cpp [NoUba]
[566/634] Compile Module.TcpMessaging.cpp [NoUba]
[567/634] Compile Module.StorageServerClient.cpp [NoUba]
[568/634] Compile Module.TextureUtilitiesCommon.cpp [NoUba]
[569/634] Compile Module.SlateRHIRenderer.cpp [NoUba]
[570/634] Compile Module.RigLogicLib.cpp [NoUba]
[571/634] Compile Module.TmvMediaShaders.cpp [NoUba]
[572/634] Compile Module.StaticMeshDescription.cpp [NoUba]
[573/634] Compile Module.TraceUtilities.cpp [NoUba]
[574/634] Compile Module.TakeRecorder.cpp [NoUba]
[575/634] Compile Module.Slate.5.cpp [NoUba]
[576/634] Compile Module.TakesCore.cpp [NoUba]
[577/634] Compile Module.TweeningUtils.cpp [NoUba]
[578/634] Compile Module.StateTreeModule.1.cpp [NoUba]
[579/634] Compile Module.TimeManagement.cpp [NoUba]
[580/634] Compile Module.TraceBasedDebuggers.cpp [NoUba]
[581/634] Compile Module.TakeRecorderSources.cpp [NoUba]
[582/634] Compile Module.TypedElementRuntime.cpp [NoUba]
[583/634] Compile Module.TemplateSequence.cpp [NoUba]
[584/634] Compile Module.Synthesis.cpp [NoUba]
[585/634] Compile Module.TakeTrackRecorders.cpp [NoUba]
[586/634] Compile Module.ToolMenus.cpp [NoUba]
[587/634] Compile Module.UObjectPlugin.cpp [NoUba]
[588/634] Compile Module.TranslationEditor.cpp [NoUba]
[589/634] Compile Module.UAF.3.cpp [NoUba]
[590/634] Compile Module.UniversalObjectLocator.cpp [NoUba]
[591/634] Compile Module.UnixCommonStartup.cpp [NoUba]
[592/634] Compile Module.TmvMedia.cpp [NoUba]
[593/634] Compile Module.UAFAnimGraph.3.cpp [NoUba]
[594/634] Compile Module.VectorVM.cpp [NoUba]
[595/634] Compile Module.VorbisAudioDecoder.cpp [NoUba]
[596/634] Compile Module.UAFAnimGraph.2.cpp [NoUba]
[597/634] Compile Module.Voronoi.cpp [NoUba]
[598/634] Compile Module.UAFAnimGraph.1.cpp [NoUba]
[599/634] Compile c_loops.cc [NoUba]
[600/634] Compile Module.Voice.cpp [NoUba]
[601/634] Compile v_base.cc [NoUba]
[602/634] Compile pre_container.cc [NoUba]
[603/634] Compile Module.UAF.2.cpp [NoUba]
[604/634] Compile unitcell.cc [NoUba]
[605/634] Compile container.cc [NoUba]
[606/634] Compile Module.UdpMessaging.cpp [NoUba]
[607/634] Compile wall.cc [NoUba]
[608/634] Compile cell.cc [NoUba]
[609/634] Compile Module.UAF.1.cpp [NoUba]
[610/634] Compile v_compute.cc [NoUba]
[611/634] Compile Module.VariantManagerContent.cpp [NoUba]
[612/634] Compile Module.SlateReflector.cpp [NoUba]
[613/634] Compile Module.WaveTable.cpp [NoUba]
[614/634] Compile Module.TypedElementFramework.cpp [NoUba]
[615/634] Compile Module.ToolWidgets.cpp [NoUba]
[616/634] Compile Module.WebMMediaFactory.cpp [NoUba]
[617/634] Compile Module.VulkanRHI.5.cpp [NoUba]
[618/634] Compile Module.Water.3.cpp [NoUba]
[619/634] Compile Module.WmfMediaFactory.cpp [NoUba]
[620/634] Compile Module.WorldMetricsCore.cpp [NoUba]
[621/634] Compile Module.WebMMoviePlayer.cpp [NoUba]
[622/634] Compile Module.WorldMetricsTest.cpp [NoUba]
[623/634] Compile Module.WebMMedia.cpp [NoUba]
[624/634] Compile Module.UMG.3.cpp [NoUba]
[625/634] Compile Module.VulkanRHI.1.cpp [NoUba]
[626/634] Compile Module.VulkanRHI.3.cpp [NoUba]
[627/634] Compile Module.VulkanRHI.2.cpp [NoUba]
[628/634] Compile Module.VulkanRHI.4.cpp [NoUba]
[629/634] Compile Module.UMG.2.cpp [NoUba]
[630/634] Compile Module.Water.1.cpp [NoUba]
[631/634] Compile Module.Water.2.cpp [NoUba]
[632/634] Compile Module.UMG.1.cpp [NoUba]
[633/634] Link BiellaGames [NoUba]
[634/634] WriteMetadata BiellaGames.target [NoUba]

Total time in Unreal Build Accelerator local executor: 810.67 seconds
Output binary: /root/biella/repos/biella-engine/projects/biella-games/Binaries/Linux/BiellaGames

Result: Succeeded
Total execution time: 817.36 seconds
Trace written to file /opt/unreal/UE_5.8.2/Engine/Programs/UnrealBuildTool/Trace.uba with size 129.3kb
