D02_VEHICLE_TEST event=approach phase=1 time=0.247000
D02_VEHICLE_TEST event=approach_capture phase=22 time=3.049900
D02_VEHICLE_TEST event=enter_key phase=2 time=3.846984
D02_VEHICLE_TEST event=accelerate phase=3 time=6.056619
D02_VEHICLE_TEST event=steer_right phase=4 time=7.552860
D02_VEHICLE_TEST event=steer_left phase=5 time=7.855501
D02_VEHICLE_TEST event=streamed_traversal phase=6 time=8.151929
D02_VEHICLE_TEST event=support_removed phase=6 time=10.107753
D02_VEHICLE_TEST event=support_hold phase=6 time=10.608142
D02_VEHICLE_TEST event=support_restored phase=6 time=10.608405
D02_VEHICLE_TEST event=brake phase=7 time=15.408560
D02_VEHICLE_TEST event=reverse phase=8 time=16.912092
D02_VEHICLE_TEST event=reverse_brake phase=9 time=18.413283
D02_VEHICLE_TEST event=collision_approach phase=10 time=19.913845
D02_VEHICLE_TEST event=collision_response phase=11 time=22.564510
D02_VEHICLE_TEST event=exit_key phase=12 time=24.067169
D02_VEHICLE_TEST event=walking_resumed phase=13 time=24.462043
D02_VEHICLE_TEST event=depart phase=14 time=25.231816
D02_VEHICLE_TEST event=parked phase=15 time=28.186345
D02_VEHICLE_TEST event=return phase=16 time=30.187683
D02_VEHICLE_TEST event=reenter phase=17 time=33.193914
D02_VEHICLE_TEST event=npc_contact_approach phase=21 time=33.599657
D02_VEHICLE_TEST event=npc_contact_confirmed phase=21 time=37.578200
D02_VEHICLE_TEST event=disabled phase=18 time=37.578261
D02_VEHICLE_TEST event=driver_defeated phase=19 time=39.080548
D02_VEHICLE_TEST event=restart_wait phase=20 time=40.076069
D02_VEHICLE_TEST event=restart_key phase=30 time=41.089465
D02_VEHICLE_TEST event=restart_clean phase=30 time=41.384025
