D02_VEHICLE_TEST event=approach phase=1 time=0.254542
D02_VEHICLE_TEST event=approach_capture phase=22 time=3.048170
D02_VEHICLE_TEST event=enter_key phase=2 time=3.801306
D02_VEHICLE_TEST event=accelerate phase=3 time=6.015420
D02_VEHICLE_TEST event=steer_right phase=4 time=7.511270
D02_VEHICLE_TEST event=steer_left phase=5 time=7.815015
D02_VEHICLE_TEST event=streamed_traversal phase=6 time=8.116056
D02_VEHICLE_TEST event=support_removed phase=6 time=10.066275
D02_VEHICLE_TEST event=support_hold phase=6 time=10.564313
D02_VEHICLE_TEST event=support_restored phase=6 time=10.564616
D02_VEHICLE_TEST event=brake phase=7 time=15.366321
D02_VEHICLE_TEST event=reverse phase=8 time=16.871197
D02_VEHICLE_TEST event=reverse_brake phase=9 time=18.370917
D02_VEHICLE_TEST event=collision_approach phase=10 time=19.872288
D02_VEHICLE_TEST event=collision_response phase=11 time=22.522910
D02_VEHICLE_TEST event=exit_key phase=12 time=24.024960
D02_VEHICLE_TEST event=walking_resumed phase=13 time=24.422728
D02_VEHICLE_TEST event=depart phase=14 time=25.188883
D02_VEHICLE_TEST event=parked phase=15 time=28.150638
D02_VEHICLE_TEST event=return phase=16 time=30.151018
D02_VEHICLE_TEST event=reenter phase=17 time=33.147153
D02_VEHICLE_TEST event=npc_contact_approach phase=21 time=33.556220
D02_VEHICLE_TEST event=npc_contact_confirmed phase=21 time=37.539605
D02_VEHICLE_TEST event=disabled phase=18 time=37.539668
D02_VEHICLE_TEST event=driver_defeated phase=19 time=39.040907
D02_VEHICLE_TEST event=restart_wait phase=20 time=40.055361
D02_VEHICLE_TEST event=restart_key phase=30 time=41.064780
D02_VEHICLE_TEST event=restart_clean phase=30 time=41.334977
