D02_ENV_TEST event=approach phase=1 time=0.241087
D02_ENV_TEST event=safe_capture phase=26 time=2.043689
D02_ENV_TEST event=power_input phase=2 time=2.890583
D02_ENV_TEST event=range_fixture phase=3 time=3.291451
D02_ENV_TEST event=aim_fixture phase=4 time=4.289699
D02_ENV_TEST event=first_shot phase=5 time=5.287237
D02_ENV_TEST event=damaged_capture phase=6 time=5.385988
D02_ENV_TEST event=second_shot phase=7 time=5.888916
D02_ENV_TEST event=debris_settle phase=8 time=5.989043
D02_ENV_TEST event=destroyed_capture phase=27 time=7.989765
D02_ENV_TEST event=walk_fixture phase=9 time=8.493838
D02_ENV_TEST event=walk_through phase=10 time=9.501424
D02_ENV_TEST event=hazard_fixture phase=11 time=10.395947
D02_ENV_TEST event=shared_hazard phase=12 time=11.105638
D02_ENV_TEST event=hazard_capture phase=28 time=12.596350
D02_ENV_TEST event=cut_power_fixture phase=13 time=13.113229
D02_ENV_TEST event=cut_power phase=14 time=13.610974
D02_ENV_TEST event=safe_floor_fixture phase=15 time=13.710925
D02_ENV_TEST event=safe_floor phase=16 time=14.715713
D02_ENV_TEST event=power_restore_fixture phase=22 time=16.213792
D02_ENV_TEST event=restore_power phase=23 time=16.711712
D02_ENV_TEST event=stream_away phase=17 time=17.114439
D02_ENV_TEST event=terrain_unloaded phase=17 time=20.114432
D02_ENV_TEST event=dormant_stable phase=18 time=20.114548
D02_ENV_TEST event=stream_return phase=19 time=22.114736
D02_ENV_TEST event=return_capture phase=21 time=24.120290
D02_ENV_TEST event=resumed_hazard_fixture phase=24 time=24.625206
D02_ENV_TEST event=resumed_hazard phase=25 time=25.123984
D02_ENV_TEST event=restart_input phase=20 time=25.875228
D02_ENV_TEST event=restart_clean phase=20 time=26.127350
