D02_ENV_TEST event=approach phase=1 time=0.330895
D02_ENV_TEST event=safe_capture phase=26 time=2.049174
D02_ENV_TEST event=power_input phase=2 time=2.559664
D02_ENV_TEST event=range_fixture phase=3 time=2.968129
D02_ENV_TEST event=aim_fixture phase=4 time=3.977310
D02_ENV_TEST event=first_shot phase=5 time=4.987460
D02_ENV_TEST event=damaged_capture phase=6 time=5.085897
D02_ENV_TEST event=second_shot phase=7 time=5.597870
D02_ENV_TEST event=debris_settle phase=8 time=5.698710
D02_ENV_TEST event=destroyed_capture phase=27 time=7.713097
D02_ENV_TEST event=walk_fixture phase=9 time=8.219070
D02_ENV_TEST event=walk_through phase=10 time=9.231191
D02_ENV_TEST event=hazard_fixture phase=11 time=10.141463
D02_ENV_TEST event=shared_hazard phase=12 time=10.848682
D02_ENV_TEST event=hazard_capture phase=28 time=12.354429
D02_ENV_TEST event=cut_power_fixture phase=13 time=12.868645
D02_ENV_TEST event=cut_power phase=14 time=13.368984
D02_ENV_TEST event=safe_floor_fixture phase=15 time=13.466145
D02_ENV_TEST event=safe_floor phase=16 time=14.471283
D02_ENV_TEST event=power_restore_fixture phase=22 time=15.979200
D02_ENV_TEST event=restore_power phase=23 time=16.477091
D02_ENV_TEST event=stream_away phase=17 time=16.880466
D02_ENV_TEST event=terrain_unloaded phase=17 time=19.876909
D02_ENV_TEST event=dormant_stable phase=18 time=19.876958
D02_ENV_TEST event=stream_return phase=19 time=21.880806
D02_ENV_TEST event=return_capture phase=21 time=23.880477
D02_ENV_TEST event=resumed_hazard_fixture phase=24 time=24.391342
D02_ENV_TEST event=resumed_hazard phase=25 time=24.895980
D02_ENV_TEST event=restart_input phase=20 time=25.640599
D02_ENV_TEST event=restart_clean phase=20 time=26.058010
