D02_ENV_TEST event=approach phase=1 time=0.420085
D02_ENV_TEST event=safe_capture phase=26 time=2.034908
D02_ENV_TEST event=power_input phase=2 time=2.883906
D02_ENV_TEST event=range_fixture phase=3 time=3.285060
D02_ENV_TEST event=aim_fixture phase=4 time=4.285736
D02_ENV_TEST event=first_shot phase=5 time=5.286188
D02_ENV_TEST event=damaged_capture phase=6 time=5.386334
D02_ENV_TEST event=second_shot phase=7 time=5.903544
D02_ENV_TEST event=debris_settle phase=8 time=6.002782
D02_ENV_TEST event=destroyed_capture phase=27 time=8.015210
D02_ENV_TEST event=walk_fixture phase=9 time=8.534200
D02_ENV_TEST event=walk_through phase=10 time=9.532198
D02_ENV_TEST event=hazard_fixture phase=11 time=10.434443
D02_ENV_TEST event=shared_hazard phase=12 time=11.141679
D02_ENV_TEST event=hazard_capture phase=28 time=12.634411
D02_ENV_TEST event=cut_power_fixture phase=13 time=13.138499
D02_ENV_TEST event=cut_power phase=14 time=13.637480
D02_ENV_TEST event=safe_floor_fixture phase=15 time=13.737820
D02_ENV_TEST event=safe_floor phase=16 time=14.753825
D02_ENV_TEST event=power_restore_fixture phase=22 time=16.258452
D02_ENV_TEST event=restore_power phase=23 time=16.755600
D02_ENV_TEST event=stream_away phase=17 time=17.155084
D02_ENV_TEST event=terrain_unloaded phase=17 time=20.155798
D02_ENV_TEST event=dormant_stable phase=18 time=20.155888
D02_ENV_TEST event=stream_return phase=19 time=22.156963
D02_ENV_TEST event=return_capture phase=21 time=24.157008
D02_ENV_TEST event=resumed_hazard_fixture phase=24 time=24.662074
D02_ENV_TEST event=resumed_hazard phase=25 time=25.167438
D02_ENV_TEST event=restart_input phase=20 time=25.914834
D02_ENV_TEST event=restart_clean phase=20 time=26.348605
