D02_ENV_TEST event=approach phase=1 time=0.235283
D02_ENV_TEST event=safe_capture phase=26 time=2.050283
D02_ENV_TEST event=power_input phase=2 time=2.764512
D02_ENV_TEST event=range_fixture phase=3 time=3.161316
D02_ENV_TEST event=aim_fixture phase=4 time=4.164647
D02_ENV_TEST event=first_shot phase=5 time=5.166649
D02_ENV_TEST event=damaged_capture phase=6 time=5.269358
D02_ENV_TEST event=second_shot phase=7 time=5.777086
D02_ENV_TEST event=debris_settle phase=8 time=5.877714
D02_ENV_TEST event=destroyed_capture phase=27 time=7.885683
D02_ENV_TEST event=walk_fixture phase=9 time=8.398962
D02_ENV_TEST event=walk_through phase=10 time=9.397843
D02_ENV_TEST event=hazard_fixture phase=11 time=10.297761
D02_ENV_TEST event=shared_hazard phase=12 time=11.002948
D02_ENV_TEST event=hazard_capture phase=28 time=12.496093
D02_ENV_TEST event=cut_power_fixture phase=13 time=13.012877
D02_ENV_TEST event=cut_power phase=14 time=13.512409
D02_ENV_TEST event=safe_floor_fixture phase=15 time=13.613059
D02_ENV_TEST event=safe_floor phase=16 time=14.613579
D02_ENV_TEST event=power_restore_fixture phase=22 time=16.114965
D02_ENV_TEST event=restore_power phase=23 time=16.615433
D02_ENV_TEST event=stream_away phase=17 time=17.018568
D02_ENV_TEST event=terrain_unloaded phase=17 time=20.020910
D02_ENV_TEST event=dormant_stable phase=18 time=20.020962
D02_ENV_TEST event=stream_return phase=19 time=22.018501
D02_ENV_TEST event=return_capture phase=21 time=24.029283
D02_ENV_TEST event=resumed_hazard_fixture phase=24 time=24.546516
D02_ENV_TEST event=resumed_hazard phase=25 time=25.044768
D02_ENV_TEST event=restart_input phase=20 time=25.794713
D02_ENV_TEST event=restart_clean phase=20 time=26.060640
