D02_ENV_TEST event=approach phase=1 time=0.333256
D02_ENV_TEST event=safe_capture phase=26 time=2.039638
D02_ENV_TEST event=power_input phase=2 time=2.551976
D02_ENV_TEST event=range_fixture phase=3 time=2.957107
D02_ENV_TEST event=aim_fixture phase=4 time=3.970044
D02_ENV_TEST event=first_shot phase=5 time=4.979569
D02_ENV_TEST event=damaged_capture phase=6 time=5.074229
D02_ENV_TEST event=second_shot phase=7 time=5.578922
D02_ENV_TEST event=debris_settle phase=8 time=5.687787
D02_ENV_TEST event=destroyed_capture phase=27 time=7.700106
D02_ENV_TEST event=walk_fixture phase=9 time=8.207861
D02_ENV_TEST event=walk_through phase=10 time=9.213751
D02_ENV_TEST event=hazard_fixture phase=11 time=10.110161
D02_ENV_TEST event=shared_hazard phase=12 time=10.828027
D02_ENV_TEST event=hazard_capture phase=28 time=12.331194
D02_ENV_TEST event=cut_power_fixture phase=13 time=12.842265
D02_ENV_TEST event=cut_power phase=14 time=13.349424
D02_ENV_TEST event=safe_floor_fixture phase=15 time=13.464484
D02_ENV_TEST event=safe_floor phase=16 time=14.468009
D02_ENV_TEST event=power_restore_fixture phase=22 time=15.971279
D02_ENV_TEST event=restore_power phase=23 time=16.476978
D02_ENV_TEST event=stream_away phase=17 time=16.880387
D02_ENV_TEST event=terrain_unloaded phase=17 time=19.876869
D02_ENV_TEST event=dormant_stable phase=18 time=19.877000
D02_ENV_TEST event=stream_return phase=19 time=21.877501
D02_ENV_TEST event=return_capture phase=21 time=23.886426
D02_ENV_TEST event=resumed_hazard_fixture phase=24 time=24.400064
D02_ENV_TEST event=resumed_hazard phase=25 time=24.904458
D02_ENV_TEST event=restart_input phase=20 time=25.649855
D02_ENV_TEST event=restart_clean phase=20 time=25.993021
