D02_ENV_TEST event=approach phase=1 time=0.372510
D02_ENV_TEST event=safe_capture phase=26 time=2.052370
D02_ENV_TEST event=power_input phase=2 time=2.559027
D02_ENV_TEST event=range_fixture phase=3 time=2.969444
D02_ENV_TEST event=aim_fixture phase=4 time=3.966670
D02_ENV_TEST event=first_shot phase=5 time=4.975573
D02_ENV_TEST event=damaged_capture phase=6 time=5.080052
D02_ENV_TEST event=second_shot phase=7 time=5.591870
D02_ENV_TEST event=debris_settle phase=8 time=5.692840
D02_ENV_TEST event=destroyed_capture phase=27 time=7.695318
D02_ENV_TEST event=walk_fixture phase=9 time=8.205367
D02_ENV_TEST event=walk_through phase=10 time=9.219115
D02_ENV_TEST event=hazard_fixture phase=11 time=10.137586
D02_ENV_TEST event=shared_hazard phase=12 time=10.851891
D02_ENV_TEST event=hazard_capture phase=28 time=12.371414
D02_ENV_TEST event=cut_power_fixture phase=13 time=12.881695
D02_ENV_TEST event=cut_power phase=14 time=13.399536
D02_ENV_TEST event=safe_floor_fixture phase=15 time=13.500175
D02_ENV_TEST event=safe_floor phase=16 time=14.505307
D02_ENV_TEST event=power_restore_fixture phase=22 time=16.007294
D02_ENV_TEST event=restore_power phase=23 time=16.526444
D02_ENV_TEST event=stream_away phase=17 time=16.923365
D02_ENV_TEST event=terrain_unloaded phase=17 time=19.921567
D02_ENV_TEST event=dormant_stable phase=18 time=19.921605
D02_ENV_TEST event=stream_return phase=19 time=21.925968
D02_ENV_TEST event=return_capture phase=21 time=23.931781
D02_ENV_TEST event=resumed_hazard_fixture phase=24 time=24.433062
D02_ENV_TEST event=resumed_hazard phase=25 time=24.933647
D02_ENV_TEST event=restart_input phase=20 time=25.683149
D02_ENV_TEST event=restart_clean phase=20 time=26.135527
