D02_VEHICLE_TEST event=approach phase=1 time=0.262398
D02_VEHICLE_TEST event=approach_capture phase=22 time=3.045949
D02_VEHICLE_TEST event=enter_key phase=2 time=3.685562
D02_VEHICLE_TEST event=accelerate phase=3 time=5.899845
D02_VEHICLE_TEST event=steer_right phase=4 time=7.401649
D02_VEHICLE_TEST event=steer_left phase=5 time=7.700167
D02_VEHICLE_TEST event=streamed_traversal phase=6 time=8.007942
D02_VEHICLE_TEST event=support_removed phase=6 time=9.954725
D02_VEHICLE_TEST event=support_hold phase=6 time=10.453557
D02_VEHICLE_TEST event=support_restored phase=6 time=10.453835
D02_VEHICLE_TEST event=brake phase=7 time=15.256816
D02_VEHICLE_TEST event=reverse phase=8 time=16.767874
D02_VEHICLE_TEST event=reverse_brake phase=9 time=18.267448
D02_VEHICLE_TEST event=collision_approach phase=10 time=19.768899
D02_VEHICLE_TEST event=collision_response phase=11 time=22.422949
D02_VEHICLE_TEST event=exit_key phase=12 time=23.920167
D02_VEHICLE_TEST event=walking_resumed phase=13 time=24.325042
D02_VEHICLE_TEST event=depart phase=14 time=25.076815
D02_VEHICLE_TEST event=parked phase=15 time=28.033284
D02_VEHICLE_TEST event=return phase=16 time=30.036801
D02_VEHICLE_TEST event=reenter phase=17 time=33.037766
D02_VEHICLE_TEST event=npc_contact_approach phase=21 time=33.441257
D02_VEHICLE_TEST event=npc_contact_confirmed phase=21 time=37.425806
D02_VEHICLE_TEST event=disabled phase=18 time=37.425864
D02_VEHICLE_TEST event=driver_defeated phase=19 time=38.920036
D02_VEHICLE_TEST event=restart_wait phase=20 time=39.921081
D02_VEHICLE_TEST event=restart_key phase=30 time=40.927588
D02_VEHICLE_TEST event=restart_clean phase=30 time=41.180536
