D02_ENV_TEST event=approach phase=1 time=0.473449
D02_ENV_TEST event=safe_capture phase=26 time=2.085046
D02_ENV_TEST event=power_input phase=2 time=3.035849
D02_ENV_TEST event=range_fixture phase=3 time=3.435645
D02_ENV_TEST event=aim_fixture phase=4 time=4.435677
D02_ENV_TEST event=first_shot phase=5 time=5.436343
D02_ENV_TEST event=damaged_capture phase=6 time=5.536336
D02_ENV_TEST event=second_shot phase=7 time=6.046460
D02_ENV_TEST event=debris_settle phase=8 time=6.144667
D02_ENV_TEST event=destroyed_capture phase=27 time=8.153780
D02_ENV_TEST event=walk_fixture phase=9 time=8.658475
D02_ENV_TEST event=walk_through phase=10 time=9.658630
D02_ENV_TEST event=hazard_fixture phase=11 time=10.562373
D02_ENV_TEST event=shared_hazard phase=12 time=11.276463
D02_ENV_TEST event=hazard_capture phase=28 time=12.768369
D02_ENV_TEST event=cut_power_fixture phase=13 time=13.277822
D02_ENV_TEST event=cut_power phase=14 time=13.774106
D02_ENV_TEST event=safe_floor_fixture phase=15 time=13.874088
D02_ENV_TEST event=safe_floor phase=16 time=14.876143
D02_ENV_TEST event=power_restore_fixture phase=22 time=16.373883
D02_ENV_TEST event=restore_power phase=23 time=16.873356
D02_ENV_TEST event=stream_away phase=17 time=17.273297
D02_ENV_TEST event=terrain_unloaded phase=17 time=20.273225
D02_ENV_TEST event=dormant_stable phase=18 time=20.273259
D02_ENV_TEST event=stream_return phase=19 time=22.274550
D02_ENV_TEST event=return_capture phase=21 time=24.288792
D02_ENV_TEST event=resumed_hazard_fixture phase=24 time=24.794552
D02_ENV_TEST event=resumed_hazard phase=25 time=25.294625
D02_ENV_TEST event=restart_input phase=20 time=26.046488
D02_ENV_TEST event=restart_clean phase=20 time=26.518069
