D02_ENV_TEST event=approach phase=1 time=0.392012
D02_ENV_TEST event=safe_capture phase=26 time=2.045913
D02_ENV_TEST event=power_input phase=2 time=2.555110
D02_ENV_TEST event=range_fixture phase=3 time=2.955190
D02_ENV_TEST event=aim_fixture phase=4 time=3.959965
D02_ENV_TEST event=first_shot phase=5 time=4.969453
D02_ENV_TEST event=damaged_capture phase=6 time=5.065827
D02_ENV_TEST event=second_shot phase=7 time=5.581361
D02_ENV_TEST event=debris_settle phase=8 time=5.688373
D02_ENV_TEST event=destroyed_capture phase=27 time=7.703692
D02_ENV_TEST event=walk_fixture phase=9 time=8.220415
D02_ENV_TEST event=walk_through phase=10 time=9.226387
D02_ENV_TEST event=hazard_fixture phase=11 time=10.142207
D02_ENV_TEST event=shared_hazard phase=12 time=10.856721
D02_ENV_TEST event=hazard_capture phase=28 time=12.363984
D02_ENV_TEST event=cut_power_fixture phase=13 time=12.872867
D02_ENV_TEST event=cut_power phase=14 time=13.379280
D02_ENV_TEST event=safe_floor_fixture phase=15 time=13.484986
D02_ENV_TEST event=safe_floor phase=16 time=14.492087
D02_ENV_TEST event=power_restore_fixture phase=22 time=16.000525
D02_ENV_TEST event=restore_power phase=23 time=16.512730
D02_ENV_TEST event=stream_away phase=17 time=16.923948
D02_ENV_TEST event=terrain_unloaded phase=17 time=19.925666
D02_ENV_TEST event=dormant_stable phase=18 time=19.925748
D02_ENV_TEST event=stream_return phase=19 time=21.939703
D02_ENV_TEST event=return_capture phase=21 time=23.950503
D02_ENV_TEST event=resumed_hazard_fixture phase=24 time=24.462701
D02_ENV_TEST event=resumed_hazard phase=25 time=24.963063
D02_ENV_TEST event=restart_input phase=20 time=25.720241
D02_ENV_TEST event=restart_clean phase=20 time=26.076291
