D02_ENV_TEST event=approach phase=1 time=0.416154
D02_ENV_TEST event=safe_capture phase=26 time=2.040068
D02_ENV_TEST event=power_input phase=2 time=2.917068
D02_ENV_TEST event=range_fixture phase=3 time=3.314926
D02_ENV_TEST event=aim_fixture phase=4 time=4.314346
D02_ENV_TEST event=first_shot phase=5 time=5.315742
D02_ENV_TEST event=damaged_capture phase=6 time=5.416704
D02_ENV_TEST event=second_shot phase=7 time=5.919712
D02_ENV_TEST event=debris_settle phase=8 time=6.023229
D02_ENV_TEST event=destroyed_capture phase=27 time=8.021170
D02_ENV_TEST event=walk_fixture phase=9 time=8.541903
D02_ENV_TEST event=walk_through phase=10 time=9.548974
D02_ENV_TEST event=hazard_fixture phase=11 time=10.445402
D02_ENV_TEST event=shared_hazard phase=12 time=11.151201
D02_ENV_TEST event=hazard_capture phase=28 time=12.649201
D02_ENV_TEST event=cut_power_fixture phase=13 time=13.148431
D02_ENV_TEST event=cut_power phase=14 time=13.652502
D02_ENV_TEST event=safe_floor_fixture phase=15 time=13.751169
D02_ENV_TEST event=safe_floor phase=16 time=14.749128
D02_ENV_TEST event=power_restore_fixture phase=22 time=16.254286
D02_ENV_TEST event=restore_power phase=23 time=16.750776
D02_ENV_TEST event=stream_away phase=17 time=17.152792
D02_ENV_TEST event=terrain_unloaded phase=17 time=20.152768
D02_ENV_TEST event=dormant_stable phase=18 time=20.152838
D02_ENV_TEST event=stream_return phase=19 time=22.158112
D02_ENV_TEST event=return_capture phase=21 time=24.163820
D02_ENV_TEST event=resumed_hazard_fixture phase=24 time=24.678353
D02_ENV_TEST event=resumed_hazard phase=25 time=25.178663
D02_ENV_TEST event=restart_input phase=20 time=25.928092
D02_ENV_TEST event=restart_clean phase=20 time=26.353021
