D02_ENV_TEST event=approach phase=1 time=0.217308
D02_ENV_TEST event=safe_capture phase=26 time=2.045824
D02_ENV_TEST event=power_input phase=2 time=2.555470
D02_ENV_TEST event=range_fixture phase=3 time=2.954067
D02_ENV_TEST event=aim_fixture phase=4 time=3.956243
D02_ENV_TEST event=first_shot phase=5 time=4.952332
D02_ENV_TEST event=damaged_capture phase=6 time=5.052209
D02_ENV_TEST event=second_shot phase=7 time=5.563195
D02_ENV_TEST event=debris_settle phase=8 time=5.668904
D02_ENV_TEST event=destroyed_capture phase=27 time=7.663951
D02_ENV_TEST event=walk_fixture phase=9 time=8.179906
D02_ENV_TEST event=walk_through phase=10 time=9.180364
D02_ENV_TEST event=hazard_fixture phase=11 time=10.079959
D02_ENV_TEST event=shared_hazard phase=12 time=10.782090
D02_ENV_TEST event=hazard_capture phase=28 time=12.281035
D02_ENV_TEST event=cut_power_fixture phase=13 time=12.784277
D02_ENV_TEST event=cut_power phase=14 time=13.284335
D02_ENV_TEST event=safe_floor_fixture phase=15 time=13.385207
D02_ENV_TEST event=safe_floor phase=16 time=14.385849
D02_ENV_TEST event=power_restore_fixture phase=22 time=15.889325
D02_ENV_TEST event=restore_power phase=23 time=16.385040
D02_ENV_TEST event=stream_away phase=17 time=16.789752
D02_ENV_TEST event=terrain_unloaded phase=17 time=19.789137
D02_ENV_TEST event=dormant_stable phase=18 time=19.789207
D02_ENV_TEST event=stream_return phase=19 time=21.791384
D02_ENV_TEST event=return_capture phase=21 time=23.788931
D02_ENV_TEST event=resumed_hazard_fixture phase=24 time=24.294686
D02_ENV_TEST event=resumed_hazard phase=25 time=24.797259
D02_ENV_TEST event=restart_input phase=20 time=25.550920
D02_ENV_TEST event=restart_clean phase=20 time=25.740120
