D02_ENV_TEST event=approach phase=1 time=0.486183
D02_ENV_TEST event=safe_capture phase=26 time=2.092730
D02_ENV_TEST event=power_input phase=2 time=2.594032
D02_ENV_TEST event=range_fixture phase=3 time=2.997590
D02_ENV_TEST event=aim_fixture phase=4 time=4.015389
D02_ENV_TEST event=first_shot phase=5 time=5.028168
D02_ENV_TEST event=damaged_capture phase=6 time=5.128921
D02_ENV_TEST event=second_shot phase=7 time=5.635968
D02_ENV_TEST event=debris_settle phase=8 time=5.736863
D02_ENV_TEST event=destroyed_capture phase=27 time=7.751485
D02_ENV_TEST event=walk_fixture phase=9 time=8.258531
D02_ENV_TEST event=walk_through phase=10 time=9.265468
D02_ENV_TEST event=hazard_fixture phase=11 time=10.171868
D02_ENV_TEST event=shared_hazard phase=12 time=10.875644
D02_ENV_TEST event=hazard_capture phase=28 time=12.382188
D02_ENV_TEST event=cut_power_fixture phase=13 time=12.883634
D02_ENV_TEST event=cut_power phase=14 time=13.393142
D02_ENV_TEST event=safe_floor_fixture phase=15 time=13.496511
D02_ENV_TEST event=safe_floor phase=16 time=14.495622
D02_ENV_TEST event=power_restore_fixture phase=22 time=16.001743
D02_ENV_TEST event=restore_power phase=23 time=16.505280
D02_ENV_TEST event=stream_away phase=17 time=16.902944
D02_ENV_TEST event=terrain_unloaded phase=17 time=19.915807
D02_ENV_TEST event=dormant_stable phase=18 time=19.915837
D02_ENV_TEST event=stream_return phase=19 time=21.917093
D02_ENV_TEST event=return_capture phase=21 time=23.920234
D02_ENV_TEST event=resumed_hazard_fixture phase=24 time=24.424663
D02_ENV_TEST event=resumed_hazard phase=25 time=24.924960
D02_ENV_TEST event=restart_input phase=20 time=25.679455
D02_ENV_TEST event=restart_clean phase=20 time=26.218542
