D02_ENV_TEST event=approach phase=1 time=0.573171
D02_ENV_TEST event=safe_capture phase=26 time=2.195094
D02_ENV_TEST event=power_input phase=2 time=3.052435
D02_ENV_TEST event=range_fixture phase=3 time=3.456268
D02_ENV_TEST event=aim_fixture phase=4 time=4.460206
D02_ENV_TEST event=first_shot phase=5 time=5.470518
D02_ENV_TEST event=damaged_capture phase=6 time=5.572566
D02_ENV_TEST event=second_shot phase=7 time=6.084291
D02_ENV_TEST event=debris_settle phase=8 time=6.185778
D02_ENV_TEST event=destroyed_capture phase=27 time=8.185764
D02_ENV_TEST event=walk_fixture phase=9 time=8.697607
D02_ENV_TEST event=walk_through phase=10 time=9.700772
D02_ENV_TEST event=hazard_fixture phase=11 time=10.603309
D02_ENV_TEST event=shared_hazard phase=12 time=11.310604
D02_ENV_TEST event=hazard_capture phase=28 time=12.808653
D02_ENV_TEST event=cut_power_fixture phase=13 time=13.316987
D02_ENV_TEST event=cut_power phase=14 time=13.813142
D02_ENV_TEST event=safe_floor_fixture phase=15 time=13.915575
D02_ENV_TEST event=safe_floor phase=16 time=14.914253
D02_ENV_TEST event=power_restore_fixture phase=22 time=16.415018
D02_ENV_TEST event=restore_power phase=23 time=16.915999
D02_ENV_TEST event=stream_away phase=17 time=17.318483
D02_ENV_TEST event=terrain_unloaded phase=17 time=20.313557
D02_ENV_TEST event=dormant_stable phase=18 time=20.313594
D02_ENV_TEST event=stream_return phase=19 time=22.316739
D02_ENV_TEST event=return_capture phase=21 time=24.327657
D02_ENV_TEST event=resumed_hazard_fixture phase=24 time=24.834285
D02_ENV_TEST event=resumed_hazard phase=25 time=25.336065
D02_ENV_TEST event=restart_input phase=20 time=26.085523
D02_ENV_TEST event=restart_clean phase=20 time=26.666998
