D02_ENV_TEST event=approach phase=1 time=0.338825
D02_ENV_TEST event=safe_capture phase=26 time=2.043053
D02_ENV_TEST event=power_input phase=2 time=2.550559
D02_ENV_TEST event=range_fixture phase=3 time=2.958791
D02_ENV_TEST event=aim_fixture phase=4 time=3.968657
D02_ENV_TEST event=first_shot phase=5 time=4.984080
D02_ENV_TEST event=damaged_capture phase=6 time=5.081793
D02_ENV_TEST event=second_shot phase=7 time=5.594816
D02_ENV_TEST event=debris_settle phase=8 time=5.695653
D02_ENV_TEST event=destroyed_capture phase=27 time=7.707840
D02_ENV_TEST event=walk_fixture phase=9 time=8.222801
D02_ENV_TEST event=walk_through phase=10 time=9.229538
D02_ENV_TEST event=hazard_fixture phase=11 time=10.134596
D02_ENV_TEST event=shared_hazard phase=12 time=10.840664
D02_ENV_TEST event=hazard_capture phase=28 time=12.358616
D02_ENV_TEST event=cut_power_fixture phase=13 time=12.861656
D02_ENV_TEST event=cut_power phase=14 time=13.364726
D02_ENV_TEST event=safe_floor_fixture phase=15 time=13.467626
D02_ENV_TEST event=safe_floor phase=16 time=14.483607
D02_ENV_TEST event=power_restore_fixture phase=22 time=15.984603
D02_ENV_TEST event=restore_power phase=23 time=16.493430
D02_ENV_TEST event=stream_away phase=17 time=16.894270
D02_ENV_TEST event=terrain_unloaded phase=17 time=19.898212
D02_ENV_TEST event=dormant_stable phase=18 time=19.898266
D02_ENV_TEST event=stream_return phase=19 time=21.898652
D02_ENV_TEST event=return_capture phase=21 time=23.899165
D02_ENV_TEST event=resumed_hazard_fixture phase=24 time=24.400233
D02_ENV_TEST event=resumed_hazard phase=25 time=24.900231
D02_ENV_TEST event=restart_input phase=20 time=25.655577
D02_ENV_TEST event=restart_clean phase=20 time=25.982780
