D02_ENV_TEST event=approach phase=1 time=0.470548
D02_ENV_TEST event=safe_capture phase=26 time=2.086403
D02_ENV_TEST event=power_input phase=2 time=2.968550
D02_ENV_TEST event=range_fixture phase=3 time=3.369327
D02_ENV_TEST event=aim_fixture phase=4 time=4.372903
D02_ENV_TEST event=first_shot phase=5 time=5.369365
D02_ENV_TEST event=damaged_capture phase=6 time=5.469970
D02_ENV_TEST event=second_shot phase=7 time=5.972685
D02_ENV_TEST event=debris_settle phase=8 time=6.074328
D02_ENV_TEST event=destroyed_capture phase=27 time=8.075082
D02_ENV_TEST event=walk_fixture phase=9 time=8.661412
D02_ENV_TEST event=walk_through phase=10 time=9.585252
D02_ENV_TEST event=hazard_fixture phase=11 time=10.487250
D02_ENV_TEST event=shared_hazard phase=12 time=11.192038
D02_ENV_TEST event=hazard_capture phase=28 time=12.688768
D02_ENV_TEST event=cut_power_fixture phase=13 time=13.285484
D02_ENV_TEST event=cut_power phase=14 time=13.785049
D02_ENV_TEST event=safe_floor_fixture phase=15 time=13.885191
D02_ENV_TEST event=safe_floor phase=16 time=14.886467
D02_ENV_TEST event=power_restore_fixture phase=22 time=16.386250
D02_ENV_TEST event=restore_power phase=23 time=16.890039
D02_ENV_TEST event=stream_away phase=17 time=17.286011
D02_ENV_TEST event=terrain_unloaded phase=17 time=20.288986
D02_ENV_TEST event=dormant_stable phase=18 time=20.289195
D02_ENV_TEST event=stream_return phase=19 time=22.287570
D02_ENV_TEST event=return_capture phase=21 time=24.295829
D02_ENV_TEST event=resumed_hazard_fixture phase=24 time=24.803909
D02_ENV_TEST event=resumed_hazard phase=25 time=25.304592
D02_ENV_TEST event=restart_input phase=20 time=26.054362
D02_ENV_TEST event=restart_clean phase=20 time=26.512322
