D02_ENV_TEST event=approach phase=1 time=0.236059
D02_ENV_TEST event=safe_capture phase=26 time=2.046274
D02_ENV_TEST event=power_input phase=2 time=2.897564
D02_ENV_TEST event=range_fixture phase=3 time=3.300450
D02_ENV_TEST event=aim_fixture phase=4 time=4.298054
D02_ENV_TEST event=first_shot phase=5 time=5.301476
D02_ENV_TEST event=damaged_capture phase=6 time=5.396401
D02_ENV_TEST event=second_shot phase=7 time=5.907909
D02_ENV_TEST event=debris_settle phase=8 time=6.002282
D02_ENV_TEST event=destroyed_capture phase=27 time=8.007095
D02_ENV_TEST event=walk_fixture phase=9 time=8.515778
D02_ENV_TEST event=walk_through phase=10 time=9.518475
D02_ENV_TEST event=hazard_fixture phase=11 time=10.420376
D02_ENV_TEST event=shared_hazard phase=12 time=11.124661
D02_ENV_TEST event=hazard_capture phase=28 time=12.621055
D02_ENV_TEST event=cut_power_fixture phase=13 time=13.121445
D02_ENV_TEST event=cut_power phase=14 time=13.622670
D02_ENV_TEST event=safe_floor_fixture phase=15 time=13.721452
D02_ENV_TEST event=safe_floor phase=16 time=14.725447
D02_ENV_TEST event=power_restore_fixture phase=22 time=16.221157
D02_ENV_TEST event=restore_power phase=23 time=16.723341
D02_ENV_TEST event=stream_away phase=17 time=17.117041
D02_ENV_TEST event=terrain_unloaded phase=17 time=20.121680
D02_ENV_TEST event=dormant_stable phase=18 time=20.121767
D02_ENV_TEST event=stream_return phase=19 time=22.124084
D02_ENV_TEST event=return_capture phase=21 time=24.124003
D02_ENV_TEST event=resumed_hazard_fixture phase=24 time=24.630317
D02_ENV_TEST event=resumed_hazard phase=25 time=25.128006
D02_ENV_TEST event=restart_input phase=20 time=25.878955
D02_ENV_TEST event=restart_clean phase=20 time=26.126854
