Setting up bundled DotNet SDK
Running command : dotnet Engine/Binaries/DotNET/UnrealBuildTool/UnrealBuildTool.dll BiellaGamesEditor Linux Development -Project=/root/biella/repos/biella-engine/projects/biella-games/BiellaGames.uproject -WaitMutex
Log file: /root/.config/Epic/UnrealBuildTool/Log.txt
Determining max actions to execute in parallel (15 physical cores, 15 logical cores)
  Executing up to 15 processes, one per physical core
Creating makefile for BiellaGamesEditor (.uproject file is newer)
UbaStorageServer - FileMapping backing: memfd
UbaServer - Listening on 0.0.0.0:1345
FileHashCache - There is no partition covering path to /root/biella/repos/biella-engine/projects/biella-games/Intermediate/Build/Linux/x64/BiellaGamesEditor/Development/Core/SharedDefinitions.Core.Cpp20.h!
FileHashCache - There is no partition covering path to /root/biella/repos/biella-engine/projects/biella-games/Intermediate/Build/Linux/x64/BiellaGamesEditor/Development/Core/SharedPCH.Core.Cpp20.h!
FileHashCache - There is no partition covering path to /root/biella/repos/biella-engine/projects/biella-games/Intermediate/Build/Linux/x64/BiellaGamesEditor/Development/Core/SharedPCH.Core.Cpp20.h.gch.rsp!
FileHashCache - There is no partition covering path to /root/biella/repos/biella-engine/projects/biella-games/Intermediate/Build/Linux/x64/BiellaGamesEditor/Development/CoreUObject/SharedDefinitions.CoreUObject.RTTI.Cpp20.h!
FileHashCache - There is no partition covering path to /root/biella/repos/biella-engine/projects/biella-games/Intermediate/Build/Linux/x64/BiellaGamesEditor/Development/CoreUObject/SharedPCH.CoreUObject.RTTI.Cpp20.h!
FileHashCache - There is no partition covering path to /root/biella/repos/biella-engine/projects/biella-games/Intermediate/Build/Linux/x64/BiellaGamesEditor/Development/CoreUObject/SharedPCH.CoreUObject.RTTI.Cpp20.h.gch.rsp!
FileHashCache - There is no partition covering path to /root/biella/repos/biella-engine/projects/biella-games/Intermediate/Build/Linux/x64/BiellaGamesEditor/Development/CoreUObject/SharedDefinitions.CoreUObject.Cpp20.h!
FileHashCache - There is no partition covering path to /root/biella/repos/biella-engine/projects/biella-games/Intermediate/Build/Linux/x64/BiellaGamesEditor/Development/CoreUObject/SharedPCH.CoreUObject.Cpp20.h!
FileHashCache - There is no partition covering path to /root/biella/repos/biella-engine/projects/biella-games/Intermediate/Build/Linux/x64/BiellaGamesEditor/Development/CoreUObject/SharedPCH.CoreUObject.Cpp20.h.gch.rsp!
FileHashCache - There is no partition covering path to /root/biella/repos/biella-engine/projects/biella-games/Intermediate/Build/Linux/x64/BiellaGamesEditor/Development/Slate/SharedDefinitions.Slate.Cpp20.h!
FileHashCache - There is no partition covering path to /root/biella/repos/biella-engine/projects/biella-games/Intermediate/Build/Linux/x64/BiellaGamesEditor/Development/Slate/SharedPCH.Slate.Cpp20.h!
FileHashCache - There is no partition covering path to /root/biella/repos/biella-engine/projects/biella-games/Intermediate/Build/Linux/x64/BiellaGamesEditor/Development/Slate/SharedPCH.Slate.Cpp20.h.gch.rsp!
FileHashCache - There is no partition covering path to /root/biella/repos/biella-engine/projects/biella-games/Intermediate/Build/Linux/x64/BiellaGamesEditor/Development/Slate/SharedDefinitions.Slate.Project.ValApi.ValExpApi.Cpp20.h!
FileHashCache - There is no partition covering path to /root/biella/repos/biella-engine/projects/biella-games/Intermediate/Build/Linux/x64/BiellaGamesEditor/Development/Slate/SharedPCH.Slate.Project.ValApi.ValExpApi.Cpp20.h!
FileHashCache - There is no partition covering path to /root/biella/repos/biella-engine/projects/biella-games/Intermediate/Build/Linux/x64/BiellaGamesEditor/Development/Slate/SharedPCH.Slate.Project.ValApi.ValExpApi.Cpp20.h.gch.rsp!
FileHashCache - There is no partition covering path to /root/biella/repos/biella-engine/projects/biella-games/Intermediate/Build/Linux/x64/BiellaGamesEditor/Development/Engine/SharedDefinitions.Engine.Cpp20.h!
FileHashCache - There is no partition covering path to /root/biella/repos/biella-engine/projects/biella-games/Intermediate/Build/Linux/x64/BiellaGamesEditor/Development/Engine/SharedPCH.Engine.Cpp20.h!
FileHashCache - There is no partition covering path to /root/biella/repos/biella-engine/projects/biella-games/Intermediate/Build/Linux/x64/BiellaGamesEditor/Development/Engine/SharedPCH.Engine.Cpp20.h.gch.rsp!
FileHashCache - There is no partition covering path to /root/biella/repos/biella-engine/projects/biella-games/Intermediate/Build/Linux/x64/BiellaGamesEditor/Development/Engine/SharedDefinitions.Engine.Project.ValApi.ValExpApi.Cpp20.h!
FileHashCache - There is no partition covering path to /root/biella/repos/biella-engine/projects/biella-games/Intermediate/Build/Linux/x64/BiellaGamesEditor/Development/Engine/SharedPCH.Engine.Project.ValApi.ValExpApi.Cpp20.h!
FileHashCache - There is no partition covering path to /root/biella/repos/biella-engine/projects/biella-games/Intermediate/Build/Linux/x64/BiellaGamesEditor/Development/Engine/SharedPCH.Engine.Project.ValApi.ValExpApi.Cpp20.h.gch.rsp!
FileHashCache - There is no partition covering path to /root/biella/repos/biella-engine/projects/biella-games/Intermediate/Build/Linux/x64/BiellaGamesEditor/Development/UnrealEd/SharedDefinitions.UnrealEd.Cpp20.h!
FileHashCache - There is no partition covering path to /root/biella/repos/biella-engine/projects/biella-games/Intermediate/Build/Linux/x64/BiellaGamesEditor/Development/UnrealEd/SharedPCH.UnrealEd.Cpp20.h!
FileHashCache - There is no partition covering path to /root/biella/repos/biella-engine/projects/biella-games/Intermediate/Build/Linux/x64/BiellaGamesEditor/Development/UnrealEd/SharedPCH.UnrealEd.Cpp20.h.gch.rsp!
FileHashCache - There is no partition covering path to /root/biella/repos/biella-engine/projects/biella-games/Intermediate/Build/Linux/x64/BiellaGamesEditor/Development/UnrealEd/SharedDefinitions.UnrealEd.Project.ValApi.ValExpApi.Cpp20.h!
FileHashCache - There is no partition covering path to /root/biella/repos/biella-engine/projects/biella-games/Intermediate/Build/Linux/x64/BiellaGamesEditor/Development/UnrealEd/SharedPCH.UnrealEd.Project.ValApi.ValExpApi.Cpp20.h!
FileHashCache - There is no partition covering path to /root/biella/repos/biella-engine/projects/biella-games/Intermediate/Build/Linux/x64/BiellaGamesEditor/Development/UnrealEd/SharedPCH.UnrealEd.Project.ValApi.ValExpApi.Cpp20.h.gch.rsp!
UHT compiled-in object format Default
Building BiellaGamesEditor...
===== Toolchain Information =====
Using ISPC compiler (/opt/unreal/UE_5.8.2/Engine/Source/ThirdParty/Intel/ISPC/bin/Linux/ispc)
  Intel(r) Implicit SPMD Program Compiler (Intel(r) ISPC), 1.24.0 (build commit  @ 20240919, LLVM 18.1.6)
Using Clang compiler 20.1.8 (/opt/unreal/UE_5.8.2/Engine/Extras/ThirdPartyNotUE/SDKs/HostLinux/Linux_x64/v26_clang-20.1.8-rockylinux8/x86_64-unknown-linux-gnu/bin/clang++)
  clang version 20.1.8 (github.com/llvm/llvm-project 87f0227cb60147a26a1eeb4fb06e3b505e9c7261) Target: x86_64-unknown-linux-gnu Thread model: posix InstalledDir: /opt/unreal/UE_5.8.2/Engine/Extras/ThirdPartyNotUE/SDKs/HostLinux/Linux_x64/v26_clang-20.1.8-rockylinux8/x86_64-unknown-linux-gnu/bin
Using Clang archiver (/opt/unreal/UE_5.8.2/Engine/Extras/ThirdPartyNotUE/SDKs/HostLinux/Linux_x64/v26_clang-20.1.8-rockylinux8/x86_64-unknown-linux-gnu/bin/llvm-ar)
  LLVM (http://llvm.org/):   LLVM version 20.1.8   Optimized build.
Using toolchain located at '/opt/unreal/UE_5.8.2/Engine/Extras/ThirdPartyNotUE/SDKs/HostLinux/Linux_x64/v26_clang-20.1.8-rockylinux8/x86_64-unknown-linux-gnu'
Using bundled libc++ standard C++ library.
Compressing debug files
[Adaptive Build] Excluded from BiellaGames unity file: BiellaGames.cpp, BiellaGamesGameState.cpp, BiellaEnvironmentSite.cpp, BiellaDriverPose.cpp, BiellaPlaytestTelemetry.cpp, BiellaWorldAuthoring.cpp, BiellaGamesGameInstance.cpp, BasicWorldGeometry.cpp, ThirdPartyNanosvg.cpp, BiellaUpperBodyActions.cpp, BiellaCharacterAnimInstance.cpp, BiellaGameplayHUD.cpp, BiellaWorldContinuity.cpp, ThirdPartyAHEasing.cpp, BiellaRenderProfile.cpp, BiellaStartupPresentation.cpp, BiellaInfected.cpp, BiellaDemoObjectiveManager.cpp, BiellaVehiclePresentation.cpp, BiellaGamesGameModeBase.cpp, BiellaVehicle.cpp, BiellaGameplayFeedback.cpp, BiellaDefeatAnimInstance.cpp, BiellaRival.cpp, BiellaGamesPlayerController.cpp, BiellaPopulation.cpp, BiellaFootPlacement.cpp, BiellaGamesCharacter.cpp, BiellaUpperBodyAim.cpp, BiellaDemoPawn.cpp, BiellaAnimationTest.cpp, BiellaPopulationTest.cpp, BiellaDefeatTest.cpp, BiellaRestartResetTest.cpp, BiellaFootContactTest.cpp, BiellaPresentationTest.cpp, BiellaEnvironmentTest.cpp, BiellaNativePerformanceTest.cpp, BiellaDeterministicPlaytest.cpp, BiellaActionTest.cpp, BiellaRivalNavigationTest.cpp, BiellaAimTest.cpp, BiellaFailureStateTest.cpp, BiellaRivalCombatTest.cpp, BiellaSharedInteractionTest.cpp, BiellaLifecycleCleanupTest.cpp, BiellaWorldStreamingTest.cpp, BiellaDemoObjectiveTest.cpp, BiellaFeedbackTest.cpp, BiellaArenaPressureTest.cpp, BiellaTerminalOverlayTest.cpp, BiellaVehicleTest.cpp, BiellaPressureResponsesTest.cpp, BiellaAudioMixTest.cpp, BiellaVisualReadabilityTest.cpp, BiellaGameplayHUDTest.cpp
=================================
Using Unreal Build Accelerator local executor to run 64 action(s)
  CPU 15 physical cores, 15 logical cores
  Memory 86.31 GB physical, 14.05 GB/75.15 GB committed
  UBA Storage capacity 40 GB
[1/64] Compile PerModuleInline.gen.cpp
[2/64] Compile BiellaStartupPipelines.cpp
[3/64] Compile BiellaArenaPressureTest.cpp
[4/64] Compile BiellaLoadingScreen.cpp
[5/64] Compile BiellaDefeatAnimInstance.cpp
[6/64] Compile BiellaLoadingWidget.cpp
[7/64] Link libUnrealEditor-BiellaLoadingScreen.so
ld.lld: error: undefined symbol: UE::GC::GIsIncrementalReachabilityPending
>>> referenced by ObjectPtr.h:342 (Runtime/CoreUObject/Public/UObject/ObjectPtr.h:342)
>>>               /root/biella/repos/biella-engine/projects/biella-games/Intermediate/Build/Linux/x64/UnrealEditor/Development/BiellaLoadingScreen/BiellaLoadingWidget.cpp.o:(CreateBiellaLoadingWidget())

ld.lld: error: undefined symbol: UE::GC::MarkAsReachable(UObject const*)
>>> referenced by ObjectPtr.h:346 (Runtime/CoreUObject/Public/UObject/ObjectPtr.h:346)
>>>               /root/biella/repos/biella-engine/projects/biella-games/Intermediate/Build/Linux/x64/UnrealEditor/Development/BiellaLoadingScreen/BiellaLoadingWidget.cpp.o:(CreateBiellaLoadingWidget())
>>> referenced by ObjectPtr.h:346 (Runtime/CoreUObject/Public/UObject/ObjectPtr.h:346)
>>>               /root/biella/repos/biella-engine/projects/biella-games/Intermediate/Build/Linux/x64/UnrealEditor/Development/BiellaLoadingScreen/BiellaLoadingWidget.cpp.o:(CreateBiellaLoadingWidget())
>>> referenced by ObjectPtr.h:346 (Runtime/CoreUObject/Public/UObject/ObjectPtr.h:346)
>>>               /root/biella/repos/biella-engine/projects/biella-games/Intermediate/Build/Linux/x64/UnrealEditor/Development/BiellaLoadingScreen/BiellaLoadingWidget.cpp.o:(CreateBiellaLoadingWidget())
>>> referenced 9 more times
clang++: error: linker command failed with exit code 1 (use -v to see invocation)
[8/64] Compile BiellaCharacterAnimInstance.cpp
[9/64] Compile BiellaDemoObjectiveTest.cpp
[10/64] Compile BiellaDemoObjectiveManager.cpp
[11/64] Compile BiellaDefeatTest.cpp
[12/64] Compile BiellaActionTest.cpp
[13/64] Compile BasicWorldGeometry.cpp
[14/64] Compile BiellaAimTest.cpp
[15/64] Compile BiellaDriverPose.cpp
[16/64] Compile BiellaAnimationTest.cpp
[17/64] Compile BiellaAudioMixTest.cpp
[18/64] Compile BiellaDemoPawn.cpp
[19/64] Compile BiellaFailureStateTest.cpp
[20/64] Compile BiellaEnvironmentSite.cpp
[21/64] Compile BiellaFootPlacement.cpp
[22/64] Compile BiellaGames.cpp
[23/64] Compile BiellaGamesGameInstance.cpp
[24/64] Compile BiellaGameplayHUDTest.cpp
[25/64] Compile BiellaFootContactTest.cpp
[26/64] Compile BiellaGamesGameState.cpp
[27/64] Compile BiellaEnvironmentTest.cpp
[28/64] Compile BiellaInfected.cpp
[29/64] Compile BiellaLifecycleCleanupTest.cpp
[30/64] Compile BiellaDeterministicPlaytest.cpp
[31/64] Compile BiellaGamesGameModeBase.cpp
[32/64] Compile BiellaGameplayHUD.cpp
[33/64] Compile BiellaGameplayFeedback.cpp
[34/64] Compile BiellaGamesCharacter.cpp
[35/64] Compile BiellaPlaytestTelemetry.cpp
[36/64] Compile BiellaRenderProfile.cpp
[37/64] Compile BiellaGamesPlayerController.cpp
[38/64] Compile BiellaRestartResetTest.cpp
[39/64] Compile BiellaPopulation.cpp
[40/64] Compile BiellaPresentationTest.cpp
[41/64] Compile BiellaFeedbackTest.cpp
[42/64] Compile BiellaNativePerformanceTest.cpp
[43/64] Compile BiellaPressureResponsesTest.cpp
[44/64] Compile BiellaUpperBodyActions.cpp
[45/64] Compile BiellaRivalCombatTest.cpp
[46/64] Compile BiellaPopulationTest.cpp
[47/64] Compile BiellaRival.cpp
[48/64] Compile BiellaStartupPresentation.cpp
[49/64] Compile BiellaVehiclePresentation.cpp
[50/64] Compile BiellaUpperBodyAim.cpp
[51/64] Compile BiellaRivalNavigationTest.cpp
[52/64] Compile BiellaTerminalOverlayTest.cpp
[53/64] Compile BiellaSharedInteractionTest.cpp
[54/64] Compile ThirdPartyAHEasing.cpp
[55/64] Compile BiellaVehicle.cpp
[56/64] Compile ThirdPartyNanosvg.cpp
[57/64] Compile BiellaWorldAuthoring.cpp
[58/64] Compile BiellaWorldContinuity.cpp
[59/64] Compile BiellaVisualReadabilityTest.cpp
[60/64] Compile BiellaVehicleTest.cpp
[61/64] Compile Module.BiellaGames.cpp
[62/64] Compile BiellaWorldStreamingTest.cpp
Total time in Unreal Build Accelerator local executor: 18.41 seconds

Result: Failed (OtherCompilationError)
Total execution time: 27.30 seconds
Trace written to file /root/.config/Epic/UnrealBuildTool/Trace.uba with size 17.7kb
