D02_VEHICLE_TEST event=approach phase=1 time=0.302721
D02_VEHICLE_TEST event=approach_capture phase=22 time=3.052026
D02_VEHICLE_TEST event=enter_key phase=2 time=3.804463
D02_VEHICLE_TEST event=accelerate phase=3 time=6.017133
D02_VEHICLE_TEST event=steer_right phase=4 time=7.517807
D02_VEHICLE_TEST event=steer_left phase=5 time=7.822815
D02_VEHICLE_TEST event=streamed_traversal phase=6 time=8.121012
D02_VEHICLE_TEST event=support_removed phase=6 time=10.073496
D02_VEHICLE_TEST event=support_hold phase=6 time=10.568905
D02_VEHICLE_TEST event=support_restored phase=6 time=10.569175
D02_VEHICLE_TEST event=brake phase=7 time=15.366316
D02_VEHICLE_TEST event=reverse phase=8 time=16.880009
D02_VEHICLE_TEST event=reverse_brake phase=9 time=18.379127
D02_VEHICLE_TEST event=collision_approach phase=10 time=19.879456
D02_VEHICLE_TEST event=collision_response phase=11 time=22.529414
D02_VEHICLE_TEST event=exit_key phase=12 time=24.028235
D02_VEHICLE_TEST event=walking_resumed phase=13 time=24.429104
D02_VEHICLE_TEST event=depart phase=14 time=25.180839
D02_VEHICLE_TEST event=parked phase=15 time=28.137308
D02_VEHICLE_TEST event=return phase=16 time=30.135602
D02_VEHICLE_TEST event=reenter phase=17 time=33.137658
D02_VEHICLE_TEST event=npc_contact_approach phase=21 time=33.541217
D02_VEHICLE_TEST event=npc_contact_confirmed phase=21 time=37.525927
D02_VEHICLE_TEST event=disabled phase=18 time=37.526008
D02_VEHICLE_TEST event=driver_defeated phase=19 time=39.026280
D02_VEHICLE_TEST event=restart_wait phase=20 time=40.024751
D02_VEHICLE_TEST event=restart_key phase=30 time=41.031695
D02_VEHICLE_TEST event=restart_clean phase=30 time=41.287817
