D02_VEHICLE_TEST event=approach phase=1 time=0.251323
D02_VEHICLE_TEST event=approach_capture phase=22 time=3.039676
D02_VEHICLE_TEST event=enter_key phase=2 time=3.775649
D02_VEHICLE_TEST event=accelerate phase=3 time=4.125741
D02_VEHICLE_TEST event=steer_right phase=4 time=5.624514
D02_VEHICLE_TEST event=steer_left phase=5 time=5.925840
D02_VEHICLE_TEST event=streamed_traversal phase=6 time=6.228401
D02_VEHICLE_TEST event=support_removed phase=6 time=8.160742
D02_VEHICLE_TEST event=support_hold phase=6 time=8.658901
D02_VEHICLE_TEST event=support_restored phase=6 time=8.659229
D02_VEHICLE_TEST event=brake phase=7 time=13.489983
D02_VEHICLE_TEST event=reverse phase=8 time=14.992981
D02_VEHICLE_TEST event=reverse_brake phase=9 time=16.494654
D02_VEHICLE_TEST event=collision_approach phase=10 time=17.989196
D02_VEHICLE_TEST event=collision_response phase=11 time=20.643010
D02_VEHICLE_TEST event=exit_key phase=12 time=22.152658
D02_VEHICLE_TEST event=walking_resumed phase=13 time=22.551811
D02_VEHICLE_TEST event=depart phase=14 time=23.302736
D02_VEHICLE_TEST event=parked phase=15 time=26.257672
D02_VEHICLE_TEST event=return phase=16 time=28.260159
D02_VEHICLE_TEST event=reenter phase=17 time=31.265719
D02_VEHICLE_TEST event=npc_contact_approach phase=21 time=31.673223
D02_VEHICLE_TEST event=npc_contact_confirmed phase=21 time=35.652486
D02_VEHICLE_TEST event=disabled phase=18 time=35.652561
D02_VEHICLE_TEST event=driver_defeated phase=19 time=37.151353
D02_VEHICLE_TEST event=restart_wait phase=20 time=38.149716
D02_VEHICLE_TEST event=restart_key phase=30 time=39.158337
D02_VEHICLE_TEST event=restart_clean phase=30 time=39.416277
