D02_ENV_TEST event=approach phase=1 time=0.544266
D02_ENV_TEST event=safe_capture phase=26 time=2.159243
D02_ENV_TEST event=power_input phase=2 time=2.671245
D02_ENV_TEST event=range_fixture phase=3 time=3.073483
D02_ENV_TEST event=aim_fixture phase=4 time=4.085338
D02_ENV_TEST event=first_shot phase=5 time=5.088161
D02_ENV_TEST event=damaged_capture phase=6 time=5.190666
D02_ENV_TEST event=second_shot phase=7 time=5.705172
D02_ENV_TEST event=debris_settle phase=8 time=5.815181
D02_ENV_TEST event=destroyed_capture phase=27 time=7.823073
D02_ENV_TEST event=walk_fixture phase=9 time=8.335987
D02_ENV_TEST event=walk_through phase=10 time=9.346769
D02_ENV_TEST event=hazard_fixture phase=11 time=10.261320
D02_ENV_TEST event=shared_hazard phase=12 time=10.982892
D02_ENV_TEST event=hazard_capture phase=28 time=12.485203
D02_ENV_TEST event=cut_power_fixture phase=13 time=12.999420
D02_ENV_TEST event=cut_power phase=14 time=13.502179
D02_ENV_TEST event=safe_floor_fixture phase=15 time=13.608014
D02_ENV_TEST event=safe_floor phase=16 time=14.622408
D02_ENV_TEST event=power_restore_fixture phase=22 time=16.130355
D02_ENV_TEST event=restore_power phase=23 time=16.639808
D02_ENV_TEST event=stream_away phase=17 time=17.047518
D02_ENV_TEST event=terrain_unloaded phase=17 time=20.052510
D02_ENV_TEST event=dormant_stable phase=18 time=20.052553
D02_ENV_TEST event=stream_return phase=19 time=22.050791
D02_ENV_TEST event=return_capture phase=21 time=24.062962
D02_ENV_TEST event=resumed_hazard_fixture phase=24 time=24.563792
D02_ENV_TEST event=resumed_hazard phase=25 time=25.078579
D02_ENV_TEST event=restart_input phase=20 time=25.829136
D02_ENV_TEST event=restart_clean phase=20 time=26.418008
