D02_ENV_TEST event=approach phase=1 time=0.358966
D02_ENV_TEST event=safe_capture phase=26 time=2.049414
D02_ENV_TEST event=power_input phase=2 time=2.559228
D02_ENV_TEST event=range_fixture phase=3 time=2.973236
D02_ENV_TEST event=aim_fixture phase=4 time=3.983182
D02_ENV_TEST event=first_shot phase=5 time=4.991280
D02_ENV_TEST event=damaged_capture phase=6 time=5.094424
D02_ENV_TEST event=second_shot phase=7 time=5.609841
D02_ENV_TEST event=debris_settle phase=8 time=5.709122
D02_ENV_TEST event=destroyed_capture phase=27 time=7.722954
D02_ENV_TEST event=walk_fixture phase=9 time=8.233815
D02_ENV_TEST event=walk_through phase=10 time=9.239205
D02_ENV_TEST event=hazard_fixture phase=11 time=10.158482
D02_ENV_TEST event=shared_hazard phase=12 time=10.863185
D02_ENV_TEST event=hazard_capture phase=28 time=12.360953
D02_ENV_TEST event=cut_power_fixture phase=13 time=12.869057
D02_ENV_TEST event=cut_power phase=14 time=13.373032
D02_ENV_TEST event=safe_floor_fixture phase=15 time=13.483136
D02_ENV_TEST event=safe_floor phase=16 time=14.502469
D02_ENV_TEST event=power_restore_fixture phase=22 time=16.003655
D02_ENV_TEST event=restore_power phase=23 time=16.503743
D02_ENV_TEST event=stream_away phase=17 time=16.903053
D02_ENV_TEST event=terrain_unloaded phase=17 time=19.903889
D02_ENV_TEST event=dormant_stable phase=18 time=19.903930
D02_ENV_TEST event=stream_return phase=19 time=21.904175
D02_ENV_TEST event=return_capture phase=21 time=23.911648
D02_ENV_TEST event=resumed_hazard_fixture phase=24 time=24.425663
D02_ENV_TEST event=resumed_hazard phase=25 time=24.925797
D02_ENV_TEST event=restart_input phase=20 time=25.673869
D02_ENV_TEST event=restart_clean phase=20 time=26.114677
