D02_ENV_TEST event=approach phase=1 time=0.554901
D02_ENV_TEST event=safe_capture phase=26 time=2.167160
D02_ENV_TEST event=power_input phase=2 time=2.677004
D02_ENV_TEST event=range_fixture phase=3 time=3.082199
D02_ENV_TEST event=aim_fixture phase=4 time=4.101092
D02_ENV_TEST event=first_shot phase=5 time=5.100320
D02_ENV_TEST event=damaged_capture phase=6 time=5.202003
D02_ENV_TEST event=second_shot phase=7 time=5.713179
D02_ENV_TEST event=debris_settle phase=8 time=5.815580
D02_ENV_TEST event=destroyed_capture phase=27 time=7.830734
D02_ENV_TEST event=walk_fixture phase=9 time=8.338865
D02_ENV_TEST event=walk_through phase=10 time=9.356602
D02_ENV_TEST event=hazard_fixture phase=11 time=10.264285
D02_ENV_TEST event=shared_hazard phase=12 time=10.979289
D02_ENV_TEST event=hazard_capture phase=28 time=12.476172
D02_ENV_TEST event=cut_power_fixture phase=13 time=12.995284
D02_ENV_TEST event=cut_power phase=14 time=13.509769
D02_ENV_TEST event=safe_floor_fixture phase=15 time=13.613237
D02_ENV_TEST event=safe_floor phase=16 time=14.614138
D02_ENV_TEST event=power_restore_fixture phase=22 time=16.121208
D02_ENV_TEST event=restore_power phase=23 time=16.618367
D02_ENV_TEST event=stream_away phase=17 time=17.023423
D02_ENV_TEST event=terrain_unloaded phase=17 time=20.021077
D02_ENV_TEST event=dormant_stable phase=18 time=20.021121
D02_ENV_TEST event=stream_return phase=19 time=22.021602
D02_ENV_TEST event=return_capture phase=21 time=24.022772
D02_ENV_TEST event=resumed_hazard_fixture phase=24 time=24.525998
D02_ENV_TEST event=resumed_hazard phase=25 time=25.024523
D02_ENV_TEST event=restart_input phase=20 time=25.774135
D02_ENV_TEST event=restart_clean phase=20 time=26.352005
