D02_ENV_TEST event=approach phase=1 time=0.229973
D02_ENV_TEST event=safe_capture phase=26 time=2.044401
D02_ENV_TEST event=power_input phase=2 time=2.957351
D02_ENV_TEST event=range_fixture phase=3 time=3.365073
D02_ENV_TEST event=aim_fixture phase=4 time=4.367136
D02_ENV_TEST event=first_shot phase=5 time=5.367575
D02_ENV_TEST event=damaged_capture phase=6 time=5.462815
D02_ENV_TEST event=second_shot phase=7 time=5.969308
D02_ENV_TEST event=debris_settle phase=8 time=6.069997
D02_ENV_TEST event=destroyed_capture phase=27 time=8.065293
D02_ENV_TEST event=walk_fixture phase=9 time=8.575442
D02_ENV_TEST event=walk_through phase=10 time=9.577414
D02_ENV_TEST event=hazard_fixture phase=11 time=10.478028
D02_ENV_TEST event=shared_hazard phase=12 time=11.179120
D02_ENV_TEST event=hazard_capture phase=28 time=12.673224
D02_ENV_TEST event=cut_power_fixture phase=13 time=13.184920
D02_ENV_TEST event=cut_power phase=14 time=13.684640
D02_ENV_TEST event=safe_floor_fixture phase=15 time=13.787225
D02_ENV_TEST event=safe_floor phase=16 time=14.783556
D02_ENV_TEST event=power_restore_fixture phase=22 time=16.284594
D02_ENV_TEST event=restore_power phase=23 time=16.788153
D02_ENV_TEST event=stream_away phase=17 time=17.183876
D02_ENV_TEST event=terrain_unloaded phase=17 time=20.186293
D02_ENV_TEST event=dormant_stable phase=18 time=20.186323
D02_ENV_TEST event=stream_return phase=19 time=22.186662
D02_ENV_TEST event=return_capture phase=21 time=24.188016
D02_ENV_TEST event=resumed_hazard_fixture phase=24 time=24.696886
D02_ENV_TEST event=resumed_hazard phase=25 time=25.195763
D02_ENV_TEST event=restart_input phase=20 time=25.947982
D02_ENV_TEST event=restart_clean phase=20 time=26.189248
