D02_VEHICLE_TEST event=approach phase=1 time=0.248412
D02_VEHICLE_TEST event=approach_capture phase=22 time=3.043945
D02_VEHICLE_TEST event=enter_key phase=2 time=3.805295
D02_VEHICLE_TEST event=accelerate phase=3 time=4.155303
D02_VEHICLE_TEST event=steer_right phase=4 time=5.658942
D02_VEHICLE_TEST event=steer_left phase=5 time=5.955212
D02_VEHICLE_TEST event=streamed_traversal phase=6 time=6.255941
D02_VEHICLE_TEST event=support_removed phase=6 time=8.202505
D02_VEHICLE_TEST event=support_hold phase=6 time=8.701642
D02_VEHICLE_TEST event=support_restored phase=6 time=8.701876
D02_VEHICLE_TEST event=brake phase=7 time=13.507189
D02_VEHICLE_TEST event=reverse phase=8 time=15.017676
D02_VEHICLE_TEST event=reverse_brake phase=9 time=16.522656
D02_VEHICLE_TEST event=collision_approach phase=10 time=18.020743
D02_VEHICLE_TEST event=collision_response phase=11 time=20.673938
D02_VEHICLE_TEST event=exit_key phase=12 time=22.179102
D02_VEHICLE_TEST event=walking_resumed phase=13 time=22.581620
D02_VEHICLE_TEST event=depart phase=14 time=23.342201
D02_VEHICLE_TEST event=parked phase=15 time=26.299020
D02_VEHICLE_TEST event=return phase=16 time=28.302414
D02_VEHICLE_TEST event=reenter phase=17 time=31.305179
D02_VEHICLE_TEST event=npc_contact_approach phase=21 time=31.704548
D02_VEHICLE_TEST event=npc_contact_confirmed phase=21 time=35.962385
D02_VEHICLE_TEST event=disabled phase=18 time=35.962450
D02_VEHICLE_TEST event=driver_defeated phase=19 time=37.461872
D02_VEHICLE_TEST event=restart_wait phase=20 time=38.461991
D02_VEHICLE_TEST event=restart_key phase=30 time=39.473544
D02_VEHICLE_TEST event=restart_clean phase=30 time=39.719893
