D02_ENV_TEST event=approach phase=1 time=0.624970
D02_ENV_TEST event=safe_capture phase=26 time=2.241334
D02_ENV_TEST event=power_input phase=2 time=3.195560
D02_ENV_TEST event=range_fixture phase=3 time=3.599147
D02_ENV_TEST event=aim_fixture phase=4 time=4.595594
D02_ENV_TEST event=first_shot phase=5 time=5.596673
D02_ENV_TEST event=damaged_capture phase=6 time=5.697504
D02_ENV_TEST event=second_shot phase=7 time=6.205795
D02_ENV_TEST event=debris_settle phase=8 time=6.306633
D02_ENV_TEST event=destroyed_capture phase=27 time=8.306645
D02_ENV_TEST event=walk_fixture phase=9 time=8.811878
D02_ENV_TEST event=walk_through phase=10 time=9.813727
D02_ENV_TEST event=hazard_fixture phase=11 time=10.717507
D02_ENV_TEST event=shared_hazard phase=12 time=11.427396
D02_ENV_TEST event=hazard_capture phase=28 time=12.923722
D02_ENV_TEST event=cut_power_fixture phase=13 time=13.434121
D02_ENV_TEST event=cut_power phase=14 time=13.929912
D02_ENV_TEST event=safe_floor_fixture phase=15 time=14.028844
D02_ENV_TEST event=safe_floor phase=16 time=15.034747
D02_ENV_TEST event=power_restore_fixture phase=22 time=16.537092
D02_ENV_TEST event=restore_power phase=23 time=17.036657
D02_ENV_TEST event=stream_away phase=17 time=17.437428
D02_ENV_TEST event=terrain_unloaded phase=17 time=20.437167
D02_ENV_TEST event=dormant_stable phase=18 time=20.437222
D02_ENV_TEST event=stream_return phase=19 time=22.436686
D02_ENV_TEST event=return_capture phase=21 time=24.453437
D02_ENV_TEST event=resumed_hazard_fixture phase=24 time=24.952699
D02_ENV_TEST event=resumed_hazard phase=25 time=25.454945
D02_ENV_TEST event=restart_input phase=20 time=26.207726
D02_ENV_TEST event=restart_clean phase=20 time=26.830911
